12:02:21.812 [main] INFO  stringConverter - starting to convert elements
12:02:21.939 [main] INFO  stringConverter - adding element: Country{location='Iran', countryCode='ir', latitude=32.427908, longitude=53.688046, confirmed=2168872, dead=65680, recovered=1749041, updated='2021-04-15T14:15:07'}
12:02:21.940 [main] INFO  stringConverter - adding element: Country{location='Germany', countryCode='de', latitude=51.165691, longitude=10.451526, confirmed=3064382, dead=79813, recovered=2736100, updated='2021-04-15T14:15:07'}
12:02:21.940 [main] INFO  stringConverter - adding element: Country{location='Russia', countryCode='ru', latitude=61.52401, longitude=105.318756, confirmed=4675153, dead=104398, recovered=4301448, updated='2021-04-15T14:15:07'}
12:02:21.941 [main] INFO  stringConverter - adding element: Country{location='Nepal', countryCode='np', latitude=28.394857, longitude=84.12400799999999, confirmed=281564, dead=3061, recovered=274447, updated='2021-04-15T10:00:07'}
12:02:21.941 [main] INFO  stringConverter - adding element: Country{location='Saudi Arabia', countryCode='sa', latitude=23.885942, longitude=45.079162, confirmed=401157, dead=6781, recovered=385441, updated='2021-04-15T10:00:07'}
12:02:21.941 [main] INFO  stringConverter - adding element: Country{location='Argentina', countryCode='ar', latitude=-38.416097, longitude=-63.61667199999999, confirmed=2604157, dead=58542, recovered=2278486, updated='2021-04-15T14:15:07'}
12:02:21.942 [main] INFO  stringConverter - adding element: Country{location='Austria', countryCode='at', latitude=47.516231, longitude=14.550072, confirmed=586883, dead=9813, recovered=547604, updated='2021-04-15T10:00:07'}
12:02:21.942 [main] INFO  stringConverter - adding element: Country{location='Jordan', countryCode='jo', latitude=36.1500042, longitude=-95.9882368, confirmed=676175, dead=7987, recovered=617096, updated='2021-04-15T10:00:07'}
12:02:21.942 [main] INFO  stringConverter - adding element: Country{location='Angola', countryCode='ao', latitude=-11.202692, longitude=17.873887, confirmed=23841, dead=557, recovered=22144, updated='2021-04-15T10:00:07'}
12:02:21.943 [main] INFO  stringConverter - adding element: Country{location='Netherlands', countryCode='nl', latitude=52.132633, longitude=5.291265999999999, confirmed=1369411, dead=16848, recovered=0, updated='2021-04-15T10:15:12'}
12:02:21.944 [main] INFO  stringConverter - adding element: Country{location='Bulgaria', countryCode='bg', latitude=42.733883, longitude=25.48583, confirmed=380576, dead=14871, recovered=296998, updated='2021-04-15T10:00:07'}
12:02:21.944 [main] INFO  stringConverter - adding element: Country{location='Brazil', countryCode='br', latitude=-14.235004, longitude=-51.92528, confirmed=14791434, dead=408829, recovered=13336476, updated='2021-05-04T09:45:07'}
12:02:21.944 [main] INFO  stringConverter - adding element: Country{location='Italy', countryCode='it', latitude=41.87194, longitude=12.56738, confirmed=3809193, dead=115557, recovered=3178976, updated='2021-04-15T14:15:07'}
12:02:21.945 [main] INFO  stringConverter - adding element: Country{location='France', countryCode='fr', latitude=46.227638, longitude=2.213749, confirmed=5149834, dead=99777, recovered=315152, updated='2021-04-15T14:15:07'}
12:02:21.945 [main] INFO  stringConverter - adding element: Country{location='Belgium', countryCode='be', latitude=50.503887, longitude=4.469936, confirmed=935316, dead=23603, recovered=60320, updated='2021-04-15T10:15:12'}
12:02:21.945 [main] INFO  stringConverter - adding element: Country{location='Peru', countryCode='pe', latitude=-9.189967, longitude=-75.015152, confirmed=1667737, dead=55812, recovered=1592937, updated='2021-04-15T14:15:07'}
12:02:21.946 [main] INFO  stringConverter - adding element: Country{location='Ukraine', countryCode='ua', latitude=48.379433, longitude=31.1655799, confirmed=1903765, dead=38658, recovered=1453766, updated='2021-04-15T14:15:07'}
12:02:21.946 [main] INFO  stringConverter - adding element: Country{location='UK', countryCode='gb', latitude=55.378051, longitude=-3.435973, confirmed=4378305, dead=127161, recovered=4113338, updated='2021-04-15T14:15:07'}
12:02:21.946 [main] INFO  stringConverter - adding element: Country{location='Syria', countryCode='sy', latitude=34.80207499999999, longitude=38.996815, confirmed=20555, dead=1402, recovered=14335, updated='2021-04-15T10:00:07'}
12:02:21.946 [main] INFO  stringConverter - adding element: Country{location='Azerbaijan', countryCode='az', latitude=40.143105, longitude=47.576927, confirmed=291894, dead=4009, recovered=255833, updated='2021-04-15T10:00:07'}
12:02:21.947 [main] INFO  stringConverter - adding element: Country{location='Colombia', countryCode='co', latitude=4.570868, longitude=-74.297333, confirmed=2585801, dead=66819, recovered=2419265, updated='2021-04-15T14:15:07'}
12:02:21.947 [main] INFO  stringConverter - adding element: Country{location='Indonesia', countryCode='id', latitude=-0.789275, longitude=113.921327, confirmed=1589359, dead=43073, recovered=1438254, updated='2021-04-15T14:15:07'}
12:02:21.947 [main] INFO  stringConverter - adding element: Country{location='Chile', countryCode='cl', latitude=-35.675147, longitude=-71.542969, confirmed=1094267, dead=24548, recovered=1026934, updated='2021-04-15T10:15:12'}
12:02:21.947 [main] INFO  stringConverter - adding element: Country{location='Mexico', countryCode='mx', latitude=23.634501, longitude=-102.552784, confirmed=2291246, dead=210812, recovered=1817866, updated='2021-04-15T14:15:07'}
12:02:21.948 [main] INFO  stringConverter - adding element: Country{location='Turkey', countryCode='tr', latitude=38.963745, longitude=35.243322, confirmed=4025557, dead=34734, recovered=3480146, updated='2021-04-15T14:15:07'}
12:02:21.948 [main] INFO  stringConverter - adding element: Country{location='Spain', countryCode='es', latitude=40.46366700000001, longitude=-3.74922, confirmed=3387022, dead=76756, recovered=3118437, updated='2021-04-15T14:15:07'}
12:02:21.948 [main] INFO  stringConverter - adding element: Country{location='Gabon', countryCode='ga', latitude=-0.803689, longitude=11.609444, confirmed=21566, dead=132, recovered=18219, updated='2021-04-15T10:00:07'}
12:02:21.948 [main] INFO  stringConverter - adding element: Country{location='Poland', countryCode='pl', latitude=51.919438, longitude=19.145136, confirmed=2642242, dead=60612, recovered=2238638, updated='2021-04-15T14:15:07'}
12:02:21.949 [main] INFO  stringConverter - adding element: Country{location='UAE', countryCode='ae', latitude=23.424076, longitude=53.847818, confirmed=489495, dead=1541, recovered=473398, updated='2021-04-15T10:00:07'}
12:02:21.949 [main] INFO  stringConverter - adding element: Country{location='Czechia', countryCode='cz', latitude=49.81749199999999, longitude=15.472962, confirmed=1593847, dead=28229, recovered=1483559, updated='2021-04-15T14:15:07'}
12:02:21.949 [main] INFO  stringConverter - adding element: Country{location='South Africa', countryCode='za', latitude=-30.559482, longitude=22.937506, confirmed=1584961, dead=103, recovered=1486873, updated='2021-05-04T09:49:52'}
12:02:21.949 [main] INFO  stringConverter - adding element: Country{location='Guinea', countryCode='gn', latitude=9.945587, longitude=-9.696645, confirmed=21299, dead=136, recovered=18815, updated='2021-04-15T10:00:07'}
12:02:21.950 [main] INFO  stringConverter - adding element: Country{location='Croatia', countryCode='hr', latitude=45.1, longitude=15.2000001, confirmed=300900, dead=6442, recovered=279151, updated='2021-04-15T10:00:07'}
12:02:21.950 [main] INFO  stringConverter - adding element: Country{location='Portugal', countryCode='pt', latitude=39.39987199999999, longitude=-8.224454, confirmed=828857, dead=16931, recovered=786469, updated='2021-04-15T10:00:07'}
12:02:21.950 [main] INFO  stringConverter - adding element: Country{location='Australia', countryCode='au', latitude=-25.274398, longitude=133.775136, confirmed=29457, dead=910, recovered=26381, updated='2021-04-15T10:00:07'}
12:02:21.951 [main] INFO  stringConverter - adding element: Country{location='Hungary', countryCode='hu', latitude=47.162494, longitude=19.5033041, confirmed=736982, dead=24521, recovered=440498, updated='2021-04-15T10:00:07'}
12:02:21.952 [main] INFO  stringConverter - adding element: Country{location='Panama', countryCode='pa', latitude=8.537981, longitude=-80.782127, confirmed=359516, dead=6177, recovered=349318, updated='2021-04-15T10:00:07'}
12:02:21.953 [main] INFO  stringConverter - adding element: Country{location='Ecuador', countryCode='ec', latitude=-1.831239, longitude=-78.18340599999999, confirmed=350539, dead=17400, recovered=298604, updated='2021-04-15T10:00:07'}
12:02:21.954 [main] INFO  stringConverter - adding element: Country{location='Georgia', countryCode='ge', latitude=32.1656221, longitude=-82.9000751, confirmed=292244, dead=3908, recovered=279389, updated='2021-04-15T10:00:07'}
12:02:21.955 [main] INFO  stringConverter - adding element: Country{location='India', countryCode='in', latitude=20.593684, longitude=78.96288, confirmed=20282833, dead=222408, recovered=16613292, updated='2021-05-04T09:45:07'}
12:02:21.956 [main] INFO  stringConverter - adding element: Country{location='Morocco', countryCode='ma', latitude=31.791702, longitude=-7.092619999999999, confirmed=503664, dead=8920, recovered=489928, updated='2021-04-15T10:00:07'}
12:02:21.956 [main] INFO  stringConverter - adding element: Country{location='Slovakia', countryCode='sk', latitude=48.669026, longitude=19.699024, confirmed=373950, dead=10877, recovered=255300, updated='2021-04-15T10:00:07'}
12:02:21.957 [main] INFO  stringConverter - adding element: Country{location='Paraguay', countryCode='py', latitude=-23.442503, longitude=-58.443832, confirmed=242161, dead=5040, recovered=198473, updated='2021-04-15T10:00:07'}
12:02:21.957 [main] INFO  stringConverter - adding element: Country{location='Egypt', countryCode='eg', latitude=26.820553, longitude=30.802498, confirmed=212961, dead=12570, recovered=161031, updated='2021-04-15T10:00:07'}
12:02:21.957 [main] INFO  stringConverter - adding element: Country{location='Qatar', countryCode='qa', latitude=25.354826, longitude=51.183884, confirmed=192963, dead=348, recovered=171388, updated='2021-04-15T10:00:07'}
12:02:21.957 [main] INFO  stringConverter - adding element: Country{location='Bahrain', countryCode='bh', latitude=26.0667, longitude=50.5577, confirmed=159964, dead=569, recovered=148093, updated='2021-04-15T10:00:07'}
12:02:21.957 [main] INFO  stringConverter - adding element: Country{location='South Korea', countryCode='kr', latitude=35.907757, longitude=127.766922, confirmed=112117, dead=1788, recovered=102513, updated='2021-04-15T10:00:07'}
12:02:21.958 [main] INFO  stringConverter - adding element: Country{location='Kyrgyzstan', countryCode='kg', latitude=41.20438, longitude=74.766098, confirmed=91144, dead=1540, recovered=86491, updated='2021-04-15T10:00:07'}
12:02:21.958 [main] INFO  stringConverter - adding element: Country{location='Bolivia', countryCode='bo', latitude=-16.290154, longitude=-63.58865299999999, confirmed=285291, dead=12519, recovered=234596, updated='2021-04-15T10:00:07'}
12:02:21.958 [main] INFO  stringConverter - adding element: Country{location='Oman', countryCode='om', latitude=21.4735329, longitude=55.975413, confirmed=176668, dead=1821, recovered=156845, updated='2021-04-15T10:00:07'}
12:02:21.959 [main] INFO  stringConverter - adding element: Country{location='Puerto Rico', countryCode='pr', latitude=18.220833, longitude=-66.590149, confirmed=80590, dead=1703, recovered=0, updated='2021-01-17T18:15:05'}
12:02:21.959 [main] INFO  stringConverter - adding element: Country{location='Guatemala', countryCode='gt', latitude=15.783471, longitude=-90.23075899999999, confirmed=207127, dead=7089, recovered=187894, updated='2021-04-15T10:00:07'}
12:02:21.959 [main] INFO  stringConverter - adding element: Country{location='Myanmar', countryCode='mm', latitude=21.916221, longitude=95.955974, confirmed=142610, dead=3206, recovered=131879, updated='2021-04-15T10:00:07'}
12:02:21.959 [main] INFO  stringConverter - adding element: Country{location='Singapore', countryCode='sg', latitude=1.352083, longitude=103.819836, confirmed=60735, dead=30, recovered=60392, updated='2021-04-15T10:00:07'}
12:02:21.960 [main] INFO  stringConverter - adding element: Country{location='Palestine', countryCode='ps', latitude=31.952162, longitude=35.233154, confirmed=274690, dead=2923, recovered=239291, updated='2021-04-15T10:00:07'}
12:02:21.960 [main] INFO  stringConverter - adding element: Country{location='Bosnia and Herzegovina', countryCode='ba', latitude=43.915886, longitude=17.679076, confirmed=186372, dead=7642, recovered=143944, updated='2021-04-15T10:00:07'}
12:02:21.960 [main] INFO  stringConverter - adding element: Country{location='Kenya', countryCode='ke', latitude=-0.023559, longitude=37.906193, confirmed=148128, dead=2420, recovered=99580, updated='2021-04-15T10:00:07'}
12:02:21.960 [main] INFO  stringConverter - adding element: Country{location='Montenegro', countryCode='me', latitude=42.708678, longitude=19.37439, confirmed=94859, dead=1405, recovered=89615, updated='2021-04-15T10:00:07'}
12:02:21.960 [main] INFO  stringConverter - adding element: Country{location='Uzbekistan', countryCode='uz', latitude=41.377491, longitude=64.585262, confirmed=85730, dead=634, recovered=83462, updated='2021-04-15T10:00:07'}
12:02:21.961 [main] INFO  stringConverter - adding element: Country{location='Malaysia', countryCode='my', latitude=4.210484, longitude=101.975766, confirmed=367977, dead=1363, recovered=349039, updated='2021-04-15T10:00:07'}
12:02:21.961 [main] INFO  stringConverter - adding element: Country{location='Kazakhstan', countryCode='kz', latitude=48.019573, longitude=66.923684, confirmed=278695, dead=3306, recovered=239448, updated='2021-04-15T10:00:07'}
12:02:21.961 [main] INFO  stringConverter - adding element: Country{location='Albania', countryCode='al', latitude=41.153332, longitude=20.168331, confirmed=128959, dead=2331, recovered=99441, updated='2021-04-15T10:00:07'}
12:02:21.961 [main] INFO  stringConverter - adding element: Country{location='Afghanistan', countryCode='af', latitude=33.93911, longitude=67.709953, confirmed=57612, dead=2535, recovered=52083, updated='2021-04-15T10:00:07'}
12:02:21.962 [main] INFO  stringConverter - adding element: Country{location='Dominican Republic', countryCode='do', latitude=18.735693, longitude=-70.162651, confirmed=259260, dead=3402, recovered=217286, updated='2021-04-15T10:00:07'}
12:02:21.962 [main] INFO  stringConverter - adding element: Country{location='Lithuania', countryCode='lt', latitude=55.169438, longitude=23.881275, confirmed=230462, dead=3730, recovered=208890, updated='2021-04-15T10:00:07'}
12:02:21.962 [main] INFO  stringConverter - adding element: Country{location='Libya', countryCode='ly', latitude=26.3351, longitude=17.228331, confirmed=170045, dead=2834, recovered=155117, updated='2021-04-15T10:00:07'}
12:02:21.962 [main] INFO  stringConverter - adding element: Country{location='Honduras', countryCode='hn', latitude=15.199999, longitude=-86.241905, confirmed=198214, dead=4905, recovered=76130, updated='2021-04-15T10:00:07'}
12:02:21.963 [main] INFO  stringConverter - adding element: Country{location='Nigeria', countryCode='ng', latitude=9.081999, longitude=8.675277, confirmed=164000, dead=2061, recovered=154270, updated='2021-04-15T10:00:07'}
12:02:21.963 [main] INFO  stringConverter - adding element: Country{location='Algeria', countryCode='dz', latitude=28.033886, longitude=1.659626, confirmed=118975, dead=3141, recovered=82929, updated='2021-04-15T10:00:07'}
12:02:21.963 [main] INFO  stringConverter - adding element: Country{location='China', countryCode='cn', latitude=35.86166, longitude=104.195397, confirmed=90457, dead=4636, recovered=85524, updated='2021-04-15T10:00:07'}
12:02:21.963 [main] INFO  stringConverter - adding element: Country{location='Lebanon', countryCode='lb', latitude=33.854721, longitude=35.862285, confirmed=502299, dead=6778, recovered=413175, updated='2021-04-15T10:00:07'}
12:02:21.963 [main] INFO  stringConverter - adding element: Country{location='Kuwait', countryCode='kw', latitude=29.31166, longitude=47.481766, confirmed=251675, dead=1423, recovered=235053, updated='2021-04-15T10:00:07'}
12:02:21.963 [main] INFO  stringConverter - adding element: Country{location='Slovenia', countryCode='si', latitude=46.151241, longitude=14.995463, confirmed=229967, dead=4142, recovered=212815, updated='2021-04-15T10:00:07'}
12:02:21.964 [main] INFO  stringConverter - adding element: Country{location='Venezuela', countryCode='ve', latitude=6.42375, longitude=-66.58973, confirmed=178094, dead=1834, recovered=160620, updated='2021-04-15T10:00:07'}
12:02:21.964 [main] INFO  stringConverter - adding element: Country{location='North Macedonia', countryCode='mk', latitude=41.608635, longitude=21.745275, confirmed=144111, dead=4322, recovered=119683, updated='2021-04-15T10:00:07'}
12:02:21.964 [main] INFO  stringConverter - adding element: Country{location='Ghana', countryCode='gh', latitude=7.946527, longitude=-1.023194, confirmed=91477, dead=763, recovered=89301, updated='2021-04-15T10:00:07'}
12:02:21.964 [main] INFO  stringConverter - adding element: Country{location='El Salvador', countryCode='sv', latitude=13.794185, longitude=-88.89653, confirmed=66956, dead=2060, recovered=63345, updated='2021-04-15T10:00:07'}
12:02:21.964 [main] INFO  stringConverter - adding element: Country{location='Greece', countryCode='gr', latitude=39.074208, longitude=21.824312, confirmed=304184, dead=9135, recovered=261176, updated='2021-04-15T10:00:07'}
12:02:21.964 [main] INFO  stringConverter - adding element: Country{location='Tunisia', countryCode='tn', latitude=33.886917, longitude=9.537499, confirmed=276727, dead=9480, recovered=229754, updated='2021-04-15T10:00:07'}
12:02:21.965 [main] INFO  stringConverter - adding element: Country{location='Mali', countryCode='ml', latitude=17.570692, longitude=-3.996166, confirmed=12467, dead=419, recovered=7238, updated='2021-04-15T10:00:07'}
12:02:21.965 [main] INFO  stringConverter - adding element: Country{location='Trinidad and Tobago', countryCode='tt', latitude=10.691803, longitude=-61.222503, confirmed=8596, dead=148, recovered=7818, updated='2021-04-15T10:00:07'}
12:02:21.965 [main] INFO  stringConverter - adding element: Country{location='Timor-Leste', countryCode='tl', latitude=-8.874217, longitude=125.727539, confirmed=1103, dead=2, recovered=564, updated='2021-04-15T10:00:07'}
12:02:21.965 [main] INFO  stringConverter - adding element: Country{location='Cameroon', countryCode='cm', latitude=7.369721999999999, longitude=12.354722, confirmed=61731, dead=919, recovered=56926, updated='2021-04-15T10:00:07'}
12:02:21.965 [main] INFO  stringConverter - adding element: Country{location='Estonia', countryCode='ee', latitude=58.595272, longitude=25.0136071, confirmed=116200, dead=1064, recovered=99096, updated='2021-04-15T10:00:07'}
12:02:21.965 [main] INFO  stringConverter - adding element: Country{location='Eswatini', countryCode='sz', latitude=-26.522503, longitude=31.465866, confirmed=18407, dead=670, recovered=17682, updated='2021-04-15T10:00:07'}
12:02:21.966 [main] INFO  stringConverter - adding element: Country{location='Cyprus', countryCode='cy', latitude=35.126413, longitude=33.429859, confirmed=53254, dead=277, recovered=39061, updated='2021-04-15T10:00:07'}
12:02:21.966 [main] INFO  stringConverter - adding element: Country{location='Uganda', countryCode='ug', latitude=1.373333, longitude=32.290275, confirmed=41237, dead=338, recovered=40779, updated='2021-04-15T10:00:07'}
12:02:21.966 [main] INFO  stringConverter - adding element: Country{location='Senegal', countryCode='sn', latitude=14.497401, longitude=-14.452362, confirmed=39560, dead=1084, recovered=38290, updated='2021-04-15T10:00:07'}
12:02:21.966 [main] INFO  stringConverter - adding element: Country{location='Hong Kong', countryCode='hk', latitude=22.3193039, longitude=114.1693611, confirmed=11619, dead=209, recovered=11246, updated='2021-04-15T10:00:07'}
12:02:21.966 [main] INFO  stringConverter - adding element: Country{location='Guyana', countryCode='gy', latitude=4.860416, longitude=-58.93018, confirmed=11374, dead=260, recovered=9880, updated='2021-04-15T10:00:07'}
12:02:21.966 [main] INFO  stringConverter - adding element: Country{location='Latvia', countryCode='lv', latitude=56.879635, longitude=24.603189, confirmed=109731, dead=2030, recovered=100464, updated='2021-04-15T10:00:07'}
12:02:21.967 [main] INFO  stringConverter - adding element: Country{location='Zambia', countryCode='zm', latitude=-13.133897, longitude=27.849332, confirmed=90389, dead=1229, recovered=88241, updated='2021-04-15T10:00:07'}
12:02:21.967 [main] INFO  stringConverter - adding element: Country{location='Namibia', countryCode='na', latitude=38.911651, longitude=-77.0412109, confirmed=46051, dead=592, recovered=44162, updated='2021-04-15T10:00:07'}
12:02:21.968 [main] INFO  stringConverter - adding element: Country{location='Thailand', countryCode='th', latitude=15.870032, longitude=100.992541, confirmed=37453, dead=97, recovered=28383, updated='2021-04-15T10:00:07'}
12:02:21.969 [main] INFO  stringConverter - adding element: Country{location='Madagascar', countryCode='mg', latitude=-18.766947, longitude=46.869107, confirmed=29348, dead=520, recovered=24695, updated='2021-04-15T10:00:07'}
12:02:21.969 [main] INFO  stringConverter - adding element: Country{location='DRC', countryCode='cd', latitude=-4.038333, longitude=21.758664, confirmed=28714, dead=745, recovered=25841, updated='2021-04-15T10:00:07'}
12:02:21.971 [main] INFO  stringConverter - adding element: Country{location='Maldives', countryCode='mv', latitude=3.202778, longitude=73.22068, confirmed=25844, dead=67, recovered=23141, updated='2021-04-15T10:00:07'}
12:02:21.974 [main] INFO  stringConverter - adding element: Country{location='Mauritania', countryCode='mr', latitude=21.00789, longitude=-10.940835, confirmed=18066, dead=452, recovered=17428, updated='2021-04-15T10:00:07'}
12:02:21.975 [main] INFO  stringConverter - adding element: Country{location='Haiti', countryCode='ht', latitude=18.971187, longitude=-72.285215, confirmed=12857, dead=251, recovered=11614, updated='2021-04-15T10:00:07'}
12:02:21.978 [main] INFO  stringConverter - adding element: Country{location='Dominica', countryCode='dm', latitude=15.414999, longitude=-61.37097600000001, confirmed=165, dead=0, recovered=159, updated='2021-04-15T10:00:07'}
12:02:21.978 [main] INFO  stringConverter - adding element: Country{location='Malawi', countryCode='mw', latitude=-13.254308, longitude=34.301525, confirmed=33891, dead=1134, recovered=31675, updated='2021-04-15T10:00:07'}
12:02:21.978 [main] INFO  stringConverter - adding element: Country{location='Fiji', countryCode='fj', latitude=-17.713371, longitude=178.065032, confirmed=68, dead=2, recovered=64, updated='2021-04-15T10:00:07'}
12:02:21.980 [main] INFO  stringConverter - adding element: Country{location='Andorra', countryCode='ad', latitude=42.506285, longitude=1.521801, confirmed=12641, dead=121, recovered=11989, updated='2021-04-15T10:00:07'}
12:02:21.980 [main] INFO  stringConverter - adding element: Country{location='Congo', countryCode='cg', latitude=-4.038333, longitude=21.758664, confirmed=10084, dead=139, recovered=8208, updated='2021-04-15T10:00:07'}
12:02:21.980 [main] INFO  stringConverter - adding element: Country{location='Cuba', countryCode='cu', latitude=21.521757, longitude=-77.781167, confirmed=89404, dead=487, recovered=84114, updated='2021-04-15T10:00:07'}
12:02:21.980 [main] INFO  stringConverter - adding element: Country{location='Cabo Verde', countryCode='cv', latitude=16.5388, longitude=-23.0418, confirmed=19525, dead=188, recovered=17645, updated='2021-04-15T10:00:07'}
12:02:21.980 [main] INFO  stringConverter - adding element: Country{location='Botswana', countryCode='bw', latitude=-22.328474, longitude=24.684866, confirmed=43444, dead=663, recovered=38923, updated='2021-04-15T10:00:07'}
12:02:21.980 [main] INFO  stringConverter - adding element: Country{location='Finland', countryCode='fi', latitude=61.92410999999999, longitude=25.7481511, confirmed=83253, dead=881, recovered=46000, updated='2021-04-15T10:00:07'}
12:02:21.980 [main] INFO  stringConverter - adding element: Country{location='French Polynesia', countryCode='pf', latitude=-17.679742, longitude=-149.406843, confirmed=18680, dead=141, recovered=4842, updated='2021-04-15T10:00:07'}
12:02:21.981 [main] INFO  stringConverter - adding element: Country{location='Belize', countryCode='bz', latitude=17.189877, longitude=-88.49765, confirmed=12522, dead=318, recovered=12140, updated='2021-04-15T10:00:07'}
12:02:21.981 [main] INFO  stringConverter - adding element: Country{location='Bahamas', countryCode='bs', latitude=25.03428, longitude=-77.39627999999999, confirmed=9505, dead=190, recovered=8965, updated='2021-04-15T10:00:07'}
12:02:21.981 [main] INFO  stringConverter - adding element: Country{location='Falkland Islands', countryCode='fk', latitude=-51.796253, longitude=-59.523613, confirmed=62, dead=0, recovered=55, updated='2021-04-15T10:00:07'}
12:02:21.981 [main] INFO  stringConverter - adding element: Country{location='Uruguay', countryCode='uy', latitude=-32.522779, longitude=-55.765835, confirmed=152089, dead=1647, recovered=119388, updated='2021-04-15T10:00:07'}
12:02:21.981 [main] INFO  stringConverter - adding element: Country{location='Jamaica', countryCode='jm', latitude=18.109581, longitude=-77.297508, confirmed=43054, dead=692, recovered=19248, updated='2021-04-15T10:00:07'}
12:02:21.981 [main] INFO  stringConverter - adding element: Country{location='Malta', countryCode='mt', latitude=35.937496, longitude=14.375416, confirmed=29778, dead=403, recovered=28797, updated='2021-04-15T10:00:07'}
12:02:21.981 [main] INFO  stringConverter - adding element: Country{location='Djibouti', countryCode='dj', latitude=11.825138, longitude=42.590275, confirmed=10202, dead=106, recovered=8591, updated='2021-04-15T10:00:07'}
12:02:21.982 [main] INFO  stringConverter - adding element: Country{location='Guinea-Bissau', countryCode='gw', latitude=11.803749, longitude=-15.180413, confirmed=3694, dead=66, recovered=3093, updated='2021-04-15T10:00:07'}
12:02:21.982 [main] INFO  stringConverter - adding element: Country{location='U.S. Virgin Islands', countryCode='vi', latitude=18.335765, longitude=-64.896335, confirmed=2260, dead=24, recovered=2120, updated='2021-01-17T18:15:05'}
12:02:21.982 [main] INFO  stringConverter - adding element: Country{location='Liechtenstein', countryCode='li', latitude=47.166, longitude=9.555373, confirmed=2770, dead=56, recovered=2646, updated='2021-04-15T10:00:07'}
12:02:21.982 [main] INFO  stringConverter - adding element: Country{location='Sint Maarten', countryCode='sx', latitude=18.04248, longitude=-63.05483, confirmed=2196, dead=27, recovered=2133, updated='2021-04-15T10:00:07'}
12:02:21.982 [main] INFO  stringConverter - adding element: Country{location='Bermuda', countryCode='bm', latitude=32.3078, longitude=-64.7505, confirmed=1935, dead=16, recovered=1051, updated='2021-04-15T10:00:07'}
12:02:21.982 [main] INFO  stringConverter - adding element: Country{location='Benin', countryCode='bj', latitude=9.30769, longitude=2.315834, confirmed=7611, dead=95, recovered=6728, updated='2021-04-15T10:00:07'}
12:02:21.983 [main] INFO  stringConverter - adding element: Country{location='Iceland', countryCode='is', latitude=64.963051, longitude=-19.020835, confirmed=6275, dead=29, recovered=6163, updated='2021-04-15T10:00:07'}
12:02:21.983 [main] INFO  stringConverter - adding element: Country{location='Yemen', countryCode='ye', latitude=15.552727, longitude=48.516388, confirmed=5582, dead=1083, recovered=2128, updated='2021-04-15T10:00:07'}
12:02:21.983 [main] INFO  stringConverter - adding element: Country{location='Gibraltar', countryCode='gi', latitude=36.140751, longitude=-5.353585, confirmed=4290, dead=94, recovered=4181, updated='2021-04-15T10:00:07'}
12:02:21.983 [main] INFO  stringConverter - adding element: Country{location='New Zealand', countryCode='nz', latitude=-40.900557, longitude=174.885971, confirmed=2591, dead=26, recovered=2464, updated='2021-04-15T10:00:07'}
12:02:21.983 [main] INFO  stringConverter - adding element: Country{location='Bhutan', countryCode='bt', latitude=27.514162, longitude=90.433601, confirmed=929, dead=1, recovered=876, updated='2021-04-15T10:00:07'}
12:02:21.984 [main] INFO  stringConverter - adding element: Country{location='Faeroe Islands', countryCode='fo', latitude=61.89263500000001, longitude=-6.9118061, confirmed=662, dead=1, recovered=660, updated='2021-04-15T10:00:07'}
12:02:21.984 [main] INFO  stringConverter - adding element: Country{location='Belarus', countryCode='by', latitude=53.709807, longitude=27.953389, confirmed=338801, dead=2383, recovered=329135, updated='2021-04-15T10:00:07'}
12:02:21.984 [main] INFO  stringConverter - adding element: Country{location='Somaliland', countryCode='05', latitude=9.411743399999999, longitude=46.8252838, confirmed=1354, dead=47, recovered=1200, updated='2021-01-17T18:15:05'}
12:02:21.984 [main] INFO  stringConverter - adding element: Country{location='Togo', countryCode='tg', latitude=8.619543, longitude=0.824782, confirmed=12214, dead=117, recovered=9543, updated='2021-04-15T10:00:07'}
12:02:21.985 [main] INFO  stringConverter - adding element: Country{location='Lesotho', countryCode='ls', latitude=-29.609988, longitude=28.233608, confirmed=10709, dead=315, recovered=5028, updated='2021-04-15T10:00:07'}
12:02:21.985 [main] INFO  stringConverter - adding element: Country{location='San Marino', countryCode='sm', latitude=43.94236, longitude=12.457777, confirmed=5004, dead=86, recovered=4625, updated='2021-04-15T10:00:07'}
12:02:21.985 [main] INFO  stringConverter - adding element: Country{location='Rwanda', countryCode='rw', latitude=-1.940278, longitude=29.873888, confirmed=23672, dead=317, recovered=21594, updated='2021-04-15T10:00:07'}
12:02:21.986 [main] INFO  stringConverter - adding element: Country{location='Suriname', countryCode='sr', latitude=3.919305, longitude=-56.027783, confirmed=9417, dead=184, recovered=8725, updated='2021-04-15T10:00:07'}
12:02:21.987 [main] INFO  stringConverter - adding element: Country{location='Liberia', countryCode='lr', latitude=6.428055, longitude=-9.429499000000002, confirmed=2042, dead=85, recovered=1899, updated='2021-04-15T10:00:07'}
12:02:21.987 [main] INFO  stringConverter - adding element: Country{location='Somalia', countryCode='so', latitude=5.152149, longitude=46.199616, confirmed=12837, dead=656, recovered=5346, updated='2021-04-15T10:00:07'}
12:02:21.988 [main] INFO  stringConverter - adding element: Country{location='South Sudan', countryCode='ss', latitude=6.876991899999999, longitude=31.3069788, confirmed=10416, dead=114, recovered=10148, updated='2021-04-15T10:00:07'}
12:02:21.988 [main] INFO  stringConverter - adding element: Country{location='Papua New Guinea', countryCode='pg', latitude=-6.314992999999999, longitude=143.95555, confirmed=8984, dead=71, recovered=846, updated='2021-04-15T10:00:07'}
12:02:21.988 [main] INFO  stringConverter - adding element: Country{location='Equatorial Guinea', countryCode='gq', latitude=1.650801, longitude=10.267895, confirmed=7259, dead=106, recovered=6885, updated='2021-04-15T10:00:07'}
12:02:21.988 [main] INFO  stringConverter - adding element: Country{location='CAR', countryCode='cf', latitude=6.611110999999999, longitude=20.939444, confirmed=5682, dead=75, recovered=5112, updated='2021-04-15T10:00:07'}
12:02:21.988 [main] INFO  stringConverter - adding element: Country{location='Chad', countryCode='td', latitude=15.454166, longitude=18.732207, confirmed=4662, dead=167, recovered=4312, updated='2021-04-15T10:00:07'}
12:02:21.988 [main] INFO  stringConverter - adding element: Country{location='Vietnam', countryCode='vn', latitude=14.058324, longitude=108.277199, confirmed=2737, dead=35, recovered=2445, updated='2021-04-15T10:00:07'}
12:02:21.989 [main] INFO  stringConverter - adding element: Country{location='Monaco', countryCode='mc', latitude=43.73841760000001, longitude=7.424615799999999, confirmed=2384, dead=31, recovered=2266, updated='2021-04-15T10:00:07'}
12:02:21.989 [main] INFO  stringConverter - adding element: Country{location='Curaçao', countryCode='cw', latitude=12.16957, longitude=-68.99002, confirmed=11581, dead=78, recovered=7666, updated='2021-04-15T10:00:07'}
12:02:21.989 [main] INFO  stringConverter - adding element: Country{location='Taiwan', countryCode='tw', latitude=23.69781, longitude=120.960515, confirmed=1068, dead=11, recovered=1031, updated='2021-04-15T10:00:07'}
12:02:21.989 [main] INFO  stringConverter - adding element: Country{location='Jersey', countryCode='je', latitude=49.2137711, longitude=-2.1357662, confirmed=2908, dead=56, recovered=2561, updated='2021-01-17T18:15:05'}
12:02:21.989 [main] INFO  stringConverter - adding element: Country{location='Luxembourg', countryCode='lu', latitude=49.815273, longitude=6.129582999999999, confirmed=64334, dead=784, recovered=60203, updated='2021-04-15T10:00:07'}
12:02:21.989 [main] INFO  stringConverter - adding element: Country{location='Aruba', countryCode='aw', latitude=12.52111, longitude=-69.968338, confirmed=10159, dead=92, recovered=9573, updated='2021-04-15T10:00:07'}
12:02:21.989 [main] INFO  stringConverter - adding element: Country{location='Niger', countryCode='ne', latitude=17.607789, longitude=8.081666, confirmed=5081, dead=189, recovered=4760, updated='2021-04-15T10:00:07'}
12:02:21.990 [main] INFO  stringConverter - adding element: Country{location='Diamond Princess', countryCode='01', latitude=40.86429589999999, longitude=-73.9614914, confirmed=712, dead=13, recovered=699, updated='2021-04-15T10:00:07'}
12:02:21.990 [main] INFO  stringConverter - adding element: Country{location='Sierra Leone', countryCode='sl', latitude=8.460555, longitude=-11.779889, confirmed=4013, dead=79, recovered=2832, updated='2021-04-15T10:00:07'}
12:02:21.990 [main] INFO  stringConverter - adding element: Country{location='Burundi', countryCode='bi', latitude=-3.373056, longitude=29.918886, confirmed=3333, dead=6, recovered=773, updated='2021-04-15T10:00:07'}
12:02:21.990 [main] INFO  stringConverter - adding element: Country{location='Seychelles', countryCode='sc', latitude=-4.679574, longitude=55.491977, confirmed=4633, dead=25, recovered=4310, updated='2021-04-15T10:00:07'}
12:02:21.990 [main] INFO  stringConverter - adding element: Country{location='Saint Pierre Miquelon', countryCode='pm', latitude=46.8852, longitude=-56.3159, confirmed=24, dead=0, recovered=24, updated='2021-04-15T10:00:07'}
12:02:21.990 [main] INFO  stringConverter - adding element: Country{location='United States', countryCode='us', latitude=37.09024, longitude=-95.712891, confirmed=33230992, dead=591514, recovered=25908684, updated='2021-05-04T09:45:07'}
12:02:21.991 [main] INFO  stringConverter - adding element: Country{location='Laos', countryCode='la', latitude=19.85627, longitude=102.495496, confirmed=53, dead=0, recovered=49, updated='2021-04-15T10:00:07'}
12:02:21.991 [main] INFO  stringConverter - adding element: Country{location='Saint Kitts and Nevis', countryCode='kn', latitude=17.357822, longitude=-62.782998, confirmed=44, dead=0, recovered=44, updated='2021-04-15T10:00:07'}
12:02:21.991 [main] INFO  stringConverter - adding element: Country{location='Romania', countryCode='ro', latitude=45.943161, longitude=24.96676, confirmed=1016449, dead=25605, recovered=920653, updated='2021-04-15T10:15:12'}
12:02:21.991 [main] INFO  stringConverter - adding element: Country{location='French Guiana', countryCode='gf', latitude=3.933889, longitude=-53.125782, confirmed=17883, dead=95, recovered=9995, updated='2021-04-15T10:00:07'}
12:02:21.991 [main] INFO  stringConverter - adding element: Country{location='Barbados', countryCode='bb', latitude=13.193887, longitude=-59.543198, confirmed=3744, dead=44, recovered=3634, updated='2021-04-15T10:00:07'}
12:02:21.991 [main] INFO  stringConverter - adding element: Country{location='Sao Tome and Principe', countryCode='st', latitude=0.18636, longitude=6.613080999999999, confirmed=2269, dead=35, recovered=2196, updated='2021-04-15T10:00:07'}
12:02:21.991 [main] INFO  stringConverter - adding element: Country{location='Macao', countryCode='mo', latitude=22.198745, longitude=113.543873, confirmed=49, dead=0, recovered=48, updated='2021-04-15T10:00:07'}
12:02:21.991 [main] INFO  stringConverter - adding element: Country{location='Montserrat', countryCode='ms', latitude=16.742498, longitude=-62.187366, confirmed=20, dead=1, recovered=19, updated='2021-04-15T10:00:07'}
12:02:21.992 [main] INFO  stringConverter - adding element: Country{location='Saint Martin', countryCode='mf', latitude=18.0708298, longitude=-63.0500809, confirmed=1693, dead=12, recovered=1399, updated='2021-04-15T10:00:07'}
12:02:21.992 [main] INFO  stringConverter - adding element: Country{location='Sint Eustatius', countryCode='bq', latitude=17.4890306, longitude=-62.973555, confirmed=18, dead=0, recovered=18, updated='2021-01-17T18:15:05'}
12:02:21.992 [main] INFO  stringConverter - adding element: Country{location='Isle of Man', countryCode='im', latitude=54.236107, longitude=-4.548056, confirmed=1575, dead=29, recovered=1445, updated='2021-04-15T10:00:07'}
12:02:21.992 [main] INFO  stringConverter - adding element: Country{location='Tanzania', countryCode='tz', latitude=-6.369028, longitude=34.888822, confirmed=509, dead=21, recovered=183, updated='2021-04-15T10:00:07'}
12:02:21.992 [main] INFO  stringConverter - adding element: Country{location='Samoa', countryCode='ws', latitude=-13.759029, longitude=-172.104629, confirmed=3, dead=0, recovered=2, updated='2021-04-15T10:00:07'}
12:02:21.992 [main] INFO  stringConverter - adding element: Country{location='Coral Princess', countryCode='11', latitude=20.5331399, longitude=-86.9387546, confirmed=12, dead=3, recovered=0, updated='2021-01-17T18:15:05'}
12:02:21.992 [main] INFO  stringConverter - adding element: Country{location='Brunei ', countryCode='bn', latitude=4.535277, longitude=114.727669, confirmed=221, dead=3, recovered=206, updated='2021-04-15T10:00:07'}
12:02:21.992 [main] INFO  stringConverter - adding element: Country{location='Japan', countryCode='jp', latitude=36.204824, longitude=138.252924, confirmed=512169, dead=9469, recovered=471007, updated='2021-04-15T10:00:07'}
12:02:21.992 [main] INFO  stringConverter - adding element: Country{location='St. Barth', countryCode='bl', latitude=17.9, longitude=-62.833333, confirmed=907, dead=1, recovered=462, updated='2021-04-15T10:00:07'}
12:02:21.992 [main] INFO  stringConverter - adding element: Country{location='Moldova', countryCode='md', latitude=47.411631, longitude=28.369885, confirmed=243365, dead=5466, recovered=226325, updated='2021-04-15T10:00:07'}
12:02:21.992 [main] INFO  stringConverter - adding element: Country{location='British Virgin Islands', countryCode='vg', latitude=18.420695, longitude=-64.639968, confirmed=178, dead=1, recovered=159, updated='2021-04-15T10:00:07'}
12:02:21.992 [main] INFO  stringConverter - adding element: Country{location='Grenada', countryCode='gd', latitude=12.1165, longitude=-61.67899999999999, confirmed=155, dead=1, recovered=152, updated='2021-04-15T10:00:07'}
12:02:21.993 [main] INFO  stringConverter - adding element: Country{location='Anguilla', countryCode='ai', latitude=18.220554, longitude=-63.06861499999999, confirmed=25, dead=0, recovered=22, updated='2021-04-15T10:00:07'}
12:02:21.993 [main] INFO  stringConverter - adding element: Country{location='New Caledonia', countryCode='nc', latitude=-20.904305, longitude=165.618042, confirmed=121, dead=0, recovered=58, updated='2021-04-15T10:00:07'}
12:02:21.993 [main] INFO  stringConverter - adding element: Country{location='Marshall Islands', countryCode='mh', latitude=7.131474, longitude=171.184478, confirmed=4, dead=0, recovered=4, updated='2021-04-15T10:00:07'}
12:02:21.993 [main] INFO  stringConverter - adding element: Country{location='Canada', countryCode='ca', latitude=56.130366, longitude=-106.346771, confirmed=1087152, dead=23445, recovered=983506, updated='2021-04-15T10:15:12'}
12:02:21.993 [main] INFO  stringConverter - adding element: Country{location='Mayotte', countryCode='yt', latitude=-12.8275, longitude=45.166244, confirmed=19757, dead=168, recovered=2964, updated='2021-04-15T10:00:07'}
12:02:21.993 [main] INFO  stringConverter - adding element: Country{location='Greenland', countryCode='gl', latitude=71.706936, longitude=-42.604303, confirmed=31, dead=0, recovered=31, updated='2021-04-15T10:00:07'}
12:02:21.993 [main] INFO  stringConverter - adding element: Country{location='Vatican City', countryCode='va', latitude=41.902916, longitude=12.453389, confirmed=27, dead=0, recovered=15, updated='2021-04-15T10:00:07'}
12:02:21.994 [main] INFO  stringConverter - adding element: Country{location='Solomon Islands', countryCode='sb', latitude=-9.64571, longitude=160.156194, confirmed=19, dead=0, recovered=18, updated='2021-04-15T10:00:07'}
12:02:21.994 [main] INFO  stringConverter - adding element: Country{location='Réunion', countryCode='re', latitude=-21.115141, longitude=55.536384, confirmed=18425, dead=135, recovered=16794, updated='2021-04-15T10:00:07'}
12:02:21.994 [main] INFO  stringConverter - adding element: Country{location='Guadeloupe', countryCode='gp', latitude=16.265, longitude=-61.55099999999999, confirmed=12717, dead=176, recovered=2242, updated='2021-04-15T10:00:07'}
12:02:21.994 [main] INFO  stringConverter - adding element: Country{location='Gambia', countryCode='gm', latitude=13.443182, longitude=-15.310139, confirmed=5682, dead=170, recovered=5165, updated='2021-04-15T10:00:07'}
12:02:21.994 [main] INFO  stringConverter - adding element: Country{location='Guernsey', countryCode='gg', latitude=49.4481982, longitude=-2.58949, confirmed=309, dead=13, recovered=288, updated='2021-01-17T18:15:05'}
12:02:21.994 [main] INFO  stringConverter - adding element: Country{location='Saint Lucia', countryCode='lc', latitude=13.909444, longitude=-60.978893, confirmed=4355, dead=64, recovered=4208, updated='2021-04-15T10:00:07'}
12:02:21.994 [main] INFO  stringConverter - adding element: Country{location='St. Vincent Grenadines', countryCode='vc', latitude=12.984305, longitude=-61.287228, confirmed=1812, dead=10, recovered=1677, updated='2021-04-15T10:00:07'}
12:02:21.994 [main] INFO  stringConverter - adding element: Country{location='Vanuatu', countryCode='vu', latitude=-15.376706, longitude=166.959158, confirmed=3, dead=0, recovered=1, updated='2021-04-15T10:00:07'}
12:02:21.995 [main] INFO  stringConverter - adding element: Country{location='Martinique', countryCode='mq', latitude=14.641528, longitude=-61.024174, confirmed=9890, dead=64, recovered=98, updated='2021-04-15T10:00:07'}
12:02:21.995 [main] INFO  stringConverter - adding element: Country{location='Cayman Islands', countryCode='ky', latitude=19.3133, longitude=-81.2546, confirmed=523, dead=2, recovered=498, updated='2021-04-15T10:00:07'}
12:02:21.995 [main] INFO  stringConverter - adding element: Country{location='Mongolia', countryCode='mn', latitude=46.862496, longitude=103.846656, confirmed=18565, dead=31, recovered=10638, updated='2021-04-15T10:00:07'}
12:02:21.995 [main] INFO  stringConverter - adding element: Country{location='Sudan', countryCode='sd', latitude=12.862807, longitude=30.217636, confirmed=31790, dead=2208, recovered=25539, updated='2021-04-15T10:00:07'}
12:02:21.995 [main] INFO  stringConverter - adding element: Country{location='Tajikistan', countryCode='tj', latitude=38.861034, longitude=71.276093, confirmed=13308, dead=90, recovered=13218, updated='2021-04-15T10:00:07'}
12:02:21.996 [main] INFO  stringConverter - adding element: Country{location='Comoros', countryCode='km', latitude=-11.6455, longitude=43.3333, confirmed=3803, dead=146, recovered=3582, updated='2021-04-15T10:00:07'}
12:02:21.996 [main] INFO  stringConverter - adding element: Country{location='Turks and Caicos', countryCode='tc', latitude=21.694025, longitude=-71.797928, confirmed=2360, dead=17, recovered=2285, updated='2021-04-15T10:00:07'}
12:02:21.996 [main] INFO  stringConverter - adding element: Country{location='Mauritius', countryCode='mu', latitude=-20.348404, longitude=57.55215200000001, confirmed=1201, dead=15, recovered=841, updated='2021-04-15T10:00:07'}
12:02:21.996 [main] INFO  stringConverter - adding element: Country{location='Philippines', countryCode='ph', latitude=12.879721, longitude=121.774017, confirmed=904285, dead=15594, recovered=705164, updated='2021-04-15T10:15:12'}
12:02:21.996 [main] INFO  stringConverter - adding element: Country{location='Israel', countryCode='il', latitude=31.046051, longitude=34.851612, confirmed=836504, dead=6312, recovered=827184, updated='2021-04-15T10:00:07'}
12:02:21.997 [main] INFO  stringConverter - adding element: Country{location='Northern Cyprus', countryCode='00', latitude=35.2480359, longitude=33.6577243, confirmed=1850, dead=11, recovered=1602, updated='2021-01-17T18:15:05'}
12:02:21.997 [main] INFO  stringConverter - adding element: Country{location='Bangladesh', countryCode='bd', latitude=23.684994, longitude=90.356331, confirmed=703170, dead=9987, recovered=591299, updated='2021-04-15T10:00:07'}
12:02:21.997 [main] INFO  stringConverter - adding element: Country{location='Sweden', countryCode='se', latitude=60.12816100000001, longitude=18.643501, confirmed=885385, dead=13720, recovered=0, updated='2021-04-15T10:00:07'}
12:02:21.997 [main] INFO  stringConverter - adding element: Country{location='Serbia', countryCode='rs', latitude=44.016521, longitude=21.005859, confirmed=651899, dead=5846, recovered=571312, updated='2021-04-15T10:00:07'}
12:02:21.997 [main] INFO  stringConverter - adding element: Country{location='Denmark', countryCode='dk', latitude=56.26392, longitude=9.501785, confirmed=239532, dead=2447, recovered=228685, updated='2021-04-15T10:00:07'}
12:02:21.998 [main] INFO  stringConverter - adding element: Country{location='Switzerland', countryCode='ch', latitude=46.818188, longitude=8.227511999999999, confirmed=627968, dead=10488, recovered=563438, updated='2021-04-15T10:00:07'}
12:02:21.998 [main] INFO  stringConverter - adding element: Country{location='Ireland', countryCode='ie', latitude=53.1423672, longitude=-7.692053599999999, confirmed=242105, dead=4812, recovered=222851, updated='2021-04-15T10:00:07'}
12:02:21.998 [main] INFO  stringConverter - adding element: Country{location='Ethiopia', countryCode='et', latitude=9.145000000000001, longitude=40.489673, confirmed=234405, dead=3252, recovered=174591, updated='2021-04-15T10:00:07'}
12:02:21.998 [main] INFO  stringConverter - adding element: Country{location='Costa Rica', countryCode='cr', latitude=9.748916999999999, longitude=-83.753428, confirmed=225343, dead=3044, recovered=196060, updated='2021-04-15T10:00:07'}
12:02:21.999 [main] INFO  stringConverter - adding element: Country{location='Armenia', countryCode='am', latitude=40.069099, longitude=45.038189, confirmed=206142, dead=3817, recovered=185125, updated='2021-04-15T10:00:07'}
12:02:21.999 [main] INFO  stringConverter - adding element: Country{location='Sri Lanka', countryCode='lk', latitude=7.873053999999999, longitude=80.77179699999999, confirmed=95737, dead=604, recovered=92151, updated='2021-04-15T10:00:07'}
12:02:21.999 [main] INFO  stringConverter - adding element: Country{location='Mozambique', countryCode='mz', latitude=-18.665695, longitude=35.529562, confirmed=68927, dead=794, recovered=59972, updated='2021-04-15T10:00:07'}
12:02:21.999 [main] INFO  stringConverter - adding element: Country{location='Artsakh', countryCode='12', latitude=26.0434384, longitude=-80.2777081, confirmed=1130, dead=30, recovered=337, updated='2021-01-17T18:15:05'}
12:02:21.999 [main] INFO  stringConverter - adding element: Country{location='Ivory Coast', countryCode='ci', latitude=7.539988999999999, longitude=-5.547079999999999, confirmed=45388, dead=271, recovered=44833, updated='2021-04-15T10:00:07'}
12:02:22.000 [main] INFO  stringConverter - adding element: Country{location='Cambodia', countryCode='kh', latitude=12.565679, longitude=104.990963, confirmed=5218, dead=36, recovered=2319, updated='2021-04-15T10:00:07'}
12:02:22.004 [main] INFO  stringConverter - adding element: Country{location='Antigua and Barbuda', countryCode='ag', latitude=17.060816, longitude=-61.796428, confirmed=1209, dead=31, recovered=947, updated='2021-04-15T10:00:07'}
12:02:22.004 [main] INFO  stringConverter - adding element: Country{location='USS Theodore Roosevelt', countryCode='09', latitude=0.0, longitude=0.0, confirmed=1102, dead=1, recovered=751, updated='2021-01-17T18:15:05'}
12:02:22.005 [main] INFO  stringConverter - adding element: Country{location='Northern Mariana Islands ', countryCode='mp', latitude=15.0979, longitude=145.6739, confirmed=122, dead=2, recovered=32, updated='2021-01-17T18:15:05'}
12:02:22.005 [main] INFO  stringConverter - adding element: Country{location='Iraq', countryCode='iq', latitude=33.223191, longitude=43.679291, confirmed=949050, dead=14836, recovered=831519, updated='2021-04-15T10:15:12'}
12:02:22.006 [main] INFO  stringConverter - adding element: Country{location='Zimbabwe', countryCode='zw', latitude=-19.015438, longitude=29.154857, confirmed=37369, dead=1548, recovered=34946, updated='2021-04-15T10:00:07'}
12:02:22.006 [main] INFO  stringConverter - adding element: Country{location='Kosovo', countryCode='xk', latitude=42.6026359, longitude=20.902977, confirmed=55498, dead=1405, recovered=48990, updated='2021-01-17T18:15:05'}
12:02:22.007 [main] INFO  stringConverter - adding element: Country{location='Nicaragua', countryCode='ni', latitude=12.865416, longitude=-85.207229, confirmed=6778, dead=180, recovered=4225, updated='2021-04-15T10:00:07'}
12:02:22.007 [main] INFO  stringConverter - adding element: Country{location='Burkina Faso', countryCode='bf', latitude=12.238333, longitude=-1.561593, confirmed=13050, dead=154, recovered=12689, updated='2021-04-15T10:00:07'}
12:02:22.007 [main] INFO  stringConverter - adding element: Country{location='Eritrea', countryCode='er', latitude=15.179384, longitude=39.782334, confirmed=3479, dead=10, recovered=3273, updated='2021-04-15T10:00:07'}
12:02:22.007 [main] INFO  stringConverter - adding element: Country{location='MS Zaandam', countryCode='03', latitude=0.0, longitude=0.0, confirmed=9, dead=2, recovered=7, updated='2021-04-15T10:00:07'}
12:02:22.007 [main] INFO  stringConverter - adding element: Country{location='Abkhazia', countryCode='06', latitude=43.0015544, longitude=41.023407, confirmed=7504, dead=100, recovered=5545, updated='2021-01-17T18:15:05'}
12:02:22.008 [main] INFO  stringConverter - adding element: Country{location='Guam', countryCode='gu', latitude=13.444304, longitude=144.793731, confirmed=7257, dead=121, recovered=6707, updated='2021-01-17T18:15:05'}
12:02:22.008 [main] INFO  stringConverter - adding element: Country{location='Pakistan', countryCode='pk', latitude=30.375321, longitude=69.34511599999999, confirmed=739818, dead=15872, recovered=646652, updated='2021-04-15T10:00:07'}
12:02:22.008 [main] INFO  stringConverter - adding element: Country{location='Norway', countryCode='no', latitude=60.47202399999999, longitude=8.468945999999999, confirmed=105607, dead=706, recovered=88952, updated='2021-04-15T10:00:07'}
12:03:51.558 [main] INFO  stringConverter - starting to convert elements
12:03:51.684 [main] INFO  stringConverter - adding element: Country{location='Iran', countryCode='ir', latitude=32.427908, longitude=53.688046, confirmed=2168872, dead=65680, recovered=1749041, updated='2021-04-15T14:15:07'}
12:03:51.686 [main] INFO  stringConverter - adding element: Country{location='Germany', countryCode='de', latitude=51.165691, longitude=10.451526, confirmed=3064382, dead=79813, recovered=2736100, updated='2021-04-15T14:15:07'}
12:03:51.687 [main] INFO  stringConverter - adding element: Country{location='Russia', countryCode='ru', latitude=61.52401, longitude=105.318756, confirmed=4675153, dead=104398, recovered=4301448, updated='2021-04-15T14:15:07'}
12:03:51.688 [main] INFO  stringConverter - adding element: Country{location='Nepal', countryCode='np', latitude=28.394857, longitude=84.12400799999999, confirmed=281564, dead=3061, recovered=274447, updated='2021-04-15T10:00:07'}
12:03:51.688 [main] INFO  stringConverter - adding element: Country{location='Saudi Arabia', countryCode='sa', latitude=23.885942, longitude=45.079162, confirmed=401157, dead=6781, recovered=385441, updated='2021-04-15T10:00:07'}
12:03:51.689 [main] INFO  stringConverter - adding element: Country{location='Argentina', countryCode='ar', latitude=-38.416097, longitude=-63.61667199999999, confirmed=2604157, dead=58542, recovered=2278486, updated='2021-04-15T14:15:07'}
12:03:51.689 [main] INFO  stringConverter - adding element: Country{location='Austria', countryCode='at', latitude=47.516231, longitude=14.550072, confirmed=586883, dead=9813, recovered=547604, updated='2021-04-15T10:00:07'}
12:03:51.689 [main] INFO  stringConverter - adding element: Country{location='Jordan', countryCode='jo', latitude=36.1500042, longitude=-95.9882368, confirmed=676175, dead=7987, recovered=617096, updated='2021-04-15T10:00:07'}
12:03:51.689 [main] INFO  stringConverter - adding element: Country{location='Angola', countryCode='ao', latitude=-11.202692, longitude=17.873887, confirmed=23841, dead=557, recovered=22144, updated='2021-04-15T10:00:07'}
12:03:51.690 [main] INFO  stringConverter - adding element: Country{location='Netherlands', countryCode='nl', latitude=52.132633, longitude=5.291265999999999, confirmed=1369411, dead=16848, recovered=0, updated='2021-04-15T10:15:12'}
12:03:51.690 [main] INFO  stringConverter - adding element: Country{location='Bulgaria', countryCode='bg', latitude=42.733883, longitude=25.48583, confirmed=380576, dead=14871, recovered=296998, updated='2021-04-15T10:00:07'}
12:03:51.690 [main] INFO  stringConverter - adding element: Country{location='Brazil', countryCode='br', latitude=-14.235004, longitude=-51.92528, confirmed=14791434, dead=408829, recovered=13336476, updated='2021-05-04T09:45:07'}
12:03:51.691 [main] INFO  stringConverter - adding element: Country{location='Italy', countryCode='it', latitude=41.87194, longitude=12.56738, confirmed=3809193, dead=115557, recovered=3178976, updated='2021-04-15T14:15:07'}
12:03:51.691 [main] INFO  stringConverter - adding element: Country{location='France', countryCode='fr', latitude=46.227638, longitude=2.213749, confirmed=5149834, dead=99777, recovered=315152, updated='2021-04-15T14:15:07'}
12:03:51.691 [main] INFO  stringConverter - adding element: Country{location='Belgium', countryCode='be', latitude=50.503887, longitude=4.469936, confirmed=935316, dead=23603, recovered=60320, updated='2021-04-15T10:15:12'}
12:03:51.691 [main] INFO  stringConverter - adding element: Country{location='Peru', countryCode='pe', latitude=-9.189967, longitude=-75.015152, confirmed=1667737, dead=55812, recovered=1592937, updated='2021-04-15T14:15:07'}
12:03:51.692 [main] INFO  stringConverter - adding element: Country{location='Ukraine', countryCode='ua', latitude=48.379433, longitude=31.1655799, confirmed=1903765, dead=38658, recovered=1453766, updated='2021-04-15T14:15:07'}
12:03:51.693 [main] INFO  stringConverter - adding element: Country{location='UK', countryCode='gb', latitude=55.378051, longitude=-3.435973, confirmed=4378305, dead=127161, recovered=4113338, updated='2021-04-15T14:15:07'}
12:03:51.693 [main] INFO  stringConverter - adding element: Country{location='Syria', countryCode='sy', latitude=34.80207499999999, longitude=38.996815, confirmed=20555, dead=1402, recovered=14335, updated='2021-04-15T10:00:07'}
12:03:51.693 [main] INFO  stringConverter - adding element: Country{location='Azerbaijan', countryCode='az', latitude=40.143105, longitude=47.576927, confirmed=291894, dead=4009, recovered=255833, updated='2021-04-15T10:00:07'}
12:03:51.693 [main] INFO  stringConverter - adding element: Country{location='Colombia', countryCode='co', latitude=4.570868, longitude=-74.297333, confirmed=2585801, dead=66819, recovered=2419265, updated='2021-04-15T14:15:07'}
12:03:51.694 [main] INFO  stringConverter - adding element: Country{location='Indonesia', countryCode='id', latitude=-0.789275, longitude=113.921327, confirmed=1589359, dead=43073, recovered=1438254, updated='2021-04-15T14:15:07'}
12:03:51.694 [main] INFO  stringConverter - adding element: Country{location='Chile', countryCode='cl', latitude=-35.675147, longitude=-71.542969, confirmed=1094267, dead=24548, recovered=1026934, updated='2021-04-15T10:15:12'}
12:03:51.695 [main] INFO  stringConverter - adding element: Country{location='Mexico', countryCode='mx', latitude=23.634501, longitude=-102.552784, confirmed=2291246, dead=210812, recovered=1817866, updated='2021-04-15T14:15:07'}
12:03:51.695 [main] INFO  stringConverter - adding element: Country{location='Turkey', countryCode='tr', latitude=38.963745, longitude=35.243322, confirmed=4025557, dead=34734, recovered=3480146, updated='2021-04-15T14:15:07'}
12:03:51.695 [main] INFO  stringConverter - adding element: Country{location='Spain', countryCode='es', latitude=40.46366700000001, longitude=-3.74922, confirmed=3387022, dead=76756, recovered=3118437, updated='2021-04-15T14:15:07'}
12:03:51.696 [main] INFO  stringConverter - adding element: Country{location='Gabon', countryCode='ga', latitude=-0.803689, longitude=11.609444, confirmed=21566, dead=132, recovered=18219, updated='2021-04-15T10:00:07'}
12:03:51.696 [main] INFO  stringConverter - adding element: Country{location='Poland', countryCode='pl', latitude=51.919438, longitude=19.145136, confirmed=2642242, dead=60612, recovered=2238638, updated='2021-04-15T14:15:07'}
12:03:51.696 [main] INFO  stringConverter - adding element: Country{location='UAE', countryCode='ae', latitude=23.424076, longitude=53.847818, confirmed=489495, dead=1541, recovered=473398, updated='2021-04-15T10:00:07'}
12:03:51.696 [main] INFO  stringConverter - adding element: Country{location='Czechia', countryCode='cz', latitude=49.81749199999999, longitude=15.472962, confirmed=1593847, dead=28229, recovered=1483559, updated='2021-04-15T14:15:07'}
12:03:51.697 [main] INFO  stringConverter - adding element: Country{location='South Africa', countryCode='za', latitude=-30.559482, longitude=22.937506, confirmed=1584961, dead=103, recovered=1486873, updated='2021-05-04T09:49:52'}
12:03:51.697 [main] INFO  stringConverter - adding element: Country{location='Guinea', countryCode='gn', latitude=9.945587, longitude=-9.696645, confirmed=21299, dead=136, recovered=18815, updated='2021-04-15T10:00:07'}
12:03:51.697 [main] INFO  stringConverter - adding element: Country{location='Croatia', countryCode='hr', latitude=45.1, longitude=15.2000001, confirmed=300900, dead=6442, recovered=279151, updated='2021-04-15T10:00:07'}
12:03:51.697 [main] INFO  stringConverter - adding element: Country{location='Portugal', countryCode='pt', latitude=39.39987199999999, longitude=-8.224454, confirmed=828857, dead=16931, recovered=786469, updated='2021-04-15T10:00:07'}
12:03:51.697 [main] INFO  stringConverter - adding element: Country{location='Australia', countryCode='au', latitude=-25.274398, longitude=133.775136, confirmed=29457, dead=910, recovered=26381, updated='2021-04-15T10:00:07'}
12:03:51.698 [main] INFO  stringConverter - adding element: Country{location='Hungary', countryCode='hu', latitude=47.162494, longitude=19.5033041, confirmed=736982, dead=24521, recovered=440498, updated='2021-04-15T10:00:07'}
12:03:51.698 [main] INFO  stringConverter - adding element: Country{location='Panama', countryCode='pa', latitude=8.537981, longitude=-80.782127, confirmed=359516, dead=6177, recovered=349318, updated='2021-04-15T10:00:07'}
12:03:51.698 [main] INFO  stringConverter - adding element: Country{location='Ecuador', countryCode='ec', latitude=-1.831239, longitude=-78.18340599999999, confirmed=350539, dead=17400, recovered=298604, updated='2021-04-15T10:00:07'}
12:03:51.698 [main] INFO  stringConverter - adding element: Country{location='Georgia', countryCode='ge', latitude=32.1656221, longitude=-82.9000751, confirmed=292244, dead=3908, recovered=279389, updated='2021-04-15T10:00:07'}
12:03:51.699 [main] INFO  stringConverter - adding element: Country{location='India', countryCode='in', latitude=20.593684, longitude=78.96288, confirmed=20282833, dead=222408, recovered=16613292, updated='2021-05-04T09:45:07'}
12:03:51.701 [main] INFO  stringConverter - adding element: Country{location='Morocco', countryCode='ma', latitude=31.791702, longitude=-7.092619999999999, confirmed=503664, dead=8920, recovered=489928, updated='2021-04-15T10:00:07'}
12:03:51.705 [main] INFO  stringConverter - adding element: Country{location='Slovakia', countryCode='sk', latitude=48.669026, longitude=19.699024, confirmed=373950, dead=10877, recovered=255300, updated='2021-04-15T10:00:07'}
12:03:51.705 [main] INFO  stringConverter - adding element: Country{location='Paraguay', countryCode='py', latitude=-23.442503, longitude=-58.443832, confirmed=242161, dead=5040, recovered=198473, updated='2021-04-15T10:00:07'}
12:03:51.706 [main] INFO  stringConverter - adding element: Country{location='Egypt', countryCode='eg', latitude=26.820553, longitude=30.802498, confirmed=212961, dead=12570, recovered=161031, updated='2021-04-15T10:00:07'}
12:03:51.706 [main] INFO  stringConverter - adding element: Country{location='Qatar', countryCode='qa', latitude=25.354826, longitude=51.183884, confirmed=192963, dead=348, recovered=171388, updated='2021-04-15T10:00:07'}
12:03:51.710 [main] INFO  stringConverter - adding element: Country{location='Bahrain', countryCode='bh', latitude=26.0667, longitude=50.5577, confirmed=159964, dead=569, recovered=148093, updated='2021-04-15T10:00:07'}
12:03:51.711 [main] INFO  stringConverter - adding element: Country{location='South Korea', countryCode='kr', latitude=35.907757, longitude=127.766922, confirmed=112117, dead=1788, recovered=102513, updated='2021-04-15T10:00:07'}
12:03:51.711 [main] INFO  stringConverter - adding element: Country{location='Kyrgyzstan', countryCode='kg', latitude=41.20438, longitude=74.766098, confirmed=91144, dead=1540, recovered=86491, updated='2021-04-15T10:00:07'}
12:03:51.711 [main] INFO  stringConverter - adding element: Country{location='Bolivia', countryCode='bo', latitude=-16.290154, longitude=-63.58865299999999, confirmed=285291, dead=12519, recovered=234596, updated='2021-04-15T10:00:07'}
12:03:51.714 [main] INFO  stringConverter - adding element: Country{location='Oman', countryCode='om', latitude=21.4735329, longitude=55.975413, confirmed=176668, dead=1821, recovered=156845, updated='2021-04-15T10:00:07'}
12:03:51.715 [main] INFO  stringConverter - adding element: Country{location='Puerto Rico', countryCode='pr', latitude=18.220833, longitude=-66.590149, confirmed=80590, dead=1703, recovered=0, updated='2021-01-17T18:15:05'}
12:03:51.715 [main] INFO  stringConverter - adding element: Country{location='Guatemala', countryCode='gt', latitude=15.783471, longitude=-90.23075899999999, confirmed=207127, dead=7089, recovered=187894, updated='2021-04-15T10:00:07'}
12:03:51.717 [main] INFO  stringConverter - adding element: Country{location='Myanmar', countryCode='mm', latitude=21.916221, longitude=95.955974, confirmed=142610, dead=3206, recovered=131879, updated='2021-04-15T10:00:07'}
12:03:51.720 [main] INFO  stringConverter - adding element: Country{location='Singapore', countryCode='sg', latitude=1.352083, longitude=103.819836, confirmed=60735, dead=30, recovered=60392, updated='2021-04-15T10:00:07'}
12:03:51.721 [main] INFO  stringConverter - adding element: Country{location='Palestine', countryCode='ps', latitude=31.952162, longitude=35.233154, confirmed=274690, dead=2923, recovered=239291, updated='2021-04-15T10:00:07'}
12:03:51.722 [main] INFO  stringConverter - adding element: Country{location='Bosnia and Herzegovina', countryCode='ba', latitude=43.915886, longitude=17.679076, confirmed=186372, dead=7642, recovered=143944, updated='2021-04-15T10:00:07'}
12:03:51.722 [main] INFO  stringConverter - adding element: Country{location='Kenya', countryCode='ke', latitude=-0.023559, longitude=37.906193, confirmed=148128, dead=2420, recovered=99580, updated='2021-04-15T10:00:07'}
12:03:51.723 [main] INFO  stringConverter - adding element: Country{location='Montenegro', countryCode='me', latitude=42.708678, longitude=19.37439, confirmed=94859, dead=1405, recovered=89615, updated='2021-04-15T10:00:07'}
12:03:51.723 [main] INFO  stringConverter - adding element: Country{location='Uzbekistan', countryCode='uz', latitude=41.377491, longitude=64.585262, confirmed=85730, dead=634, recovered=83462, updated='2021-04-15T10:00:07'}
12:03:51.723 [main] INFO  stringConverter - adding element: Country{location='Malaysia', countryCode='my', latitude=4.210484, longitude=101.975766, confirmed=367977, dead=1363, recovered=349039, updated='2021-04-15T10:00:07'}
12:03:51.724 [main] INFO  stringConverter - adding element: Country{location='Kazakhstan', countryCode='kz', latitude=48.019573, longitude=66.923684, confirmed=278695, dead=3306, recovered=239448, updated='2021-04-15T10:00:07'}
12:03:51.724 [main] INFO  stringConverter - adding element: Country{location='Albania', countryCode='al', latitude=41.153332, longitude=20.168331, confirmed=128959, dead=2331, recovered=99441, updated='2021-04-15T10:00:07'}
12:03:51.725 [main] INFO  stringConverter - adding element: Country{location='Afghanistan', countryCode='af', latitude=33.93911, longitude=67.709953, confirmed=57612, dead=2535, recovered=52083, updated='2021-04-15T10:00:07'}
12:03:51.725 [main] INFO  stringConverter - adding element: Country{location='Dominican Republic', countryCode='do', latitude=18.735693, longitude=-70.162651, confirmed=259260, dead=3402, recovered=217286, updated='2021-04-15T10:00:07'}
12:03:51.726 [main] INFO  stringConverter - adding element: Country{location='Lithuania', countryCode='lt', latitude=55.169438, longitude=23.881275, confirmed=230462, dead=3730, recovered=208890, updated='2021-04-15T10:00:07'}
12:03:51.726 [main] INFO  stringConverter - adding element: Country{location='Libya', countryCode='ly', latitude=26.3351, longitude=17.228331, confirmed=170045, dead=2834, recovered=155117, updated='2021-04-15T10:00:07'}
12:03:51.726 [main] INFO  stringConverter - adding element: Country{location='Honduras', countryCode='hn', latitude=15.199999, longitude=-86.241905, confirmed=198214, dead=4905, recovered=76130, updated='2021-04-15T10:00:07'}
12:03:51.726 [main] INFO  stringConverter - adding element: Country{location='Nigeria', countryCode='ng', latitude=9.081999, longitude=8.675277, confirmed=164000, dead=2061, recovered=154270, updated='2021-04-15T10:00:07'}
12:03:51.729 [main] INFO  stringConverter - adding element: Country{location='Algeria', countryCode='dz', latitude=28.033886, longitude=1.659626, confirmed=118975, dead=3141, recovered=82929, updated='2021-04-15T10:00:07'}
12:03:51.730 [main] INFO  stringConverter - adding element: Country{location='China', countryCode='cn', latitude=35.86166, longitude=104.195397, confirmed=90457, dead=4636, recovered=85524, updated='2021-04-15T10:00:07'}
12:03:51.730 [main] INFO  stringConverter - adding element: Country{location='Lebanon', countryCode='lb', latitude=33.854721, longitude=35.862285, confirmed=502299, dead=6778, recovered=413175, updated='2021-04-15T10:00:07'}
12:03:51.730 [main] INFO  stringConverter - adding element: Country{location='Kuwait', countryCode='kw', latitude=29.31166, longitude=47.481766, confirmed=251675, dead=1423, recovered=235053, updated='2021-04-15T10:00:07'}
12:03:51.731 [main] INFO  stringConverter - adding element: Country{location='Slovenia', countryCode='si', latitude=46.151241, longitude=14.995463, confirmed=229967, dead=4142, recovered=212815, updated='2021-04-15T10:00:07'}
12:03:51.731 [main] INFO  stringConverter - adding element: Country{location='Venezuela', countryCode='ve', latitude=6.42375, longitude=-66.58973, confirmed=178094, dead=1834, recovered=160620, updated='2021-04-15T10:00:07'}
12:03:51.731 [main] INFO  stringConverter - adding element: Country{location='North Macedonia', countryCode='mk', latitude=41.608635, longitude=21.745275, confirmed=144111, dead=4322, recovered=119683, updated='2021-04-15T10:00:07'}
12:03:51.731 [main] INFO  stringConverter - adding element: Country{location='Ghana', countryCode='gh', latitude=7.946527, longitude=-1.023194, confirmed=91477, dead=763, recovered=89301, updated='2021-04-15T10:00:07'}
12:03:51.732 [main] INFO  stringConverter - adding element: Country{location='El Salvador', countryCode='sv', latitude=13.794185, longitude=-88.89653, confirmed=66956, dead=2060, recovered=63345, updated='2021-04-15T10:00:07'}
12:03:51.732 [main] INFO  stringConverter - adding element: Country{location='Greece', countryCode='gr', latitude=39.074208, longitude=21.824312, confirmed=304184, dead=9135, recovered=261176, updated='2021-04-15T10:00:07'}
12:03:51.732 [main] INFO  stringConverter - adding element: Country{location='Tunisia', countryCode='tn', latitude=33.886917, longitude=9.537499, confirmed=276727, dead=9480, recovered=229754, updated='2021-04-15T10:00:07'}
12:03:51.733 [main] INFO  stringConverter - adding element: Country{location='Mali', countryCode='ml', latitude=17.570692, longitude=-3.996166, confirmed=12467, dead=419, recovered=7238, updated='2021-04-15T10:00:07'}
12:03:51.735 [main] INFO  stringConverter - adding element: Country{location='Trinidad and Tobago', countryCode='tt', latitude=10.691803, longitude=-61.222503, confirmed=8596, dead=148, recovered=7818, updated='2021-04-15T10:00:07'}
12:03:51.736 [main] INFO  stringConverter - adding element: Country{location='Timor-Leste', countryCode='tl', latitude=-8.874217, longitude=125.727539, confirmed=1103, dead=2, recovered=564, updated='2021-04-15T10:00:07'}
12:03:51.737 [main] INFO  stringConverter - adding element: Country{location='Cameroon', countryCode='cm', latitude=7.369721999999999, longitude=12.354722, confirmed=61731, dead=919, recovered=56926, updated='2021-04-15T10:00:07'}
12:03:51.738 [main] INFO  stringConverter - adding element: Country{location='Estonia', countryCode='ee', latitude=58.595272, longitude=25.0136071, confirmed=116200, dead=1064, recovered=99096, updated='2021-04-15T10:00:07'}
12:03:51.739 [main] INFO  stringConverter - adding element: Country{location='Eswatini', countryCode='sz', latitude=-26.522503, longitude=31.465866, confirmed=18407, dead=670, recovered=17682, updated='2021-04-15T10:00:07'}
12:03:51.739 [main] INFO  stringConverter - adding element: Country{location='Cyprus', countryCode='cy', latitude=35.126413, longitude=33.429859, confirmed=53254, dead=277, recovered=39061, updated='2021-04-15T10:00:07'}
12:03:51.740 [main] INFO  stringConverter - adding element: Country{location='Uganda', countryCode='ug', latitude=1.373333, longitude=32.290275, confirmed=41237, dead=338, recovered=40779, updated='2021-04-15T10:00:07'}
12:03:51.740 [main] INFO  stringConverter - adding element: Country{location='Senegal', countryCode='sn', latitude=14.497401, longitude=-14.452362, confirmed=39560, dead=1084, recovered=38290, updated='2021-04-15T10:00:07'}
12:03:51.741 [main] INFO  stringConverter - adding element: Country{location='Hong Kong', countryCode='hk', latitude=22.3193039, longitude=114.1693611, confirmed=11619, dead=209, recovered=11246, updated='2021-04-15T10:00:07'}
12:03:51.741 [main] INFO  stringConverter - adding element: Country{location='Guyana', countryCode='gy', latitude=4.860416, longitude=-58.93018, confirmed=11374, dead=260, recovered=9880, updated='2021-04-15T10:00:07'}
12:03:51.741 [main] INFO  stringConverter - adding element: Country{location='Latvia', countryCode='lv', latitude=56.879635, longitude=24.603189, confirmed=109731, dead=2030, recovered=100464, updated='2021-04-15T10:00:07'}
12:03:51.741 [main] INFO  stringConverter - adding element: Country{location='Zambia', countryCode='zm', latitude=-13.133897, longitude=27.849332, confirmed=90389, dead=1229, recovered=88241, updated='2021-04-15T10:00:07'}
12:03:51.742 [main] INFO  stringConverter - adding element: Country{location='Namibia', countryCode='na', latitude=38.911651, longitude=-77.0412109, confirmed=46051, dead=592, recovered=44162, updated='2021-04-15T10:00:07'}
12:03:51.742 [main] INFO  stringConverter - adding element: Country{location='Thailand', countryCode='th', latitude=15.870032, longitude=100.992541, confirmed=37453, dead=97, recovered=28383, updated='2021-04-15T10:00:07'}
12:03:51.742 [main] INFO  stringConverter - adding element: Country{location='Madagascar', countryCode='mg', latitude=-18.766947, longitude=46.869107, confirmed=29348, dead=520, recovered=24695, updated='2021-04-15T10:00:07'}
12:03:51.742 [main] INFO  stringConverter - adding element: Country{location='DRC', countryCode='cd', latitude=-4.038333, longitude=21.758664, confirmed=28714, dead=745, recovered=25841, updated='2021-04-15T10:00:07'}
12:03:51.743 [main] INFO  stringConverter - adding element: Country{location='Maldives', countryCode='mv', latitude=3.202778, longitude=73.22068, confirmed=25844, dead=67, recovered=23141, updated='2021-04-15T10:00:07'}
12:03:51.744 [main] INFO  stringConverter - adding element: Country{location='Mauritania', countryCode='mr', latitude=21.00789, longitude=-10.940835, confirmed=18066, dead=452, recovered=17428, updated='2021-04-15T10:00:07'}
12:03:51.744 [main] INFO  stringConverter - adding element: Country{location='Haiti', countryCode='ht', latitude=18.971187, longitude=-72.285215, confirmed=12857, dead=251, recovered=11614, updated='2021-04-15T10:00:07'}
12:03:51.745 [main] INFO  stringConverter - adding element: Country{location='Dominica', countryCode='dm', latitude=15.414999, longitude=-61.37097600000001, confirmed=165, dead=0, recovered=159, updated='2021-04-15T10:00:07'}
12:03:51.745 [main] INFO  stringConverter - adding element: Country{location='Malawi', countryCode='mw', latitude=-13.254308, longitude=34.301525, confirmed=33891, dead=1134, recovered=31675, updated='2021-04-15T10:00:07'}
12:03:51.745 [main] INFO  stringConverter - adding element: Country{location='Fiji', countryCode='fj', latitude=-17.713371, longitude=178.065032, confirmed=68, dead=2, recovered=64, updated='2021-04-15T10:00:07'}
12:03:51.745 [main] INFO  stringConverter - adding element: Country{location='Andorra', countryCode='ad', latitude=42.506285, longitude=1.521801, confirmed=12641, dead=121, recovered=11989, updated='2021-04-15T10:00:07'}
12:03:51.746 [main] INFO  stringConverter - adding element: Country{location='Congo', countryCode='cg', latitude=-4.038333, longitude=21.758664, confirmed=10084, dead=139, recovered=8208, updated='2021-04-15T10:00:07'}
12:03:51.746 [main] INFO  stringConverter - adding element: Country{location='Cuba', countryCode='cu', latitude=21.521757, longitude=-77.781167, confirmed=89404, dead=487, recovered=84114, updated='2021-04-15T10:00:07'}
12:03:51.746 [main] INFO  stringConverter - adding element: Country{location='Cabo Verde', countryCode='cv', latitude=16.5388, longitude=-23.0418, confirmed=19525, dead=188, recovered=17645, updated='2021-04-15T10:00:07'}
12:03:51.746 [main] INFO  stringConverter - adding element: Country{location='Botswana', countryCode='bw', latitude=-22.328474, longitude=24.684866, confirmed=43444, dead=663, recovered=38923, updated='2021-04-15T10:00:07'}
12:03:51.747 [main] INFO  stringConverter - adding element: Country{location='Finland', countryCode='fi', latitude=61.92410999999999, longitude=25.7481511, confirmed=83253, dead=881, recovered=46000, updated='2021-04-15T10:00:07'}
12:03:51.747 [main] INFO  stringConverter - adding element: Country{location='French Polynesia', countryCode='pf', latitude=-17.679742, longitude=-149.406843, confirmed=18680, dead=141, recovered=4842, updated='2021-04-15T10:00:07'}
12:03:51.747 [main] INFO  stringConverter - adding element: Country{location='Belize', countryCode='bz', latitude=17.189877, longitude=-88.49765, confirmed=12522, dead=318, recovered=12140, updated='2021-04-15T10:00:07'}
12:03:51.747 [main] INFO  stringConverter - adding element: Country{location='Bahamas', countryCode='bs', latitude=25.03428, longitude=-77.39627999999999, confirmed=9505, dead=190, recovered=8965, updated='2021-04-15T10:00:07'}
12:03:51.748 [main] INFO  stringConverter - adding element: Country{location='Falkland Islands', countryCode='fk', latitude=-51.796253, longitude=-59.523613, confirmed=62, dead=0, recovered=55, updated='2021-04-15T10:00:07'}
12:03:51.748 [main] INFO  stringConverter - adding element: Country{location='Uruguay', countryCode='uy', latitude=-32.522779, longitude=-55.765835, confirmed=152089, dead=1647, recovered=119388, updated='2021-04-15T10:00:07'}
12:03:51.748 [main] INFO  stringConverter - adding element: Country{location='Jamaica', countryCode='jm', latitude=18.109581, longitude=-77.297508, confirmed=43054, dead=692, recovered=19248, updated='2021-04-15T10:00:07'}
12:03:51.749 [main] INFO  stringConverter - adding element: Country{location='Malta', countryCode='mt', latitude=35.937496, longitude=14.375416, confirmed=29778, dead=403, recovered=28797, updated='2021-04-15T10:00:07'}
12:03:51.749 [main] INFO  stringConverter - adding element: Country{location='Djibouti', countryCode='dj', latitude=11.825138, longitude=42.590275, confirmed=10202, dead=106, recovered=8591, updated='2021-04-15T10:00:07'}
12:03:51.753 [main] INFO  stringConverter - adding element: Country{location='Guinea-Bissau', countryCode='gw', latitude=11.803749, longitude=-15.180413, confirmed=3694, dead=66, recovered=3093, updated='2021-04-15T10:00:07'}
12:03:51.754 [main] INFO  stringConverter - adding element: Country{location='U.S. Virgin Islands', countryCode='vi', latitude=18.335765, longitude=-64.896335, confirmed=2260, dead=24, recovered=2120, updated='2021-01-17T18:15:05'}
12:03:51.755 [main] INFO  stringConverter - adding element: Country{location='Liechtenstein', countryCode='li', latitude=47.166, longitude=9.555373, confirmed=2770, dead=56, recovered=2646, updated='2021-04-15T10:00:07'}
12:03:51.756 [main] INFO  stringConverter - adding element: Country{location='Sint Maarten', countryCode='sx', latitude=18.04248, longitude=-63.05483, confirmed=2196, dead=27, recovered=2133, updated='2021-04-15T10:00:07'}
12:03:51.757 [main] INFO  stringConverter - adding element: Country{location='Bermuda', countryCode='bm', latitude=32.3078, longitude=-64.7505, confirmed=1935, dead=16, recovered=1051, updated='2021-04-15T10:00:07'}
12:03:51.757 [main] INFO  stringConverter - adding element: Country{location='Benin', countryCode='bj', latitude=9.30769, longitude=2.315834, confirmed=7611, dead=95, recovered=6728, updated='2021-04-15T10:00:07'}
12:03:51.758 [main] INFO  stringConverter - adding element: Country{location='Iceland', countryCode='is', latitude=64.963051, longitude=-19.020835, confirmed=6275, dead=29, recovered=6163, updated='2021-04-15T10:00:07'}
12:03:51.758 [main] INFO  stringConverter - adding element: Country{location='Yemen', countryCode='ye', latitude=15.552727, longitude=48.516388, confirmed=5582, dead=1083, recovered=2128, updated='2021-04-15T10:00:07'}
12:03:51.758 [main] INFO  stringConverter - adding element: Country{location='Gibraltar', countryCode='gi', latitude=36.140751, longitude=-5.353585, confirmed=4290, dead=94, recovered=4181, updated='2021-04-15T10:00:07'}
12:03:51.758 [main] INFO  stringConverter - adding element: Country{location='New Zealand', countryCode='nz', latitude=-40.900557, longitude=174.885971, confirmed=2591, dead=26, recovered=2464, updated='2021-04-15T10:00:07'}
12:03:51.759 [main] INFO  stringConverter - adding element: Country{location='Bhutan', countryCode='bt', latitude=27.514162, longitude=90.433601, confirmed=929, dead=1, recovered=876, updated='2021-04-15T10:00:07'}
12:03:51.759 [main] INFO  stringConverter - adding element: Country{location='Faeroe Islands', countryCode='fo', latitude=61.89263500000001, longitude=-6.9118061, confirmed=662, dead=1, recovered=660, updated='2021-04-15T10:00:07'}
12:03:51.760 [main] INFO  stringConverter - adding element: Country{location='Belarus', countryCode='by', latitude=53.709807, longitude=27.953389, confirmed=338801, dead=2383, recovered=329135, updated='2021-04-15T10:00:07'}
12:03:51.761 [main] INFO  stringConverter - adding element: Country{location='Somaliland', countryCode='05', latitude=9.411743399999999, longitude=46.8252838, confirmed=1354, dead=47, recovered=1200, updated='2021-01-17T18:15:05'}
12:03:51.762 [main] INFO  stringConverter - adding element: Country{location='Togo', countryCode='tg', latitude=8.619543, longitude=0.824782, confirmed=12214, dead=117, recovered=9543, updated='2021-04-15T10:00:07'}
12:03:51.762 [main] INFO  stringConverter - adding element: Country{location='Lesotho', countryCode='ls', latitude=-29.609988, longitude=28.233608, confirmed=10709, dead=315, recovered=5028, updated='2021-04-15T10:00:07'}
12:03:51.762 [main] INFO  stringConverter - adding element: Country{location='San Marino', countryCode='sm', latitude=43.94236, longitude=12.457777, confirmed=5004, dead=86, recovered=4625, updated='2021-04-15T10:00:07'}
12:03:51.764 [main] INFO  stringConverter - adding element: Country{location='Rwanda', countryCode='rw', latitude=-1.940278, longitude=29.873888, confirmed=23672, dead=317, recovered=21594, updated='2021-04-15T10:00:07'}
12:03:51.765 [main] INFO  stringConverter - adding element: Country{location='Suriname', countryCode='sr', latitude=3.919305, longitude=-56.027783, confirmed=9417, dead=184, recovered=8725, updated='2021-04-15T10:00:07'}
12:03:51.766 [main] INFO  stringConverter - adding element: Country{location='Liberia', countryCode='lr', latitude=6.428055, longitude=-9.429499000000002, confirmed=2042, dead=85, recovered=1899, updated='2021-04-15T10:00:07'}
12:03:51.767 [main] INFO  stringConverter - adding element: Country{location='Somalia', countryCode='so', latitude=5.152149, longitude=46.199616, confirmed=12837, dead=656, recovered=5346, updated='2021-04-15T10:00:07'}
12:03:51.771 [main] INFO  stringConverter - adding element: Country{location='South Sudan', countryCode='ss', latitude=6.876991899999999, longitude=31.3069788, confirmed=10416, dead=114, recovered=10148, updated='2021-04-15T10:00:07'}
12:03:51.772 [main] INFO  stringConverter - adding element: Country{location='Papua New Guinea', countryCode='pg', latitude=-6.314992999999999, longitude=143.95555, confirmed=8984, dead=71, recovered=846, updated='2021-04-15T10:00:07'}
12:03:51.772 [main] INFO  stringConverter - adding element: Country{location='Equatorial Guinea', countryCode='gq', latitude=1.650801, longitude=10.267895, confirmed=7259, dead=106, recovered=6885, updated='2021-04-15T10:00:07'}
12:03:51.774 [main] INFO  stringConverter - adding element: Country{location='CAR', countryCode='cf', latitude=6.611110999999999, longitude=20.939444, confirmed=5682, dead=75, recovered=5112, updated='2021-04-15T10:00:07'}
12:03:51.775 [main] INFO  stringConverter - adding element: Country{location='Chad', countryCode='td', latitude=15.454166, longitude=18.732207, confirmed=4662, dead=167, recovered=4312, updated='2021-04-15T10:00:07'}
12:03:51.775 [main] INFO  stringConverter - adding element: Country{location='Vietnam', countryCode='vn', latitude=14.058324, longitude=108.277199, confirmed=2737, dead=35, recovered=2445, updated='2021-04-15T10:00:07'}
12:03:51.776 [main] INFO  stringConverter - adding element: Country{location='Monaco', countryCode='mc', latitude=43.73841760000001, longitude=7.424615799999999, confirmed=2384, dead=31, recovered=2266, updated='2021-04-15T10:00:07'}
12:03:51.776 [main] INFO  stringConverter - adding element: Country{location='Curaçao', countryCode='cw', latitude=12.16957, longitude=-68.99002, confirmed=11581, dead=78, recovered=7666, updated='2021-04-15T10:00:07'}
12:03:51.777 [main] INFO  stringConverter - adding element: Country{location='Taiwan', countryCode='tw', latitude=23.69781, longitude=120.960515, confirmed=1068, dead=11, recovered=1031, updated='2021-04-15T10:00:07'}
12:03:51.777 [main] INFO  stringConverter - adding element: Country{location='Jersey', countryCode='je', latitude=49.2137711, longitude=-2.1357662, confirmed=2908, dead=56, recovered=2561, updated='2021-01-17T18:15:05'}
12:03:51.778 [main] INFO  stringConverter - adding element: Country{location='Luxembourg', countryCode='lu', latitude=49.815273, longitude=6.129582999999999, confirmed=64334, dead=784, recovered=60203, updated='2021-04-15T10:00:07'}
12:03:51.778 [main] INFO  stringConverter - adding element: Country{location='Aruba', countryCode='aw', latitude=12.52111, longitude=-69.968338, confirmed=10159, dead=92, recovered=9573, updated='2021-04-15T10:00:07'}
12:03:51.778 [main] INFO  stringConverter - adding element: Country{location='Niger', countryCode='ne', latitude=17.607789, longitude=8.081666, confirmed=5081, dead=189, recovered=4760, updated='2021-04-15T10:00:07'}
12:03:51.778 [main] INFO  stringConverter - adding element: Country{location='Diamond Princess', countryCode='01', latitude=40.86429589999999, longitude=-73.9614914, confirmed=712, dead=13, recovered=699, updated='2021-04-15T10:00:07'}
12:03:51.779 [main] INFO  stringConverter - adding element: Country{location='Sierra Leone', countryCode='sl', latitude=8.460555, longitude=-11.779889, confirmed=4013, dead=79, recovered=2832, updated='2021-04-15T10:00:07'}
12:03:51.779 [main] INFO  stringConverter - adding element: Country{location='Burundi', countryCode='bi', latitude=-3.373056, longitude=29.918886, confirmed=3333, dead=6, recovered=773, updated='2021-04-15T10:00:07'}
12:03:51.780 [main] INFO  stringConverter - adding element: Country{location='Seychelles', countryCode='sc', latitude=-4.679574, longitude=55.491977, confirmed=4633, dead=25, recovered=4310, updated='2021-04-15T10:00:07'}
12:03:51.780 [main] INFO  stringConverter - adding element: Country{location='Saint Pierre Miquelon', countryCode='pm', latitude=46.8852, longitude=-56.3159, confirmed=24, dead=0, recovered=24, updated='2021-04-15T10:00:07'}
12:03:51.780 [main] INFO  stringConverter - adding element: Country{location='United States', countryCode='us', latitude=37.09024, longitude=-95.712891, confirmed=33230992, dead=591514, recovered=25908684, updated='2021-05-04T09:45:07'}
12:03:51.780 [main] INFO  stringConverter - adding element: Country{location='Laos', countryCode='la', latitude=19.85627, longitude=102.495496, confirmed=53, dead=0, recovered=49, updated='2021-04-15T10:00:07'}
12:03:51.781 [main] INFO  stringConverter - adding element: Country{location='Saint Kitts and Nevis', countryCode='kn', latitude=17.357822, longitude=-62.782998, confirmed=44, dead=0, recovered=44, updated='2021-04-15T10:00:07'}
12:03:51.781 [main] INFO  stringConverter - adding element: Country{location='Romania', countryCode='ro', latitude=45.943161, longitude=24.96676, confirmed=1016449, dead=25605, recovered=920653, updated='2021-04-15T10:15:12'}
12:03:51.781 [main] INFO  stringConverter - adding element: Country{location='French Guiana', countryCode='gf', latitude=3.933889, longitude=-53.125782, confirmed=17883, dead=95, recovered=9995, updated='2021-04-15T10:00:07'}
12:03:51.781 [main] INFO  stringConverter - adding element: Country{location='Barbados', countryCode='bb', latitude=13.193887, longitude=-59.543198, confirmed=3744, dead=44, recovered=3634, updated='2021-04-15T10:00:07'}
12:03:51.781 [main] INFO  stringConverter - adding element: Country{location='Sao Tome and Principe', countryCode='st', latitude=0.18636, longitude=6.613080999999999, confirmed=2269, dead=35, recovered=2196, updated='2021-04-15T10:00:07'}
12:03:51.782 [main] INFO  stringConverter - adding element: Country{location='Macao', countryCode='mo', latitude=22.198745, longitude=113.543873, confirmed=49, dead=0, recovered=48, updated='2021-04-15T10:00:07'}
12:03:51.782 [main] INFO  stringConverter - adding element: Country{location='Montserrat', countryCode='ms', latitude=16.742498, longitude=-62.187366, confirmed=20, dead=1, recovered=19, updated='2021-04-15T10:00:07'}
12:03:51.782 [main] INFO  stringConverter - adding element: Country{location='Saint Martin', countryCode='mf', latitude=18.0708298, longitude=-63.0500809, confirmed=1693, dead=12, recovered=1399, updated='2021-04-15T10:00:07'}
12:03:51.782 [main] INFO  stringConverter - adding element: Country{location='Sint Eustatius', countryCode='bq', latitude=17.4890306, longitude=-62.973555, confirmed=18, dead=0, recovered=18, updated='2021-01-17T18:15:05'}
12:03:51.782 [main] INFO  stringConverter - adding element: Country{location='Isle of Man', countryCode='im', latitude=54.236107, longitude=-4.548056, confirmed=1575, dead=29, recovered=1445, updated='2021-04-15T10:00:07'}
12:03:51.794 [main] INFO  stringConverter - adding element: Country{location='Tanzania', countryCode='tz', latitude=-6.369028, longitude=34.888822, confirmed=509, dead=21, recovered=183, updated='2021-04-15T10:00:07'}
12:03:51.795 [main] INFO  stringConverter - adding element: Country{location='Samoa', countryCode='ws', latitude=-13.759029, longitude=-172.104629, confirmed=3, dead=0, recovered=2, updated='2021-04-15T10:00:07'}
12:03:51.795 [main] INFO  stringConverter - adding element: Country{location='Coral Princess', countryCode='11', latitude=20.5331399, longitude=-86.9387546, confirmed=12, dead=3, recovered=0, updated='2021-01-17T18:15:05'}
12:03:51.796 [main] INFO  stringConverter - adding element: Country{location='Brunei ', countryCode='bn', latitude=4.535277, longitude=114.727669, confirmed=221, dead=3, recovered=206, updated='2021-04-15T10:00:07'}
12:03:51.796 [main] INFO  stringConverter - adding element: Country{location='Japan', countryCode='jp', latitude=36.204824, longitude=138.252924, confirmed=512169, dead=9469, recovered=471007, updated='2021-04-15T10:00:07'}
12:03:51.796 [main] INFO  stringConverter - adding element: Country{location='St. Barth', countryCode='bl', latitude=17.9, longitude=-62.833333, confirmed=907, dead=1, recovered=462, updated='2021-04-15T10:00:07'}
12:03:51.797 [main] INFO  stringConverter - adding element: Country{location='Moldova', countryCode='md', latitude=47.411631, longitude=28.369885, confirmed=243365, dead=5466, recovered=226325, updated='2021-04-15T10:00:07'}
12:03:51.797 [main] INFO  stringConverter - adding element: Country{location='British Virgin Islands', countryCode='vg', latitude=18.420695, longitude=-64.639968, confirmed=178, dead=1, recovered=159, updated='2021-04-15T10:00:07'}
12:03:51.797 [main] INFO  stringConverter - adding element: Country{location='Grenada', countryCode='gd', latitude=12.1165, longitude=-61.67899999999999, confirmed=155, dead=1, recovered=152, updated='2021-04-15T10:00:07'}
12:03:51.797 [main] INFO  stringConverter - adding element: Country{location='Anguilla', countryCode='ai', latitude=18.220554, longitude=-63.06861499999999, confirmed=25, dead=0, recovered=22, updated='2021-04-15T10:00:07'}
12:03:51.797 [main] INFO  stringConverter - adding element: Country{location='New Caledonia', countryCode='nc', latitude=-20.904305, longitude=165.618042, confirmed=121, dead=0, recovered=58, updated='2021-04-15T10:00:07'}
12:03:51.798 [main] INFO  stringConverter - adding element: Country{location='Marshall Islands', countryCode='mh', latitude=7.131474, longitude=171.184478, confirmed=4, dead=0, recovered=4, updated='2021-04-15T10:00:07'}
12:03:51.799 [main] INFO  stringConverter - adding element: Country{location='Canada', countryCode='ca', latitude=56.130366, longitude=-106.346771, confirmed=1087152, dead=23445, recovered=983506, updated='2021-04-15T10:15:12'}
12:03:51.799 [main] INFO  stringConverter - adding element: Country{location='Mayotte', countryCode='yt', latitude=-12.8275, longitude=45.166244, confirmed=19757, dead=168, recovered=2964, updated='2021-04-15T10:00:07'}
12:03:51.800 [main] INFO  stringConverter - adding element: Country{location='Greenland', countryCode='gl', latitude=71.706936, longitude=-42.604303, confirmed=31, dead=0, recovered=31, updated='2021-04-15T10:00:07'}
12:03:51.804 [main] INFO  stringConverter - adding element: Country{location='Vatican City', countryCode='va', latitude=41.902916, longitude=12.453389, confirmed=27, dead=0, recovered=15, updated='2021-04-15T10:00:07'}
12:03:51.806 [main] INFO  stringConverter - adding element: Country{location='Solomon Islands', countryCode='sb', latitude=-9.64571, longitude=160.156194, confirmed=19, dead=0, recovered=18, updated='2021-04-15T10:00:07'}
12:03:51.806 [main] INFO  stringConverter - adding element: Country{location='Réunion', countryCode='re', latitude=-21.115141, longitude=55.536384, confirmed=18425, dead=135, recovered=16794, updated='2021-04-15T10:00:07'}
12:03:51.808 [main] INFO  stringConverter - adding element: Country{location='Guadeloupe', countryCode='gp', latitude=16.265, longitude=-61.55099999999999, confirmed=12717, dead=176, recovered=2242, updated='2021-04-15T10:00:07'}
12:03:51.808 [main] INFO  stringConverter - adding element: Country{location='Gambia', countryCode='gm', latitude=13.443182, longitude=-15.310139, confirmed=5682, dead=170, recovered=5165, updated='2021-04-15T10:00:07'}
12:03:51.808 [main] INFO  stringConverter - adding element: Country{location='Guernsey', countryCode='gg', latitude=49.4481982, longitude=-2.58949, confirmed=309, dead=13, recovered=288, updated='2021-01-17T18:15:05'}
12:03:51.809 [main] INFO  stringConverter - adding element: Country{location='Saint Lucia', countryCode='lc', latitude=13.909444, longitude=-60.978893, confirmed=4355, dead=64, recovered=4208, updated='2021-04-15T10:00:07'}
12:03:51.809 [main] INFO  stringConverter - adding element: Country{location='St. Vincent Grenadines', countryCode='vc', latitude=12.984305, longitude=-61.287228, confirmed=1812, dead=10, recovered=1677, updated='2021-04-15T10:00:07'}
12:03:51.809 [main] INFO  stringConverter - adding element: Country{location='Vanuatu', countryCode='vu', latitude=-15.376706, longitude=166.959158, confirmed=3, dead=0, recovered=1, updated='2021-04-15T10:00:07'}
12:03:51.810 [main] INFO  stringConverter - adding element: Country{location='Martinique', countryCode='mq', latitude=14.641528, longitude=-61.024174, confirmed=9890, dead=64, recovered=98, updated='2021-04-15T10:00:07'}
12:03:51.810 [main] INFO  stringConverter - adding element: Country{location='Cayman Islands', countryCode='ky', latitude=19.3133, longitude=-81.2546, confirmed=523, dead=2, recovered=498, updated='2021-04-15T10:00:07'}
12:03:51.811 [main] INFO  stringConverter - adding element: Country{location='Mongolia', countryCode='mn', latitude=46.862496, longitude=103.846656, confirmed=18565, dead=31, recovered=10638, updated='2021-04-15T10:00:07'}
12:03:51.811 [main] INFO  stringConverter - adding element: Country{location='Sudan', countryCode='sd', latitude=12.862807, longitude=30.217636, confirmed=31790, dead=2208, recovered=25539, updated='2021-04-15T10:00:07'}
12:03:51.811 [main] INFO  stringConverter - adding element: Country{location='Tajikistan', countryCode='tj', latitude=38.861034, longitude=71.276093, confirmed=13308, dead=90, recovered=13218, updated='2021-04-15T10:00:07'}
12:03:51.811 [main] INFO  stringConverter - adding element: Country{location='Comoros', countryCode='km', latitude=-11.6455, longitude=43.3333, confirmed=3803, dead=146, recovered=3582, updated='2021-04-15T10:00:07'}
12:03:51.812 [main] INFO  stringConverter - adding element: Country{location='Turks and Caicos', countryCode='tc', latitude=21.694025, longitude=-71.797928, confirmed=2360, dead=17, recovered=2285, updated='2021-04-15T10:00:07'}
12:03:51.812 [main] INFO  stringConverter - adding element: Country{location='Mauritius', countryCode='mu', latitude=-20.348404, longitude=57.55215200000001, confirmed=1201, dead=15, recovered=841, updated='2021-04-15T10:00:07'}
12:03:51.812 [main] INFO  stringConverter - adding element: Country{location='Philippines', countryCode='ph', latitude=12.879721, longitude=121.774017, confirmed=904285, dead=15594, recovered=705164, updated='2021-04-15T10:15:12'}
12:03:51.812 [main] INFO  stringConverter - adding element: Country{location='Israel', countryCode='il', latitude=31.046051, longitude=34.851612, confirmed=836504, dead=6312, recovered=827184, updated='2021-04-15T10:00:07'}
12:03:51.812 [main] INFO  stringConverter - adding element: Country{location='Northern Cyprus', countryCode='00', latitude=35.2480359, longitude=33.6577243, confirmed=1850, dead=11, recovered=1602, updated='2021-01-17T18:15:05'}
12:03:51.812 [main] INFO  stringConverter - adding element: Country{location='Bangladesh', countryCode='bd', latitude=23.684994, longitude=90.356331, confirmed=703170, dead=9987, recovered=591299, updated='2021-04-15T10:00:07'}
12:03:51.812 [main] INFO  stringConverter - adding element: Country{location='Sweden', countryCode='se', latitude=60.12816100000001, longitude=18.643501, confirmed=885385, dead=13720, recovered=0, updated='2021-04-15T10:00:07'}
12:03:51.812 [main] INFO  stringConverter - adding element: Country{location='Serbia', countryCode='rs', latitude=44.016521, longitude=21.005859, confirmed=651899, dead=5846, recovered=571312, updated='2021-04-15T10:00:07'}
12:03:51.813 [main] INFO  stringConverter - adding element: Country{location='Denmark', countryCode='dk', latitude=56.26392, longitude=9.501785, confirmed=239532, dead=2447, recovered=228685, updated='2021-04-15T10:00:07'}
12:03:51.813 [main] INFO  stringConverter - adding element: Country{location='Switzerland', countryCode='ch', latitude=46.818188, longitude=8.227511999999999, confirmed=627968, dead=10488, recovered=563438, updated='2021-04-15T10:00:07'}
12:03:51.813 [main] INFO  stringConverter - adding element: Country{location='Ireland', countryCode='ie', latitude=53.1423672, longitude=-7.692053599999999, confirmed=242105, dead=4812, recovered=222851, updated='2021-04-15T10:00:07'}
12:03:51.813 [main] INFO  stringConverter - adding element: Country{location='Ethiopia', countryCode='et', latitude=9.145000000000001, longitude=40.489673, confirmed=234405, dead=3252, recovered=174591, updated='2021-04-15T10:00:07'}
12:03:51.814 [main] INFO  stringConverter - adding element: Country{location='Costa Rica', countryCode='cr', latitude=9.748916999999999, longitude=-83.753428, confirmed=225343, dead=3044, recovered=196060, updated='2021-04-15T10:00:07'}
12:03:51.814 [main] INFO  stringConverter - adding element: Country{location='Armenia', countryCode='am', latitude=40.069099, longitude=45.038189, confirmed=206142, dead=3817, recovered=185125, updated='2021-04-15T10:00:07'}
12:03:51.814 [main] INFO  stringConverter - adding element: Country{location='Sri Lanka', countryCode='lk', latitude=7.873053999999999, longitude=80.77179699999999, confirmed=95737, dead=604, recovered=92151, updated='2021-04-15T10:00:07'}
12:03:51.814 [main] INFO  stringConverter - adding element: Country{location='Mozambique', countryCode='mz', latitude=-18.665695, longitude=35.529562, confirmed=68927, dead=794, recovered=59972, updated='2021-04-15T10:00:07'}
12:03:51.814 [main] INFO  stringConverter - adding element: Country{location='Artsakh', countryCode='12', latitude=26.0434384, longitude=-80.2777081, confirmed=1130, dead=30, recovered=337, updated='2021-01-17T18:15:05'}
12:03:51.814 [main] INFO  stringConverter - adding element: Country{location='Ivory Coast', countryCode='ci', latitude=7.539988999999999, longitude=-5.547079999999999, confirmed=45388, dead=271, recovered=44833, updated='2021-04-15T10:00:07'}
12:03:51.815 [main] INFO  stringConverter - adding element: Country{location='Cambodia', countryCode='kh', latitude=12.565679, longitude=104.990963, confirmed=5218, dead=36, recovered=2319, updated='2021-04-15T10:00:07'}
12:03:51.815 [main] INFO  stringConverter - adding element: Country{location='Antigua and Barbuda', countryCode='ag', latitude=17.060816, longitude=-61.796428, confirmed=1209, dead=31, recovered=947, updated='2021-04-15T10:00:07'}
12:03:51.815 [main] INFO  stringConverter - adding element: Country{location='USS Theodore Roosevelt', countryCode='09', latitude=0.0, longitude=0.0, confirmed=1102, dead=1, recovered=751, updated='2021-01-17T18:15:05'}
12:03:51.815 [main] INFO  stringConverter - adding element: Country{location='Northern Mariana Islands ', countryCode='mp', latitude=15.0979, longitude=145.6739, confirmed=122, dead=2, recovered=32, updated='2021-01-17T18:15:05'}
12:03:51.815 [main] INFO  stringConverter - adding element: Country{location='Iraq', countryCode='iq', latitude=33.223191, longitude=43.679291, confirmed=949050, dead=14836, recovered=831519, updated='2021-04-15T10:15:12'}
12:03:51.815 [main] INFO  stringConverter - adding element: Country{location='Zimbabwe', countryCode='zw', latitude=-19.015438, longitude=29.154857, confirmed=37369, dead=1548, recovered=34946, updated='2021-04-15T10:00:07'}
12:03:51.816 [main] INFO  stringConverter - adding element: Country{location='Kosovo', countryCode='xk', latitude=42.6026359, longitude=20.902977, confirmed=55498, dead=1405, recovered=48990, updated='2021-01-17T18:15:05'}
12:03:51.818 [main] INFO  stringConverter - adding element: Country{location='Nicaragua', countryCode='ni', latitude=12.865416, longitude=-85.207229, confirmed=6778, dead=180, recovered=4225, updated='2021-04-15T10:00:07'}
12:03:51.820 [main] INFO  stringConverter - adding element: Country{location='Burkina Faso', countryCode='bf', latitude=12.238333, longitude=-1.561593, confirmed=13050, dead=154, recovered=12689, updated='2021-04-15T10:00:07'}
12:03:51.821 [main] INFO  stringConverter - adding element: Country{location='Eritrea', countryCode='er', latitude=15.179384, longitude=39.782334, confirmed=3479, dead=10, recovered=3273, updated='2021-04-15T10:00:07'}
12:03:51.823 [main] INFO  stringConverter - adding element: Country{location='MS Zaandam', countryCode='03', latitude=0.0, longitude=0.0, confirmed=9, dead=2, recovered=7, updated='2021-04-15T10:00:07'}
12:03:51.824 [main] INFO  stringConverter - adding element: Country{location='Abkhazia', countryCode='06', latitude=43.0015544, longitude=41.023407, confirmed=7504, dead=100, recovered=5545, updated='2021-01-17T18:15:05'}
12:03:51.825 [main] INFO  stringConverter - adding element: Country{location='Guam', countryCode='gu', latitude=13.444304, longitude=144.793731, confirmed=7257, dead=121, recovered=6707, updated='2021-01-17T18:15:05'}
12:03:51.825 [main] INFO  stringConverter - adding element: Country{location='Pakistan', countryCode='pk', latitude=30.375321, longitude=69.34511599999999, confirmed=739818, dead=15872, recovered=646652, updated='2021-04-15T10:00:07'}
12:03:51.825 [main] INFO  stringConverter - adding element: Country{location='Norway', countryCode='no', latitude=60.47202399999999, longitude=8.468945999999999, confirmed=105607, dead=706, recovered=88952, updated='2021-04-15T10:00:07'}
12:04:09.313 [main] INFO  stringConverter - starting to convert elements
12:04:09.323 [main] INFO  stringConverter - starting to convert elements
12:04:09.425 [main] INFO  stringConverter - adding element: Country{location='Iran', countryCode='ir', latitude=32.427908, longitude=53.688046, confirmed=2168872, dead=65680, recovered=1749041, updated='2021-04-15T14:15:07'}
12:04:09.429 [main] INFO  stringConverter - starting to convert elements
12:04:09.430 [main] INFO  stringConverter - adding element: Country{location='Iran', countryCode='ir', latitude=32.427908, longitude=53.688046, confirmed=2168872, dead=65680, recovered=1749041, updated='2021-04-15T14:15:07'}
12:04:09.437 [main] ERROR stringConverter - could not convert element at position 1
java.lang.NullPointerException: null
	at StringConverter.convert(StringConverter.java:50)
	at StringConverterTest.testConvertWithWrongInput(StringConverterTest.java:69)
	at java.base/jdk.internal.reflect.NativeMethodAccessorImpl.invoke0(Native Method)
	at java.base/jdk.internal.reflect.NativeMethodAccessorImpl.invoke(NativeMethodAccessorImpl.java:62)
	at java.base/jdk.internal.reflect.DelegatingMethodAccessorImpl.invoke(DelegatingMethodAccessorImpl.java:43)
	at java.base/java.lang.reflect.Method.invoke(Method.java:566)
	at org.junit.platform.commons.util.ReflectionUtils.invokeMethod(ReflectionUtils.java:436)
	at org.junit.jupiter.engine.execution.ExecutableInvoker.invoke(ExecutableInvoker.java:115)
	at org.junit.jupiter.engine.descriptor.TestMethodTestDescriptor.lambda$invokeTestMethod$6(TestMethodTestDescriptor.java:170)
	at org.junit.jupiter.engine.execution.ThrowableCollector.execute(ThrowableCollector.java:40)
	at org.junit.jupiter.engine.descriptor.TestMethodTestDescriptor.invokeTestMethod(TestMethodTestDescriptor.java:166)
	at org.junit.jupiter.engine.descriptor.TestMethodTestDescriptor.execute(TestMethodTestDescriptor.java:113)
	at org.junit.jupiter.engine.descriptor.TestMethodTestDescriptor.execute(TestMethodTestDescriptor.java:58)
	at org.junit.platform.engine.support.hierarchical.HierarchicalTestExecutor$NodeExecutor.lambda$executeRecursively$3(HierarchicalTestExecutor.java:112)
	at org.junit.platform.engine.support.hierarchical.SingleTestExecutor.executeSafely(SingleTestExecutor.java:66)
	at org.junit.platform.engine.support.hierarchical.HierarchicalTestExecutor$NodeExecutor.executeRecursively(HierarchicalTestExecutor.java:108)
	at org.junit.platform.engine.support.hierarchical.HierarchicalTestExecutor$NodeExecutor.execute(HierarchicalTestExecutor.java:79)
	at org.junit.platform.engine.support.hierarchical.HierarchicalTestExecutor$NodeExecutor.lambda$executeRecursively$2(HierarchicalTestExecutor.java:120)
	at java.base/java.util.stream.ForEachOps$ForEachOp$OfRef.accept(ForEachOps.java:183)
	at java.base/java.util.stream.ReferencePipeline$2$1.accept(ReferencePipeline.java:177)
	at java.base/java.util.Iterator.forEachRemaining(Iterator.java:133)
	at java.base/java.util.Spliterators$IteratorSpliterator.forEachRemaining(Spliterators.java:1801)
	at java.base/java.util.stream.AbstractPipeline.copyInto(AbstractPipeline.java:484)
	at java.base/java.util.stream.AbstractPipeline.wrapAndCopyInto(AbstractPipeline.java:474)
	at java.base/java.util.stream.ForEachOps$ForEachOp.evaluateSequential(ForEachOps.java:150)
	at java.base/java.util.stream.ForEachOps$ForEachOp$OfRef.evaluateSequential(ForEachOps.java:173)
	at java.base/java.util.stream.AbstractPipeline.evaluate(AbstractPipeline.java:234)
	at java.base/java.util.stream.ReferencePipeline.forEach(ReferencePipeline.java:497)
	at org.junit.platform.engine.support.hierarchical.HierarchicalTestExecutor$NodeExecutor.lambda$executeRecursively$3(HierarchicalTestExecutor.java:120)
	at org.junit.platform.engine.support.hierarchical.SingleTestExecutor.executeSafely(SingleTestExecutor.java:66)
	at org.junit.platform.engine.support.hierarchical.HierarchicalTestExecutor$NodeExecutor.executeRecursively(HierarchicalTestExecutor.java:108)
	at org.junit.platform.engine.support.hierarchical.HierarchicalTestExecutor$NodeExecutor.execute(HierarchicalTestExecutor.java:79)
	at org.junit.platform.engine.support.hierarchical.HierarchicalTestExecutor$NodeExecutor.lambda$executeRecursively$2(HierarchicalTestExecutor.java:120)
	at java.base/java.util.stream.ForEachOps$ForEachOp$OfRef.accept(ForEachOps.java:183)
	at java.base/java.util.stream.ReferencePipeline$2$1.accept(ReferencePipeline.java:177)
	at java.base/java.util.Iterator.forEachRemaining(Iterator.java:133)
	at java.base/java.util.Spliterators$IteratorSpliterator.forEachRemaining(Spliterators.java:1801)
	at java.base/java.util.stream.AbstractPipeline.copyInto(AbstractPipeline.java:484)
	at java.base/java.util.stream.AbstractPipeline.wrapAndCopyInto(AbstractPipeline.java:474)
	at java.base/java.util.stream.ForEachOps$ForEachOp.evaluateSequential(ForEachOps.java:150)
	at java.base/java.util.stream.ForEachOps$ForEachOp$OfRef.evaluateSequential(ForEachOps.java:173)
	at java.base/java.util.stream.AbstractPipeline.evaluate(AbstractPipeline.java:234)
	at java.base/java.util.stream.ReferencePipeline.forEach(ReferencePipeline.java:497)
	at org.junit.platform.engine.support.hierarchical.HierarchicalTestExecutor$NodeExecutor.lambda$executeRecursively$3(HierarchicalTestExecutor.java:120)
	at org.junit.platform.engine.support.hierarchical.SingleTestExecutor.executeSafely(SingleTestExecutor.java:66)
	at org.junit.platform.engine.support.hierarchical.HierarchicalTestExecutor$NodeExecutor.executeRecursively(HierarchicalTestExecutor.java:108)
	at org.junit.platform.engine.support.hierarchical.HierarchicalTestExecutor$NodeExecutor.execute(HierarchicalTestExecutor.java:79)
	at org.junit.platform.engine.support.hierarchical.HierarchicalTestExecutor.execute(HierarchicalTestExecutor.java:55)
	at org.junit.platform.engine.support.hierarchical.HierarchicalTestEngine.execute(HierarchicalTestEngine.java:43)
	at org.junit.platform.launcher.core.DefaultLauncher.execute(DefaultLauncher.java:170)
	at org.junit.platform.launcher.core.DefaultLauncher.execute(DefaultLauncher.java:154)
	at org.junit.platform.launcher.core.DefaultLauncher.execute(DefaultLauncher.java:90)
	at com.intellij.junit5.JUnit5IdeaTestRunner.startRunnerWithArgs(JUnit5IdeaTestRunner.java:71)
	at com.intellij.rt.junit.IdeaTestRunner$Repeater.startRunnerWithArgs(IdeaTestRunner.java:33)
	at com.intellij.rt.junit.JUnitStarter.prepareStreamsAndStart(JUnitStarter.java:221)
	at com.intellij.rt.junit.JUnitStarter.main(JUnitStarter.java:54)
12:04:09.440 [main] INFO  stringConverter - adding element: Country{location='Russia', countryCode='ru', latitude=61.52401, longitude=105.318756, confirmed=4675153, dead=104398, recovered=4301448, updated='2021-04-15T14:15:07'}
12:06:10.061 [main] INFO  stringConverter - starting to convert elements
12:06:10.067 [main] INFO  stringConverter - starting to convert elements
12:06:10.189 [main] INFO  stringConverter - adding element: Country{location='Iran', countryCode='ir', latitude=32.427908, longitude=53.688046, confirmed=2168872, dead=65680, recovered=1749041, updated='2021-04-15T14:15:07'}
12:06:10.211 [main] INFO  stringConverter - starting to convert elements
12:06:10.213 [main] INFO  stringConverter - adding element: Country{location='Iran', countryCode='ir', latitude=32.427908, longitude=53.688046, confirmed=2168872, dead=65680, recovered=1749041, updated='2021-04-15T14:15:07'}
12:06:10.223 [main] ERROR stringConverter - could not convert element at position 1
java.lang.NullPointerException: null
	at StringConverter.convert(StringConverter.java:50)
	at StringConverterTest.testConvertWithWrongInput(StringConverterTest.java:69)
	at java.base/jdk.internal.reflect.NativeMethodAccessorImpl.invoke0(Native Method)
	at java.base/jdk.internal.reflect.NativeMethodAccessorImpl.invoke(NativeMethodAccessorImpl.java:62)
	at java.base/jdk.internal.reflect.DelegatingMethodAccessorImpl.invoke(DelegatingMethodAccessorImpl.java:43)
	at java.base/java.lang.reflect.Method.invoke(Method.java:566)
	at org.junit.platform.commons.util.ReflectionUtils.invokeMethod(ReflectionUtils.java:436)
	at org.junit.jupiter.engine.execution.ExecutableInvoker.invoke(ExecutableInvoker.java:115)
	at org.junit.jupiter.engine.descriptor.TestMethodTestDescriptor.lambda$invokeTestMethod$6(TestMethodTestDescriptor.java:170)
	at org.junit.jupiter.engine.execution.ThrowableCollector.execute(ThrowableCollector.java:40)
	at org.junit.jupiter.engine.descriptor.TestMethodTestDescriptor.invokeTestMethod(TestMethodTestDescriptor.java:166)
	at org.junit.jupiter.engine.descriptor.TestMethodTestDescriptor.execute(TestMethodTestDescriptor.java:113)
	at org.junit.jupiter.engine.descriptor.TestMethodTestDescriptor.execute(TestMethodTestDescriptor.java:58)
	at org.junit.platform.engine.support.hierarchical.HierarchicalTestExecutor$NodeExecutor.lambda$executeRecursively$3(HierarchicalTestExecutor.java:112)
	at org.junit.platform.engine.support.hierarchical.SingleTestExecutor.executeSafely(SingleTestExecutor.java:66)
	at org.junit.platform.engine.support.hierarchical.HierarchicalTestExecutor$NodeExecutor.executeRecursively(HierarchicalTestExecutor.java:108)
	at org.junit.platform.engine.support.hierarchical.HierarchicalTestExecutor$NodeExecutor.execute(HierarchicalTestExecutor.java:79)
	at org.junit.platform.engine.support.hierarchical.HierarchicalTestExecutor$NodeExecutor.lambda$executeRecursively$2(HierarchicalTestExecutor.java:120)
	at java.base/java.util.stream.ForEachOps$ForEachOp$OfRef.accept(ForEachOps.java:183)
	at java.base/java.util.stream.ReferencePipeline$2$1.accept(ReferencePipeline.java:177)
	at java.base/java.util.Iterator.forEachRemaining(Iterator.java:133)
	at java.base/java.util.Spliterators$IteratorSpliterator.forEachRemaining(Spliterators.java:1801)
	at java.base/java.util.stream.AbstractPipeline.copyInto(AbstractPipeline.java:484)
	at java.base/java.util.stream.AbstractPipeline.wrapAndCopyInto(AbstractPipeline.java:474)
	at java.base/java.util.stream.ForEachOps$ForEachOp.evaluateSequential(ForEachOps.java:150)
	at java.base/java.util.stream.ForEachOps$ForEachOp$OfRef.evaluateSequential(ForEachOps.java:173)
	at java.base/java.util.stream.AbstractPipeline.evaluate(AbstractPipeline.java:234)
	at java.base/java.util.stream.ReferencePipeline.forEach(ReferencePipeline.java:497)
	at org.junit.platform.engine.support.hierarchical.HierarchicalTestExecutor$NodeExecutor.lambda$executeRecursively$3(HierarchicalTestExecutor.java:120)
	at org.junit.platform.engine.support.hierarchical.SingleTestExecutor.executeSafely(SingleTestExecutor.java:66)
	at org.junit.platform.engine.support.hierarchical.HierarchicalTestExecutor$NodeExecutor.executeRecursively(HierarchicalTestExecutor.java:108)
	at org.junit.platform.engine.support.hierarchical.HierarchicalTestExecutor$NodeExecutor.execute(HierarchicalTestExecutor.java:79)
	at org.junit.platform.engine.support.hierarchical.HierarchicalTestExecutor$NodeExecutor.lambda$executeRecursively$2(HierarchicalTestExecutor.java:120)
	at java.base/java.util.stream.ForEachOps$ForEachOp$OfRef.accept(ForEachOps.java:183)
	at java.base/java.util.stream.ReferencePipeline$2$1.accept(ReferencePipeline.java:177)
	at java.base/java.util.Iterator.forEachRemaining(Iterator.java:133)
	at java.base/java.util.Spliterators$IteratorSpliterator.forEachRemaining(Spliterators.java:1801)
	at java.base/java.util.stream.AbstractPipeline.copyInto(AbstractPipeline.java:484)
	at java.base/java.util.stream.AbstractPipeline.wrapAndCopyInto(AbstractPipeline.java:474)
	at java.base/java.util.stream.ForEachOps$ForEachOp.evaluateSequential(ForEachOps.java:150)
	at java.base/java.util.stream.ForEachOps$ForEachOp$OfRef.evaluateSequential(ForEachOps.java:173)
	at java.base/java.util.stream.AbstractPipeline.evaluate(AbstractPipeline.java:234)
	at java.base/java.util.stream.ReferencePipeline.forEach(ReferencePipeline.java:497)
	at org.junit.platform.engine.support.hierarchical.HierarchicalTestExecutor$NodeExecutor.lambda$executeRecursively$3(HierarchicalTestExecutor.java:120)
	at org.junit.platform.engine.support.hierarchical.SingleTestExecutor.executeSafely(SingleTestExecutor.java:66)
	at org.junit.platform.engine.support.hierarchical.HierarchicalTestExecutor$NodeExecutor.executeRecursively(HierarchicalTestExecutor.java:108)
	at org.junit.platform.engine.support.hierarchical.HierarchicalTestExecutor$NodeExecutor.execute(HierarchicalTestExecutor.java:79)
	at org.junit.platform.engine.support.hierarchical.HierarchicalTestExecutor.execute(HierarchicalTestExecutor.java:55)
	at org.junit.platform.engine.support.hierarchical.HierarchicalTestEngine.execute(HierarchicalTestEngine.java:43)
	at org.junit.platform.launcher.core.DefaultLauncher.execute(DefaultLauncher.java:170)
	at org.junit.platform.launcher.core.DefaultLauncher.execute(DefaultLauncher.java:154)
	at org.junit.platform.launcher.core.DefaultLauncher.execute(DefaultLauncher.java:90)
	at com.intellij.junit5.JUnit5IdeaTestRunner.startRunnerWithArgs(JUnit5IdeaTestRunner.java:71)
	at com.intellij.rt.junit.IdeaTestRunner$Repeater.startRunnerWithArgs(IdeaTestRunner.java:33)
	at com.intellij.rt.junit.JUnitStarter.prepareStreamsAndStart(JUnitStarter.java:221)
	at com.intellij.rt.junit.JUnitStarter.main(JUnitStarter.java:54)
12:06:10.225 [main] INFO  stringConverter - adding element: Country{location='Russia', countryCode='ru', latitude=61.52401, longitude=105.318756, confirmed=4675153, dead=104398, recovered=4301448, updated='2021-04-15T14:15:07'}
12:07:01.233 [main] ERROR stringConverter - could not convert element at position 1
java.lang.NullPointerException: null
	at StringConverter.convert(StringConverter.java:50)
	at StringConverterTest.testConvertWithWrongInput(StringConverterTest.java:69)
	at java.base/jdk.internal.reflect.NativeMethodAccessorImpl.invoke0(Native Method)
	at java.base/jdk.internal.reflect.NativeMethodAccessorImpl.invoke(NativeMethodAccessorImpl.java:62)
	at java.base/jdk.internal.reflect.DelegatingMethodAccessorImpl.invoke(DelegatingMethodAccessorImpl.java:43)
	at java.base/java.lang.reflect.Method.invoke(Method.java:566)
	at org.junit.platform.commons.util.ReflectionUtils.invokeMethod(ReflectionUtils.java:436)
	at org.junit.jupiter.engine.execution.ExecutableInvoker.invoke(ExecutableInvoker.java:115)
	at org.junit.jupiter.engine.descriptor.TestMethodTestDescriptor.lambda$invokeTestMethod$6(TestMethodTestDescriptor.java:170)
	at org.junit.jupiter.engine.execution.ThrowableCollector.execute(ThrowableCollector.java:40)
	at org.junit.jupiter.engine.descriptor.TestMethodTestDescriptor.invokeTestMethod(TestMethodTestDescriptor.java:166)
	at org.junit.jupiter.engine.descriptor.TestMethodTestDescriptor.execute(TestMethodTestDescriptor.java:113)
	at org.junit.jupiter.engine.descriptor.TestMethodTestDescriptor.execute(TestMethodTestDescriptor.java:58)
	at org.junit.platform.engine.support.hierarchical.HierarchicalTestExecutor$NodeExecutor.lambda$executeRecursively$3(HierarchicalTestExecutor.java:112)
	at org.junit.platform.engine.support.hierarchical.SingleTestExecutor.executeSafely(SingleTestExecutor.java:66)
	at org.junit.platform.engine.support.hierarchical.HierarchicalTestExecutor$NodeExecutor.executeRecursively(HierarchicalTestExecutor.java:108)
	at org.junit.platform.engine.support.hierarchical.HierarchicalTestExecutor$NodeExecutor.execute(HierarchicalTestExecutor.java:79)
	at org.junit.platform.engine.support.hierarchical.HierarchicalTestExecutor$NodeExecutor.lambda$executeRecursively$2(HierarchicalTestExecutor.java:120)
	at java.base/java.util.stream.ForEachOps$ForEachOp$OfRef.accept(ForEachOps.java:183)
	at java.base/java.util.stream.ReferencePipeline$2$1.accept(ReferencePipeline.java:177)
	at java.base/java.util.Iterator.forEachRemaining(Iterator.java:133)
	at java.base/java.util.Spliterators$IteratorSpliterator.forEachRemaining(Spliterators.java:1801)
	at java.base/java.util.stream.AbstractPipeline.copyInto(AbstractPipeline.java:484)
	at java.base/java.util.stream.AbstractPipeline.wrapAndCopyInto(AbstractPipeline.java:474)
	at java.base/java.util.stream.ForEachOps$ForEachOp.evaluateSequential(ForEachOps.java:150)
	at java.base/java.util.stream.ForEachOps$ForEachOp$OfRef.evaluateSequential(ForEachOps.java:173)
	at java.base/java.util.stream.AbstractPipeline.evaluate(AbstractPipeline.java:234)
	at java.base/java.util.stream.ReferencePipeline.forEach(ReferencePipeline.java:497)
	at org.junit.platform.engine.support.hierarchical.HierarchicalTestExecutor$NodeExecutor.lambda$executeRecursively$3(HierarchicalTestExecutor.java:120)
	at org.junit.platform.engine.support.hierarchical.SingleTestExecutor.executeSafely(SingleTestExecutor.java:66)
	at org.junit.platform.engine.support.hierarchical.HierarchicalTestExecutor$NodeExecutor.executeRecursively(HierarchicalTestExecutor.java:108)
	at org.junit.platform.engine.support.hierarchical.HierarchicalTestExecutor$NodeExecutor.execute(HierarchicalTestExecutor.java:79)
	at org.junit.platform.engine.support.hierarchical.HierarchicalTestExecutor$NodeExecutor.lambda$executeRecursively$2(HierarchicalTestExecutor.java:120)
	at java.base/java.util.stream.ForEachOps$ForEachOp$OfRef.accept(ForEachOps.java:183)
	at java.base/java.util.stream.ReferencePipeline$2$1.accept(ReferencePipeline.java:177)
	at java.base/java.util.Iterator.forEachRemaining(Iterator.java:133)
	at java.base/java.util.Spliterators$IteratorSpliterator.forEachRemaining(Spliterators.java:1801)
	at java.base/java.util.stream.AbstractPipeline.copyInto(AbstractPipeline.java:484)
	at java.base/java.util.stream.AbstractPipeline.wrapAndCopyInto(AbstractPipeline.java:474)
	at java.base/java.util.stream.ForEachOps$ForEachOp.evaluateSequential(ForEachOps.java:150)
	at java.base/java.util.stream.ForEachOps$ForEachOp$OfRef.evaluateSequential(ForEachOps.java:173)
	at java.base/java.util.stream.AbstractPipeline.evaluate(AbstractPipeline.java:234)
	at java.base/java.util.stream.ReferencePipeline.forEach(ReferencePipeline.java:497)
	at org.junit.platform.engine.support.hierarchical.HierarchicalTestExecutor$NodeExecutor.lambda$executeRecursively$3(HierarchicalTestExecutor.java:120)
	at org.junit.platform.engine.support.hierarchical.SingleTestExecutor.executeSafely(SingleTestExecutor.java:66)
	at org.junit.platform.engine.support.hierarchical.HierarchicalTestExecutor$NodeExecutor.executeRecursively(HierarchicalTestExecutor.java:108)
	at org.junit.platform.engine.support.hierarchical.HierarchicalTestExecutor$NodeExecutor.execute(HierarchicalTestExecutor.java:79)
	at org.junit.platform.engine.support.hierarchical.HierarchicalTestExecutor.execute(HierarchicalTestExecutor.java:55)
	at org.junit.platform.engine.support.hierarchical.HierarchicalTestEngine.execute(HierarchicalTestEngine.java:43)
	at org.junit.platform.launcher.core.DefaultLauncher.execute(DefaultLauncher.java:170)
	at org.junit.platform.launcher.core.DefaultLauncher.execute(DefaultLauncher.java:154)
	at org.junit.platform.launcher.core.DefaultLauncher.execute(DefaultLauncher.java:90)
	at com.intellij.junit5.JUnit5IdeaTestRunner.startRunnerWithArgs(JUnit5IdeaTestRunner.java:71)
	at com.intellij.rt.junit.IdeaTestRunner$Repeater.startRunnerWithArgs(IdeaTestRunner.java:33)
	at com.intellij.rt.junit.JUnitStarter.prepareStreamsAndStart(JUnitStarter.java:221)
	at com.intellij.rt.junit.JUnitStarter.main(JUnitStarter.java:54)
12:07:33.907 [main] ERROR stringConverter - could not convert element at position 1
java.lang.NullPointerException: null
	at StringConverter.convert(StringConverter.java:50)
	at StringConverterTest.testConvertWithWrongInput(StringConverterTest.java:69)
	at java.base/jdk.internal.reflect.NativeMethodAccessorImpl.invoke0(Native Method)
	at java.base/jdk.internal.reflect.NativeMethodAccessorImpl.invoke(NativeMethodAccessorImpl.java:62)
	at java.base/jdk.internal.reflect.DelegatingMethodAccessorImpl.invoke(DelegatingMethodAccessorImpl.java:43)
	at java.base/java.lang.reflect.Method.invoke(Method.java:566)
	at org.junit.platform.commons.util.ReflectionUtils.invokeMethod(ReflectionUtils.java:436)
	at org.junit.jupiter.engine.execution.ExecutableInvoker.invoke(ExecutableInvoker.java:115)
	at org.junit.jupiter.engine.descriptor.TestMethodTestDescriptor.lambda$invokeTestMethod$6(TestMethodTestDescriptor.java:170)
	at org.junit.jupiter.engine.execution.ThrowableCollector.execute(ThrowableCollector.java:40)
	at org.junit.jupiter.engine.descriptor.TestMethodTestDescriptor.invokeTestMethod(TestMethodTestDescriptor.java:166)
	at org.junit.jupiter.engine.descriptor.TestMethodTestDescriptor.execute(TestMethodTestDescriptor.java:113)
	at org.junit.jupiter.engine.descriptor.TestMethodTestDescriptor.execute(TestMethodTestDescriptor.java:58)
	at org.junit.platform.engine.support.hierarchical.HierarchicalTestExecutor$NodeExecutor.lambda$executeRecursively$3(HierarchicalTestExecutor.java:112)
	at org.junit.platform.engine.support.hierarchical.SingleTestExecutor.executeSafely(SingleTestExecutor.java:66)
	at org.junit.platform.engine.support.hierarchical.HierarchicalTestExecutor$NodeExecutor.executeRecursively(HierarchicalTestExecutor.java:108)
	at org.junit.platform.engine.support.hierarchical.HierarchicalTestExecutor$NodeExecutor.execute(HierarchicalTestExecutor.java:79)
	at org.junit.platform.engine.support.hierarchical.HierarchicalTestExecutor$NodeExecutor.lambda$executeRecursively$2(HierarchicalTestExecutor.java:120)
	at java.base/java.util.stream.ForEachOps$ForEachOp$OfRef.accept(ForEachOps.java:183)
	at java.base/java.util.stream.ReferencePipeline$2$1.accept(ReferencePipeline.java:177)
	at java.base/java.util.Iterator.forEachRemaining(Iterator.java:133)
	at java.base/java.util.Spliterators$IteratorSpliterator.forEachRemaining(Spliterators.java:1801)
	at java.base/java.util.stream.AbstractPipeline.copyInto(AbstractPipeline.java:484)
	at java.base/java.util.stream.AbstractPipeline.wrapAndCopyInto(AbstractPipeline.java:474)
	at java.base/java.util.stream.ForEachOps$ForEachOp.evaluateSequential(ForEachOps.java:150)
	at java.base/java.util.stream.ForEachOps$ForEachOp$OfRef.evaluateSequential(ForEachOps.java:173)
	at java.base/java.util.stream.AbstractPipeline.evaluate(AbstractPipeline.java:234)
	at java.base/java.util.stream.ReferencePipeline.forEach(ReferencePipeline.java:497)
	at org.junit.platform.engine.support.hierarchical.HierarchicalTestExecutor$NodeExecutor.lambda$executeRecursively$3(HierarchicalTestExecutor.java:120)
	at org.junit.platform.engine.support.hierarchical.SingleTestExecutor.executeSafely(SingleTestExecutor.java:66)
	at org.junit.platform.engine.support.hierarchical.HierarchicalTestExecutor$NodeExecutor.executeRecursively(HierarchicalTestExecutor.java:108)
	at org.junit.platform.engine.support.hierarchical.HierarchicalTestExecutor$NodeExecutor.execute(HierarchicalTestExecutor.java:79)
	at org.junit.platform.engine.support.hierarchical.HierarchicalTestExecutor$NodeExecutor.lambda$executeRecursively$2(HierarchicalTestExecutor.java:120)
	at java.base/java.util.stream.ForEachOps$ForEachOp$OfRef.accept(ForEachOps.java:183)
	at java.base/java.util.stream.ReferencePipeline$2$1.accept(ReferencePipeline.java:177)
	at java.base/java.util.Iterator.forEachRemaining(Iterator.java:133)
	at java.base/java.util.Spliterators$IteratorSpliterator.forEachRemaining(Spliterators.java:1801)
	at java.base/java.util.stream.AbstractPipeline.copyInto(AbstractPipeline.java:484)
	at java.base/java.util.stream.AbstractPipeline.wrapAndCopyInto(AbstractPipeline.java:474)
	at java.base/java.util.stream.ForEachOps$ForEachOp.evaluateSequential(ForEachOps.java:150)
	at java.base/java.util.stream.ForEachOps$ForEachOp$OfRef.evaluateSequential(ForEachOps.java:173)
	at java.base/java.util.stream.AbstractPipeline.evaluate(AbstractPipeline.java:234)
	at java.base/java.util.stream.ReferencePipeline.forEach(ReferencePipeline.java:497)
	at org.junit.platform.engine.support.hierarchical.HierarchicalTestExecutor$NodeExecutor.lambda$executeRecursively$3(HierarchicalTestExecutor.java:120)
	at org.junit.platform.engine.support.hierarchical.SingleTestExecutor.executeSafely(SingleTestExecutor.java:66)
	at org.junit.platform.engine.support.hierarchical.HierarchicalTestExecutor$NodeExecutor.executeRecursively(HierarchicalTestExecutor.java:108)
	at org.junit.platform.engine.support.hierarchical.HierarchicalTestExecutor$NodeExecutor.execute(HierarchicalTestExecutor.java:79)
	at org.junit.platform.engine.support.hierarchical.HierarchicalTestExecutor.execute(HierarchicalTestExecutor.java:55)
	at org.junit.platform.engine.support.hierarchical.HierarchicalTestEngine.execute(HierarchicalTestEngine.java:43)
	at org.junit.platform.launcher.core.DefaultLauncher.execute(DefaultLauncher.java:170)
	at org.junit.platform.launcher.core.DefaultLauncher.execute(DefaultLauncher.java:154)
	at org.junit.platform.launcher.core.DefaultLauncher.execute(DefaultLauncher.java:90)
	at com.intellij.junit5.JUnit5IdeaTestRunner.startRunnerWithArgs(JUnit5IdeaTestRunner.java:71)
	at com.intellij.rt.junit.IdeaTestRunner$Repeater.startRunnerWithArgs(IdeaTestRunner.java:33)
	at com.intellij.rt.junit.JUnitStarter.prepareStreamsAndStart(JUnitStarter.java:221)
	at com.intellij.rt.junit.JUnitStarter.main(JUnitStarter.java:54)
12:08:12.865 [main] ERROR stringConverter - could not convert element at position 1
java.lang.NullPointerException: null
	at StringConverter.convert(StringConverter.java:50)
	at StringConverterTest.testConvertWithWrongInput(StringConverterTest.java:69)
	at java.base/jdk.internal.reflect.NativeMethodAccessorImpl.invoke0(Native Method)
	at java.base/jdk.internal.reflect.NativeMethodAccessorImpl.invoke(NativeMethodAccessorImpl.java:62)
	at java.base/jdk.internal.reflect.DelegatingMethodAccessorImpl.invoke(DelegatingMethodAccessorImpl.java:43)
	at java.base/java.lang.reflect.Method.invoke(Method.java:566)
	at org.junit.platform.commons.util.ReflectionUtils.invokeMethod(ReflectionUtils.java:436)
	at org.junit.jupiter.engine.execution.ExecutableInvoker.invoke(ExecutableInvoker.java:115)
	at org.junit.jupiter.engine.descriptor.TestMethodTestDescriptor.lambda$invokeTestMethod$6(TestMethodTestDescriptor.java:170)
	at org.junit.jupiter.engine.execution.ThrowableCollector.execute(ThrowableCollector.java:40)
	at org.junit.jupiter.engine.descriptor.TestMethodTestDescriptor.invokeTestMethod(TestMethodTestDescriptor.java:166)
	at org.junit.jupiter.engine.descriptor.TestMethodTestDescriptor.execute(TestMethodTestDescriptor.java:113)
	at org.junit.jupiter.engine.descriptor.TestMethodTestDescriptor.execute(TestMethodTestDescriptor.java:58)
	at org.junit.platform.engine.support.hierarchical.HierarchicalTestExecutor$NodeExecutor.lambda$executeRecursively$3(HierarchicalTestExecutor.java:112)
	at org.junit.platform.engine.support.hierarchical.SingleTestExecutor.executeSafely(SingleTestExecutor.java:66)
	at org.junit.platform.engine.support.hierarchical.HierarchicalTestExecutor$NodeExecutor.executeRecursively(HierarchicalTestExecutor.java:108)
	at org.junit.platform.engine.support.hierarchical.HierarchicalTestExecutor$NodeExecutor.execute(HierarchicalTestExecutor.java:79)
	at org.junit.platform.engine.support.hierarchical.HierarchicalTestExecutor$NodeExecutor.lambda$executeRecursively$2(HierarchicalTestExecutor.java:120)
	at java.base/java.util.stream.ForEachOps$ForEachOp$OfRef.accept(ForEachOps.java:183)
	at java.base/java.util.stream.ReferencePipeline$2$1.accept(ReferencePipeline.java:177)
	at java.base/java.util.Iterator.forEachRemaining(Iterator.java:133)
	at java.base/java.util.Spliterators$IteratorSpliterator.forEachRemaining(Spliterators.java:1801)
	at java.base/java.util.stream.AbstractPipeline.copyInto(AbstractPipeline.java:484)
	at java.base/java.util.stream.AbstractPipeline.wrapAndCopyInto(AbstractPipeline.java:474)
	at java.base/java.util.stream.ForEachOps$ForEachOp.evaluateSequential(ForEachOps.java:150)
	at java.base/java.util.stream.ForEachOps$ForEachOp$OfRef.evaluateSequential(ForEachOps.java:173)
	at java.base/java.util.stream.AbstractPipeline.evaluate(AbstractPipeline.java:234)
	at java.base/java.util.stream.ReferencePipeline.forEach(ReferencePipeline.java:497)
	at org.junit.platform.engine.support.hierarchical.HierarchicalTestExecutor$NodeExecutor.lambda$executeRecursively$3(HierarchicalTestExecutor.java:120)
	at org.junit.platform.engine.support.hierarchical.SingleTestExecutor.executeSafely(SingleTestExecutor.java:66)
	at org.junit.platform.engine.support.hierarchical.HierarchicalTestExecutor$NodeExecutor.executeRecursively(HierarchicalTestExecutor.java:108)
	at org.junit.platform.engine.support.hierarchical.HierarchicalTestExecutor$NodeExecutor.execute(HierarchicalTestExecutor.java:79)
	at org.junit.platform.engine.support.hierarchical.HierarchicalTestExecutor$NodeExecutor.lambda$executeRecursively$2(HierarchicalTestExecutor.java:120)
	at java.base/java.util.stream.ForEachOps$ForEachOp$OfRef.accept(ForEachOps.java:183)
	at java.base/java.util.stream.ReferencePipeline$2$1.accept(ReferencePipeline.java:177)
	at java.base/java.util.Iterator.forEachRemaining(Iterator.java:133)
	at java.base/java.util.Spliterators$IteratorSpliterator.forEachRemaining(Spliterators.java:1801)
	at java.base/java.util.stream.AbstractPipeline.copyInto(AbstractPipeline.java:484)
	at java.base/java.util.stream.AbstractPipeline.wrapAndCopyInto(AbstractPipeline.java:474)
	at java.base/java.util.stream.ForEachOps$ForEachOp.evaluateSequential(ForEachOps.java:150)
	at java.base/java.util.stream.ForEachOps$ForEachOp$OfRef.evaluateSequential(ForEachOps.java:173)
	at java.base/java.util.stream.AbstractPipeline.evaluate(AbstractPipeline.java:234)
	at java.base/java.util.stream.ReferencePipeline.forEach(ReferencePipeline.java:497)
	at org.junit.platform.engine.support.hierarchical.HierarchicalTestExecutor$NodeExecutor.lambda$executeRecursively$3(HierarchicalTestExecutor.java:120)
	at org.junit.platform.engine.support.hierarchical.SingleTestExecutor.executeSafely(SingleTestExecutor.java:66)
	at org.junit.platform.engine.support.hierarchical.HierarchicalTestExecutor$NodeExecutor.executeRecursively(HierarchicalTestExecutor.java:108)
	at org.junit.platform.engine.support.hierarchical.HierarchicalTestExecutor$NodeExecutor.execute(HierarchicalTestExecutor.java:79)
	at org.junit.platform.engine.support.hierarchical.HierarchicalTestExecutor.execute(HierarchicalTestExecutor.java:55)
	at org.junit.platform.engine.support.hierarchical.HierarchicalTestEngine.execute(HierarchicalTestEngine.java:43)
	at org.junit.platform.launcher.core.DefaultLauncher.execute(DefaultLauncher.java:170)
	at org.junit.platform.launcher.core.DefaultLauncher.execute(DefaultLauncher.java:154)
	at org.junit.platform.launcher.core.DefaultLauncher.execute(DefaultLauncher.java:90)
	at com.intellij.junit5.JUnit5IdeaTestRunner.startRunnerWithArgs(JUnit5IdeaTestRunner.java:71)
	at com.intellij.rt.junit.IdeaTestRunner$Repeater.startRunnerWithArgs(IdeaTestRunner.java:33)
	at com.intellij.rt.junit.JUnitStarter.prepareStreamsAndStart(JUnitStarter.java:221)
	at com.intellij.rt.junit.JUnitStarter.main(JUnitStarter.java:54)
12:08:42.156 [main] INFO  stringConverter - starting to convert elements
12:08:42.162 [main] INFO  stringConverter - starting to convert elements
12:08:42.237 [main] INFO  stringConverter - adding element: Country{location='Iran', countryCode='ir', latitude=32.427908, longitude=53.688046, confirmed=2168872, dead=65680, recovered=1749041, updated='2021-04-15T14:15:07'}
12:08:42.255 [main] INFO  stringConverter - starting to convert elements
12:08:42.255 [main] INFO  stringConverter - adding element: Country{location='Iran', countryCode='ir', latitude=32.427908, longitude=53.688046, confirmed=2168872, dead=65680, recovered=1749041, updated='2021-04-15T14:15:07'}
12:08:42.262 [main] ERROR stringConverter - could not convert element at position 1
java.lang.NullPointerException: null
	at StringConverter.convert(StringConverter.java:50)
	at StringConverterTest.testConvertWithWrongInput(StringConverterTest.java:69)
	at java.base/jdk.internal.reflect.NativeMethodAccessorImpl.invoke0(Native Method)
	at java.base/jdk.internal.reflect.NativeMethodAccessorImpl.invoke(NativeMethodAccessorImpl.java:62)
	at java.base/jdk.internal.reflect.DelegatingMethodAccessorImpl.invoke(DelegatingMethodAccessorImpl.java:43)
	at java.base/java.lang.reflect.Method.invoke(Method.java:566)
	at org.junit.platform.commons.util.ReflectionUtils.invokeMethod(ReflectionUtils.java:436)
	at org.junit.jupiter.engine.execution.ExecutableInvoker.invoke(ExecutableInvoker.java:115)
	at org.junit.jupiter.engine.descriptor.TestMethodTestDescriptor.lambda$invokeTestMethod$6(TestMethodTestDescriptor.java:170)
	at org.junit.jupiter.engine.execution.ThrowableCollector.execute(ThrowableCollector.java:40)
	at org.junit.jupiter.engine.descriptor.TestMethodTestDescriptor.invokeTestMethod(TestMethodTestDescriptor.java:166)
	at org.junit.jupiter.engine.descriptor.TestMethodTestDescriptor.execute(TestMethodTestDescriptor.java:113)
	at org.junit.jupiter.engine.descriptor.TestMethodTestDescriptor.execute(TestMethodTestDescriptor.java:58)
	at org.junit.platform.engine.support.hierarchical.HierarchicalTestExecutor$NodeExecutor.lambda$executeRecursively$3(HierarchicalTestExecutor.java:112)
	at org.junit.platform.engine.support.hierarchical.SingleTestExecutor.executeSafely(SingleTestExecutor.java:66)
	at org.junit.platform.engine.support.hierarchical.HierarchicalTestExecutor$NodeExecutor.executeRecursively(HierarchicalTestExecutor.java:108)
	at org.junit.platform.engine.support.hierarchical.HierarchicalTestExecutor$NodeExecutor.execute(HierarchicalTestExecutor.java:79)
	at org.junit.platform.engine.support.hierarchical.HierarchicalTestExecutor$NodeExecutor.lambda$executeRecursively$2(HierarchicalTestExecutor.java:120)
	at java.base/java.util.stream.ForEachOps$ForEachOp$OfRef.accept(ForEachOps.java:183)
	at java.base/java.util.stream.ReferencePipeline$2$1.accept(ReferencePipeline.java:177)
	at java.base/java.util.Iterator.forEachRemaining(Iterator.java:133)
	at java.base/java.util.Spliterators$IteratorSpliterator.forEachRemaining(Spliterators.java:1801)
	at java.base/java.util.stream.AbstractPipeline.copyInto(AbstractPipeline.java:484)
	at java.base/java.util.stream.AbstractPipeline.wrapAndCopyInto(AbstractPipeline.java:474)
	at java.base/java.util.stream.ForEachOps$ForEachOp.evaluateSequential(ForEachOps.java:150)
	at java.base/java.util.stream.ForEachOps$ForEachOp$OfRef.evaluateSequential(ForEachOps.java:173)
	at java.base/java.util.stream.AbstractPipeline.evaluate(AbstractPipeline.java:234)
	at java.base/java.util.stream.ReferencePipeline.forEach(ReferencePipeline.java:497)
	at org.junit.platform.engine.support.hierarchical.HierarchicalTestExecutor$NodeExecutor.lambda$executeRecursively$3(HierarchicalTestExecutor.java:120)
	at org.junit.platform.engine.support.hierarchical.SingleTestExecutor.executeSafely(SingleTestExecutor.java:66)
	at org.junit.platform.engine.support.hierarchical.HierarchicalTestExecutor$NodeExecutor.executeRecursively(HierarchicalTestExecutor.java:108)
	at org.junit.platform.engine.support.hierarchical.HierarchicalTestExecutor$NodeExecutor.execute(HierarchicalTestExecutor.java:79)
	at org.junit.platform.engine.support.hierarchical.HierarchicalTestExecutor$NodeExecutor.lambda$executeRecursively$2(HierarchicalTestExecutor.java:120)
	at java.base/java.util.stream.ForEachOps$ForEachOp$OfRef.accept(ForEachOps.java:183)
	at java.base/java.util.stream.ReferencePipeline$2$1.accept(ReferencePipeline.java:177)
	at java.base/java.util.Iterator.forEachRemaining(Iterator.java:133)
	at java.base/java.util.Spliterators$IteratorSpliterator.forEachRemaining(Spliterators.java:1801)
	at java.base/java.util.stream.AbstractPipeline.copyInto(AbstractPipeline.java:484)
	at java.base/java.util.stream.AbstractPipeline.wrapAndCopyInto(AbstractPipeline.java:474)
	at java.base/java.util.stream.ForEachOps$ForEachOp.evaluateSequential(ForEachOps.java:150)
	at java.base/java.util.stream.ForEachOps$ForEachOp$OfRef.evaluateSequential(ForEachOps.java:173)
	at java.base/java.util.stream.AbstractPipeline.evaluate(AbstractPipeline.java:234)
	at java.base/java.util.stream.ReferencePipeline.forEach(ReferencePipeline.java:497)
	at org.junit.platform.engine.support.hierarchical.HierarchicalTestExecutor$NodeExecutor.lambda$executeRecursively$3(HierarchicalTestExecutor.java:120)
	at org.junit.platform.engine.support.hierarchical.SingleTestExecutor.executeSafely(SingleTestExecutor.java:66)
	at org.junit.platform.engine.support.hierarchical.HierarchicalTestExecutor$NodeExecutor.executeRecursively(HierarchicalTestExecutor.java:108)
	at org.junit.platform.engine.support.hierarchical.HierarchicalTestExecutor$NodeExecutor.execute(HierarchicalTestExecutor.java:79)
	at org.junit.platform.engine.support.hierarchical.HierarchicalTestExecutor.execute(HierarchicalTestExecutor.java:55)
	at org.junit.platform.engine.support.hierarchical.HierarchicalTestEngine.execute(HierarchicalTestEngine.java:43)
	at org.junit.platform.launcher.core.DefaultLauncher.execute(DefaultLauncher.java:170)
	at org.junit.platform.launcher.core.DefaultLauncher.execute(DefaultLauncher.java:154)
	at org.junit.platform.launcher.core.DefaultLauncher.execute(DefaultLauncher.java:90)
	at com.intellij.junit5.JUnit5IdeaTestRunner.startRunnerWithArgs(JUnit5IdeaTestRunner.java:71)
	at com.intellij.rt.junit.IdeaTestRunner$Repeater.startRunnerWithArgs(IdeaTestRunner.java:33)
	at com.intellij.rt.junit.JUnitStarter.prepareStreamsAndStart(JUnitStarter.java:221)
	at com.intellij.rt.junit.JUnitStarter.main(JUnitStarter.java:54)
12:08:42.263 [main] INFO  stringConverter - adding element: Country{location='Russia', countryCode='ru', latitude=61.52401, longitude=105.318756, confirmed=4675153, dead=104398, recovered=4301448, updated='2021-04-15T14:15:07'}
12:09:26.026 [main] ERROR stringConverter - could not convert element at position 1
java.lang.NullPointerException: null
	at StringConverter.convert(StringConverter.java:50)
	at StringConverterTest.testConvertWithWrongInput(StringConverterTest.java:69)
	at java.base/jdk.internal.reflect.NativeMethodAccessorImpl.invoke0(Native Method)
	at java.base/jdk.internal.reflect.NativeMethodAccessorImpl.invoke(NativeMethodAccessorImpl.java:62)
	at java.base/jdk.internal.reflect.DelegatingMethodAccessorImpl.invoke(DelegatingMethodAccessorImpl.java:43)
	at java.base/java.lang.reflect.Method.invoke(Method.java:566)
	at org.junit.platform.commons.util.ReflectionUtils.invokeMethod(ReflectionUtils.java:436)
	at org.junit.jupiter.engine.execution.ExecutableInvoker.invoke(ExecutableInvoker.java:115)
	at org.junit.jupiter.engine.descriptor.TestMethodTestDescriptor.lambda$invokeTestMethod$6(TestMethodTestDescriptor.java:170)
	at org.junit.jupiter.engine.execution.ThrowableCollector.execute(ThrowableCollector.java:40)
	at org.junit.jupiter.engine.descriptor.TestMethodTestDescriptor.invokeTestMethod(TestMethodTestDescriptor.java:166)
	at org.junit.jupiter.engine.descriptor.TestMethodTestDescriptor.execute(TestMethodTestDescriptor.java:113)
	at org.junit.jupiter.engine.descriptor.TestMethodTestDescriptor.execute(TestMethodTestDescriptor.java:58)
	at org.junit.platform.engine.support.hierarchical.HierarchicalTestExecutor$NodeExecutor.lambda$executeRecursively$3(HierarchicalTestExecutor.java:112)
	at org.junit.platform.engine.support.hierarchical.SingleTestExecutor.executeSafely(SingleTestExecutor.java:66)
	at org.junit.platform.engine.support.hierarchical.HierarchicalTestExecutor$NodeExecutor.executeRecursively(HierarchicalTestExecutor.java:108)
	at org.junit.platform.engine.support.hierarchical.HierarchicalTestExecutor$NodeExecutor.execute(HierarchicalTestExecutor.java:79)
	at org.junit.platform.engine.support.hierarchical.HierarchicalTestExecutor$NodeExecutor.lambda$executeRecursively$2(HierarchicalTestExecutor.java:120)
	at java.base/java.util.stream.ForEachOps$ForEachOp$OfRef.accept(ForEachOps.java:183)
	at java.base/java.util.stream.ReferencePipeline$2$1.accept(ReferencePipeline.java:177)
	at java.base/java.util.Iterator.forEachRemaining(Iterator.java:133)
	at java.base/java.util.Spliterators$IteratorSpliterator.forEachRemaining(Spliterators.java:1801)
	at java.base/java.util.stream.AbstractPipeline.copyInto(AbstractPipeline.java:484)
	at java.base/java.util.stream.AbstractPipeline.wrapAndCopyInto(AbstractPipeline.java:474)
	at java.base/java.util.stream.ForEachOps$ForEachOp.evaluateSequential(ForEachOps.java:150)
	at java.base/java.util.stream.ForEachOps$ForEachOp$OfRef.evaluateSequential(ForEachOps.java:173)
	at java.base/java.util.stream.AbstractPipeline.evaluate(AbstractPipeline.java:234)
	at java.base/java.util.stream.ReferencePipeline.forEach(ReferencePipeline.java:497)
	at org.junit.platform.engine.support.hierarchical.HierarchicalTestExecutor$NodeExecutor.lambda$executeRecursively$3(HierarchicalTestExecutor.java:120)
	at org.junit.platform.engine.support.hierarchical.SingleTestExecutor.executeSafely(SingleTestExecutor.java:66)
	at org.junit.platform.engine.support.hierarchical.HierarchicalTestExecutor$NodeExecutor.executeRecursively(HierarchicalTestExecutor.java:108)
	at org.junit.platform.engine.support.hierarchical.HierarchicalTestExecutor$NodeExecutor.execute(HierarchicalTestExecutor.java:79)
	at org.junit.platform.engine.support.hierarchical.HierarchicalTestExecutor$NodeExecutor.lambda$executeRecursively$2(HierarchicalTestExecutor.java:120)
	at java.base/java.util.stream.ForEachOps$ForEachOp$OfRef.accept(ForEachOps.java:183)
	at java.base/java.util.stream.ReferencePipeline$2$1.accept(ReferencePipeline.java:177)
	at java.base/java.util.Iterator.forEachRemaining(Iterator.java:133)
	at java.base/java.util.Spliterators$IteratorSpliterator.forEachRemaining(Spliterators.java:1801)
	at java.base/java.util.stream.AbstractPipeline.copyInto(AbstractPipeline.java:484)
	at java.base/java.util.stream.AbstractPipeline.wrapAndCopyInto(AbstractPipeline.java:474)
	at java.base/java.util.stream.ForEachOps$ForEachOp.evaluateSequential(ForEachOps.java:150)
	at java.base/java.util.stream.ForEachOps$ForEachOp$OfRef.evaluateSequential(ForEachOps.java:173)
	at java.base/java.util.stream.AbstractPipeline.evaluate(AbstractPipeline.java:234)
	at java.base/java.util.stream.ReferencePipeline.forEach(ReferencePipeline.java:497)
	at org.junit.platform.engine.support.hierarchical.HierarchicalTestExecutor$NodeExecutor.lambda$executeRecursively$3(HierarchicalTestExecutor.java:120)
	at org.junit.platform.engine.support.hierarchical.SingleTestExecutor.executeSafely(SingleTestExecutor.java:66)
	at org.junit.platform.engine.support.hierarchical.HierarchicalTestExecutor$NodeExecutor.executeRecursively(HierarchicalTestExecutor.java:108)
	at org.junit.platform.engine.support.hierarchical.HierarchicalTestExecutor$NodeExecutor.execute(HierarchicalTestExecutor.java:79)
	at org.junit.platform.engine.support.hierarchical.HierarchicalTestExecutor.execute(HierarchicalTestExecutor.java:55)
	at org.junit.platform.engine.support.hierarchical.HierarchicalTestEngine.execute(HierarchicalTestEngine.java:43)
	at org.junit.platform.launcher.core.DefaultLauncher.execute(DefaultLauncher.java:170)
	at org.junit.platform.launcher.core.DefaultLauncher.execute(DefaultLauncher.java:154)
	at org.junit.platform.launcher.core.DefaultLauncher.execute(DefaultLauncher.java:90)
	at com.intellij.junit5.JUnit5IdeaTestRunner.startRunnerWithArgs(JUnit5IdeaTestRunner.java:71)
	at com.intellij.rt.junit.IdeaTestRunner$Repeater.startRunnerWithArgs(IdeaTestRunner.java:33)
	at com.intellij.rt.junit.JUnitStarter.prepareStreamsAndStart(JUnitStarter.java:221)
	at com.intellij.rt.junit.JUnitStarter.main(JUnitStarter.java:54)
12:09:43.399 [main] ERROR stringConverter - could not convert element at position 1
java.lang.NullPointerException: null
	at StringConverter.convert(StringConverter.java:50)
	at StringConverterTest.testConvertWithWrongInput(StringConverterTest.java:69)
	at java.base/jdk.internal.reflect.NativeMethodAccessorImpl.invoke0(Native Method)
	at java.base/jdk.internal.reflect.NativeMethodAccessorImpl.invoke(NativeMethodAccessorImpl.java:62)
	at java.base/jdk.internal.reflect.DelegatingMethodAccessorImpl.invoke(DelegatingMethodAccessorImpl.java:43)
	at java.base/java.lang.reflect.Method.invoke(Method.java:566)
	at org.junit.platform.commons.util.ReflectionUtils.invokeMethod(ReflectionUtils.java:436)
	at org.junit.jupiter.engine.execution.ExecutableInvoker.invoke(ExecutableInvoker.java:115)
	at org.junit.jupiter.engine.descriptor.TestMethodTestDescriptor.lambda$invokeTestMethod$6(TestMethodTestDescriptor.java:170)
	at org.junit.jupiter.engine.execution.ThrowableCollector.execute(ThrowableCollector.java:40)
	at org.junit.jupiter.engine.descriptor.TestMethodTestDescriptor.invokeTestMethod(TestMethodTestDescriptor.java:166)
	at org.junit.jupiter.engine.descriptor.TestMethodTestDescriptor.execute(TestMethodTestDescriptor.java:113)
	at org.junit.jupiter.engine.descriptor.TestMethodTestDescriptor.execute(TestMethodTestDescriptor.java:58)
	at org.junit.platform.engine.support.hierarchical.HierarchicalTestExecutor$NodeExecutor.lambda$executeRecursively$3(HierarchicalTestExecutor.java:112)
	at org.junit.platform.engine.support.hierarchical.SingleTestExecutor.executeSafely(SingleTestExecutor.java:66)
	at org.junit.platform.engine.support.hierarchical.HierarchicalTestExecutor$NodeExecutor.executeRecursively(HierarchicalTestExecutor.java:108)
	at org.junit.platform.engine.support.hierarchical.HierarchicalTestExecutor$NodeExecutor.execute(HierarchicalTestExecutor.java:79)
	at org.junit.platform.engine.support.hierarchical.HierarchicalTestExecutor$NodeExecutor.lambda$executeRecursively$2(HierarchicalTestExecutor.java:120)
	at java.base/java.util.stream.ForEachOps$ForEachOp$OfRef.accept(ForEachOps.java:183)
	at java.base/java.util.stream.ReferencePipeline$2$1.accept(ReferencePipeline.java:177)
	at java.base/java.util.Iterator.forEachRemaining(Iterator.java:133)
	at java.base/java.util.Spliterators$IteratorSpliterator.forEachRemaining(Spliterators.java:1801)
	at java.base/java.util.stream.AbstractPipeline.copyInto(AbstractPipeline.java:484)
	at java.base/java.util.stream.AbstractPipeline.wrapAndCopyInto(AbstractPipeline.java:474)
	at java.base/java.util.stream.ForEachOps$ForEachOp.evaluateSequential(ForEachOps.java:150)
	at java.base/java.util.stream.ForEachOps$ForEachOp$OfRef.evaluateSequential(ForEachOps.java:173)
	at java.base/java.util.stream.AbstractPipeline.evaluate(AbstractPipeline.java:234)
	at java.base/java.util.stream.ReferencePipeline.forEach(ReferencePipeline.java:497)
	at org.junit.platform.engine.support.hierarchical.HierarchicalTestExecutor$NodeExecutor.lambda$executeRecursively$3(HierarchicalTestExecutor.java:120)
	at org.junit.platform.engine.support.hierarchical.SingleTestExecutor.executeSafely(SingleTestExecutor.java:66)
	at org.junit.platform.engine.support.hierarchical.HierarchicalTestExecutor$NodeExecutor.executeRecursively(HierarchicalTestExecutor.java:108)
	at org.junit.platform.engine.support.hierarchical.HierarchicalTestExecutor$NodeExecutor.execute(HierarchicalTestExecutor.java:79)
	at org.junit.platform.engine.support.hierarchical.HierarchicalTestExecutor$NodeExecutor.lambda$executeRecursively$2(HierarchicalTestExecutor.java:120)
	at java.base/java.util.stream.ForEachOps$ForEachOp$OfRef.accept(ForEachOps.java:183)
	at java.base/java.util.stream.ReferencePipeline$2$1.accept(ReferencePipeline.java:177)
	at java.base/java.util.Iterator.forEachRemaining(Iterator.java:133)
	at java.base/java.util.Spliterators$IteratorSpliterator.forEachRemaining(Spliterators.java:1801)
	at java.base/java.util.stream.AbstractPipeline.copyInto(AbstractPipeline.java:484)
	at java.base/java.util.stream.AbstractPipeline.wrapAndCopyInto(AbstractPipeline.java:474)
	at java.base/java.util.stream.ForEachOps$ForEachOp.evaluateSequential(ForEachOps.java:150)
	at java.base/java.util.stream.ForEachOps$ForEachOp$OfRef.evaluateSequential(ForEachOps.java:173)
	at java.base/java.util.stream.AbstractPipeline.evaluate(AbstractPipeline.java:234)
	at java.base/java.util.stream.ReferencePipeline.forEach(ReferencePipeline.java:497)
	at org.junit.platform.engine.support.hierarchical.HierarchicalTestExecutor$NodeExecutor.lambda$executeRecursively$3(HierarchicalTestExecutor.java:120)
	at org.junit.platform.engine.support.hierarchical.SingleTestExecutor.executeSafely(SingleTestExecutor.java:66)
	at org.junit.platform.engine.support.hierarchical.HierarchicalTestExecutor$NodeExecutor.executeRecursively(HierarchicalTestExecutor.java:108)
	at org.junit.platform.engine.support.hierarchical.HierarchicalTestExecutor$NodeExecutor.execute(HierarchicalTestExecutor.java:79)
	at org.junit.platform.engine.support.hierarchical.HierarchicalTestExecutor.execute(HierarchicalTestExecutor.java:55)
	at org.junit.platform.engine.support.hierarchical.HierarchicalTestEngine.execute(HierarchicalTestEngine.java:43)
	at org.junit.platform.launcher.core.DefaultLauncher.execute(DefaultLauncher.java:170)
	at org.junit.platform.launcher.core.DefaultLauncher.execute(DefaultLauncher.java:154)
	at org.junit.platform.launcher.core.DefaultLauncher.execute(DefaultLauncher.java:90)
	at com.intellij.junit5.JUnit5IdeaTestRunner.startRunnerWithArgs(JUnit5IdeaTestRunner.java:71)
	at com.intellij.rt.junit.IdeaTestRunner$Repeater.startRunnerWithArgs(IdeaTestRunner.java:33)
	at com.intellij.rt.junit.JUnitStarter.prepareStreamsAndStart(JUnitStarter.java:221)
	at com.intellij.rt.junit.JUnitStarter.main(JUnitStarter.java:54)
12:15:29.521 [main] ERROR stringConverter - could not convert element at position 1
java.lang.NullPointerException: null
	at StringConverter.convert(StringConverter.java:50)
	at StringConverterTest.testConvertWithWrongInput(StringConverterTest.java:69)
	at java.base/jdk.internal.reflect.NativeMethodAccessorImpl.invoke0(Native Method)
	at java.base/jdk.internal.reflect.NativeMethodAccessorImpl.invoke(NativeMethodAccessorImpl.java:62)
	at java.base/jdk.internal.reflect.DelegatingMethodAccessorImpl.invoke(DelegatingMethodAccessorImpl.java:43)
	at java.base/java.lang.reflect.Method.invoke(Method.java:566)
	at org.junit.platform.commons.util.ReflectionUtils.invokeMethod(ReflectionUtils.java:436)
	at org.junit.jupiter.engine.execution.ExecutableInvoker.invoke(ExecutableInvoker.java:115)
	at org.junit.jupiter.engine.descriptor.TestMethodTestDescriptor.lambda$invokeTestMethod$6(TestMethodTestDescriptor.java:170)
	at org.junit.jupiter.engine.execution.ThrowableCollector.execute(ThrowableCollector.java:40)
	at org.junit.jupiter.engine.descriptor.TestMethodTestDescriptor.invokeTestMethod(TestMethodTestDescriptor.java:166)
	at org.junit.jupiter.engine.descriptor.TestMethodTestDescriptor.execute(TestMethodTestDescriptor.java:113)
	at org.junit.jupiter.engine.descriptor.TestMethodTestDescriptor.execute(TestMethodTestDescriptor.java:58)
	at org.junit.platform.engine.support.hierarchical.HierarchicalTestExecutor$NodeExecutor.lambda$executeRecursively$3(HierarchicalTestExecutor.java:112)
	at org.junit.platform.engine.support.hierarchical.SingleTestExecutor.executeSafely(SingleTestExecutor.java:66)
	at org.junit.platform.engine.support.hierarchical.HierarchicalTestExecutor$NodeExecutor.executeRecursively(HierarchicalTestExecutor.java:108)
	at org.junit.platform.engine.support.hierarchical.HierarchicalTestExecutor$NodeExecutor.execute(HierarchicalTestExecutor.java:79)
	at org.junit.platform.engine.support.hierarchical.HierarchicalTestExecutor$NodeExecutor.lambda$executeRecursively$2(HierarchicalTestExecutor.java:120)
	at java.base/java.util.stream.ForEachOps$ForEachOp$OfRef.accept(ForEachOps.java:183)
	at java.base/java.util.stream.ReferencePipeline$2$1.accept(ReferencePipeline.java:177)
	at java.base/java.util.Iterator.forEachRemaining(Iterator.java:133)
	at java.base/java.util.Spliterators$IteratorSpliterator.forEachRemaining(Spliterators.java:1801)
	at java.base/java.util.stream.AbstractPipeline.copyInto(AbstractPipeline.java:484)
	at java.base/java.util.stream.AbstractPipeline.wrapAndCopyInto(AbstractPipeline.java:474)
	at java.base/java.util.stream.ForEachOps$ForEachOp.evaluateSequential(ForEachOps.java:150)
	at java.base/java.util.stream.ForEachOps$ForEachOp$OfRef.evaluateSequential(ForEachOps.java:173)
	at java.base/java.util.stream.AbstractPipeline.evaluate(AbstractPipeline.java:234)
	at java.base/java.util.stream.ReferencePipeline.forEach(ReferencePipeline.java:497)
	at org.junit.platform.engine.support.hierarchical.HierarchicalTestExecutor$NodeExecutor.lambda$executeRecursively$3(HierarchicalTestExecutor.java:120)
	at org.junit.platform.engine.support.hierarchical.SingleTestExecutor.executeSafely(SingleTestExecutor.java:66)
	at org.junit.platform.engine.support.hierarchical.HierarchicalTestExecutor$NodeExecutor.executeRecursively(HierarchicalTestExecutor.java:108)
	at org.junit.platform.engine.support.hierarchical.HierarchicalTestExecutor$NodeExecutor.execute(HierarchicalTestExecutor.java:79)
	at org.junit.platform.engine.support.hierarchical.HierarchicalTestExecutor$NodeExecutor.lambda$executeRecursively$2(HierarchicalTestExecutor.java:120)
	at java.base/java.util.stream.ForEachOps$ForEachOp$OfRef.accept(ForEachOps.java:183)
	at java.base/java.util.stream.ReferencePipeline$2$1.accept(ReferencePipeline.java:177)
	at java.base/java.util.Iterator.forEachRemaining(Iterator.java:133)
	at java.base/java.util.Spliterators$IteratorSpliterator.forEachRemaining(Spliterators.java:1801)
	at java.base/java.util.stream.AbstractPipeline.copyInto(AbstractPipeline.java:484)
	at java.base/java.util.stream.AbstractPipeline.wrapAndCopyInto(AbstractPipeline.java:474)
	at java.base/java.util.stream.ForEachOps$ForEachOp.evaluateSequential(ForEachOps.java:150)
	at java.base/java.util.stream.ForEachOps$ForEachOp$OfRef.evaluateSequential(ForEachOps.java:173)
	at java.base/java.util.stream.AbstractPipeline.evaluate(AbstractPipeline.java:234)
	at java.base/java.util.stream.ReferencePipeline.forEach(ReferencePipeline.java:497)
	at org.junit.platform.engine.support.hierarchical.HierarchicalTestExecutor$NodeExecutor.lambda$executeRecursively$3(HierarchicalTestExecutor.java:120)
	at org.junit.platform.engine.support.hierarchical.SingleTestExecutor.executeSafely(SingleTestExecutor.java:66)
	at org.junit.platform.engine.support.hierarchical.HierarchicalTestExecutor$NodeExecutor.executeRecursively(HierarchicalTestExecutor.java:108)
	at org.junit.platform.engine.support.hierarchical.HierarchicalTestExecutor$NodeExecutor.execute(HierarchicalTestExecutor.java:79)
	at org.junit.platform.engine.support.hierarchical.HierarchicalTestExecutor.execute(HierarchicalTestExecutor.java:55)
	at org.junit.platform.engine.support.hierarchical.HierarchicalTestEngine.execute(HierarchicalTestEngine.java:43)
	at org.junit.platform.launcher.core.DefaultLauncher.execute(DefaultLauncher.java:170)
	at org.junit.platform.launcher.core.DefaultLauncher.execute(DefaultLauncher.java:154)
	at org.junit.platform.launcher.core.DefaultLauncher.execute(DefaultLauncher.java:90)
	at com.intellij.junit5.JUnit5IdeaTestRunner.startRunnerWithArgs(JUnit5IdeaTestRunner.java:71)
	at com.intellij.rt.junit.IdeaTestRunner$Repeater.startRunnerWithArgs(IdeaTestRunner.java:33)
	at com.intellij.rt.junit.JUnitStarter.prepareStreamsAndStart(JUnitStarter.java:221)
	at com.intellij.rt.junit.JUnitStarter.main(JUnitStarter.java:54)
12:15:37.492 [main] INFO  stringConverter - starting to convert elements
12:15:37.500 [main] INFO  stringConverter - starting to convert elements
12:15:37.566 [main] INFO  stringConverter - adding element: Country{location='Iran', countryCode='ir', latitude=32.427908, longitude=53.688046, confirmed=2168872, dead=65680, recovered=1749041, updated='2021-04-15T14:15:07'}
12:15:37.584 [main] INFO  stringConverter - starting to convert elements
12:15:37.585 [main] INFO  stringConverter - adding element: Country{location='Iran', countryCode='ir', latitude=32.427908, longitude=53.688046, confirmed=2168872, dead=65680, recovered=1749041, updated='2021-04-15T14:15:07'}
12:15:37.590 [main] ERROR stringConverter - could not convert element at position 1
java.lang.NullPointerException: null
	at StringConverter.convert(StringConverter.java:50)
	at StringConverterTest.testConvertWithWrongInput(StringConverterTest.java:69)
	at java.base/jdk.internal.reflect.NativeMethodAccessorImpl.invoke0(Native Method)
	at java.base/jdk.internal.reflect.NativeMethodAccessorImpl.invoke(NativeMethodAccessorImpl.java:62)
	at java.base/jdk.internal.reflect.DelegatingMethodAccessorImpl.invoke(DelegatingMethodAccessorImpl.java:43)
	at java.base/java.lang.reflect.Method.invoke(Method.java:566)
	at org.junit.platform.commons.util.ReflectionUtils.invokeMethod(ReflectionUtils.java:436)
	at org.junit.jupiter.engine.execution.ExecutableInvoker.invoke(ExecutableInvoker.java:115)
	at org.junit.jupiter.engine.descriptor.TestMethodTestDescriptor.lambda$invokeTestMethod$6(TestMethodTestDescriptor.java:170)
	at org.junit.jupiter.engine.execution.ThrowableCollector.execute(ThrowableCollector.java:40)
	at org.junit.jupiter.engine.descriptor.TestMethodTestDescriptor.invokeTestMethod(TestMethodTestDescriptor.java:166)
	at org.junit.jupiter.engine.descriptor.TestMethodTestDescriptor.execute(TestMethodTestDescriptor.java:113)
	at org.junit.jupiter.engine.descriptor.TestMethodTestDescriptor.execute(TestMethodTestDescriptor.java:58)
	at org.junit.platform.engine.support.hierarchical.HierarchicalTestExecutor$NodeExecutor.lambda$executeRecursively$3(HierarchicalTestExecutor.java:112)
	at org.junit.platform.engine.support.hierarchical.SingleTestExecutor.executeSafely(SingleTestExecutor.java:66)
	at org.junit.platform.engine.support.hierarchical.HierarchicalTestExecutor$NodeExecutor.executeRecursively(HierarchicalTestExecutor.java:108)
	at org.junit.platform.engine.support.hierarchical.HierarchicalTestExecutor$NodeExecutor.execute(HierarchicalTestExecutor.java:79)
	at org.junit.platform.engine.support.hierarchical.HierarchicalTestExecutor$NodeExecutor.lambda$executeRecursively$2(HierarchicalTestExecutor.java:120)
	at java.base/java.util.stream.ForEachOps$ForEachOp$OfRef.accept(ForEachOps.java:183)
	at java.base/java.util.stream.ReferencePipeline$2$1.accept(ReferencePipeline.java:177)
	at java.base/java.util.Iterator.forEachRemaining(Iterator.java:133)
	at java.base/java.util.Spliterators$IteratorSpliterator.forEachRemaining(Spliterators.java:1801)
	at java.base/java.util.stream.AbstractPipeline.copyInto(AbstractPipeline.java:484)
	at java.base/java.util.stream.AbstractPipeline.wrapAndCopyInto(AbstractPipeline.java:474)
	at java.base/java.util.stream.ForEachOps$ForEachOp.evaluateSequential(ForEachOps.java:150)
	at java.base/java.util.stream.ForEachOps$ForEachOp$OfRef.evaluateSequential(ForEachOps.java:173)
	at java.base/java.util.stream.AbstractPipeline.evaluate(AbstractPipeline.java:234)
	at java.base/java.util.stream.ReferencePipeline.forEach(ReferencePipeline.java:497)
	at org.junit.platform.engine.support.hierarchical.HierarchicalTestExecutor$NodeExecutor.lambda$executeRecursively$3(HierarchicalTestExecutor.java:120)
	at org.junit.platform.engine.support.hierarchical.SingleTestExecutor.executeSafely(SingleTestExecutor.java:66)
	at org.junit.platform.engine.support.hierarchical.HierarchicalTestExecutor$NodeExecutor.executeRecursively(HierarchicalTestExecutor.java:108)
	at org.junit.platform.engine.support.hierarchical.HierarchicalTestExecutor$NodeExecutor.execute(HierarchicalTestExecutor.java:79)
	at org.junit.platform.engine.support.hierarchical.HierarchicalTestExecutor$NodeExecutor.lambda$executeRecursively$2(HierarchicalTestExecutor.java:120)
	at java.base/java.util.stream.ForEachOps$ForEachOp$OfRef.accept(ForEachOps.java:183)
	at java.base/java.util.stream.ReferencePipeline$2$1.accept(ReferencePipeline.java:177)
	at java.base/java.util.Iterator.forEachRemaining(Iterator.java:133)
	at java.base/java.util.Spliterators$IteratorSpliterator.forEachRemaining(Spliterators.java:1801)
	at java.base/java.util.stream.AbstractPipeline.copyInto(AbstractPipeline.java:484)
	at java.base/java.util.stream.AbstractPipeline.wrapAndCopyInto(AbstractPipeline.java:474)
	at java.base/java.util.stream.ForEachOps$ForEachOp.evaluateSequential(ForEachOps.java:150)
	at java.base/java.util.stream.ForEachOps$ForEachOp$OfRef.evaluateSequential(ForEachOps.java:173)
	at java.base/java.util.stream.AbstractPipeline.evaluate(AbstractPipeline.java:234)
	at java.base/java.util.stream.ReferencePipeline.forEach(ReferencePipeline.java:497)
	at org.junit.platform.engine.support.hierarchical.HierarchicalTestExecutor$NodeExecutor.lambda$executeRecursively$3(HierarchicalTestExecutor.java:120)
	at org.junit.platform.engine.support.hierarchical.SingleTestExecutor.executeSafely(SingleTestExecutor.java:66)
	at org.junit.platform.engine.support.hierarchical.HierarchicalTestExecutor$NodeExecutor.executeRecursively(HierarchicalTestExecutor.java:108)
	at org.junit.platform.engine.support.hierarchical.HierarchicalTestExecutor$NodeExecutor.execute(HierarchicalTestExecutor.java:79)
	at org.junit.platform.engine.support.hierarchical.HierarchicalTestExecutor.execute(HierarchicalTestExecutor.java:55)
	at org.junit.platform.engine.support.hierarchical.HierarchicalTestEngine.execute(HierarchicalTestEngine.java:43)
	at org.junit.platform.launcher.core.DefaultLauncher.execute(DefaultLauncher.java:170)
	at org.junit.platform.launcher.core.DefaultLauncher.execute(DefaultLauncher.java:154)
	at org.junit.platform.launcher.core.DefaultLauncher.execute(DefaultLauncher.java:90)
	at com.intellij.junit5.JUnit5IdeaTestRunner.startRunnerWithArgs(JUnit5IdeaTestRunner.java:71)
	at com.intellij.rt.junit.IdeaTestRunner$Repeater.startRunnerWithArgs(IdeaTestRunner.java:33)
	at com.intellij.rt.junit.JUnitStarter.prepareStreamsAndStart(JUnitStarter.java:221)
	at com.intellij.rt.junit.JUnitStarter.main(JUnitStarter.java:54)
12:15:37.591 [main] INFO  stringConverter - adding element: Country{location='Russia', countryCode='ru', latitude=61.52401, longitude=105.318756, confirmed=4675153, dead=104398, recovered=4301448, updated='2021-04-15T14:15:07'}
12:15:56.456 [main] INFO  stringConverter - starting to convert elements
12:15:56.465 [main] INFO  stringConverter - starting to convert elements
12:15:56.594 [main] INFO  stringConverter - adding element: Country{location='Iran', countryCode='ir', latitude=32.427908, longitude=53.688046, confirmed=2168872, dead=65680, recovered=1749041, updated='2021-04-15T14:15:07'}
12:15:56.613 [main] INFO  stringConverter - starting to convert elements
12:15:56.615 [main] INFO  stringConverter - adding element: Country{location='Iran', countryCode='ir', latitude=32.427908, longitude=53.688046, confirmed=2168872, dead=65680, recovered=1749041, updated='2021-04-15T14:15:07'}
12:15:56.623 [main] ERROR stringConverter - could not convert element at position 1
java.lang.NullPointerException: null
	at StringConverter.convert(StringConverter.java:50)
	at StringConverterTest.testConvertWithWrongInput(StringConverterTest.java:69)
	at java.base/jdk.internal.reflect.NativeMethodAccessorImpl.invoke0(Native Method)
	at java.base/jdk.internal.reflect.NativeMethodAccessorImpl.invoke(NativeMethodAccessorImpl.java:62)
	at java.base/jdk.internal.reflect.DelegatingMethodAccessorImpl.invoke(DelegatingMethodAccessorImpl.java:43)
	at java.base/java.lang.reflect.Method.invoke(Method.java:566)
	at org.junit.platform.commons.util.ReflectionUtils.invokeMethod(ReflectionUtils.java:436)
	at org.junit.jupiter.engine.execution.ExecutableInvoker.invoke(ExecutableInvoker.java:115)
	at org.junit.jupiter.engine.descriptor.TestMethodTestDescriptor.lambda$invokeTestMethod$6(TestMethodTestDescriptor.java:170)
	at org.junit.jupiter.engine.execution.ThrowableCollector.execute(ThrowableCollector.java:40)
	at org.junit.jupiter.engine.descriptor.TestMethodTestDescriptor.invokeTestMethod(TestMethodTestDescriptor.java:166)
	at org.junit.jupiter.engine.descriptor.TestMethodTestDescriptor.execute(TestMethodTestDescriptor.java:113)
	at org.junit.jupiter.engine.descriptor.TestMethodTestDescriptor.execute(TestMethodTestDescriptor.java:58)
	at org.junit.platform.engine.support.hierarchical.HierarchicalTestExecutor$NodeExecutor.lambda$executeRecursively$3(HierarchicalTestExecutor.java:112)
	at org.junit.platform.engine.support.hierarchical.SingleTestExecutor.executeSafely(SingleTestExecutor.java:66)
	at org.junit.platform.engine.support.hierarchical.HierarchicalTestExecutor$NodeExecutor.executeRecursively(HierarchicalTestExecutor.java:108)
	at org.junit.platform.engine.support.hierarchical.HierarchicalTestExecutor$NodeExecutor.execute(HierarchicalTestExecutor.java:79)
	at org.junit.platform.engine.support.hierarchical.HierarchicalTestExecutor$NodeExecutor.lambda$executeRecursively$2(HierarchicalTestExecutor.java:120)
	at java.base/java.util.stream.ForEachOps$ForEachOp$OfRef.accept(ForEachOps.java:183)
	at java.base/java.util.stream.ReferencePipeline$2$1.accept(ReferencePipeline.java:177)
	at java.base/java.util.Iterator.forEachRemaining(Iterator.java:133)
	at java.base/java.util.Spliterators$IteratorSpliterator.forEachRemaining(Spliterators.java:1801)
	at java.base/java.util.stream.AbstractPipeline.copyInto(AbstractPipeline.java:484)
	at java.base/java.util.stream.AbstractPipeline.wrapAndCopyInto(AbstractPipeline.java:474)
	at java.base/java.util.stream.ForEachOps$ForEachOp.evaluateSequential(ForEachOps.java:150)
	at java.base/java.util.stream.ForEachOps$ForEachOp$OfRef.evaluateSequential(ForEachOps.java:173)
	at java.base/java.util.stream.AbstractPipeline.evaluate(AbstractPipeline.java:234)
	at java.base/java.util.stream.ReferencePipeline.forEach(ReferencePipeline.java:497)
	at org.junit.platform.engine.support.hierarchical.HierarchicalTestExecutor$NodeExecutor.lambda$executeRecursively$3(HierarchicalTestExecutor.java:120)
	at org.junit.platform.engine.support.hierarchical.SingleTestExecutor.executeSafely(SingleTestExecutor.java:66)
	at org.junit.platform.engine.support.hierarchical.HierarchicalTestExecutor$NodeExecutor.executeRecursively(HierarchicalTestExecutor.java:108)
	at org.junit.platform.engine.support.hierarchical.HierarchicalTestExecutor$NodeExecutor.execute(HierarchicalTestExecutor.java:79)
	at org.junit.platform.engine.support.hierarchical.HierarchicalTestExecutor$NodeExecutor.lambda$executeRecursively$2(HierarchicalTestExecutor.java:120)
	at java.base/java.util.stream.ForEachOps$ForEachOp$OfRef.accept(ForEachOps.java:183)
	at java.base/java.util.stream.ReferencePipeline$2$1.accept(ReferencePipeline.java:177)
	at java.base/java.util.Iterator.forEachRemaining(Iterator.java:133)
	at java.base/java.util.Spliterators$IteratorSpliterator.forEachRemaining(Spliterators.java:1801)
	at java.base/java.util.stream.AbstractPipeline.copyInto(AbstractPipeline.java:484)
	at java.base/java.util.stream.AbstractPipeline.wrapAndCopyInto(AbstractPipeline.java:474)
	at java.base/java.util.stream.ForEachOps$ForEachOp.evaluateSequential(ForEachOps.java:150)
	at java.base/java.util.stream.ForEachOps$ForEachOp$OfRef.evaluateSequential(ForEachOps.java:173)
	at java.base/java.util.stream.AbstractPipeline.evaluate(AbstractPipeline.java:234)
	at java.base/java.util.stream.ReferencePipeline.forEach(ReferencePipeline.java:497)
	at org.junit.platform.engine.support.hierarchical.HierarchicalTestExecutor$NodeExecutor.lambda$executeRecursively$3(HierarchicalTestExecutor.java:120)
	at org.junit.platform.engine.support.hierarchical.SingleTestExecutor.executeSafely(SingleTestExecutor.java:66)
	at org.junit.platform.engine.support.hierarchical.HierarchicalTestExecutor$NodeExecutor.executeRecursively(HierarchicalTestExecutor.java:108)
	at org.junit.platform.engine.support.hierarchical.HierarchicalTestExecutor$NodeExecutor.execute(HierarchicalTestExecutor.java:79)
	at org.junit.platform.engine.support.hierarchical.HierarchicalTestExecutor.execute(HierarchicalTestExecutor.java:55)
	at org.junit.platform.engine.support.hierarchical.HierarchicalTestEngine.execute(HierarchicalTestEngine.java:43)
	at org.junit.platform.launcher.core.DefaultLauncher.execute(DefaultLauncher.java:170)
	at org.junit.platform.launcher.core.DefaultLauncher.execute(DefaultLauncher.java:154)
	at org.junit.platform.launcher.core.DefaultLauncher.execute(DefaultLauncher.java:90)
	at com.intellij.junit5.JUnit5IdeaTestRunner.startRunnerWithArgs(JUnit5IdeaTestRunner.java:71)
	at com.intellij.rt.junit.IdeaTestRunner$Repeater.startRunnerWithArgs(IdeaTestRunner.java:33)
	at com.intellij.rt.junit.JUnitStarter.prepareStreamsAndStart(JUnitStarter.java:221)
	at com.intellij.rt.junit.JUnitStarter.main(JUnitStarter.java:54)
12:15:56.625 [main] INFO  stringConverter - adding element: Country{location='Russia', countryCode='ru', latitude=61.52401, longitude=105.318756, confirmed=4675153, dead=104398, recovered=4301448, updated='2021-04-15T14:15:07'}
12:33:11.979 [main] ERROR stringConverter - could not convert element at position 1
java.lang.NullPointerException: null
	at StringConverter.convert(StringConverter.java:50)
	at StringConverterTest.testConvertWithWrongInput(StringConverterTest.java:69)
	at java.base/jdk.internal.reflect.NativeMethodAccessorImpl.invoke0(Native Method)
	at java.base/jdk.internal.reflect.NativeMethodAccessorImpl.invoke(NativeMethodAccessorImpl.java:62)
	at java.base/jdk.internal.reflect.DelegatingMethodAccessorImpl.invoke(DelegatingMethodAccessorImpl.java:43)
	at java.base/java.lang.reflect.Method.invoke(Method.java:566)
	at org.junit.platform.commons.util.ReflectionUtils.invokeMethod(ReflectionUtils.java:436)
	at org.junit.jupiter.engine.execution.ExecutableInvoker.invoke(ExecutableInvoker.java:115)
	at org.junit.jupiter.engine.descriptor.TestMethodTestDescriptor.lambda$invokeTestMethod$6(TestMethodTestDescriptor.java:170)
	at org.junit.jupiter.engine.execution.ThrowableCollector.execute(ThrowableCollector.java:40)
	at org.junit.jupiter.engine.descriptor.TestMethodTestDescriptor.invokeTestMethod(TestMethodTestDescriptor.java:166)
	at org.junit.jupiter.engine.descriptor.TestMethodTestDescriptor.execute(TestMethodTestDescriptor.java:113)
	at org.junit.jupiter.engine.descriptor.TestMethodTestDescriptor.execute(TestMethodTestDescriptor.java:58)
	at org.junit.platform.engine.support.hierarchical.HierarchicalTestExecutor$NodeExecutor.lambda$executeRecursively$3(HierarchicalTestExecutor.java:112)
	at org.junit.platform.engine.support.hierarchical.SingleTestExecutor.executeSafely(SingleTestExecutor.java:66)
	at org.junit.platform.engine.support.hierarchical.HierarchicalTestExecutor$NodeExecutor.executeRecursively(HierarchicalTestExecutor.java:108)
	at org.junit.platform.engine.support.hierarchical.HierarchicalTestExecutor$NodeExecutor.execute(HierarchicalTestExecutor.java:79)
	at org.junit.platform.engine.support.hierarchical.HierarchicalTestExecutor$NodeExecutor.lambda$executeRecursively$2(HierarchicalTestExecutor.java:120)
	at java.base/java.util.stream.ForEachOps$ForEachOp$OfRef.accept(ForEachOps.java:183)
	at java.base/java.util.stream.ReferencePipeline$2$1.accept(ReferencePipeline.java:177)
	at java.base/java.util.Iterator.forEachRemaining(Iterator.java:133)
	at java.base/java.util.Spliterators$IteratorSpliterator.forEachRemaining(Spliterators.java:1801)
	at java.base/java.util.stream.AbstractPipeline.copyInto(AbstractPipeline.java:484)
	at java.base/java.util.stream.AbstractPipeline.wrapAndCopyInto(AbstractPipeline.java:474)
	at java.base/java.util.stream.ForEachOps$ForEachOp.evaluateSequential(ForEachOps.java:150)
	at java.base/java.util.stream.ForEachOps$ForEachOp$OfRef.evaluateSequential(ForEachOps.java:173)
	at java.base/java.util.stream.AbstractPipeline.evaluate(AbstractPipeline.java:234)
	at java.base/java.util.stream.ReferencePipeline.forEach(ReferencePipeline.java:497)
	at org.junit.platform.engine.support.hierarchical.HierarchicalTestExecutor$NodeExecutor.lambda$executeRecursively$3(HierarchicalTestExecutor.java:120)
	at org.junit.platform.engine.support.hierarchical.SingleTestExecutor.executeSafely(SingleTestExecutor.java:66)
	at org.junit.platform.engine.support.hierarchical.HierarchicalTestExecutor$NodeExecutor.executeRecursively(HierarchicalTestExecutor.java:108)
	at org.junit.platform.engine.support.hierarchical.HierarchicalTestExecutor$NodeExecutor.execute(HierarchicalTestExecutor.java:79)
	at org.junit.platform.engine.support.hierarchical.HierarchicalTestExecutor$NodeExecutor.lambda$executeRecursively$2(HierarchicalTestExecutor.java:120)
	at java.base/java.util.stream.ForEachOps$ForEachOp$OfRef.accept(ForEachOps.java:183)
	at java.base/java.util.stream.ReferencePipeline$2$1.accept(ReferencePipeline.java:177)
	at java.base/java.util.Iterator.forEachRemaining(Iterator.java:133)
	at java.base/java.util.Spliterators$IteratorSpliterator.forEachRemaining(Spliterators.java:1801)
	at java.base/java.util.stream.AbstractPipeline.copyInto(AbstractPipeline.java:484)
	at java.base/java.util.stream.AbstractPipeline.wrapAndCopyInto(AbstractPipeline.java:474)
	at java.base/java.util.stream.ForEachOps$ForEachOp.evaluateSequential(ForEachOps.java:150)
	at java.base/java.util.stream.ForEachOps$ForEachOp$OfRef.evaluateSequential(ForEachOps.java:173)
	at java.base/java.util.stream.AbstractPipeline.evaluate(AbstractPipeline.java:234)
	at java.base/java.util.stream.ReferencePipeline.forEach(ReferencePipeline.java:497)
	at org.junit.platform.engine.support.hierarchical.HierarchicalTestExecutor$NodeExecutor.lambda$executeRecursively$3(HierarchicalTestExecutor.java:120)
	at org.junit.platform.engine.support.hierarchical.SingleTestExecutor.executeSafely(SingleTestExecutor.java:66)
	at org.junit.platform.engine.support.hierarchical.HierarchicalTestExecutor$NodeExecutor.executeRecursively(HierarchicalTestExecutor.java:108)
	at org.junit.platform.engine.support.hierarchical.HierarchicalTestExecutor$NodeExecutor.execute(HierarchicalTestExecutor.java:79)
	at org.junit.platform.engine.support.hierarchical.HierarchicalTestExecutor.execute(HierarchicalTestExecutor.java:55)
	at org.junit.platform.engine.support.hierarchical.HierarchicalTestEngine.execute(HierarchicalTestEngine.java:43)
	at org.junit.platform.launcher.core.DefaultLauncher.execute(DefaultLauncher.java:170)
	at org.junit.platform.launcher.core.DefaultLauncher.execute(DefaultLauncher.java:154)
	at org.junit.platform.launcher.core.DefaultLauncher.execute(DefaultLauncher.java:90)
	at com.intellij.junit5.JUnit5IdeaTestRunner.startRunnerWithArgs(JUnit5IdeaTestRunner.java:71)
	at com.intellij.rt.junit.IdeaTestRunner$Repeater.startRunnerWithArgs(IdeaTestRunner.java:33)
	at com.intellij.rt.junit.JUnitStarter.prepareStreamsAndStart(JUnitStarter.java:221)
	at com.intellij.rt.junit.JUnitStarter.main(JUnitStarter.java:54)
12:36:59.916 [main] INFO  stringConverter - starting to convert elements
12:36:59.944 [main] INFO  stringConverter - starting to convert elements
12:37:00.081 [main] INFO  stringConverter - adding element: Country{location='Iran', countryCode='ir', latitude=32.427908, longitude=53.688046, confirmed=2168872, dead=65680, recovered=1749041, updated='2021-04-15T14:15:07'}
12:37:00.085 [main] INFO  stringConverter - starting to convert elements
12:37:00.086 [main] INFO  stringConverter - adding element: Country{location='Iran', countryCode='ir', latitude=32.427908, longitude=53.688046, confirmed=2168872, dead=65680, recovered=1749041, updated='2021-04-15T14:15:07'}
12:37:00.093 [main] ERROR stringConverter - could not convert element at position 1
java.lang.NullPointerException: null
	at StringConverter.convert(StringConverter.java:50)
	at StringConverterTest.testConvertWithWrongInput(StringConverterTest.java:69)
	at java.base/jdk.internal.reflect.NativeMethodAccessorImpl.invoke0(Native Method)
	at java.base/jdk.internal.reflect.NativeMethodAccessorImpl.invoke(NativeMethodAccessorImpl.java:62)
	at java.base/jdk.internal.reflect.DelegatingMethodAccessorImpl.invoke(DelegatingMethodAccessorImpl.java:43)
	at java.base/java.lang.reflect.Method.invoke(Method.java:566)
	at org.junit.platform.commons.util.ReflectionUtils.invokeMethod(ReflectionUtils.java:436)
	at org.junit.jupiter.engine.execution.ExecutableInvoker.invoke(ExecutableInvoker.java:115)
	at org.junit.jupiter.engine.descriptor.TestMethodTestDescriptor.lambda$invokeTestMethod$6(TestMethodTestDescriptor.java:170)
	at org.junit.jupiter.engine.execution.ThrowableCollector.execute(ThrowableCollector.java:40)
	at org.junit.jupiter.engine.descriptor.TestMethodTestDescriptor.invokeTestMethod(TestMethodTestDescriptor.java:166)
	at org.junit.jupiter.engine.descriptor.TestMethodTestDescriptor.execute(TestMethodTestDescriptor.java:113)
	at org.junit.jupiter.engine.descriptor.TestMethodTestDescriptor.execute(TestMethodTestDescriptor.java:58)
	at org.junit.platform.engine.support.hierarchical.HierarchicalTestExecutor$NodeExecutor.lambda$executeRecursively$3(HierarchicalTestExecutor.java:112)
	at org.junit.platform.engine.support.hierarchical.SingleTestExecutor.executeSafely(SingleTestExecutor.java:66)
	at org.junit.platform.engine.support.hierarchical.HierarchicalTestExecutor$NodeExecutor.executeRecursively(HierarchicalTestExecutor.java:108)
	at org.junit.platform.engine.support.hierarchical.HierarchicalTestExecutor$NodeExecutor.execute(HierarchicalTestExecutor.java:79)
	at org.junit.platform.engine.support.hierarchical.HierarchicalTestExecutor$NodeExecutor.lambda$executeRecursively$2(HierarchicalTestExecutor.java:120)
	at java.base/java.util.stream.ForEachOps$ForEachOp$OfRef.accept(ForEachOps.java:183)
	at java.base/java.util.stream.ReferencePipeline$2$1.accept(ReferencePipeline.java:177)
	at java.base/java.util.Iterator.forEachRemaining(Iterator.java:133)
	at java.base/java.util.Spliterators$IteratorSpliterator.forEachRemaining(Spliterators.java:1801)
	at java.base/java.util.stream.AbstractPipeline.copyInto(AbstractPipeline.java:484)
	at java.base/java.util.stream.AbstractPipeline.wrapAndCopyInto(AbstractPipeline.java:474)
	at java.base/java.util.stream.ForEachOps$ForEachOp.evaluateSequential(ForEachOps.java:150)
	at java.base/java.util.stream.ForEachOps$ForEachOp$OfRef.evaluateSequential(ForEachOps.java:173)
	at java.base/java.util.stream.AbstractPipeline.evaluate(AbstractPipeline.java:234)
	at java.base/java.util.stream.ReferencePipeline.forEach(ReferencePipeline.java:497)
	at org.junit.platform.engine.support.hierarchical.HierarchicalTestExecutor$NodeExecutor.lambda$executeRecursively$3(HierarchicalTestExecutor.java:120)
	at org.junit.platform.engine.support.hierarchical.SingleTestExecutor.executeSafely(SingleTestExecutor.java:66)
	at org.junit.platform.engine.support.hierarchical.HierarchicalTestExecutor$NodeExecutor.executeRecursively(HierarchicalTestExecutor.java:108)
	at org.junit.platform.engine.support.hierarchical.HierarchicalTestExecutor$NodeExecutor.execute(HierarchicalTestExecutor.java:79)
	at org.junit.platform.engine.support.hierarchical.HierarchicalTestExecutor$NodeExecutor.lambda$executeRecursively$2(HierarchicalTestExecutor.java:120)
	at java.base/java.util.stream.ForEachOps$ForEachOp$OfRef.accept(ForEachOps.java:183)
	at java.base/java.util.stream.ReferencePipeline$2$1.accept(ReferencePipeline.java:177)
	at java.base/java.util.Iterator.forEachRemaining(Iterator.java:133)
	at java.base/java.util.Spliterators$IteratorSpliterator.forEachRemaining(Spliterators.java:1801)
	at java.base/java.util.stream.AbstractPipeline.copyInto(AbstractPipeline.java:484)
	at java.base/java.util.stream.AbstractPipeline.wrapAndCopyInto(AbstractPipeline.java:474)
	at java.base/java.util.stream.ForEachOps$ForEachOp.evaluateSequential(ForEachOps.java:150)
	at java.base/java.util.stream.ForEachOps$ForEachOp$OfRef.evaluateSequential(ForEachOps.java:173)
	at java.base/java.util.stream.AbstractPipeline.evaluate(AbstractPipeline.java:234)
	at java.base/java.util.stream.ReferencePipeline.forEach(ReferencePipeline.java:497)
	at org.junit.platform.engine.support.hierarchical.HierarchicalTestExecutor$NodeExecutor.lambda$executeRecursively$3(HierarchicalTestExecutor.java:120)
	at org.junit.platform.engine.support.hierarchical.SingleTestExecutor.executeSafely(SingleTestExecutor.java:66)
	at org.junit.platform.engine.support.hierarchical.HierarchicalTestExecutor$NodeExecutor.executeRecursively(HierarchicalTestExecutor.java:108)
	at org.junit.platform.engine.support.hierarchical.HierarchicalTestExecutor$NodeExecutor.execute(HierarchicalTestExecutor.java:79)
	at org.junit.platform.engine.support.hierarchical.HierarchicalTestExecutor.execute(HierarchicalTestExecutor.java:55)
	at org.junit.platform.engine.support.hierarchical.HierarchicalTestEngine.execute(HierarchicalTestEngine.java:43)
	at org.junit.platform.launcher.core.DefaultLauncher.execute(DefaultLauncher.java:170)
	at org.junit.platform.launcher.core.DefaultLauncher.execute(DefaultLauncher.java:154)
	at org.junit.platform.launcher.core.DefaultLauncher.execute(DefaultLauncher.java:90)
	at com.intellij.junit5.JUnit5IdeaTestRunner.startRunnerWithArgs(JUnit5IdeaTestRunner.java:71)
	at com.intellij.rt.junit.IdeaTestRunner$Repeater.startRunnerWithArgs(IdeaTestRunner.java:33)
	at com.intellij.rt.junit.JUnitStarter.prepareStreamsAndStart(JUnitStarter.java:221)
	at com.intellij.rt.junit.JUnitStarter.main(JUnitStarter.java:54)
12:37:00.095 [main] INFO  stringConverter - adding element: Country{location='Russia', countryCode='ru', latitude=61.52401, longitude=105.318756, confirmed=4675153, dead=104398, recovered=4301448, updated='2021-04-15T14:15:07'}
12:38:15.961 [main] INFO  stringConverter - starting to convert elements
12:38:16.095 [main] INFO  stringConverter - adding element: Country{location='Iran', countryCode='ir', latitude=32.427908, longitude=53.688046, confirmed=2168872, dead=65680, recovered=1749041, updated='2021-04-15T14:15:07'}
12:38:16.096 [main] INFO  stringConverter - adding element: Country{location='Germany', countryCode='de', latitude=51.165691, longitude=10.451526, confirmed=3064382, dead=79813, recovered=2736100, updated='2021-04-15T14:15:07'}
12:38:16.097 [main] INFO  stringConverter - adding element: Country{location='Russia', countryCode='ru', latitude=61.52401, longitude=105.318756, confirmed=4675153, dead=104398, recovered=4301448, updated='2021-04-15T14:15:07'}
12:38:16.097 [main] INFO  stringConverter - adding element: Country{location='Nepal', countryCode='np', latitude=28.394857, longitude=84.12400799999999, confirmed=281564, dead=3061, recovered=274447, updated='2021-04-15T10:00:07'}
12:38:16.098 [main] INFO  stringConverter - adding element: Country{location='Saudi Arabia', countryCode='sa', latitude=23.885942, longitude=45.079162, confirmed=401157, dead=6781, recovered=385441, updated='2021-04-15T10:00:07'}
12:38:16.099 [main] INFO  stringConverter - adding element: Country{location='Argentina', countryCode='ar', latitude=-38.416097, longitude=-63.61667199999999, confirmed=2604157, dead=58542, recovered=2278486, updated='2021-04-15T14:15:07'}
12:38:16.099 [main] INFO  stringConverter - adding element: Country{location='Austria', countryCode='at', latitude=47.516231, longitude=14.550072, confirmed=586883, dead=9813, recovered=547604, updated='2021-04-15T10:00:07'}
12:38:16.100 [main] INFO  stringConverter - adding element: Country{location='Jordan', countryCode='jo', latitude=36.1500042, longitude=-95.9882368, confirmed=676175, dead=7987, recovered=617096, updated='2021-04-15T10:00:07'}
12:38:16.100 [main] INFO  stringConverter - adding element: Country{location='Angola', countryCode='ao', latitude=-11.202692, longitude=17.873887, confirmed=23841, dead=557, recovered=22144, updated='2021-04-15T10:00:07'}
12:38:16.101 [main] INFO  stringConverter - adding element: Country{location='Netherlands', countryCode='nl', latitude=52.132633, longitude=5.291265999999999, confirmed=1369411, dead=16848, recovered=0, updated='2021-04-15T10:15:12'}
12:38:16.102 [main] INFO  stringConverter - adding element: Country{location='Bulgaria', countryCode='bg', latitude=42.733883, longitude=25.48583, confirmed=380576, dead=14871, recovered=296998, updated='2021-04-15T10:00:07'}
12:38:16.102 [main] INFO  stringConverter - adding element: Country{location='South Africa', countryCode='za', latitude=-30.559482, longitude=22.937506, confirmed=1584961, dead=103, recovered=1486873, updated='2021-05-04T10:34:59'}
12:38:16.103 [main] INFO  stringConverter - adding element: Country{location='India', countryCode='in', latitude=20.593684, longitude=78.96288, confirmed=20282833, dead=222408, recovered=16613292, updated='2021-05-04T10:30:07'}
12:38:16.104 [main] INFO  stringConverter - adding element: Country{location='Italy', countryCode='it', latitude=41.87194, longitude=12.56738, confirmed=3809193, dead=115557, recovered=3178976, updated='2021-04-15T14:15:07'}
12:38:16.105 [main] INFO  stringConverter - adding element: Country{location='France', countryCode='fr', latitude=46.227638, longitude=2.213749, confirmed=5149834, dead=99777, recovered=315152, updated='2021-04-15T14:15:07'}
12:38:16.105 [main] INFO  stringConverter - adding element: Country{location='Belgium', countryCode='be', latitude=50.503887, longitude=4.469936, confirmed=935316, dead=23603, recovered=60320, updated='2021-04-15T10:15:12'}
12:38:16.106 [main] INFO  stringConverter - adding element: Country{location='Peru', countryCode='pe', latitude=-9.189967, longitude=-75.015152, confirmed=1667737, dead=55812, recovered=1592937, updated='2021-04-15T14:15:07'}
12:38:16.107 [main] INFO  stringConverter - adding element: Country{location='Ukraine', countryCode='ua', latitude=48.379433, longitude=31.1655799, confirmed=1903765, dead=38658, recovered=1453766, updated='2021-04-15T14:15:07'}
12:38:16.108 [main] INFO  stringConverter - adding element: Country{location='UK', countryCode='gb', latitude=55.378051, longitude=-3.435973, confirmed=4378305, dead=127161, recovered=4113338, updated='2021-04-15T14:15:07'}
12:38:16.108 [main] INFO  stringConverter - adding element: Country{location='Syria', countryCode='sy', latitude=34.80207499999999, longitude=38.996815, confirmed=20555, dead=1402, recovered=14335, updated='2021-04-15T10:00:07'}
12:38:16.109 [main] INFO  stringConverter - adding element: Country{location='Azerbaijan', countryCode='az', latitude=40.143105, longitude=47.576927, confirmed=291894, dead=4009, recovered=255833, updated='2021-04-15T10:00:07'}
12:38:16.110 [main] INFO  stringConverter - adding element: Country{location='Colombia', countryCode='co', latitude=4.570868, longitude=-74.297333, confirmed=2585801, dead=66819, recovered=2419265, updated='2021-04-15T14:15:07'}
12:38:16.110 [main] INFO  stringConverter - adding element: Country{location='Indonesia', countryCode='id', latitude=-0.789275, longitude=113.921327, confirmed=1589359, dead=43073, recovered=1438254, updated='2021-04-15T14:15:07'}
12:38:16.111 [main] INFO  stringConverter - adding element: Country{location='Chile', countryCode='cl', latitude=-35.675147, longitude=-71.542969, confirmed=1094267, dead=24548, recovered=1026934, updated='2021-04-15T10:15:12'}
12:38:16.111 [main] INFO  stringConverter - adding element: Country{location='Mexico', countryCode='mx', latitude=23.634501, longitude=-102.552784, confirmed=2291246, dead=210812, recovered=1817866, updated='2021-04-15T14:15:07'}
12:38:16.112 [main] INFO  stringConverter - adding element: Country{location='Turkey', countryCode='tr', latitude=38.963745, longitude=35.243322, confirmed=4025557, dead=34734, recovered=3480146, updated='2021-04-15T14:15:07'}
12:38:16.112 [main] INFO  stringConverter - adding element: Country{location='Spain', countryCode='es', latitude=40.46366700000001, longitude=-3.74922, confirmed=3387022, dead=76756, recovered=3118437, updated='2021-04-15T14:15:07'}
12:38:16.113 [main] INFO  stringConverter - adding element: Country{location='Gabon', countryCode='ga', latitude=-0.803689, longitude=11.609444, confirmed=21566, dead=132, recovered=18219, updated='2021-04-15T10:00:07'}
12:38:16.113 [main] INFO  stringConverter - adding element: Country{location='Poland', countryCode='pl', latitude=51.919438, longitude=19.145136, confirmed=2642242, dead=60612, recovered=2238638, updated='2021-04-15T14:15:07'}
12:38:16.114 [main] INFO  stringConverter - adding element: Country{location='UAE', countryCode='ae', latitude=23.424076, longitude=53.847818, confirmed=489495, dead=1541, recovered=473398, updated='2021-04-15T10:00:07'}
12:38:16.114 [main] INFO  stringConverter - adding element: Country{location='Czechia', countryCode='cz', latitude=49.81749199999999, longitude=15.472962, confirmed=1593847, dead=28229, recovered=1483559, updated='2021-04-15T14:15:07'}
12:38:16.115 [main] INFO  stringConverter - adding element: Country{location='Brazil', countryCode='br', latitude=-14.235004, longitude=-51.92528, confirmed=14791434, dead=408829, recovered=13336476, updated='2021-05-04T10:30:07'}
12:38:16.115 [main] INFO  stringConverter - adding element: Country{location='Guinea', countryCode='gn', latitude=9.945587, longitude=-9.696645, confirmed=21299, dead=136, recovered=18815, updated='2021-04-15T10:00:07'}
12:38:16.116 [main] INFO  stringConverter - adding element: Country{location='Croatia', countryCode='hr', latitude=45.1, longitude=15.2000001, confirmed=300900, dead=6442, recovered=279151, updated='2021-04-15T10:00:07'}
12:38:16.117 [main] INFO  stringConverter - adding element: Country{location='Portugal', countryCode='pt', latitude=39.39987199999999, longitude=-8.224454, confirmed=828857, dead=16931, recovered=786469, updated='2021-04-15T10:00:07'}
12:38:16.118 [main] INFO  stringConverter - adding element: Country{location='Australia', countryCode='au', latitude=-25.274398, longitude=133.775136, confirmed=29457, dead=910, recovered=26381, updated='2021-04-15T10:00:07'}
12:38:16.119 [main] INFO  stringConverter - adding element: Country{location='Hungary', countryCode='hu', latitude=47.162494, longitude=19.5033041, confirmed=736982, dead=24521, recovered=440498, updated='2021-04-15T10:00:07'}
12:38:16.120 [main] INFO  stringConverter - adding element: Country{location='Panama', countryCode='pa', latitude=8.537981, longitude=-80.782127, confirmed=359516, dead=6177, recovered=349318, updated='2021-04-15T10:00:07'}
12:38:16.120 [main] INFO  stringConverter - adding element: Country{location='Ecuador', countryCode='ec', latitude=-1.831239, longitude=-78.18340599999999, confirmed=350539, dead=17400, recovered=298604, updated='2021-04-15T10:00:07'}
12:38:16.121 [main] INFO  stringConverter - adding element: Country{location='Georgia', countryCode='ge', latitude=32.1656221, longitude=-82.9000751, confirmed=292244, dead=3908, recovered=279389, updated='2021-04-15T10:00:07'}
12:38:16.122 [main] INFO  stringConverter - adding element: Country{location='Morocco', countryCode='ma', latitude=31.791702, longitude=-7.092619999999999, confirmed=503664, dead=8920, recovered=489928, updated='2021-04-15T10:00:07'}
12:38:16.123 [main] INFO  stringConverter - adding element: Country{location='Slovakia', countryCode='sk', latitude=48.669026, longitude=19.699024, confirmed=373950, dead=10877, recovered=255300, updated='2021-04-15T10:00:07'}
12:38:16.123 [main] INFO  stringConverter - adding element: Country{location='Paraguay', countryCode='py', latitude=-23.442503, longitude=-58.443832, confirmed=242161, dead=5040, recovered=198473, updated='2021-04-15T10:00:07'}
12:38:16.124 [main] INFO  stringConverter - adding element: Country{location='Egypt', countryCode='eg', latitude=26.820553, longitude=30.802498, confirmed=212961, dead=12570, recovered=161031, updated='2021-04-15T10:00:07'}
12:38:16.125 [main] INFO  stringConverter - adding element: Country{location='Qatar', countryCode='qa', latitude=25.354826, longitude=51.183884, confirmed=192963, dead=348, recovered=171388, updated='2021-04-15T10:00:07'}
12:38:16.126 [main] INFO  stringConverter - adding element: Country{location='Bahrain', countryCode='bh', latitude=26.0667, longitude=50.5577, confirmed=159964, dead=569, recovered=148093, updated='2021-04-15T10:00:07'}
12:38:16.127 [main] INFO  stringConverter - adding element: Country{location='South Korea', countryCode='kr', latitude=35.907757, longitude=127.766922, confirmed=112117, dead=1788, recovered=102513, updated='2021-04-15T10:00:07'}
12:38:16.128 [main] INFO  stringConverter - adding element: Country{location='Kyrgyzstan', countryCode='kg', latitude=41.20438, longitude=74.766098, confirmed=91144, dead=1540, recovered=86491, updated='2021-04-15T10:00:07'}
12:38:16.128 [main] INFO  stringConverter - adding element: Country{location='Bolivia', countryCode='bo', latitude=-16.290154, longitude=-63.58865299999999, confirmed=285291, dead=12519, recovered=234596, updated='2021-04-15T10:00:07'}
12:38:16.129 [main] INFO  stringConverter - adding element: Country{location='Oman', countryCode='om', latitude=21.4735329, longitude=55.975413, confirmed=176668, dead=1821, recovered=156845, updated='2021-04-15T10:00:07'}
12:38:16.130 [main] INFO  stringConverter - adding element: Country{location='Puerto Rico', countryCode='pr', latitude=18.220833, longitude=-66.590149, confirmed=80590, dead=1703, recovered=0, updated='2021-01-17T18:15:05'}
12:38:16.132 [main] INFO  stringConverter - adding element: Country{location='Guatemala', countryCode='gt', latitude=15.783471, longitude=-90.23075899999999, confirmed=207127, dead=7089, recovered=187894, updated='2021-04-15T10:00:07'}
12:38:16.133 [main] INFO  stringConverter - adding element: Country{location='Myanmar', countryCode='mm', latitude=21.916221, longitude=95.955974, confirmed=142610, dead=3206, recovered=131879, updated='2021-04-15T10:00:07'}
12:38:16.134 [main] INFO  stringConverter - adding element: Country{location='Singapore', countryCode='sg', latitude=1.352083, longitude=103.819836, confirmed=60735, dead=30, recovered=60392, updated='2021-04-15T10:00:07'}
12:38:16.135 [main] INFO  stringConverter - adding element: Country{location='Palestine', countryCode='ps', latitude=31.952162, longitude=35.233154, confirmed=274690, dead=2923, recovered=239291, updated='2021-04-15T10:00:07'}
12:38:16.136 [main] INFO  stringConverter - adding element: Country{location='Bosnia and Herzegovina', countryCode='ba', latitude=43.915886, longitude=17.679076, confirmed=186372, dead=7642, recovered=143944, updated='2021-04-15T10:00:07'}
12:38:16.137 [main] INFO  stringConverter - adding element: Country{location='Kenya', countryCode='ke', latitude=-0.023559, longitude=37.906193, confirmed=148128, dead=2420, recovered=99580, updated='2021-04-15T10:00:07'}
12:38:16.137 [main] INFO  stringConverter - adding element: Country{location='Montenegro', countryCode='me', latitude=42.708678, longitude=19.37439, confirmed=94859, dead=1405, recovered=89615, updated='2021-04-15T10:00:07'}
12:38:16.138 [main] INFO  stringConverter - adding element: Country{location='Uzbekistan', countryCode='uz', latitude=41.377491, longitude=64.585262, confirmed=85730, dead=634, recovered=83462, updated='2021-04-15T10:00:07'}
12:38:16.139 [main] INFO  stringConverter - adding element: Country{location='Malaysia', countryCode='my', latitude=4.210484, longitude=101.975766, confirmed=367977, dead=1363, recovered=349039, updated='2021-04-15T10:00:07'}
12:38:16.140 [main] INFO  stringConverter - adding element: Country{location='Kazakhstan', countryCode='kz', latitude=48.019573, longitude=66.923684, confirmed=278695, dead=3306, recovered=239448, updated='2021-04-15T10:00:07'}
12:38:16.141 [main] INFO  stringConverter - adding element: Country{location='Albania', countryCode='al', latitude=41.153332, longitude=20.168331, confirmed=128959, dead=2331, recovered=99441, updated='2021-04-15T10:00:07'}
12:38:16.141 [main] INFO  stringConverter - adding element: Country{location='Afghanistan', countryCode='af', latitude=33.93911, longitude=67.709953, confirmed=57612, dead=2535, recovered=52083, updated='2021-04-15T10:00:07'}
12:38:16.142 [main] INFO  stringConverter - adding element: Country{location='Dominican Republic', countryCode='do', latitude=18.735693, longitude=-70.162651, confirmed=259260, dead=3402, recovered=217286, updated='2021-04-15T10:00:07'}
12:38:16.142 [main] INFO  stringConverter - adding element: Country{location='Lithuania', countryCode='lt', latitude=55.169438, longitude=23.881275, confirmed=230462, dead=3730, recovered=208890, updated='2021-04-15T10:00:07'}
12:38:16.143 [main] INFO  stringConverter - adding element: Country{location='Libya', countryCode='ly', latitude=26.3351, longitude=17.228331, confirmed=170045, dead=2834, recovered=155117, updated='2021-04-15T10:00:07'}
12:38:16.143 [main] INFO  stringConverter - adding element: Country{location='Honduras', countryCode='hn', latitude=15.199999, longitude=-86.241905, confirmed=198214, dead=4905, recovered=76130, updated='2021-04-15T10:00:07'}
12:38:16.144 [main] INFO  stringConverter - adding element: Country{location='Nigeria', countryCode='ng', latitude=9.081999, longitude=8.675277, confirmed=164000, dead=2061, recovered=154270, updated='2021-04-15T10:00:07'}
12:38:16.144 [main] INFO  stringConverter - adding element: Country{location='Algeria', countryCode='dz', latitude=28.033886, longitude=1.659626, confirmed=118975, dead=3141, recovered=82929, updated='2021-04-15T10:00:07'}
12:38:16.144 [main] INFO  stringConverter - adding element: Country{location='China', countryCode='cn', latitude=35.86166, longitude=104.195397, confirmed=90457, dead=4636, recovered=85524, updated='2021-04-15T10:00:07'}
12:38:16.145 [main] INFO  stringConverter - adding element: Country{location='Lebanon', countryCode='lb', latitude=33.854721, longitude=35.862285, confirmed=502299, dead=6778, recovered=413175, updated='2021-04-15T10:00:07'}
12:38:16.145 [main] INFO  stringConverter - adding element: Country{location='Kuwait', countryCode='kw', latitude=29.31166, longitude=47.481766, confirmed=251675, dead=1423, recovered=235053, updated='2021-04-15T10:00:07'}
12:38:16.146 [main] INFO  stringConverter - adding element: Country{location='Slovenia', countryCode='si', latitude=46.151241, longitude=14.995463, confirmed=229967, dead=4142, recovered=212815, updated='2021-04-15T10:00:07'}
12:38:16.147 [main] INFO  stringConverter - adding element: Country{location='Venezuela', countryCode='ve', latitude=6.42375, longitude=-66.58973, confirmed=178094, dead=1834, recovered=160620, updated='2021-04-15T10:00:07'}
12:38:16.148 [main] INFO  stringConverter - adding element: Country{location='North Macedonia', countryCode='mk', latitude=41.608635, longitude=21.745275, confirmed=144111, dead=4322, recovered=119683, updated='2021-04-15T10:00:07'}
12:38:16.149 [main] INFO  stringConverter - adding element: Country{location='Ghana', countryCode='gh', latitude=7.946527, longitude=-1.023194, confirmed=91477, dead=763, recovered=89301, updated='2021-04-15T10:00:07'}
12:38:16.149 [main] INFO  stringConverter - adding element: Country{location='El Salvador', countryCode='sv', latitude=13.794185, longitude=-88.89653, confirmed=66956, dead=2060, recovered=63345, updated='2021-04-15T10:00:07'}
12:38:16.150 [main] INFO  stringConverter - adding element: Country{location='Greece', countryCode='gr', latitude=39.074208, longitude=21.824312, confirmed=304184, dead=9135, recovered=261176, updated='2021-04-15T10:00:07'}
12:38:16.150 [main] INFO  stringConverter - adding element: Country{location='Tunisia', countryCode='tn', latitude=33.886917, longitude=9.537499, confirmed=276727, dead=9480, recovered=229754, updated='2021-04-15T10:00:07'}
12:38:16.151 [main] INFO  stringConverter - adding element: Country{location='Mali', countryCode='ml', latitude=17.570692, longitude=-3.996166, confirmed=12467, dead=419, recovered=7238, updated='2021-04-15T10:00:07'}
12:38:16.151 [main] INFO  stringConverter - adding element: Country{location='Trinidad and Tobago', countryCode='tt', latitude=10.691803, longitude=-61.222503, confirmed=8596, dead=148, recovered=7818, updated='2021-04-15T10:00:07'}
12:38:16.152 [main] INFO  stringConverter - adding element: Country{location='Timor-Leste', countryCode='tl', latitude=-8.874217, longitude=125.727539, confirmed=1103, dead=2, recovered=564, updated='2021-04-15T10:00:07'}
12:38:16.152 [main] INFO  stringConverter - adding element: Country{location='Cameroon', countryCode='cm', latitude=7.369721999999999, longitude=12.354722, confirmed=61731, dead=919, recovered=56926, updated='2021-04-15T10:00:07'}
12:38:16.153 [main] INFO  stringConverter - adding element: Country{location='Estonia', countryCode='ee', latitude=58.595272, longitude=25.0136071, confirmed=116200, dead=1064, recovered=99096, updated='2021-04-15T10:00:07'}
12:38:16.153 [main] INFO  stringConverter - adding element: Country{location='Eswatini', countryCode='sz', latitude=-26.522503, longitude=31.465866, confirmed=18407, dead=670, recovered=17682, updated='2021-04-15T10:00:07'}
12:38:16.154 [main] INFO  stringConverter - adding element: Country{location='Cyprus', countryCode='cy', latitude=35.126413, longitude=33.429859, confirmed=53254, dead=277, recovered=39061, updated='2021-04-15T10:00:07'}
12:38:16.154 [main] INFO  stringConverter - adding element: Country{location='Uganda', countryCode='ug', latitude=1.373333, longitude=32.290275, confirmed=41237, dead=338, recovered=40779, updated='2021-04-15T10:00:07'}
12:38:16.155 [main] INFO  stringConverter - adding element: Country{location='Senegal', countryCode='sn', latitude=14.497401, longitude=-14.452362, confirmed=39560, dead=1084, recovered=38290, updated='2021-04-15T10:00:07'}
12:38:16.155 [main] INFO  stringConverter - adding element: Country{location='Hong Kong', countryCode='hk', latitude=22.3193039, longitude=114.1693611, confirmed=11619, dead=209, recovered=11246, updated='2021-04-15T10:00:07'}
12:38:16.156 [main] INFO  stringConverter - adding element: Country{location='Guyana', countryCode='gy', latitude=4.860416, longitude=-58.93018, confirmed=11374, dead=260, recovered=9880, updated='2021-04-15T10:00:07'}
12:38:16.156 [main] INFO  stringConverter - adding element: Country{location='Latvia', countryCode='lv', latitude=56.879635, longitude=24.603189, confirmed=109731, dead=2030, recovered=100464, updated='2021-04-15T10:00:07'}
12:38:16.157 [main] INFO  stringConverter - adding element: Country{location='Zambia', countryCode='zm', latitude=-13.133897, longitude=27.849332, confirmed=90389, dead=1229, recovered=88241, updated='2021-04-15T10:00:07'}
12:38:16.157 [main] INFO  stringConverter - adding element: Country{location='Namibia', countryCode='na', latitude=38.911651, longitude=-77.0412109, confirmed=46051, dead=592, recovered=44162, updated='2021-04-15T10:00:07'}
12:38:16.158 [main] INFO  stringConverter - adding element: Country{location='Thailand', countryCode='th', latitude=15.870032, longitude=100.992541, confirmed=37453, dead=97, recovered=28383, updated='2021-04-15T10:00:07'}
12:38:16.158 [main] INFO  stringConverter - adding element: Country{location='Madagascar', countryCode='mg', latitude=-18.766947, longitude=46.869107, confirmed=29348, dead=520, recovered=24695, updated='2021-04-15T10:00:07'}
12:38:16.159 [main] INFO  stringConverter - adding element: Country{location='DRC', countryCode='cd', latitude=-4.038333, longitude=21.758664, confirmed=28714, dead=745, recovered=25841, updated='2021-04-15T10:00:07'}
12:38:16.159 [main] INFO  stringConverter - adding element: Country{location='Maldives', countryCode='mv', latitude=3.202778, longitude=73.22068, confirmed=25844, dead=67, recovered=23141, updated='2021-04-15T10:00:07'}
12:38:16.159 [main] INFO  stringConverter - adding element: Country{location='Mauritania', countryCode='mr', latitude=21.00789, longitude=-10.940835, confirmed=18066, dead=452, recovered=17428, updated='2021-04-15T10:00:07'}
12:38:16.160 [main] INFO  stringConverter - adding element: Country{location='Haiti', countryCode='ht', latitude=18.971187, longitude=-72.285215, confirmed=12857, dead=251, recovered=11614, updated='2021-04-15T10:00:07'}
12:38:16.160 [main] INFO  stringConverter - adding element: Country{location='Dominica', countryCode='dm', latitude=15.414999, longitude=-61.37097600000001, confirmed=165, dead=0, recovered=159, updated='2021-04-15T10:00:07'}
12:38:16.161 [main] INFO  stringConverter - adding element: Country{location='Malawi', countryCode='mw', latitude=-13.254308, longitude=34.301525, confirmed=33891, dead=1134, recovered=31675, updated='2021-04-15T10:00:07'}
12:38:16.161 [main] INFO  stringConverter - adding element: Country{location='Fiji', countryCode='fj', latitude=-17.713371, longitude=178.065032, confirmed=68, dead=2, recovered=64, updated='2021-04-15T10:00:07'}
12:38:16.161 [main] INFO  stringConverter - adding element: Country{location='Andorra', countryCode='ad', latitude=42.506285, longitude=1.521801, confirmed=12641, dead=121, recovered=11989, updated='2021-04-15T10:00:07'}
12:38:16.162 [main] INFO  stringConverter - adding element: Country{location='Congo', countryCode='cg', latitude=-4.038333, longitude=21.758664, confirmed=10084, dead=139, recovered=8208, updated='2021-04-15T10:00:07'}
12:38:16.162 [main] INFO  stringConverter - adding element: Country{location='Cuba', countryCode='cu', latitude=21.521757, longitude=-77.781167, confirmed=89404, dead=487, recovered=84114, updated='2021-04-15T10:00:07'}
12:38:16.162 [main] INFO  stringConverter - adding element: Country{location='Cabo Verde', countryCode='cv', latitude=16.5388, longitude=-23.0418, confirmed=19525, dead=188, recovered=17645, updated='2021-04-15T10:00:07'}
12:38:16.163 [main] INFO  stringConverter - adding element: Country{location='Botswana', countryCode='bw', latitude=-22.328474, longitude=24.684866, confirmed=43444, dead=663, recovered=38923, updated='2021-04-15T10:00:07'}
12:38:16.164 [main] INFO  stringConverter - adding element: Country{location='Finland', countryCode='fi', latitude=61.92410999999999, longitude=25.7481511, confirmed=83253, dead=881, recovered=46000, updated='2021-04-15T10:00:07'}
12:38:16.164 [main] INFO  stringConverter - adding element: Country{location='French Polynesia', countryCode='pf', latitude=-17.679742, longitude=-149.406843, confirmed=18680, dead=141, recovered=4842, updated='2021-04-15T10:00:07'}
12:38:16.165 [main] INFO  stringConverter - adding element: Country{location='Belize', countryCode='bz', latitude=17.189877, longitude=-88.49765, confirmed=12522, dead=318, recovered=12140, updated='2021-04-15T10:00:07'}
12:38:16.165 [main] INFO  stringConverter - adding element: Country{location='Bahamas', countryCode='bs', latitude=25.03428, longitude=-77.39627999999999, confirmed=9505, dead=190, recovered=8965, updated='2021-04-15T10:00:07'}
12:38:16.165 [main] INFO  stringConverter - adding element: Country{location='Falkland Islands', countryCode='fk', latitude=-51.796253, longitude=-59.523613, confirmed=62, dead=0, recovered=55, updated='2021-04-15T10:00:07'}
12:38:16.166 [main] INFO  stringConverter - adding element: Country{location='Uruguay', countryCode='uy', latitude=-32.522779, longitude=-55.765835, confirmed=152089, dead=1647, recovered=119388, updated='2021-04-15T10:00:07'}
12:38:16.166 [main] INFO  stringConverter - adding element: Country{location='Jamaica', countryCode='jm', latitude=18.109581, longitude=-77.297508, confirmed=43054, dead=692, recovered=19248, updated='2021-04-15T10:00:07'}
12:38:16.166 [main] INFO  stringConverter - adding element: Country{location='Malta', countryCode='mt', latitude=35.937496, longitude=14.375416, confirmed=29778, dead=403, recovered=28797, updated='2021-04-15T10:00:07'}
12:38:16.167 [main] INFO  stringConverter - adding element: Country{location='Djibouti', countryCode='dj', latitude=11.825138, longitude=42.590275, confirmed=10202, dead=106, recovered=8591, updated='2021-04-15T10:00:07'}
12:38:16.167 [main] INFO  stringConverter - adding element: Country{location='Guinea-Bissau', countryCode='gw', latitude=11.803749, longitude=-15.180413, confirmed=3694, dead=66, recovered=3093, updated='2021-04-15T10:00:07'}
12:38:16.168 [main] INFO  stringConverter - adding element: Country{location='U.S. Virgin Islands', countryCode='vi', latitude=18.335765, longitude=-64.896335, confirmed=2260, dead=24, recovered=2120, updated='2021-01-17T18:15:05'}
12:38:16.168 [main] INFO  stringConverter - adding element: Country{location='Liechtenstein', countryCode='li', latitude=47.166, longitude=9.555373, confirmed=2770, dead=56, recovered=2646, updated='2021-04-15T10:00:07'}
12:38:16.168 [main] INFO  stringConverter - adding element: Country{location='Sint Maarten', countryCode='sx', latitude=18.04248, longitude=-63.05483, confirmed=2196, dead=27, recovered=2133, updated='2021-04-15T10:00:07'}
12:38:16.169 [main] INFO  stringConverter - adding element: Country{location='Bermuda', countryCode='bm', latitude=32.3078, longitude=-64.7505, confirmed=1935, dead=16, recovered=1051, updated='2021-04-15T10:00:07'}
12:38:16.169 [main] INFO  stringConverter - adding element: Country{location='Benin', countryCode='bj', latitude=9.30769, longitude=2.315834, confirmed=7611, dead=95, recovered=6728, updated='2021-04-15T10:00:07'}
12:38:16.170 [main] INFO  stringConverter - adding element: Country{location='Iceland', countryCode='is', latitude=64.963051, longitude=-19.020835, confirmed=6275, dead=29, recovered=6163, updated='2021-04-15T10:00:07'}
12:38:16.170 [main] INFO  stringConverter - adding element: Country{location='Yemen', countryCode='ye', latitude=15.552727, longitude=48.516388, confirmed=5582, dead=1083, recovered=2128, updated='2021-04-15T10:00:07'}
12:38:16.171 [main] INFO  stringConverter - adding element: Country{location='Gibraltar', countryCode='gi', latitude=36.140751, longitude=-5.353585, confirmed=4290, dead=94, recovered=4181, updated='2021-04-15T10:00:07'}
12:38:16.172 [main] INFO  stringConverter - adding element: Country{location='New Zealand', countryCode='nz', latitude=-40.900557, longitude=174.885971, confirmed=2591, dead=26, recovered=2464, updated='2021-04-15T10:00:07'}
12:38:16.172 [main] INFO  stringConverter - adding element: Country{location='Bhutan', countryCode='bt', latitude=27.514162, longitude=90.433601, confirmed=929, dead=1, recovered=876, updated='2021-04-15T10:00:07'}
12:38:16.173 [main] INFO  stringConverter - adding element: Country{location='Faeroe Islands', countryCode='fo', latitude=61.89263500000001, longitude=-6.9118061, confirmed=662, dead=1, recovered=660, updated='2021-04-15T10:00:07'}
12:38:16.173 [main] INFO  stringConverter - adding element: Country{location='Belarus', countryCode='by', latitude=53.709807, longitude=27.953389, confirmed=338801, dead=2383, recovered=329135, updated='2021-04-15T10:00:07'}
12:38:16.174 [main] INFO  stringConverter - adding element: Country{location='Somaliland', countryCode='05', latitude=9.411743399999999, longitude=46.8252838, confirmed=1354, dead=47, recovered=1200, updated='2021-01-17T18:15:05'}
12:38:16.174 [main] INFO  stringConverter - adding element: Country{location='Togo', countryCode='tg', latitude=8.619543, longitude=0.824782, confirmed=12214, dead=117, recovered=9543, updated='2021-04-15T10:00:07'}
12:38:16.175 [main] INFO  stringConverter - adding element: Country{location='Lesotho', countryCode='ls', latitude=-29.609988, longitude=28.233608, confirmed=10709, dead=315, recovered=5028, updated='2021-04-15T10:00:07'}
12:38:16.175 [main] INFO  stringConverter - adding element: Country{location='San Marino', countryCode='sm', latitude=43.94236, longitude=12.457777, confirmed=5004, dead=86, recovered=4625, updated='2021-04-15T10:00:07'}
12:38:16.176 [main] INFO  stringConverter - adding element: Country{location='Rwanda', countryCode='rw', latitude=-1.940278, longitude=29.873888, confirmed=23672, dead=317, recovered=21594, updated='2021-04-15T10:00:07'}
12:38:16.176 [main] INFO  stringConverter - adding element: Country{location='Suriname', countryCode='sr', latitude=3.919305, longitude=-56.027783, confirmed=9417, dead=184, recovered=8725, updated='2021-04-15T10:00:07'}
12:38:16.176 [main] INFO  stringConverter - adding element: Country{location='Liberia', countryCode='lr', latitude=6.428055, longitude=-9.429499000000002, confirmed=2042, dead=85, recovered=1899, updated='2021-04-15T10:00:07'}
12:38:16.177 [main] INFO  stringConverter - adding element: Country{location='Somalia', countryCode='so', latitude=5.152149, longitude=46.199616, confirmed=12837, dead=656, recovered=5346, updated='2021-04-15T10:00:07'}
12:38:16.177 [main] INFO  stringConverter - adding element: Country{location='South Sudan', countryCode='ss', latitude=6.876991899999999, longitude=31.3069788, confirmed=10416, dead=114, recovered=10148, updated='2021-04-15T10:00:07'}
12:38:16.178 [main] INFO  stringConverter - adding element: Country{location='Papua New Guinea', countryCode='pg', latitude=-6.314992999999999, longitude=143.95555, confirmed=8984, dead=71, recovered=846, updated='2021-04-15T10:00:07'}
12:38:16.179 [main] INFO  stringConverter - adding element: Country{location='Equatorial Guinea', countryCode='gq', latitude=1.650801, longitude=10.267895, confirmed=7259, dead=106, recovered=6885, updated='2021-04-15T10:00:07'}
12:38:16.179 [main] INFO  stringConverter - adding element: Country{location='CAR', countryCode='cf', latitude=6.611110999999999, longitude=20.939444, confirmed=5682, dead=75, recovered=5112, updated='2021-04-15T10:00:07'}
12:38:16.180 [main] INFO  stringConverter - adding element: Country{location='Chad', countryCode='td', latitude=15.454166, longitude=18.732207, confirmed=4662, dead=167, recovered=4312, updated='2021-04-15T10:00:07'}
12:38:16.180 [main] INFO  stringConverter - adding element: Country{location='Vietnam', countryCode='vn', latitude=14.058324, longitude=108.277199, confirmed=2737, dead=35, recovered=2445, updated='2021-04-15T10:00:07'}
12:38:16.181 [main] INFO  stringConverter - adding element: Country{location='Monaco', countryCode='mc', latitude=43.73841760000001, longitude=7.424615799999999, confirmed=2384, dead=31, recovered=2266, updated='2021-04-15T10:00:07'}
12:38:16.181 [main] INFO  stringConverter - adding element: Country{location='Curaçao', countryCode='cw', latitude=12.16957, longitude=-68.99002, confirmed=11581, dead=78, recovered=7666, updated='2021-04-15T10:00:07'}
12:38:16.181 [main] INFO  stringConverter - adding element: Country{location='Taiwan', countryCode='tw', latitude=23.69781, longitude=120.960515, confirmed=1068, dead=11, recovered=1031, updated='2021-04-15T10:00:07'}
12:38:16.182 [main] INFO  stringConverter - adding element: Country{location='Jersey', countryCode='je', latitude=49.2137711, longitude=-2.1357662, confirmed=2908, dead=56, recovered=2561, updated='2021-01-17T18:15:05'}
12:38:16.182 [main] INFO  stringConverter - adding element: Country{location='Luxembourg', countryCode='lu', latitude=49.815273, longitude=6.129582999999999, confirmed=64334, dead=784, recovered=60203, updated='2021-04-15T10:00:07'}
12:38:16.183 [main] INFO  stringConverter - adding element: Country{location='Aruba', countryCode='aw', latitude=12.52111, longitude=-69.968338, confirmed=10159, dead=92, recovered=9573, updated='2021-04-15T10:00:07'}
12:38:16.183 [main] INFO  stringConverter - adding element: Country{location='Niger', countryCode='ne', latitude=17.607789, longitude=8.081666, confirmed=5081, dead=189, recovered=4760, updated='2021-04-15T10:00:07'}
12:38:16.184 [main] INFO  stringConverter - adding element: Country{location='Diamond Princess', countryCode='01', latitude=40.86429589999999, longitude=-73.9614914, confirmed=712, dead=13, recovered=699, updated='2021-04-15T10:00:07'}
12:38:16.184 [main] INFO  stringConverter - adding element: Country{location='Sierra Leone', countryCode='sl', latitude=8.460555, longitude=-11.779889, confirmed=4013, dead=79, recovered=2832, updated='2021-04-15T10:00:07'}
12:38:16.184 [main] INFO  stringConverter - adding element: Country{location='Burundi', countryCode='bi', latitude=-3.373056, longitude=29.918886, confirmed=3333, dead=6, recovered=773, updated='2021-04-15T10:00:07'}
12:38:16.185 [main] INFO  stringConverter - adding element: Country{location='Seychelles', countryCode='sc', latitude=-4.679574, longitude=55.491977, confirmed=4633, dead=25, recovered=4310, updated='2021-04-15T10:00:07'}
12:38:16.185 [main] INFO  stringConverter - adding element: Country{location='Saint Pierre Miquelon', countryCode='pm', latitude=46.8852, longitude=-56.3159, confirmed=24, dead=0, recovered=24, updated='2021-04-15T10:00:07'}
12:38:16.186 [main] INFO  stringConverter - adding element: Country{location='United States', countryCode='us', latitude=37.09024, longitude=-95.712891, confirmed=33230992, dead=591514, recovered=25908684, updated='2021-05-04T10:30:07'}
12:38:16.186 [main] INFO  stringConverter - adding element: Country{location='Laos', countryCode='la', latitude=19.85627, longitude=102.495496, confirmed=53, dead=0, recovered=49, updated='2021-04-15T10:00:07'}
12:38:16.187 [main] INFO  stringConverter - adding element: Country{location='Saint Kitts and Nevis', countryCode='kn', latitude=17.357822, longitude=-62.782998, confirmed=44, dead=0, recovered=44, updated='2021-04-15T10:00:07'}
12:38:16.187 [main] INFO  stringConverter - adding element: Country{location='Romania', countryCode='ro', latitude=45.943161, longitude=24.96676, confirmed=1016449, dead=25605, recovered=920653, updated='2021-04-15T10:15:12'}
12:38:16.191 [main] INFO  stringConverter - adding element: Country{location='French Guiana', countryCode='gf', latitude=3.933889, longitude=-53.125782, confirmed=17883, dead=95, recovered=9995, updated='2021-04-15T10:00:07'}
12:38:16.192 [main] INFO  stringConverter - adding element: Country{location='Barbados', countryCode='bb', latitude=13.193887, longitude=-59.543198, confirmed=3744, dead=44, recovered=3634, updated='2021-04-15T10:00:07'}
12:38:16.193 [main] INFO  stringConverter - adding element: Country{location='Sao Tome and Principe', countryCode='st', latitude=0.18636, longitude=6.613080999999999, confirmed=2269, dead=35, recovered=2196, updated='2021-04-15T10:00:07'}
12:38:16.194 [main] INFO  stringConverter - adding element: Country{location='Macao', countryCode='mo', latitude=22.198745, longitude=113.543873, confirmed=49, dead=0, recovered=48, updated='2021-04-15T10:00:07'}
12:38:16.194 [main] INFO  stringConverter - adding element: Country{location='Montserrat', countryCode='ms', latitude=16.742498, longitude=-62.187366, confirmed=20, dead=1, recovered=19, updated='2021-04-15T10:00:07'}
12:38:16.194 [main] INFO  stringConverter - adding element: Country{location='Saint Martin', countryCode='mf', latitude=18.0708298, longitude=-63.0500809, confirmed=1693, dead=12, recovered=1399, updated='2021-04-15T10:00:07'}
12:38:16.195 [main] INFO  stringConverter - adding element: Country{location='Sint Eustatius', countryCode='bq', latitude=17.4890306, longitude=-62.973555, confirmed=18, dead=0, recovered=18, updated='2021-01-17T18:15:05'}
12:38:16.198 [main] INFO  stringConverter - adding element: Country{location='Isle of Man', countryCode='im', latitude=54.236107, longitude=-4.548056, confirmed=1575, dead=29, recovered=1445, updated='2021-04-15T10:00:07'}
12:38:16.199 [main] INFO  stringConverter - adding element: Country{location='Tanzania', countryCode='tz', latitude=-6.369028, longitude=34.888822, confirmed=509, dead=21, recovered=183, updated='2021-04-15T10:00:07'}
12:38:16.200 [main] INFO  stringConverter - adding element: Country{location='Samoa', countryCode='ws', latitude=-13.759029, longitude=-172.104629, confirmed=3, dead=0, recovered=2, updated='2021-04-15T10:00:07'}
12:38:16.200 [main] INFO  stringConverter - adding element: Country{location='Coral Princess', countryCode='11', latitude=20.5331399, longitude=-86.9387546, confirmed=12, dead=3, recovered=0, updated='2021-01-17T18:15:05'}
12:38:16.201 [main] INFO  stringConverter - adding element: Country{location='Brunei ', countryCode='bn', latitude=4.535277, longitude=114.727669, confirmed=221, dead=3, recovered=206, updated='2021-04-15T10:00:07'}
12:38:16.201 [main] INFO  stringConverter - adding element: Country{location='Japan', countryCode='jp', latitude=36.204824, longitude=138.252924, confirmed=512169, dead=9469, recovered=471007, updated='2021-04-15T10:00:07'}
12:38:16.202 [main] INFO  stringConverter - adding element: Country{location='St. Barth', countryCode='bl', latitude=17.9, longitude=-62.833333, confirmed=907, dead=1, recovered=462, updated='2021-04-15T10:00:07'}
12:38:16.203 [main] INFO  stringConverter - adding element: Country{location='Moldova', countryCode='md', latitude=47.411631, longitude=28.369885, confirmed=243365, dead=5466, recovered=226325, updated='2021-04-15T10:00:07'}
12:38:16.203 [main] INFO  stringConverter - adding element: Country{location='British Virgin Islands', countryCode='vg', latitude=18.420695, longitude=-64.639968, confirmed=178, dead=1, recovered=159, updated='2021-04-15T10:00:07'}
12:38:16.204 [main] INFO  stringConverter - adding element: Country{location='Grenada', countryCode='gd', latitude=12.1165, longitude=-61.67899999999999, confirmed=155, dead=1, recovered=152, updated='2021-04-15T10:00:07'}
12:38:16.204 [main] INFO  stringConverter - adding element: Country{location='Anguilla', countryCode='ai', latitude=18.220554, longitude=-63.06861499999999, confirmed=25, dead=0, recovered=22, updated='2021-04-15T10:00:07'}
12:38:16.204 [main] INFO  stringConverter - adding element: Country{location='New Caledonia', countryCode='nc', latitude=-20.904305, longitude=165.618042, confirmed=121, dead=0, recovered=58, updated='2021-04-15T10:00:07'}
12:38:16.205 [main] INFO  stringConverter - adding element: Country{location='Marshall Islands', countryCode='mh', latitude=7.131474, longitude=171.184478, confirmed=4, dead=0, recovered=4, updated='2021-04-15T10:00:07'}
12:38:16.205 [main] INFO  stringConverter - adding element: Country{location='Canada', countryCode='ca', latitude=56.130366, longitude=-106.346771, confirmed=1087152, dead=23445, recovered=983506, updated='2021-04-15T10:15:12'}
12:38:16.205 [main] INFO  stringConverter - adding element: Country{location='Mayotte', countryCode='yt', latitude=-12.8275, longitude=45.166244, confirmed=19757, dead=168, recovered=2964, updated='2021-04-15T10:00:07'}
12:38:16.206 [main] INFO  stringConverter - adding element: Country{location='Greenland', countryCode='gl', latitude=71.706936, longitude=-42.604303, confirmed=31, dead=0, recovered=31, updated='2021-04-15T10:00:07'}
12:38:16.206 [main] INFO  stringConverter - adding element: Country{location='Vatican City', countryCode='va', latitude=41.902916, longitude=12.453389, confirmed=27, dead=0, recovered=15, updated='2021-04-15T10:00:07'}
12:38:16.207 [main] INFO  stringConverter - adding element: Country{location='Solomon Islands', countryCode='sb', latitude=-9.64571, longitude=160.156194, confirmed=19, dead=0, recovered=18, updated='2021-04-15T10:00:07'}
12:38:16.207 [main] INFO  stringConverter - adding element: Country{location='Réunion', countryCode='re', latitude=-21.115141, longitude=55.536384, confirmed=18425, dead=135, recovered=16794, updated='2021-04-15T10:00:07'}
12:38:16.207 [main] INFO  stringConverter - adding element: Country{location='Guadeloupe', countryCode='gp', latitude=16.265, longitude=-61.55099999999999, confirmed=12717, dead=176, recovered=2242, updated='2021-04-15T10:00:07'}
12:38:16.208 [main] INFO  stringConverter - adding element: Country{location='Gambia', countryCode='gm', latitude=13.443182, longitude=-15.310139, confirmed=5682, dead=170, recovered=5165, updated='2021-04-15T10:00:07'}
12:38:16.208 [main] INFO  stringConverter - adding element: Country{location='Guernsey', countryCode='gg', latitude=49.4481982, longitude=-2.58949, confirmed=309, dead=13, recovered=288, updated='2021-01-17T18:15:05'}
12:38:16.208 [main] INFO  stringConverter - adding element: Country{location='Saint Lucia', countryCode='lc', latitude=13.909444, longitude=-60.978893, confirmed=4355, dead=64, recovered=4208, updated='2021-04-15T10:00:07'}
12:38:16.209 [main] INFO  stringConverter - adding element: Country{location='St. Vincent Grenadines', countryCode='vc', latitude=12.984305, longitude=-61.287228, confirmed=1812, dead=10, recovered=1677, updated='2021-04-15T10:00:07'}
12:38:16.209 [main] INFO  stringConverter - adding element: Country{location='Vanuatu', countryCode='vu', latitude=-15.376706, longitude=166.959158, confirmed=3, dead=0, recovered=1, updated='2021-04-15T10:00:07'}
12:38:16.210 [main] INFO  stringConverter - adding element: Country{location='Martinique', countryCode='mq', latitude=14.641528, longitude=-61.024174, confirmed=9890, dead=64, recovered=98, updated='2021-04-15T10:00:07'}
12:38:16.210 [main] INFO  stringConverter - adding element: Country{location='Cayman Islands', countryCode='ky', latitude=19.3133, longitude=-81.2546, confirmed=523, dead=2, recovered=498, updated='2021-04-15T10:00:07'}
12:38:16.211 [main] INFO  stringConverter - adding element: Country{location='Mongolia', countryCode='mn', latitude=46.862496, longitude=103.846656, confirmed=18565, dead=31, recovered=10638, updated='2021-04-15T10:00:07'}
12:38:16.212 [main] INFO  stringConverter - adding element: Country{location='Sudan', countryCode='sd', latitude=12.862807, longitude=30.217636, confirmed=31790, dead=2208, recovered=25539, updated='2021-04-15T10:00:07'}
12:38:16.212 [main] INFO  stringConverter - adding element: Country{location='Tajikistan', countryCode='tj', latitude=38.861034, longitude=71.276093, confirmed=13308, dead=90, recovered=13218, updated='2021-04-15T10:00:07'}
12:38:16.213 [main] INFO  stringConverter - adding element: Country{location='Comoros', countryCode='km', latitude=-11.6455, longitude=43.3333, confirmed=3803, dead=146, recovered=3582, updated='2021-04-15T10:00:07'}
12:38:16.213 [main] INFO  stringConverter - adding element: Country{location='Turks and Caicos', countryCode='tc', latitude=21.694025, longitude=-71.797928, confirmed=2360, dead=17, recovered=2285, updated='2021-04-15T10:00:07'}
12:38:16.213 [main] INFO  stringConverter - adding element: Country{location='Mauritius', countryCode='mu', latitude=-20.348404, longitude=57.55215200000001, confirmed=1201, dead=15, recovered=841, updated='2021-04-15T10:00:07'}
12:38:16.214 [main] INFO  stringConverter - adding element: Country{location='Philippines', countryCode='ph', latitude=12.879721, longitude=121.774017, confirmed=904285, dead=15594, recovered=705164, updated='2021-04-15T10:15:12'}
12:38:16.215 [main] INFO  stringConverter - adding element: Country{location='Israel', countryCode='il', latitude=31.046051, longitude=34.851612, confirmed=836504, dead=6312, recovered=827184, updated='2021-04-15T10:00:07'}
12:38:16.215 [main] INFO  stringConverter - adding element: Country{location='Northern Cyprus', countryCode='00', latitude=35.2480359, longitude=33.6577243, confirmed=1850, dead=11, recovered=1602, updated='2021-01-17T18:15:05'}
12:38:16.215 [main] INFO  stringConverter - adding element: Country{location='Bangladesh', countryCode='bd', latitude=23.684994, longitude=90.356331, confirmed=703170, dead=9987, recovered=591299, updated='2021-04-15T10:00:07'}
12:38:16.216 [main] INFO  stringConverter - adding element: Country{location='Sweden', countryCode='se', latitude=60.12816100000001, longitude=18.643501, confirmed=885385, dead=13720, recovered=0, updated='2021-04-15T10:00:07'}
12:38:16.216 [main] INFO  stringConverter - adding element: Country{location='Serbia', countryCode='rs', latitude=44.016521, longitude=21.005859, confirmed=651899, dead=5846, recovered=571312, updated='2021-04-15T10:00:07'}
12:38:16.217 [main] INFO  stringConverter - adding element: Country{location='Denmark', countryCode='dk', latitude=56.26392, longitude=9.501785, confirmed=239532, dead=2447, recovered=228685, updated='2021-04-15T10:00:07'}
12:38:16.217 [main] INFO  stringConverter - adding element: Country{location='Switzerland', countryCode='ch', latitude=46.818188, longitude=8.227511999999999, confirmed=627968, dead=10488, recovered=563438, updated='2021-04-15T10:00:07'}
12:38:16.218 [main] INFO  stringConverter - adding element: Country{location='Ireland', countryCode='ie', latitude=53.1423672, longitude=-7.692053599999999, confirmed=242105, dead=4812, recovered=222851, updated='2021-04-15T10:00:07'}
12:38:16.218 [main] INFO  stringConverter - adding element: Country{location='Ethiopia', countryCode='et', latitude=9.145000000000001, longitude=40.489673, confirmed=234405, dead=3252, recovered=174591, updated='2021-04-15T10:00:07'}
12:38:16.218 [main] INFO  stringConverter - adding element: Country{location='Costa Rica', countryCode='cr', latitude=9.748916999999999, longitude=-83.753428, confirmed=225343, dead=3044, recovered=196060, updated='2021-04-15T10:00:07'}
12:38:16.219 [main] INFO  stringConverter - adding element: Country{location='Armenia', countryCode='am', latitude=40.069099, longitude=45.038189, confirmed=206142, dead=3817, recovered=185125, updated='2021-04-15T10:00:07'}
12:38:16.219 [main] INFO  stringConverter - adding element: Country{location='Sri Lanka', countryCode='lk', latitude=7.873053999999999, longitude=80.77179699999999, confirmed=95737, dead=604, recovered=92151, updated='2021-04-15T10:00:07'}
12:38:16.220 [main] INFO  stringConverter - adding element: Country{location='Mozambique', countryCode='mz', latitude=-18.665695, longitude=35.529562, confirmed=68927, dead=794, recovered=59972, updated='2021-04-15T10:00:07'}
12:38:16.220 [main] INFO  stringConverter - adding element: Country{location='Artsakh', countryCode='12', latitude=26.0434384, longitude=-80.2777081, confirmed=1130, dead=30, recovered=337, updated='2021-01-17T18:15:05'}
12:38:16.220 [main] INFO  stringConverter - adding element: Country{location='Ivory Coast', countryCode='ci', latitude=7.539988999999999, longitude=-5.547079999999999, confirmed=45388, dead=271, recovered=44833, updated='2021-04-15T10:00:07'}
12:38:16.221 [main] INFO  stringConverter - adding element: Country{location='Cambodia', countryCode='kh', latitude=12.565679, longitude=104.990963, confirmed=5218, dead=36, recovered=2319, updated='2021-04-15T10:00:07'}
12:38:16.221 [main] INFO  stringConverter - adding element: Country{location='Antigua and Barbuda', countryCode='ag', latitude=17.060816, longitude=-61.796428, confirmed=1209, dead=31, recovered=947, updated='2021-04-15T10:00:07'}
12:38:16.221 [main] INFO  stringConverter - adding element: Country{location='USS Theodore Roosevelt', countryCode='09', latitude=0.0, longitude=0.0, confirmed=1102, dead=1, recovered=751, updated='2021-01-17T18:15:05'}
12:38:16.222 [main] INFO  stringConverter - adding element: Country{location='Northern Mariana Islands ', countryCode='mp', latitude=15.0979, longitude=145.6739, confirmed=122, dead=2, recovered=32, updated='2021-01-17T18:15:05'}
12:38:16.222 [main] INFO  stringConverter - adding element: Country{location='Iraq', countryCode='iq', latitude=33.223191, longitude=43.679291, confirmed=949050, dead=14836, recovered=831519, updated='2021-04-15T10:15:12'}
12:38:16.222 [main] INFO  stringConverter - adding element: Country{location='Zimbabwe', countryCode='zw', latitude=-19.015438, longitude=29.154857, confirmed=37369, dead=1548, recovered=34946, updated='2021-04-15T10:00:07'}
12:38:16.223 [main] INFO  stringConverter - adding element: Country{location='Kosovo', countryCode='xk', latitude=42.6026359, longitude=20.902977, confirmed=55498, dead=1405, recovered=48990, updated='2021-01-17T18:15:05'}
12:38:16.223 [main] INFO  stringConverter - adding element: Country{location='Nicaragua', countryCode='ni', latitude=12.865416, longitude=-85.207229, confirmed=6778, dead=180, recovered=4225, updated='2021-04-15T10:00:07'}
12:38:16.224 [main] INFO  stringConverter - adding element: Country{location='Burkina Faso', countryCode='bf', latitude=12.238333, longitude=-1.561593, confirmed=13050, dead=154, recovered=12689, updated='2021-04-15T10:00:07'}
12:38:16.224 [main] INFO  stringConverter - adding element: Country{location='Eritrea', countryCode='er', latitude=15.179384, longitude=39.782334, confirmed=3479, dead=10, recovered=3273, updated='2021-04-15T10:00:07'}
12:38:16.224 [main] INFO  stringConverter - adding element: Country{location='MS Zaandam', countryCode='03', latitude=0.0, longitude=0.0, confirmed=9, dead=2, recovered=7, updated='2021-04-15T10:00:07'}
12:38:16.225 [main] INFO  stringConverter - adding element: Country{location='Abkhazia', countryCode='06', latitude=43.0015544, longitude=41.023407, confirmed=7504, dead=100, recovered=5545, updated='2021-01-17T18:15:05'}
12:38:16.225 [main] INFO  stringConverter - adding element: Country{location='Guam', countryCode='gu', latitude=13.444304, longitude=144.793731, confirmed=7257, dead=121, recovered=6707, updated='2021-01-17T18:15:05'}
12:38:16.225 [main] INFO  stringConverter - adding element: Country{location='Pakistan', countryCode='pk', latitude=30.375321, longitude=69.34511599999999, confirmed=739818, dead=15872, recovered=646652, updated='2021-04-15T10:00:07'}
12:38:16.226 [main] INFO  stringConverter - adding element: Country{location='Norway', countryCode='no', latitude=60.47202399999999, longitude=8.468945999999999, confirmed=105607, dead=706, recovered=88952, updated='2021-04-15T10:00:07'}
12:41:34.090 [main] INFO  stringConverter - starting to convert elements
12:41:34.181 [main] INFO  stringConverter - adding element: Country{location='Iran', countryCode='ir', latitude=32.427908, longitude=53.688046, confirmed=2168872, dead=65680, recovered=1749041, updated='2021-04-15T14:15:07'}
12:41:34.182 [main] INFO  stringConverter - adding element: Country{location='Germany', countryCode='de', latitude=51.165691, longitude=10.451526, confirmed=3064382, dead=79813, recovered=2736100, updated='2021-04-15T14:15:07'}
12:41:34.182 [main] INFO  stringConverter - adding element: Country{location='Russia', countryCode='ru', latitude=61.52401, longitude=105.318756, confirmed=4675153, dead=104398, recovered=4301448, updated='2021-04-15T14:15:07'}
12:41:34.182 [main] INFO  stringConverter - adding element: Country{location='Nepal', countryCode='np', latitude=28.394857, longitude=84.12400799999999, confirmed=281564, dead=3061, recovered=274447, updated='2021-04-15T10:00:07'}
12:41:34.183 [main] INFO  stringConverter - adding element: Country{location='Saudi Arabia', countryCode='sa', latitude=23.885942, longitude=45.079162, confirmed=401157, dead=6781, recovered=385441, updated='2021-04-15T10:00:07'}
12:41:34.183 [main] INFO  stringConverter - adding element: Country{location='Argentina', countryCode='ar', latitude=-38.416097, longitude=-63.61667199999999, confirmed=2604157, dead=58542, recovered=2278486, updated='2021-04-15T14:15:07'}
12:41:34.183 [main] INFO  stringConverter - adding element: Country{location='Austria', countryCode='at', latitude=47.516231, longitude=14.550072, confirmed=586883, dead=9813, recovered=547604, updated='2021-04-15T10:00:07'}
12:41:34.184 [main] INFO  stringConverter - adding element: Country{location='Jordan', countryCode='jo', latitude=36.1500042, longitude=-95.9882368, confirmed=676175, dead=7987, recovered=617096, updated='2021-04-15T10:00:07'}
12:41:34.184 [main] INFO  stringConverter - adding element: Country{location='Angola', countryCode='ao', latitude=-11.202692, longitude=17.873887, confirmed=23841, dead=557, recovered=22144, updated='2021-04-15T10:00:07'}
12:41:34.184 [main] INFO  stringConverter - adding element: Country{location='Netherlands', countryCode='nl', latitude=52.132633, longitude=5.291265999999999, confirmed=1369411, dead=16848, recovered=0, updated='2021-04-15T10:15:12'}
12:41:34.185 [main] INFO  stringConverter - adding element: Country{location='Bulgaria', countryCode='bg', latitude=42.733883, longitude=25.48583, confirmed=380576, dead=14871, recovered=296998, updated='2021-04-15T10:00:07'}
12:41:34.185 [main] INFO  stringConverter - adding element: Country{location='South Africa', countryCode='za', latitude=-30.559482, longitude=22.937506, confirmed=1584961, dead=103, recovered=1486873, updated='2021-05-04T10:34:59'}
12:41:34.185 [main] INFO  stringConverter - adding element: Country{location='India', countryCode='in', latitude=20.593684, longitude=78.96288, confirmed=20282833, dead=222408, recovered=16613292, updated='2021-05-04T10:30:07'}
12:41:34.185 [main] INFO  stringConverter - adding element: Country{location='Italy', countryCode='it', latitude=41.87194, longitude=12.56738, confirmed=3809193, dead=115557, recovered=3178976, updated='2021-04-15T14:15:07'}
12:41:34.185 [main] INFO  stringConverter - adding element: Country{location='France', countryCode='fr', latitude=46.227638, longitude=2.213749, confirmed=5149834, dead=99777, recovered=315152, updated='2021-04-15T14:15:07'}
12:41:34.186 [main] INFO  stringConverter - adding element: Country{location='Belgium', countryCode='be', latitude=50.503887, longitude=4.469936, confirmed=935316, dead=23603, recovered=60320, updated='2021-04-15T10:15:12'}
12:41:34.186 [main] INFO  stringConverter - adding element: Country{location='Peru', countryCode='pe', latitude=-9.189967, longitude=-75.015152, confirmed=1667737, dead=55812, recovered=1592937, updated='2021-04-15T14:15:07'}
12:41:34.186 [main] INFO  stringConverter - adding element: Country{location='Ukraine', countryCode='ua', latitude=48.379433, longitude=31.1655799, confirmed=1903765, dead=38658, recovered=1453766, updated='2021-04-15T14:15:07'}
12:41:34.186 [main] INFO  stringConverter - adding element: Country{location='UK', countryCode='gb', latitude=55.378051, longitude=-3.435973, confirmed=4378305, dead=127161, recovered=4113338, updated='2021-04-15T14:15:07'}
12:41:34.186 [main] INFO  stringConverter - adding element: Country{location='Syria', countryCode='sy', latitude=34.80207499999999, longitude=38.996815, confirmed=20555, dead=1402, recovered=14335, updated='2021-04-15T10:00:07'}
12:41:34.187 [main] INFO  stringConverter - adding element: Country{location='Azerbaijan', countryCode='az', latitude=40.143105, longitude=47.576927, confirmed=291894, dead=4009, recovered=255833, updated='2021-04-15T10:00:07'}
12:41:34.187 [main] INFO  stringConverter - adding element: Country{location='Colombia', countryCode='co', latitude=4.570868, longitude=-74.297333, confirmed=2585801, dead=66819, recovered=2419265, updated='2021-04-15T14:15:07'}
12:41:34.187 [main] INFO  stringConverter - adding element: Country{location='Indonesia', countryCode='id', latitude=-0.789275, longitude=113.921327, confirmed=1589359, dead=43073, recovered=1438254, updated='2021-04-15T14:15:07'}
12:41:34.188 [main] INFO  stringConverter - adding element: Country{location='Chile', countryCode='cl', latitude=-35.675147, longitude=-71.542969, confirmed=1094267, dead=24548, recovered=1026934, updated='2021-04-15T10:15:12'}
12:41:34.188 [main] INFO  stringConverter - adding element: Country{location='Mexico', countryCode='mx', latitude=23.634501, longitude=-102.552784, confirmed=2291246, dead=210812, recovered=1817866, updated='2021-04-15T14:15:07'}
12:41:34.188 [main] INFO  stringConverter - adding element: Country{location='Turkey', countryCode='tr', latitude=38.963745, longitude=35.243322, confirmed=4025557, dead=34734, recovered=3480146, updated='2021-04-15T14:15:07'}
12:41:34.189 [main] INFO  stringConverter - adding element: Country{location='Spain', countryCode='es', latitude=40.46366700000001, longitude=-3.74922, confirmed=3387022, dead=76756, recovered=3118437, updated='2021-04-15T14:15:07'}
12:41:34.189 [main] INFO  stringConverter - adding element: Country{location='Gabon', countryCode='ga', latitude=-0.803689, longitude=11.609444, confirmed=21566, dead=132, recovered=18219, updated='2021-04-15T10:00:07'}
12:41:34.190 [main] INFO  stringConverter - adding element: Country{location='Poland', countryCode='pl', latitude=51.919438, longitude=19.145136, confirmed=2642242, dead=60612, recovered=2238638, updated='2021-04-15T14:15:07'}
12:41:34.190 [main] INFO  stringConverter - adding element: Country{location='UAE', countryCode='ae', latitude=23.424076, longitude=53.847818, confirmed=489495, dead=1541, recovered=473398, updated='2021-04-15T10:00:07'}
12:41:34.190 [main] INFO  stringConverter - adding element: Country{location='Czechia', countryCode='cz', latitude=49.81749199999999, longitude=15.472962, confirmed=1593847, dead=28229, recovered=1483559, updated='2021-04-15T14:15:07'}
12:41:34.191 [main] INFO  stringConverter - adding element: Country{location='Brazil', countryCode='br', latitude=-14.235004, longitude=-51.92528, confirmed=14791434, dead=408829, recovered=13336476, updated='2021-05-04T10:30:07'}
12:41:34.191 [main] INFO  stringConverter - adding element: Country{location='Guinea', countryCode='gn', latitude=9.945587, longitude=-9.696645, confirmed=21299, dead=136, recovered=18815, updated='2021-04-15T10:00:07'}
12:41:34.194 [main] INFO  stringConverter - adding element: Country{location='Croatia', countryCode='hr', latitude=45.1, longitude=15.2000001, confirmed=300900, dead=6442, recovered=279151, updated='2021-04-15T10:00:07'}
12:41:34.194 [main] INFO  stringConverter - adding element: Country{location='Portugal', countryCode='pt', latitude=39.39987199999999, longitude=-8.224454, confirmed=828857, dead=16931, recovered=786469, updated='2021-04-15T10:00:07'}
12:41:34.194 [main] INFO  stringConverter - adding element: Country{location='Australia', countryCode='au', latitude=-25.274398, longitude=133.775136, confirmed=29457, dead=910, recovered=26381, updated='2021-04-15T10:00:07'}
12:41:34.194 [main] INFO  stringConverter - adding element: Country{location='Hungary', countryCode='hu', latitude=47.162494, longitude=19.5033041, confirmed=736982, dead=24521, recovered=440498, updated='2021-04-15T10:00:07'}
12:41:34.195 [main] INFO  stringConverter - adding element: Country{location='Panama', countryCode='pa', latitude=8.537981, longitude=-80.782127, confirmed=359516, dead=6177, recovered=349318, updated='2021-04-15T10:00:07'}
12:41:34.195 [main] INFO  stringConverter - adding element: Country{location='Ecuador', countryCode='ec', latitude=-1.831239, longitude=-78.18340599999999, confirmed=350539, dead=17400, recovered=298604, updated='2021-04-15T10:00:07'}
12:41:34.195 [main] INFO  stringConverter - adding element: Country{location='Georgia', countryCode='ge', latitude=32.1656221, longitude=-82.9000751, confirmed=292244, dead=3908, recovered=279389, updated='2021-04-15T10:00:07'}
12:41:34.196 [main] INFO  stringConverter - adding element: Country{location='Morocco', countryCode='ma', latitude=31.791702, longitude=-7.092619999999999, confirmed=503664, dead=8920, recovered=489928, updated='2021-04-15T10:00:07'}
12:41:34.196 [main] INFO  stringConverter - adding element: Country{location='Slovakia', countryCode='sk', latitude=48.669026, longitude=19.699024, confirmed=373950, dead=10877, recovered=255300, updated='2021-04-15T10:00:07'}
12:41:34.196 [main] INFO  stringConverter - adding element: Country{location='Paraguay', countryCode='py', latitude=-23.442503, longitude=-58.443832, confirmed=242161, dead=5040, recovered=198473, updated='2021-04-15T10:00:07'}
12:41:34.197 [main] INFO  stringConverter - adding element: Country{location='Egypt', countryCode='eg', latitude=26.820553, longitude=30.802498, confirmed=212961, dead=12570, recovered=161031, updated='2021-04-15T10:00:07'}
12:41:34.197 [main] INFO  stringConverter - adding element: Country{location='Qatar', countryCode='qa', latitude=25.354826, longitude=51.183884, confirmed=192963, dead=348, recovered=171388, updated='2021-04-15T10:00:07'}
12:41:34.197 [main] INFO  stringConverter - adding element: Country{location='Bahrain', countryCode='bh', latitude=26.0667, longitude=50.5577, confirmed=159964, dead=569, recovered=148093, updated='2021-04-15T10:00:07'}
12:41:34.198 [main] INFO  stringConverter - adding element: Country{location='South Korea', countryCode='kr', latitude=35.907757, longitude=127.766922, confirmed=112117, dead=1788, recovered=102513, updated='2021-04-15T10:00:07'}
12:41:34.198 [main] INFO  stringConverter - adding element: Country{location='Kyrgyzstan', countryCode='kg', latitude=41.20438, longitude=74.766098, confirmed=91144, dead=1540, recovered=86491, updated='2021-04-15T10:00:07'}
12:41:34.198 [main] INFO  stringConverter - adding element: Country{location='Bolivia', countryCode='bo', latitude=-16.290154, longitude=-63.58865299999999, confirmed=285291, dead=12519, recovered=234596, updated='2021-04-15T10:00:07'}
12:41:34.199 [main] INFO  stringConverter - adding element: Country{location='Oman', countryCode='om', latitude=21.4735329, longitude=55.975413, confirmed=176668, dead=1821, recovered=156845, updated='2021-04-15T10:00:07'}
12:41:34.199 [main] INFO  stringConverter - adding element: Country{location='Puerto Rico', countryCode='pr', latitude=18.220833, longitude=-66.590149, confirmed=80590, dead=1703, recovered=0, updated='2021-01-17T18:15:05'}
12:41:34.199 [main] INFO  stringConverter - adding element: Country{location='Guatemala', countryCode='gt', latitude=15.783471, longitude=-90.23075899999999, confirmed=207127, dead=7089, recovered=187894, updated='2021-04-15T10:00:07'}
12:41:34.200 [main] INFO  stringConverter - adding element: Country{location='Myanmar', countryCode='mm', latitude=21.916221, longitude=95.955974, confirmed=142610, dead=3206, recovered=131879, updated='2021-04-15T10:00:07'}
12:41:34.200 [main] INFO  stringConverter - adding element: Country{location='Singapore', countryCode='sg', latitude=1.352083, longitude=103.819836, confirmed=60735, dead=30, recovered=60392, updated='2021-04-15T10:00:07'}
12:41:34.201 [main] INFO  stringConverter - adding element: Country{location='Palestine', countryCode='ps', latitude=31.952162, longitude=35.233154, confirmed=274690, dead=2923, recovered=239291, updated='2021-04-15T10:00:07'}
12:41:34.201 [main] INFO  stringConverter - adding element: Country{location='Bosnia and Herzegovina', countryCode='ba', latitude=43.915886, longitude=17.679076, confirmed=186372, dead=7642, recovered=143944, updated='2021-04-15T10:00:07'}
12:41:34.201 [main] INFO  stringConverter - adding element: Country{location='Kenya', countryCode='ke', latitude=-0.023559, longitude=37.906193, confirmed=148128, dead=2420, recovered=99580, updated='2021-04-15T10:00:07'}
12:41:34.202 [main] INFO  stringConverter - adding element: Country{location='Montenegro', countryCode='me', latitude=42.708678, longitude=19.37439, confirmed=94859, dead=1405, recovered=89615, updated='2021-04-15T10:00:07'}
12:41:34.202 [main] INFO  stringConverter - adding element: Country{location='Uzbekistan', countryCode='uz', latitude=41.377491, longitude=64.585262, confirmed=85730, dead=634, recovered=83462, updated='2021-04-15T10:00:07'}
12:41:34.202 [main] INFO  stringConverter - adding element: Country{location='Malaysia', countryCode='my', latitude=4.210484, longitude=101.975766, confirmed=367977, dead=1363, recovered=349039, updated='2021-04-15T10:00:07'}
12:41:34.203 [main] INFO  stringConverter - adding element: Country{location='Kazakhstan', countryCode='kz', latitude=48.019573, longitude=66.923684, confirmed=278695, dead=3306, recovered=239448, updated='2021-04-15T10:00:07'}
12:41:34.204 [main] INFO  stringConverter - adding element: Country{location='Albania', countryCode='al', latitude=41.153332, longitude=20.168331, confirmed=128959, dead=2331, recovered=99441, updated='2021-04-15T10:00:07'}
12:41:34.204 [main] INFO  stringConverter - adding element: Country{location='Afghanistan', countryCode='af', latitude=33.93911, longitude=67.709953, confirmed=57612, dead=2535, recovered=52083, updated='2021-04-15T10:00:07'}
12:41:34.205 [main] INFO  stringConverter - adding element: Country{location='Dominican Republic', countryCode='do', latitude=18.735693, longitude=-70.162651, confirmed=259260, dead=3402, recovered=217286, updated='2021-04-15T10:00:07'}
12:41:34.205 [main] INFO  stringConverter - adding element: Country{location='Lithuania', countryCode='lt', latitude=55.169438, longitude=23.881275, confirmed=230462, dead=3730, recovered=208890, updated='2021-04-15T10:00:07'}
12:41:34.206 [main] INFO  stringConverter - adding element: Country{location='Libya', countryCode='ly', latitude=26.3351, longitude=17.228331, confirmed=170045, dead=2834, recovered=155117, updated='2021-04-15T10:00:07'}
12:41:34.206 [main] INFO  stringConverter - adding element: Country{location='Honduras', countryCode='hn', latitude=15.199999, longitude=-86.241905, confirmed=198214, dead=4905, recovered=76130, updated='2021-04-15T10:00:07'}
12:41:34.207 [main] INFO  stringConverter - adding element: Country{location='Nigeria', countryCode='ng', latitude=9.081999, longitude=8.675277, confirmed=164000, dead=2061, recovered=154270, updated='2021-04-15T10:00:07'}
12:41:34.207 [main] INFO  stringConverter - adding element: Country{location='Algeria', countryCode='dz', latitude=28.033886, longitude=1.659626, confirmed=118975, dead=3141, recovered=82929, updated='2021-04-15T10:00:07'}
12:41:34.207 [main] INFO  stringConverter - adding element: Country{location='China', countryCode='cn', latitude=35.86166, longitude=104.195397, confirmed=90457, dead=4636, recovered=85524, updated='2021-04-15T10:00:07'}
12:41:34.208 [main] INFO  stringConverter - adding element: Country{location='Lebanon', countryCode='lb', latitude=33.854721, longitude=35.862285, confirmed=502299, dead=6778, recovered=413175, updated='2021-04-15T10:00:07'}
12:41:34.208 [main] INFO  stringConverter - adding element: Country{location='Kuwait', countryCode='kw', latitude=29.31166, longitude=47.481766, confirmed=251675, dead=1423, recovered=235053, updated='2021-04-15T10:00:07'}
12:41:34.209 [main] INFO  stringConverter - adding element: Country{location='Slovenia', countryCode='si', latitude=46.151241, longitude=14.995463, confirmed=229967, dead=4142, recovered=212815, updated='2021-04-15T10:00:07'}
12:41:34.209 [main] INFO  stringConverter - adding element: Country{location='Venezuela', countryCode='ve', latitude=6.42375, longitude=-66.58973, confirmed=178094, dead=1834, recovered=160620, updated='2021-04-15T10:00:07'}
12:41:34.209 [main] INFO  stringConverter - adding element: Country{location='North Macedonia', countryCode='mk', latitude=41.608635, longitude=21.745275, confirmed=144111, dead=4322, recovered=119683, updated='2021-04-15T10:00:07'}
12:41:34.209 [main] INFO  stringConverter - adding element: Country{location='Ghana', countryCode='gh', latitude=7.946527, longitude=-1.023194, confirmed=91477, dead=763, recovered=89301, updated='2021-04-15T10:00:07'}
12:41:34.210 [main] INFO  stringConverter - adding element: Country{location='El Salvador', countryCode='sv', latitude=13.794185, longitude=-88.89653, confirmed=66956, dead=2060, recovered=63345, updated='2021-04-15T10:00:07'}
12:41:34.210 [main] INFO  stringConverter - adding element: Country{location='Greece', countryCode='gr', latitude=39.074208, longitude=21.824312, confirmed=304184, dead=9135, recovered=261176, updated='2021-04-15T10:00:07'}
12:41:34.210 [main] INFO  stringConverter - adding element: Country{location='Tunisia', countryCode='tn', latitude=33.886917, longitude=9.537499, confirmed=276727, dead=9480, recovered=229754, updated='2021-04-15T10:00:07'}
12:41:34.210 [main] INFO  stringConverter - adding element: Country{location='Mali', countryCode='ml', latitude=17.570692, longitude=-3.996166, confirmed=12467, dead=419, recovered=7238, updated='2021-04-15T10:00:07'}
12:41:34.211 [main] INFO  stringConverter - adding element: Country{location='Trinidad and Tobago', countryCode='tt', latitude=10.691803, longitude=-61.222503, confirmed=8596, dead=148, recovered=7818, updated='2021-04-15T10:00:07'}
12:41:34.211 [main] INFO  stringConverter - adding element: Country{location='Timor-Leste', countryCode='tl', latitude=-8.874217, longitude=125.727539, confirmed=1103, dead=2, recovered=564, updated='2021-04-15T10:00:07'}
12:41:34.211 [main] INFO  stringConverter - adding element: Country{location='Cameroon', countryCode='cm', latitude=7.369721999999999, longitude=12.354722, confirmed=61731, dead=919, recovered=56926, updated='2021-04-15T10:00:07'}
12:41:34.212 [main] INFO  stringConverter - adding element: Country{location='Estonia', countryCode='ee', latitude=58.595272, longitude=25.0136071, confirmed=116200, dead=1064, recovered=99096, updated='2021-04-15T10:00:07'}
12:41:34.212 [main] INFO  stringConverter - adding element: Country{location='Eswatini', countryCode='sz', latitude=-26.522503, longitude=31.465866, confirmed=18407, dead=670, recovered=17682, updated='2021-04-15T10:00:07'}
12:41:34.212 [main] INFO  stringConverter - adding element: Country{location='Cyprus', countryCode='cy', latitude=35.126413, longitude=33.429859, confirmed=53254, dead=277, recovered=39061, updated='2021-04-15T10:00:07'}
12:41:34.212 [main] INFO  stringConverter - adding element: Country{location='Uganda', countryCode='ug', latitude=1.373333, longitude=32.290275, confirmed=41237, dead=338, recovered=40779, updated='2021-04-15T10:00:07'}
12:41:34.212 [main] INFO  stringConverter - adding element: Country{location='Senegal', countryCode='sn', latitude=14.497401, longitude=-14.452362, confirmed=39560, dead=1084, recovered=38290, updated='2021-04-15T10:00:07'}
12:41:34.213 [main] INFO  stringConverter - adding element: Country{location='Hong Kong', countryCode='hk', latitude=22.3193039, longitude=114.1693611, confirmed=11619, dead=209, recovered=11246, updated='2021-04-15T10:00:07'}
12:41:34.213 [main] INFO  stringConverter - adding element: Country{location='Guyana', countryCode='gy', latitude=4.860416, longitude=-58.93018, confirmed=11374, dead=260, recovered=9880, updated='2021-04-15T10:00:07'}
12:41:34.213 [main] INFO  stringConverter - adding element: Country{location='Latvia', countryCode='lv', latitude=56.879635, longitude=24.603189, confirmed=109731, dead=2030, recovered=100464, updated='2021-04-15T10:00:07'}
12:41:34.213 [main] INFO  stringConverter - adding element: Country{location='Zambia', countryCode='zm', latitude=-13.133897, longitude=27.849332, confirmed=90389, dead=1229, recovered=88241, updated='2021-04-15T10:00:07'}
12:41:34.214 [main] INFO  stringConverter - adding element: Country{location='Namibia', countryCode='na', latitude=38.911651, longitude=-77.0412109, confirmed=46051, dead=592, recovered=44162, updated='2021-04-15T10:00:07'}
12:41:34.214 [main] INFO  stringConverter - adding element: Country{location='Thailand', countryCode='th', latitude=15.870032, longitude=100.992541, confirmed=37453, dead=97, recovered=28383, updated='2021-04-15T10:00:07'}
12:41:34.214 [main] INFO  stringConverter - adding element: Country{location='Madagascar', countryCode='mg', latitude=-18.766947, longitude=46.869107, confirmed=29348, dead=520, recovered=24695, updated='2021-04-15T10:00:07'}
12:41:34.214 [main] INFO  stringConverter - adding element: Country{location='DRC', countryCode='cd', latitude=-4.038333, longitude=21.758664, confirmed=28714, dead=745, recovered=25841, updated='2021-04-15T10:00:07'}
12:41:34.214 [main] INFO  stringConverter - adding element: Country{location='Maldives', countryCode='mv', latitude=3.202778, longitude=73.22068, confirmed=25844, dead=67, recovered=23141, updated='2021-04-15T10:00:07'}
12:41:34.215 [main] INFO  stringConverter - adding element: Country{location='Mauritania', countryCode='mr', latitude=21.00789, longitude=-10.940835, confirmed=18066, dead=452, recovered=17428, updated='2021-04-15T10:00:07'}
12:41:34.215 [main] INFO  stringConverter - adding element: Country{location='Haiti', countryCode='ht', latitude=18.971187, longitude=-72.285215, confirmed=12857, dead=251, recovered=11614, updated='2021-04-15T10:00:07'}
12:41:34.216 [main] INFO  stringConverter - adding element: Country{location='Dominica', countryCode='dm', latitude=15.414999, longitude=-61.37097600000001, confirmed=165, dead=0, recovered=159, updated='2021-04-15T10:00:07'}
12:41:34.216 [main] INFO  stringConverter - adding element: Country{location='Malawi', countryCode='mw', latitude=-13.254308, longitude=34.301525, confirmed=33891, dead=1134, recovered=31675, updated='2021-04-15T10:00:07'}
12:41:34.216 [main] INFO  stringConverter - adding element: Country{location='Fiji', countryCode='fj', latitude=-17.713371, longitude=178.065032, confirmed=68, dead=2, recovered=64, updated='2021-04-15T10:00:07'}
12:41:34.217 [main] INFO  stringConverter - adding element: Country{location='Andorra', countryCode='ad', latitude=42.506285, longitude=1.521801, confirmed=12641, dead=121, recovered=11989, updated='2021-04-15T10:00:07'}
12:41:34.219 [main] INFO  stringConverter - adding element: Country{location='Congo', countryCode='cg', latitude=-4.038333, longitude=21.758664, confirmed=10084, dead=139, recovered=8208, updated='2021-04-15T10:00:07'}
12:41:34.219 [main] INFO  stringConverter - adding element: Country{location='Cuba', countryCode='cu', latitude=21.521757, longitude=-77.781167, confirmed=89404, dead=487, recovered=84114, updated='2021-04-15T10:00:07'}
12:41:34.220 [main] INFO  stringConverter - adding element: Country{location='Cabo Verde', countryCode='cv', latitude=16.5388, longitude=-23.0418, confirmed=19525, dead=188, recovered=17645, updated='2021-04-15T10:00:07'}
12:41:34.221 [main] INFO  stringConverter - adding element: Country{location='Botswana', countryCode='bw', latitude=-22.328474, longitude=24.684866, confirmed=43444, dead=663, recovered=38923, updated='2021-04-15T10:00:07'}
12:41:34.222 [main] INFO  stringConverter - adding element: Country{location='Finland', countryCode='fi', latitude=61.92410999999999, longitude=25.7481511, confirmed=83253, dead=881, recovered=46000, updated='2021-04-15T10:00:07'}
12:41:34.222 [main] INFO  stringConverter - adding element: Country{location='French Polynesia', countryCode='pf', latitude=-17.679742, longitude=-149.406843, confirmed=18680, dead=141, recovered=4842, updated='2021-04-15T10:00:07'}
12:41:34.223 [main] INFO  stringConverter - adding element: Country{location='Belize', countryCode='bz', latitude=17.189877, longitude=-88.49765, confirmed=12522, dead=318, recovered=12140, updated='2021-04-15T10:00:07'}
12:41:34.223 [main] INFO  stringConverter - adding element: Country{location='Bahamas', countryCode='bs', latitude=25.03428, longitude=-77.39627999999999, confirmed=9505, dead=190, recovered=8965, updated='2021-04-15T10:00:07'}
12:41:34.223 [main] INFO  stringConverter - adding element: Country{location='Falkland Islands', countryCode='fk', latitude=-51.796253, longitude=-59.523613, confirmed=62, dead=0, recovered=55, updated='2021-04-15T10:00:07'}
12:41:34.223 [main] INFO  stringConverter - adding element: Country{location='Uruguay', countryCode='uy', latitude=-32.522779, longitude=-55.765835, confirmed=152089, dead=1647, recovered=119388, updated='2021-04-15T10:00:07'}
12:41:34.224 [main] INFO  stringConverter - adding element: Country{location='Jamaica', countryCode='jm', latitude=18.109581, longitude=-77.297508, confirmed=43054, dead=692, recovered=19248, updated='2021-04-15T10:00:07'}
12:41:34.224 [main] INFO  stringConverter - adding element: Country{location='Malta', countryCode='mt', latitude=35.937496, longitude=14.375416, confirmed=29778, dead=403, recovered=28797, updated='2021-04-15T10:00:07'}
12:41:34.225 [main] INFO  stringConverter - adding element: Country{location='Djibouti', countryCode='dj', latitude=11.825138, longitude=42.590275, confirmed=10202, dead=106, recovered=8591, updated='2021-04-15T10:00:07'}
12:41:34.225 [main] INFO  stringConverter - adding element: Country{location='Guinea-Bissau', countryCode='gw', latitude=11.803749, longitude=-15.180413, confirmed=3694, dead=66, recovered=3093, updated='2021-04-15T10:00:07'}
12:41:34.225 [main] INFO  stringConverter - adding element: Country{location='U.S. Virgin Islands', countryCode='vi', latitude=18.335765, longitude=-64.896335, confirmed=2260, dead=24, recovered=2120, updated='2021-01-17T18:15:05'}
12:41:34.225 [main] INFO  stringConverter - adding element: Country{location='Liechtenstein', countryCode='li', latitude=47.166, longitude=9.555373, confirmed=2770, dead=56, recovered=2646, updated='2021-04-15T10:00:07'}
12:41:34.226 [main] INFO  stringConverter - adding element: Country{location='Sint Maarten', countryCode='sx', latitude=18.04248, longitude=-63.05483, confirmed=2196, dead=27, recovered=2133, updated='2021-04-15T10:00:07'}
12:41:34.226 [main] INFO  stringConverter - adding element: Country{location='Bermuda', countryCode='bm', latitude=32.3078, longitude=-64.7505, confirmed=1935, dead=16, recovered=1051, updated='2021-04-15T10:00:07'}
12:41:34.227 [main] INFO  stringConverter - adding element: Country{location='Benin', countryCode='bj', latitude=9.30769, longitude=2.315834, confirmed=7611, dead=95, recovered=6728, updated='2021-04-15T10:00:07'}
12:41:34.228 [main] INFO  stringConverter - adding element: Country{location='Iceland', countryCode='is', latitude=64.963051, longitude=-19.020835, confirmed=6275, dead=29, recovered=6163, updated='2021-04-15T10:00:07'}
12:41:34.228 [main] INFO  stringConverter - adding element: Country{location='Yemen', countryCode='ye', latitude=15.552727, longitude=48.516388, confirmed=5582, dead=1083, recovered=2128, updated='2021-04-15T10:00:07'}
12:41:34.229 [main] INFO  stringConverter - adding element: Country{location='Gibraltar', countryCode='gi', latitude=36.140751, longitude=-5.353585, confirmed=4290, dead=94, recovered=4181, updated='2021-04-15T10:00:07'}
12:41:34.229 [main] INFO  stringConverter - adding element: Country{location='New Zealand', countryCode='nz', latitude=-40.900557, longitude=174.885971, confirmed=2591, dead=26, recovered=2464, updated='2021-04-15T10:00:07'}
12:41:34.229 [main] INFO  stringConverter - adding element: Country{location='Bhutan', countryCode='bt', latitude=27.514162, longitude=90.433601, confirmed=929, dead=1, recovered=876, updated='2021-04-15T10:00:07'}
12:41:34.230 [main] INFO  stringConverter - adding element: Country{location='Faeroe Islands', countryCode='fo', latitude=61.89263500000001, longitude=-6.9118061, confirmed=662, dead=1, recovered=660, updated='2021-04-15T10:00:07'}
12:41:34.230 [main] INFO  stringConverter - adding element: Country{location='Belarus', countryCode='by', latitude=53.709807, longitude=27.953389, confirmed=338801, dead=2383, recovered=329135, updated='2021-04-15T10:00:07'}
12:41:34.230 [main] INFO  stringConverter - adding element: Country{location='Somaliland', countryCode='05', latitude=9.411743399999999, longitude=46.8252838, confirmed=1354, dead=47, recovered=1200, updated='2021-01-17T18:15:05'}
12:41:34.230 [main] INFO  stringConverter - adding element: Country{location='Togo', countryCode='tg', latitude=8.619543, longitude=0.824782, confirmed=12214, dead=117, recovered=9543, updated='2021-04-15T10:00:07'}
12:41:34.231 [main] INFO  stringConverter - adding element: Country{location='Lesotho', countryCode='ls', latitude=-29.609988, longitude=28.233608, confirmed=10709, dead=315, recovered=5028, updated='2021-04-15T10:00:07'}
12:41:34.231 [main] INFO  stringConverter - adding element: Country{location='San Marino', countryCode='sm', latitude=43.94236, longitude=12.457777, confirmed=5004, dead=86, recovered=4625, updated='2021-04-15T10:00:07'}
12:41:34.231 [main] INFO  stringConverter - adding element: Country{location='Rwanda', countryCode='rw', latitude=-1.940278, longitude=29.873888, confirmed=23672, dead=317, recovered=21594, updated='2021-04-15T10:00:07'}
12:41:34.232 [main] INFO  stringConverter - adding element: Country{location='Suriname', countryCode='sr', latitude=3.919305, longitude=-56.027783, confirmed=9417, dead=184, recovered=8725, updated='2021-04-15T10:00:07'}
12:41:34.232 [main] INFO  stringConverter - adding element: Country{location='Liberia', countryCode='lr', latitude=6.428055, longitude=-9.429499000000002, confirmed=2042, dead=85, recovered=1899, updated='2021-04-15T10:00:07'}
12:41:34.232 [main] INFO  stringConverter - adding element: Country{location='Somalia', countryCode='so', latitude=5.152149, longitude=46.199616, confirmed=12837, dead=656, recovered=5346, updated='2021-04-15T10:00:07'}
12:41:34.233 [main] INFO  stringConverter - adding element: Country{location='South Sudan', countryCode='ss', latitude=6.876991899999999, longitude=31.3069788, confirmed=10416, dead=114, recovered=10148, updated='2021-04-15T10:00:07'}
12:41:34.233 [main] INFO  stringConverter - adding element: Country{location='Papua New Guinea', countryCode='pg', latitude=-6.314992999999999, longitude=143.95555, confirmed=8984, dead=71, recovered=846, updated='2021-04-15T10:00:07'}
12:41:34.233 [main] INFO  stringConverter - adding element: Country{location='Equatorial Guinea', countryCode='gq', latitude=1.650801, longitude=10.267895, confirmed=7259, dead=106, recovered=6885, updated='2021-04-15T10:00:07'}
12:41:34.234 [main] INFO  stringConverter - adding element: Country{location='CAR', countryCode='cf', latitude=6.611110999999999, longitude=20.939444, confirmed=5682, dead=75, recovered=5112, updated='2021-04-15T10:00:07'}
12:41:34.234 [main] INFO  stringConverter - adding element: Country{location='Chad', countryCode='td', latitude=15.454166, longitude=18.732207, confirmed=4662, dead=167, recovered=4312, updated='2021-04-15T10:00:07'}
12:41:34.234 [main] INFO  stringConverter - adding element: Country{location='Vietnam', countryCode='vn', latitude=14.058324, longitude=108.277199, confirmed=2737, dead=35, recovered=2445, updated='2021-04-15T10:00:07'}
12:41:34.234 [main] INFO  stringConverter - adding element: Country{location='Monaco', countryCode='mc', latitude=43.73841760000001, longitude=7.424615799999999, confirmed=2384, dead=31, recovered=2266, updated='2021-04-15T10:00:07'}
12:41:34.235 [main] INFO  stringConverter - adding element: Country{location='Curaçao', countryCode='cw', latitude=12.16957, longitude=-68.99002, confirmed=11581, dead=78, recovered=7666, updated='2021-04-15T10:00:07'}
12:41:34.235 [main] INFO  stringConverter - adding element: Country{location='Taiwan', countryCode='tw', latitude=23.69781, longitude=120.960515, confirmed=1068, dead=11, recovered=1031, updated='2021-04-15T10:00:07'}
12:41:34.236 [main] INFO  stringConverter - adding element: Country{location='Jersey', countryCode='je', latitude=49.2137711, longitude=-2.1357662, confirmed=2908, dead=56, recovered=2561, updated='2021-01-17T18:15:05'}
12:41:34.236 [main] INFO  stringConverter - adding element: Country{location='Luxembourg', countryCode='lu', latitude=49.815273, longitude=6.129582999999999, confirmed=64334, dead=784, recovered=60203, updated='2021-04-15T10:00:07'}
12:41:34.236 [main] INFO  stringConverter - adding element: Country{location='Aruba', countryCode='aw', latitude=12.52111, longitude=-69.968338, confirmed=10159, dead=92, recovered=9573, updated='2021-04-15T10:00:07'}
12:41:34.237 [main] INFO  stringConverter - adding element: Country{location='Niger', countryCode='ne', latitude=17.607789, longitude=8.081666, confirmed=5081, dead=189, recovered=4760, updated='2021-04-15T10:00:07'}
12:41:34.237 [main] INFO  stringConverter - adding element: Country{location='Diamond Princess', countryCode='01', latitude=40.86429589999999, longitude=-73.9614914, confirmed=712, dead=13, recovered=699, updated='2021-04-15T10:00:07'}
12:41:34.238 [main] INFO  stringConverter - adding element: Country{location='Sierra Leone', countryCode='sl', latitude=8.460555, longitude=-11.779889, confirmed=4013, dead=79, recovered=2832, updated='2021-04-15T10:00:07'}
12:41:34.238 [main] INFO  stringConverter - adding element: Country{location='Burundi', countryCode='bi', latitude=-3.373056, longitude=29.918886, confirmed=3333, dead=6, recovered=773, updated='2021-04-15T10:00:07'}
12:41:34.239 [main] INFO  stringConverter - adding element: Country{location='Seychelles', countryCode='sc', latitude=-4.679574, longitude=55.491977, confirmed=4633, dead=25, recovered=4310, updated='2021-04-15T10:00:07'}
12:41:34.239 [main] INFO  stringConverter - adding element: Country{location='Saint Pierre Miquelon', countryCode='pm', latitude=46.8852, longitude=-56.3159, confirmed=24, dead=0, recovered=24, updated='2021-04-15T10:00:07'}
12:41:34.240 [main] INFO  stringConverter - adding element: Country{location='United States', countryCode='us', latitude=37.09024, longitude=-95.712891, confirmed=33230992, dead=591514, recovered=25908684, updated='2021-05-04T10:30:07'}
12:41:34.240 [main] INFO  stringConverter - adding element: Country{location='Laos', countryCode='la', latitude=19.85627, longitude=102.495496, confirmed=53, dead=0, recovered=49, updated='2021-04-15T10:00:07'}
12:41:34.240 [main] INFO  stringConverter - adding element: Country{location='Saint Kitts and Nevis', countryCode='kn', latitude=17.357822, longitude=-62.782998, confirmed=44, dead=0, recovered=44, updated='2021-04-15T10:00:07'}
12:41:34.240 [main] INFO  stringConverter - adding element: Country{location='Romania', countryCode='ro', latitude=45.943161, longitude=24.96676, confirmed=1016449, dead=25605, recovered=920653, updated='2021-04-15T10:15:12'}
12:41:34.241 [main] INFO  stringConverter - adding element: Country{location='French Guiana', countryCode='gf', latitude=3.933889, longitude=-53.125782, confirmed=17883, dead=95, recovered=9995, updated='2021-04-15T10:00:07'}
12:41:34.241 [main] INFO  stringConverter - adding element: Country{location='Barbados', countryCode='bb', latitude=13.193887, longitude=-59.543198, confirmed=3744, dead=44, recovered=3634, updated='2021-04-15T10:00:07'}
12:41:34.241 [main] INFO  stringConverter - adding element: Country{location='Sao Tome and Principe', countryCode='st', latitude=0.18636, longitude=6.613080999999999, confirmed=2269, dead=35, recovered=2196, updated='2021-04-15T10:00:07'}
12:41:34.242 [main] INFO  stringConverter - adding element: Country{location='Macao', countryCode='mo', latitude=22.198745, longitude=113.543873, confirmed=49, dead=0, recovered=48, updated='2021-04-15T10:00:07'}
12:41:34.242 [main] INFO  stringConverter - adding element: Country{location='Montserrat', countryCode='ms', latitude=16.742498, longitude=-62.187366, confirmed=20, dead=1, recovered=19, updated='2021-04-15T10:00:07'}
12:41:34.242 [main] INFO  stringConverter - adding element: Country{location='Saint Martin', countryCode='mf', latitude=18.0708298, longitude=-63.0500809, confirmed=1693, dead=12, recovered=1399, updated='2021-04-15T10:00:07'}
12:41:34.242 [main] INFO  stringConverter - adding element: Country{location='Sint Eustatius', countryCode='bq', latitude=17.4890306, longitude=-62.973555, confirmed=18, dead=0, recovered=18, updated='2021-01-17T18:15:05'}
12:41:34.242 [main] INFO  stringConverter - adding element: Country{location='Isle of Man', countryCode='im', latitude=54.236107, longitude=-4.548056, confirmed=1575, dead=29, recovered=1445, updated='2021-04-15T10:00:07'}
12:41:34.243 [main] INFO  stringConverter - adding element: Country{location='Tanzania', countryCode='tz', latitude=-6.369028, longitude=34.888822, confirmed=509, dead=21, recovered=183, updated='2021-04-15T10:00:07'}
12:41:34.243 [main] INFO  stringConverter - adding element: Country{location='Samoa', countryCode='ws', latitude=-13.759029, longitude=-172.104629, confirmed=3, dead=0, recovered=2, updated='2021-04-15T10:00:07'}
12:41:34.243 [main] INFO  stringConverter - adding element: Country{location='Coral Princess', countryCode='11', latitude=20.5331399, longitude=-86.9387546, confirmed=12, dead=3, recovered=0, updated='2021-01-17T18:15:05'}
12:41:34.244 [main] INFO  stringConverter - adding element: Country{location='Brunei ', countryCode='bn', latitude=4.535277, longitude=114.727669, confirmed=221, dead=3, recovered=206, updated='2021-04-15T10:00:07'}
12:41:34.244 [main] INFO  stringConverter - adding element: Country{location='Japan', countryCode='jp', latitude=36.204824, longitude=138.252924, confirmed=512169, dead=9469, recovered=471007, updated='2021-04-15T10:00:07'}
12:41:34.244 [main] INFO  stringConverter - adding element: Country{location='St. Barth', countryCode='bl', latitude=17.9, longitude=-62.833333, confirmed=907, dead=1, recovered=462, updated='2021-04-15T10:00:07'}
12:41:34.244 [main] INFO  stringConverter - adding element: Country{location='Moldova', countryCode='md', latitude=47.411631, longitude=28.369885, confirmed=243365, dead=5466, recovered=226325, updated='2021-04-15T10:00:07'}
12:41:34.245 [main] INFO  stringConverter - adding element: Country{location='British Virgin Islands', countryCode='vg', latitude=18.420695, longitude=-64.639968, confirmed=178, dead=1, recovered=159, updated='2021-04-15T10:00:07'}
12:41:34.245 [main] INFO  stringConverter - adding element: Country{location='Grenada', countryCode='gd', latitude=12.1165, longitude=-61.67899999999999, confirmed=155, dead=1, recovered=152, updated='2021-04-15T10:00:07'}
12:41:34.245 [main] INFO  stringConverter - adding element: Country{location='Anguilla', countryCode='ai', latitude=18.220554, longitude=-63.06861499999999, confirmed=25, dead=0, recovered=22, updated='2021-04-15T10:00:07'}
12:41:34.245 [main] INFO  stringConverter - adding element: Country{location='New Caledonia', countryCode='nc', latitude=-20.904305, longitude=165.618042, confirmed=121, dead=0, recovered=58, updated='2021-04-15T10:00:07'}
12:41:34.246 [main] INFO  stringConverter - adding element: Country{location='Marshall Islands', countryCode='mh', latitude=7.131474, longitude=171.184478, confirmed=4, dead=0, recovered=4, updated='2021-04-15T10:00:07'}
12:41:34.246 [main] INFO  stringConverter - adding element: Country{location='Canada', countryCode='ca', latitude=56.130366, longitude=-106.346771, confirmed=1087152, dead=23445, recovered=983506, updated='2021-04-15T10:15:12'}
12:41:34.246 [main] INFO  stringConverter - adding element: Country{location='Mayotte', countryCode='yt', latitude=-12.8275, longitude=45.166244, confirmed=19757, dead=168, recovered=2964, updated='2021-04-15T10:00:07'}
12:41:34.246 [main] INFO  stringConverter - adding element: Country{location='Greenland', countryCode='gl', latitude=71.706936, longitude=-42.604303, confirmed=31, dead=0, recovered=31, updated='2021-04-15T10:00:07'}
12:41:34.246 [main] INFO  stringConverter - adding element: Country{location='Vatican City', countryCode='va', latitude=41.902916, longitude=12.453389, confirmed=27, dead=0, recovered=15, updated='2021-04-15T10:00:07'}
12:41:34.247 [main] INFO  stringConverter - adding element: Country{location='Solomon Islands', countryCode='sb', latitude=-9.64571, longitude=160.156194, confirmed=19, dead=0, recovered=18, updated='2021-04-15T10:00:07'}
12:41:34.247 [main] INFO  stringConverter - adding element: Country{location='Réunion', countryCode='re', latitude=-21.115141, longitude=55.536384, confirmed=18425, dead=135, recovered=16794, updated='2021-04-15T10:00:07'}
12:41:34.247 [main] INFO  stringConverter - adding element: Country{location='Guadeloupe', countryCode='gp', latitude=16.265, longitude=-61.55099999999999, confirmed=12717, dead=176, recovered=2242, updated='2021-04-15T10:00:07'}
12:41:34.248 [main] INFO  stringConverter - adding element: Country{location='Gambia', countryCode='gm', latitude=13.443182, longitude=-15.310139, confirmed=5682, dead=170, recovered=5165, updated='2021-04-15T10:00:07'}
12:41:34.248 [main] INFO  stringConverter - adding element: Country{location='Guernsey', countryCode='gg', latitude=49.4481982, longitude=-2.58949, confirmed=309, dead=13, recovered=288, updated='2021-01-17T18:15:05'}
12:41:34.248 [main] INFO  stringConverter - adding element: Country{location='Saint Lucia', countryCode='lc', latitude=13.909444, longitude=-60.978893, confirmed=4355, dead=64, recovered=4208, updated='2021-04-15T10:00:07'}
12:41:34.249 [main] INFO  stringConverter - adding element: Country{location='St. Vincent Grenadines', countryCode='vc', latitude=12.984305, longitude=-61.287228, confirmed=1812, dead=10, recovered=1677, updated='2021-04-15T10:00:07'}
12:41:34.249 [main] INFO  stringConverter - adding element: Country{location='Vanuatu', countryCode='vu', latitude=-15.376706, longitude=166.959158, confirmed=3, dead=0, recovered=1, updated='2021-04-15T10:00:07'}
12:41:34.249 [main] INFO  stringConverter - adding element: Country{location='Martinique', countryCode='mq', latitude=14.641528, longitude=-61.024174, confirmed=9890, dead=64, recovered=98, updated='2021-04-15T10:00:07'}
12:41:34.249 [main] INFO  stringConverter - adding element: Country{location='Cayman Islands', countryCode='ky', latitude=19.3133, longitude=-81.2546, confirmed=523, dead=2, recovered=498, updated='2021-04-15T10:00:07'}
12:41:34.250 [main] INFO  stringConverter - adding element: Country{location='Mongolia', countryCode='mn', latitude=46.862496, longitude=103.846656, confirmed=18565, dead=31, recovered=10638, updated='2021-04-15T10:00:07'}
12:41:34.250 [main] INFO  stringConverter - adding element: Country{location='Sudan', countryCode='sd', latitude=12.862807, longitude=30.217636, confirmed=31790, dead=2208, recovered=25539, updated='2021-04-15T10:00:07'}
12:41:34.250 [main] INFO  stringConverter - adding element: Country{location='Tajikistan', countryCode='tj', latitude=38.861034, longitude=71.276093, confirmed=13308, dead=90, recovered=13218, updated='2021-04-15T10:00:07'}
12:41:34.250 [main] INFO  stringConverter - adding element: Country{location='Comoros', countryCode='km', latitude=-11.6455, longitude=43.3333, confirmed=3803, dead=146, recovered=3582, updated='2021-04-15T10:00:07'}
12:41:34.251 [main] INFO  stringConverter - adding element: Country{location='Turks and Caicos', countryCode='tc', latitude=21.694025, longitude=-71.797928, confirmed=2360, dead=17, recovered=2285, updated='2021-04-15T10:00:07'}
12:41:34.251 [main] INFO  stringConverter - adding element: Country{location='Mauritius', countryCode='mu', latitude=-20.348404, longitude=57.55215200000001, confirmed=1201, dead=15, recovered=841, updated='2021-04-15T10:00:07'}
12:41:34.251 [main] INFO  stringConverter - adding element: Country{location='Philippines', countryCode='ph', latitude=12.879721, longitude=121.774017, confirmed=904285, dead=15594, recovered=705164, updated='2021-04-15T10:15:12'}
12:41:34.251 [main] INFO  stringConverter - adding element: Country{location='Israel', countryCode='il', latitude=31.046051, longitude=34.851612, confirmed=836504, dead=6312, recovered=827184, updated='2021-04-15T10:00:07'}
12:41:34.252 [main] INFO  stringConverter - adding element: Country{location='Northern Cyprus', countryCode='00', latitude=35.2480359, longitude=33.6577243, confirmed=1850, dead=11, recovered=1602, updated='2021-01-17T18:15:05'}
12:41:34.252 [main] INFO  stringConverter - adding element: Country{location='Bangladesh', countryCode='bd', latitude=23.684994, longitude=90.356331, confirmed=703170, dead=9987, recovered=591299, updated='2021-04-15T10:00:07'}
12:41:34.252 [main] INFO  stringConverter - adding element: Country{location='Sweden', countryCode='se', latitude=60.12816100000001, longitude=18.643501, confirmed=885385, dead=13720, recovered=0, updated='2021-04-15T10:00:07'}
12:41:34.252 [main] INFO  stringConverter - adding element: Country{location='Serbia', countryCode='rs', latitude=44.016521, longitude=21.005859, confirmed=651899, dead=5846, recovered=571312, updated='2021-04-15T10:00:07'}
12:41:34.253 [main] INFO  stringConverter - adding element: Country{location='Denmark', countryCode='dk', latitude=56.26392, longitude=9.501785, confirmed=239532, dead=2447, recovered=228685, updated='2021-04-15T10:00:07'}
12:41:34.253 [main] INFO  stringConverter - adding element: Country{location='Switzerland', countryCode='ch', latitude=46.818188, longitude=8.227511999999999, confirmed=627968, dead=10488, recovered=563438, updated='2021-04-15T10:00:07'}
12:41:34.253 [main] INFO  stringConverter - adding element: Country{location='Ireland', countryCode='ie', latitude=53.1423672, longitude=-7.692053599999999, confirmed=242105, dead=4812, recovered=222851, updated='2021-04-15T10:00:07'}
12:41:34.253 [main] INFO  stringConverter - adding element: Country{location='Ethiopia', countryCode='et', latitude=9.145000000000001, longitude=40.489673, confirmed=234405, dead=3252, recovered=174591, updated='2021-04-15T10:00:07'}
12:41:34.254 [main] INFO  stringConverter - adding element: Country{location='Costa Rica', countryCode='cr', latitude=9.748916999999999, longitude=-83.753428, confirmed=225343, dead=3044, recovered=196060, updated='2021-04-15T10:00:07'}
12:41:34.254 [main] INFO  stringConverter - adding element: Country{location='Armenia', countryCode='am', latitude=40.069099, longitude=45.038189, confirmed=206142, dead=3817, recovered=185125, updated='2021-04-15T10:00:07'}
12:41:34.254 [main] INFO  stringConverter - adding element: Country{location='Sri Lanka', countryCode='lk', latitude=7.873053999999999, longitude=80.77179699999999, confirmed=95737, dead=604, recovered=92151, updated='2021-04-15T10:00:07'}
12:41:34.255 [main] INFO  stringConverter - adding element: Country{location='Mozambique', countryCode='mz', latitude=-18.665695, longitude=35.529562, confirmed=68927, dead=794, recovered=59972, updated='2021-04-15T10:00:07'}
12:41:34.255 [main] INFO  stringConverter - adding element: Country{location='Artsakh', countryCode='12', latitude=26.0434384, longitude=-80.2777081, confirmed=1130, dead=30, recovered=337, updated='2021-01-17T18:15:05'}
12:41:34.255 [main] INFO  stringConverter - adding element: Country{location='Ivory Coast', countryCode='ci', latitude=7.539988999999999, longitude=-5.547079999999999, confirmed=45388, dead=271, recovered=44833, updated='2021-04-15T10:00:07'}
12:41:34.255 [main] INFO  stringConverter - adding element: Country{location='Cambodia', countryCode='kh', latitude=12.565679, longitude=104.990963, confirmed=5218, dead=36, recovered=2319, updated='2021-04-15T10:00:07'}
12:41:34.256 [main] INFO  stringConverter - adding element: Country{location='Antigua and Barbuda', countryCode='ag', latitude=17.060816, longitude=-61.796428, confirmed=1209, dead=31, recovered=947, updated='2021-04-15T10:00:07'}
12:41:34.256 [main] INFO  stringConverter - adding element: Country{location='USS Theodore Roosevelt', countryCode='09', latitude=0.0, longitude=0.0, confirmed=1102, dead=1, recovered=751, updated='2021-01-17T18:15:05'}
12:41:34.256 [main] INFO  stringConverter - adding element: Country{location='Northern Mariana Islands ', countryCode='mp', latitude=15.0979, longitude=145.6739, confirmed=122, dead=2, recovered=32, updated='2021-01-17T18:15:05'}
12:41:34.257 [main] INFO  stringConverter - adding element: Country{location='Iraq', countryCode='iq', latitude=33.223191, longitude=43.679291, confirmed=949050, dead=14836, recovered=831519, updated='2021-04-15T10:15:12'}
12:41:34.257 [main] INFO  stringConverter - adding element: Country{location='Zimbabwe', countryCode='zw', latitude=-19.015438, longitude=29.154857, confirmed=37369, dead=1548, recovered=34946, updated='2021-04-15T10:00:07'}
12:41:34.257 [main] INFO  stringConverter - adding element: Country{location='Kosovo', countryCode='xk', latitude=42.6026359, longitude=20.902977, confirmed=55498, dead=1405, recovered=48990, updated='2021-01-17T18:15:05'}
12:41:34.257 [main] INFO  stringConverter - adding element: Country{location='Nicaragua', countryCode='ni', latitude=12.865416, longitude=-85.207229, confirmed=6778, dead=180, recovered=4225, updated='2021-04-15T10:00:07'}
12:41:34.258 [main] INFO  stringConverter - adding element: Country{location='Burkina Faso', countryCode='bf', latitude=12.238333, longitude=-1.561593, confirmed=13050, dead=154, recovered=12689, updated='2021-04-15T10:00:07'}
12:41:34.258 [main] INFO  stringConverter - adding element: Country{location='Eritrea', countryCode='er', latitude=15.179384, longitude=39.782334, confirmed=3479, dead=10, recovered=3273, updated='2021-04-15T10:00:07'}
12:41:34.258 [main] INFO  stringConverter - adding element: Country{location='MS Zaandam', countryCode='03', latitude=0.0, longitude=0.0, confirmed=9, dead=2, recovered=7, updated='2021-04-15T10:00:07'}
12:41:34.258 [main] INFO  stringConverter - adding element: Country{location='Abkhazia', countryCode='06', latitude=43.0015544, longitude=41.023407, confirmed=7504, dead=100, recovered=5545, updated='2021-01-17T18:15:05'}
12:41:34.258 [main] INFO  stringConverter - adding element: Country{location='Guam', countryCode='gu', latitude=13.444304, longitude=144.793731, confirmed=7257, dead=121, recovered=6707, updated='2021-01-17T18:15:05'}
12:41:34.259 [main] INFO  stringConverter - adding element: Country{location='Pakistan', countryCode='pk', latitude=30.375321, longitude=69.34511599999999, confirmed=739818, dead=15872, recovered=646652, updated='2021-04-15T10:00:07'}
12:41:34.259 [main] INFO  stringConverter - adding element: Country{location='Norway', countryCode='no', latitude=60.47202399999999, longitude=8.468945999999999, confirmed=105607, dead=706, recovered=88952, updated='2021-04-15T10:00:07'}
13:17:34.835 [main] INFO  stringConverter - starting to convert elements
13:17:34.956 [main] INFO  stringConverter - adding element: Country{location='Iran', countryCode='ir', latitude=32.427908, longitude=53.688046, confirmed=2168872, dead=65680, recovered=1749041, updated='2021-04-15T14:15:07'}
13:17:34.957 [main] INFO  stringConverter - adding element: Country{location='Germany', countryCode='de', latitude=51.165691, longitude=10.451526, confirmed=3064382, dead=79813, recovered=2736100, updated='2021-04-15T14:15:07'}
13:17:34.957 [main] INFO  stringConverter - adding element: Country{location='Russia', countryCode='ru', latitude=61.52401, longitude=105.318756, confirmed=4675153, dead=104398, recovered=4301448, updated='2021-04-15T14:15:07'}
13:17:34.958 [main] INFO  stringConverter - adding element: Country{location='Nepal', countryCode='np', latitude=28.394857, longitude=84.12400799999999, confirmed=281564, dead=3061, recovered=274447, updated='2021-04-15T10:00:07'}
13:17:34.958 [main] INFO  stringConverter - adding element: Country{location='Saudi Arabia', countryCode='sa', latitude=23.885942, longitude=45.079162, confirmed=401157, dead=6781, recovered=385441, updated='2021-04-15T10:00:07'}
13:17:34.958 [main] INFO  stringConverter - adding element: Country{location='Argentina', countryCode='ar', latitude=-38.416097, longitude=-63.61667199999999, confirmed=2604157, dead=58542, recovered=2278486, updated='2021-04-15T14:15:07'}
13:17:34.959 [main] INFO  stringConverter - adding element: Country{location='Austria', countryCode='at', latitude=47.516231, longitude=14.550072, confirmed=586883, dead=9813, recovered=547604, updated='2021-04-15T10:00:07'}
13:17:34.959 [main] INFO  stringConverter - adding element: Country{location='Jordan', countryCode='jo', latitude=36.1500042, longitude=-95.9882368, confirmed=676175, dead=7987, recovered=617096, updated='2021-04-15T10:00:07'}
13:17:34.959 [main] INFO  stringConverter - adding element: Country{location='Angola', countryCode='ao', latitude=-11.202692, longitude=17.873887, confirmed=23841, dead=557, recovered=22144, updated='2021-04-15T10:00:07'}
13:17:34.959 [main] INFO  stringConverter - adding element: Country{location='Netherlands', countryCode='nl', latitude=52.132633, longitude=5.291265999999999, confirmed=1369411, dead=16848, recovered=0, updated='2021-04-15T10:15:12'}
13:17:34.960 [main] INFO  stringConverter - adding element: Country{location='Bulgaria', countryCode='bg', latitude=42.733883, longitude=25.48583, confirmed=380576, dead=14871, recovered=296998, updated='2021-04-15T10:00:07'}
13:17:34.960 [main] INFO  stringConverter - adding element: Country{location='India', countryCode='in', latitude=20.593684, longitude=78.96288, confirmed=20282833, dead=222408, recovered=16613292, updated='2021-05-04T11:00:08'}
13:17:34.960 [main] INFO  stringConverter - adding element: Country{location='South Africa', countryCode='za', latitude=-30.559482, longitude=22.937506, confirmed=1584961, dead=103, recovered=1486873, updated='2021-05-04T11:05'}
13:17:34.961 [main] INFO  stringConverter - adding element: Country{location='Italy', countryCode='it', latitude=41.87194, longitude=12.56738, confirmed=3809193, dead=115557, recovered=3178976, updated='2021-04-15T14:15:07'}
13:17:34.961 [main] INFO  stringConverter - adding element: Country{location='France', countryCode='fr', latitude=46.227638, longitude=2.213749, confirmed=5149834, dead=99777, recovered=315152, updated='2021-04-15T14:15:07'}
13:17:34.961 [main] INFO  stringConverter - adding element: Country{location='Belgium', countryCode='be', latitude=50.503887, longitude=4.469936, confirmed=935316, dead=23603, recovered=60320, updated='2021-04-15T10:15:12'}
13:17:34.962 [main] INFO  stringConverter - adding element: Country{location='Peru', countryCode='pe', latitude=-9.189967, longitude=-75.015152, confirmed=1667737, dead=55812, recovered=1592937, updated='2021-04-15T14:15:07'}
13:17:34.962 [main] INFO  stringConverter - adding element: Country{location='Ukraine', countryCode='ua', latitude=48.379433, longitude=31.1655799, confirmed=1903765, dead=38658, recovered=1453766, updated='2021-04-15T14:15:07'}
13:17:34.962 [main] INFO  stringConverter - adding element: Country{location='UK', countryCode='gb', latitude=55.378051, longitude=-3.435973, confirmed=4378305, dead=127161, recovered=4113338, updated='2021-04-15T14:15:07'}
13:17:34.963 [main] INFO  stringConverter - adding element: Country{location='Syria', countryCode='sy', latitude=34.80207499999999, longitude=38.996815, confirmed=20555, dead=1402, recovered=14335, updated='2021-04-15T10:00:07'}
13:17:34.963 [main] INFO  stringConverter - adding element: Country{location='Azerbaijan', countryCode='az', latitude=40.143105, longitude=47.576927, confirmed=291894, dead=4009, recovered=255833, updated='2021-04-15T10:00:07'}
13:17:34.963 [main] INFO  stringConverter - adding element: Country{location='Colombia', countryCode='co', latitude=4.570868, longitude=-74.297333, confirmed=2585801, dead=66819, recovered=2419265, updated='2021-04-15T14:15:07'}
13:17:34.964 [main] INFO  stringConverter - adding element: Country{location='Indonesia', countryCode='id', latitude=-0.789275, longitude=113.921327, confirmed=1589359, dead=43073, recovered=1438254, updated='2021-04-15T14:15:07'}
13:17:34.964 [main] INFO  stringConverter - adding element: Country{location='Chile', countryCode='cl', latitude=-35.675147, longitude=-71.542969, confirmed=1094267, dead=24548, recovered=1026934, updated='2021-04-15T10:15:12'}
13:17:34.964 [main] INFO  stringConverter - adding element: Country{location='Mexico', countryCode='mx', latitude=23.634501, longitude=-102.552784, confirmed=2291246, dead=210812, recovered=1817866, updated='2021-04-15T14:15:07'}
13:17:34.964 [main] INFO  stringConverter - adding element: Country{location='Turkey', countryCode='tr', latitude=38.963745, longitude=35.243322, confirmed=4025557, dead=34734, recovered=3480146, updated='2021-04-15T14:15:07'}
13:17:34.964 [main] INFO  stringConverter - adding element: Country{location='Spain', countryCode='es', latitude=40.46366700000001, longitude=-3.74922, confirmed=3387022, dead=76756, recovered=3118437, updated='2021-04-15T14:15:07'}
13:17:34.965 [main] INFO  stringConverter - adding element: Country{location='Gabon', countryCode='ga', latitude=-0.803689, longitude=11.609444, confirmed=21566, dead=132, recovered=18219, updated='2021-04-15T10:00:07'}
13:17:34.965 [main] INFO  stringConverter - adding element: Country{location='Poland', countryCode='pl', latitude=51.919438, longitude=19.145136, confirmed=2642242, dead=60612, recovered=2238638, updated='2021-04-15T14:15:07'}
13:17:34.965 [main] INFO  stringConverter - adding element: Country{location='UAE', countryCode='ae', latitude=23.424076, longitude=53.847818, confirmed=489495, dead=1541, recovered=473398, updated='2021-04-15T10:00:07'}
13:17:34.965 [main] INFO  stringConverter - adding element: Country{location='Czechia', countryCode='cz', latitude=49.81749199999999, longitude=15.472962, confirmed=1593847, dead=28229, recovered=1483559, updated='2021-04-15T14:15:07'}
13:17:34.965 [main] INFO  stringConverter - adding element: Country{location='Guinea', countryCode='gn', latitude=9.945587, longitude=-9.696645, confirmed=21299, dead=136, recovered=18815, updated='2021-04-15T10:00:07'}
13:17:34.965 [main] INFO  stringConverter - adding element: Country{location='Croatia', countryCode='hr', latitude=45.1, longitude=15.2000001, confirmed=300900, dead=6442, recovered=279151, updated='2021-04-15T10:00:07'}
13:17:34.968 [main] INFO  stringConverter - adding element: Country{location='Portugal', countryCode='pt', latitude=39.39987199999999, longitude=-8.224454, confirmed=828857, dead=16931, recovered=786469, updated='2021-04-15T10:00:07'}
13:17:34.968 [main] INFO  stringConverter - adding element: Country{location='Australia', countryCode='au', latitude=-25.274398, longitude=133.775136, confirmed=29457, dead=910, recovered=26381, updated='2021-04-15T10:00:07'}
13:17:34.968 [main] INFO  stringConverter - adding element: Country{location='Hungary', countryCode='hu', latitude=47.162494, longitude=19.5033041, confirmed=736982, dead=24521, recovered=440498, updated='2021-04-15T10:00:07'}
13:17:34.968 [main] INFO  stringConverter - adding element: Country{location='Panama', countryCode='pa', latitude=8.537981, longitude=-80.782127, confirmed=359516, dead=6177, recovered=349318, updated='2021-04-15T10:00:07'}
13:17:34.968 [main] INFO  stringConverter - adding element: Country{location='Ecuador', countryCode='ec', latitude=-1.831239, longitude=-78.18340599999999, confirmed=350539, dead=17400, recovered=298604, updated='2021-04-15T10:00:07'}
13:17:34.969 [main] INFO  stringConverter - adding element: Country{location='Georgia', countryCode='ge', latitude=32.1656221, longitude=-82.9000751, confirmed=292244, dead=3908, recovered=279389, updated='2021-04-15T10:00:07'}
13:17:34.969 [main] INFO  stringConverter - adding element: Country{location='Brazil', countryCode='br', latitude=-14.235004, longitude=-51.92528, confirmed=14791434, dead=408829, recovered=13336476, updated='2021-05-04T11:00:08'}
13:17:34.969 [main] INFO  stringConverter - adding element: Country{location='Morocco', countryCode='ma', latitude=31.791702, longitude=-7.092619999999999, confirmed=503664, dead=8920, recovered=489928, updated='2021-04-15T10:00:07'}
13:17:34.969 [main] INFO  stringConverter - adding element: Country{location='Slovakia', countryCode='sk', latitude=48.669026, longitude=19.699024, confirmed=373950, dead=10877, recovered=255300, updated='2021-04-15T10:00:07'}
13:17:34.969 [main] INFO  stringConverter - adding element: Country{location='Paraguay', countryCode='py', latitude=-23.442503, longitude=-58.443832, confirmed=242161, dead=5040, recovered=198473, updated='2021-04-15T10:00:07'}
13:17:34.970 [main] INFO  stringConverter - adding element: Country{location='Egypt', countryCode='eg', latitude=26.820553, longitude=30.802498, confirmed=212961, dead=12570, recovered=161031, updated='2021-04-15T10:00:07'}
13:17:34.970 [main] INFO  stringConverter - adding element: Country{location='Qatar', countryCode='qa', latitude=25.354826, longitude=51.183884, confirmed=192963, dead=348, recovered=171388, updated='2021-04-15T10:00:07'}
13:17:34.970 [main] INFO  stringConverter - adding element: Country{location='Bahrain', countryCode='bh', latitude=26.0667, longitude=50.5577, confirmed=159964, dead=569, recovered=148093, updated='2021-04-15T10:00:07'}
13:17:34.970 [main] INFO  stringConverter - adding element: Country{location='South Korea', countryCode='kr', latitude=35.907757, longitude=127.766922, confirmed=112117, dead=1788, recovered=102513, updated='2021-04-15T10:00:07'}
13:17:34.970 [main] INFO  stringConverter - adding element: Country{location='Kyrgyzstan', countryCode='kg', latitude=41.20438, longitude=74.766098, confirmed=91144, dead=1540, recovered=86491, updated='2021-04-15T10:00:07'}
13:17:34.970 [main] INFO  stringConverter - adding element: Country{location='Bolivia', countryCode='bo', latitude=-16.290154, longitude=-63.58865299999999, confirmed=285291, dead=12519, recovered=234596, updated='2021-04-15T10:00:07'}
13:17:34.971 [main] INFO  stringConverter - adding element: Country{location='Oman', countryCode='om', latitude=21.4735329, longitude=55.975413, confirmed=176668, dead=1821, recovered=156845, updated='2021-04-15T10:00:07'}
13:17:34.971 [main] INFO  stringConverter - adding element: Country{location='Puerto Rico', countryCode='pr', latitude=18.220833, longitude=-66.590149, confirmed=80590, dead=1703, recovered=0, updated='2021-01-17T18:15:05'}
13:17:34.971 [main] INFO  stringConverter - adding element: Country{location='Guatemala', countryCode='gt', latitude=15.783471, longitude=-90.23075899999999, confirmed=207127, dead=7089, recovered=187894, updated='2021-04-15T10:00:07'}
13:17:34.971 [main] INFO  stringConverter - adding element: Country{location='Myanmar', countryCode='mm', latitude=21.916221, longitude=95.955974, confirmed=142610, dead=3206, recovered=131879, updated='2021-04-15T10:00:07'}
13:17:34.972 [main] INFO  stringConverter - adding element: Country{location='Singapore', countryCode='sg', latitude=1.352083, longitude=103.819836, confirmed=60735, dead=30, recovered=60392, updated='2021-04-15T10:00:07'}
13:17:34.972 [main] INFO  stringConverter - adding element: Country{location='Palestine', countryCode='ps', latitude=31.952162, longitude=35.233154, confirmed=274690, dead=2923, recovered=239291, updated='2021-04-15T10:00:07'}
13:17:34.973 [main] INFO  stringConverter - adding element: Country{location='Bosnia and Herzegovina', countryCode='ba', latitude=43.915886, longitude=17.679076, confirmed=186372, dead=7642, recovered=143944, updated='2021-04-15T10:00:07'}
13:17:34.973 [main] INFO  stringConverter - adding element: Country{location='Kenya', countryCode='ke', latitude=-0.023559, longitude=37.906193, confirmed=148128, dead=2420, recovered=99580, updated='2021-04-15T10:00:07'}
13:17:34.974 [main] INFO  stringConverter - adding element: Country{location='Montenegro', countryCode='me', latitude=42.708678, longitude=19.37439, confirmed=94859, dead=1405, recovered=89615, updated='2021-04-15T10:00:07'}
13:17:34.974 [main] INFO  stringConverter - adding element: Country{location='Uzbekistan', countryCode='uz', latitude=41.377491, longitude=64.585262, confirmed=85730, dead=634, recovered=83462, updated='2021-04-15T10:00:07'}
13:17:34.974 [main] INFO  stringConverter - adding element: Country{location='Malaysia', countryCode='my', latitude=4.210484, longitude=101.975766, confirmed=367977, dead=1363, recovered=349039, updated='2021-04-15T10:00:07'}
13:17:34.974 [main] INFO  stringConverter - adding element: Country{location='Kazakhstan', countryCode='kz', latitude=48.019573, longitude=66.923684, confirmed=278695, dead=3306, recovered=239448, updated='2021-04-15T10:00:07'}
13:17:34.975 [main] INFO  stringConverter - adding element: Country{location='Albania', countryCode='al', latitude=41.153332, longitude=20.168331, confirmed=128959, dead=2331, recovered=99441, updated='2021-04-15T10:00:07'}
13:17:34.975 [main] INFO  stringConverter - adding element: Country{location='Afghanistan', countryCode='af', latitude=33.93911, longitude=67.709953, confirmed=57612, dead=2535, recovered=52083, updated='2021-04-15T10:00:07'}
13:17:34.975 [main] INFO  stringConverter - adding element: Country{location='Dominican Republic', countryCode='do', latitude=18.735693, longitude=-70.162651, confirmed=259260, dead=3402, recovered=217286, updated='2021-04-15T10:00:07'}
13:17:34.976 [main] INFO  stringConverter - adding element: Country{location='Lithuania', countryCode='lt', latitude=55.169438, longitude=23.881275, confirmed=230462, dead=3730, recovered=208890, updated='2021-04-15T10:00:07'}
13:17:34.976 [main] INFO  stringConverter - adding element: Country{location='Libya', countryCode='ly', latitude=26.3351, longitude=17.228331, confirmed=170045, dead=2834, recovered=155117, updated='2021-04-15T10:00:07'}
13:17:34.976 [main] INFO  stringConverter - adding element: Country{location='Honduras', countryCode='hn', latitude=15.199999, longitude=-86.241905, confirmed=198214, dead=4905, recovered=76130, updated='2021-04-15T10:00:07'}
13:17:34.976 [main] INFO  stringConverter - adding element: Country{location='Nigeria', countryCode='ng', latitude=9.081999, longitude=8.675277, confirmed=164000, dead=2061, recovered=154270, updated='2021-04-15T10:00:07'}
13:17:34.976 [main] INFO  stringConverter - adding element: Country{location='Algeria', countryCode='dz', latitude=28.033886, longitude=1.659626, confirmed=118975, dead=3141, recovered=82929, updated='2021-04-15T10:00:07'}
13:17:34.976 [main] INFO  stringConverter - adding element: Country{location='China', countryCode='cn', latitude=35.86166, longitude=104.195397, confirmed=90457, dead=4636, recovered=85524, updated='2021-04-15T10:00:07'}
13:17:34.977 [main] INFO  stringConverter - adding element: Country{location='Lebanon', countryCode='lb', latitude=33.854721, longitude=35.862285, confirmed=502299, dead=6778, recovered=413175, updated='2021-04-15T10:00:07'}
13:17:34.977 [main] INFO  stringConverter - adding element: Country{location='Kuwait', countryCode='kw', latitude=29.31166, longitude=47.481766, confirmed=251675, dead=1423, recovered=235053, updated='2021-04-15T10:00:07'}
13:17:34.977 [main] INFO  stringConverter - adding element: Country{location='Slovenia', countryCode='si', latitude=46.151241, longitude=14.995463, confirmed=229967, dead=4142, recovered=212815, updated='2021-04-15T10:00:07'}
13:17:34.977 [main] INFO  stringConverter - adding element: Country{location='Venezuela', countryCode='ve', latitude=6.42375, longitude=-66.58973, confirmed=178094, dead=1834, recovered=160620, updated='2021-04-15T10:00:07'}
13:17:34.977 [main] INFO  stringConverter - adding element: Country{location='North Macedonia', countryCode='mk', latitude=41.608635, longitude=21.745275, confirmed=144111, dead=4322, recovered=119683, updated='2021-04-15T10:00:07'}
13:17:34.977 [main] INFO  stringConverter - adding element: Country{location='Ghana', countryCode='gh', latitude=7.946527, longitude=-1.023194, confirmed=91477, dead=763, recovered=89301, updated='2021-04-15T10:00:07'}
13:17:34.978 [main] INFO  stringConverter - adding element: Country{location='El Salvador', countryCode='sv', latitude=13.794185, longitude=-88.89653, confirmed=66956, dead=2060, recovered=63345, updated='2021-04-15T10:00:07'}
13:17:34.978 [main] INFO  stringConverter - adding element: Country{location='Greece', countryCode='gr', latitude=39.074208, longitude=21.824312, confirmed=304184, dead=9135, recovered=261176, updated='2021-04-15T10:00:07'}
13:17:34.978 [main] INFO  stringConverter - adding element: Country{location='Tunisia', countryCode='tn', latitude=33.886917, longitude=9.537499, confirmed=276727, dead=9480, recovered=229754, updated='2021-04-15T10:00:07'}
13:17:34.978 [main] INFO  stringConverter - adding element: Country{location='Mali', countryCode='ml', latitude=17.570692, longitude=-3.996166, confirmed=12467, dead=419, recovered=7238, updated='2021-04-15T10:00:07'}
13:17:34.978 [main] INFO  stringConverter - adding element: Country{location='Trinidad and Tobago', countryCode='tt', latitude=10.691803, longitude=-61.222503, confirmed=8596, dead=148, recovered=7818, updated='2021-04-15T10:00:07'}
13:17:34.979 [main] INFO  stringConverter - adding element: Country{location='Timor-Leste', countryCode='tl', latitude=-8.874217, longitude=125.727539, confirmed=1103, dead=2, recovered=564, updated='2021-04-15T10:00:07'}
13:17:34.979 [main] INFO  stringConverter - adding element: Country{location='Cameroon', countryCode='cm', latitude=7.369721999999999, longitude=12.354722, confirmed=61731, dead=919, recovered=56926, updated='2021-04-15T10:00:07'}
13:17:34.979 [main] INFO  stringConverter - adding element: Country{location='Estonia', countryCode='ee', latitude=58.595272, longitude=25.0136071, confirmed=116200, dead=1064, recovered=99096, updated='2021-04-15T10:00:07'}
13:17:34.979 [main] INFO  stringConverter - adding element: Country{location='Eswatini', countryCode='sz', latitude=-26.522503, longitude=31.465866, confirmed=18407, dead=670, recovered=17682, updated='2021-04-15T10:00:07'}
13:17:34.979 [main] INFO  stringConverter - adding element: Country{location='Cyprus', countryCode='cy', latitude=35.126413, longitude=33.429859, confirmed=53254, dead=277, recovered=39061, updated='2021-04-15T10:00:07'}
13:17:34.979 [main] INFO  stringConverter - adding element: Country{location='Uganda', countryCode='ug', latitude=1.373333, longitude=32.290275, confirmed=41237, dead=338, recovered=40779, updated='2021-04-15T10:00:07'}
13:17:34.980 [main] INFO  stringConverter - adding element: Country{location='Senegal', countryCode='sn', latitude=14.497401, longitude=-14.452362, confirmed=39560, dead=1084, recovered=38290, updated='2021-04-15T10:00:07'}
13:17:34.980 [main] INFO  stringConverter - adding element: Country{location='Hong Kong', countryCode='hk', latitude=22.3193039, longitude=114.1693611, confirmed=11619, dead=209, recovered=11246, updated='2021-04-15T10:00:07'}
13:17:34.980 [main] INFO  stringConverter - adding element: Country{location='Guyana', countryCode='gy', latitude=4.860416, longitude=-58.93018, confirmed=11374, dead=260, recovered=9880, updated='2021-04-15T10:00:07'}
13:17:34.980 [main] INFO  stringConverter - adding element: Country{location='Latvia', countryCode='lv', latitude=56.879635, longitude=24.603189, confirmed=109731, dead=2030, recovered=100464, updated='2021-04-15T10:00:07'}
13:17:34.980 [main] INFO  stringConverter - adding element: Country{location='Zambia', countryCode='zm', latitude=-13.133897, longitude=27.849332, confirmed=90389, dead=1229, recovered=88241, updated='2021-04-15T10:00:07'}
13:17:34.980 [main] INFO  stringConverter - adding element: Country{location='Namibia', countryCode='na', latitude=38.911651, longitude=-77.0412109, confirmed=46051, dead=592, recovered=44162, updated='2021-04-15T10:00:07'}
13:17:34.981 [main] INFO  stringConverter - adding element: Country{location='Thailand', countryCode='th', latitude=15.870032, longitude=100.992541, confirmed=37453, dead=97, recovered=28383, updated='2021-04-15T10:00:07'}
13:17:34.981 [main] INFO  stringConverter - adding element: Country{location='Madagascar', countryCode='mg', latitude=-18.766947, longitude=46.869107, confirmed=29348, dead=520, recovered=24695, updated='2021-04-15T10:00:07'}
13:17:34.981 [main] INFO  stringConverter - adding element: Country{location='DRC', countryCode='cd', latitude=-4.038333, longitude=21.758664, confirmed=28714, dead=745, recovered=25841, updated='2021-04-15T10:00:07'}
13:17:34.981 [main] INFO  stringConverter - adding element: Country{location='Maldives', countryCode='mv', latitude=3.202778, longitude=73.22068, confirmed=25844, dead=67, recovered=23141, updated='2021-04-15T10:00:07'}
13:17:34.981 [main] INFO  stringConverter - adding element: Country{location='Mauritania', countryCode='mr', latitude=21.00789, longitude=-10.940835, confirmed=18066, dead=452, recovered=17428, updated='2021-04-15T10:00:07'}
13:17:34.981 [main] INFO  stringConverter - adding element: Country{location='Haiti', countryCode='ht', latitude=18.971187, longitude=-72.285215, confirmed=12857, dead=251, recovered=11614, updated='2021-04-15T10:00:07'}
13:17:34.982 [main] INFO  stringConverter - adding element: Country{location='Dominica', countryCode='dm', latitude=15.414999, longitude=-61.37097600000001, confirmed=165, dead=0, recovered=159, updated='2021-04-15T10:00:07'}
13:17:34.982 [main] INFO  stringConverter - adding element: Country{location='Malawi', countryCode='mw', latitude=-13.254308, longitude=34.301525, confirmed=33891, dead=1134, recovered=31675, updated='2021-04-15T10:00:07'}
13:17:34.982 [main] INFO  stringConverter - adding element: Country{location='Fiji', countryCode='fj', latitude=-17.713371, longitude=178.065032, confirmed=68, dead=2, recovered=64, updated='2021-04-15T10:00:07'}
13:17:34.982 [main] INFO  stringConverter - adding element: Country{location='Andorra', countryCode='ad', latitude=42.506285, longitude=1.521801, confirmed=12641, dead=121, recovered=11989, updated='2021-04-15T10:00:07'}
13:17:34.982 [main] INFO  stringConverter - adding element: Country{location='Congo', countryCode='cg', latitude=-4.038333, longitude=21.758664, confirmed=10084, dead=139, recovered=8208, updated='2021-04-15T10:00:07'}
13:17:34.982 [main] INFO  stringConverter - adding element: Country{location='Cuba', countryCode='cu', latitude=21.521757, longitude=-77.781167, confirmed=89404, dead=487, recovered=84114, updated='2021-04-15T10:00:07'}
13:17:34.983 [main] INFO  stringConverter - adding element: Country{location='Cabo Verde', countryCode='cv', latitude=16.5388, longitude=-23.0418, confirmed=19525, dead=188, recovered=17645, updated='2021-04-15T10:00:07'}
13:17:34.983 [main] INFO  stringConverter - adding element: Country{location='Botswana', countryCode='bw', latitude=-22.328474, longitude=24.684866, confirmed=43444, dead=663, recovered=38923, updated='2021-04-15T10:00:07'}
13:17:34.983 [main] INFO  stringConverter - adding element: Country{location='Finland', countryCode='fi', latitude=61.92410999999999, longitude=25.7481511, confirmed=83253, dead=881, recovered=46000, updated='2021-04-15T10:00:07'}
13:17:34.983 [main] INFO  stringConverter - adding element: Country{location='French Polynesia', countryCode='pf', latitude=-17.679742, longitude=-149.406843, confirmed=18680, dead=141, recovered=4842, updated='2021-04-15T10:00:07'}
13:17:34.983 [main] INFO  stringConverter - adding element: Country{location='Belize', countryCode='bz', latitude=17.189877, longitude=-88.49765, confirmed=12522, dead=318, recovered=12140, updated='2021-04-15T10:00:07'}
13:17:34.983 [main] INFO  stringConverter - adding element: Country{location='Bahamas', countryCode='bs', latitude=25.03428, longitude=-77.39627999999999, confirmed=9505, dead=190, recovered=8965, updated='2021-04-15T10:00:07'}
13:17:34.984 [main] INFO  stringConverter - adding element: Country{location='Falkland Islands', countryCode='fk', latitude=-51.796253, longitude=-59.523613, confirmed=62, dead=0, recovered=55, updated='2021-04-15T10:00:07'}
13:17:34.984 [main] INFO  stringConverter - adding element: Country{location='Uruguay', countryCode='uy', latitude=-32.522779, longitude=-55.765835, confirmed=152089, dead=1647, recovered=119388, updated='2021-04-15T10:00:07'}
13:17:34.984 [main] INFO  stringConverter - adding element: Country{location='Jamaica', countryCode='jm', latitude=18.109581, longitude=-77.297508, confirmed=43054, dead=692, recovered=19248, updated='2021-04-15T10:00:07'}
13:17:34.984 [main] INFO  stringConverter - adding element: Country{location='Malta', countryCode='mt', latitude=35.937496, longitude=14.375416, confirmed=29778, dead=403, recovered=28797, updated='2021-04-15T10:00:07'}
13:17:34.984 [main] INFO  stringConverter - adding element: Country{location='Djibouti', countryCode='dj', latitude=11.825138, longitude=42.590275, confirmed=10202, dead=106, recovered=8591, updated='2021-04-15T10:00:07'}
13:17:34.984 [main] INFO  stringConverter - adding element: Country{location='Guinea-Bissau', countryCode='gw', latitude=11.803749, longitude=-15.180413, confirmed=3694, dead=66, recovered=3093, updated='2021-04-15T10:00:07'}
13:17:34.984 [main] INFO  stringConverter - adding element: Country{location='U.S. Virgin Islands', countryCode='vi', latitude=18.335765, longitude=-64.896335, confirmed=2260, dead=24, recovered=2120, updated='2021-01-17T18:15:05'}
13:17:34.985 [main] INFO  stringConverter - adding element: Country{location='Liechtenstein', countryCode='li', latitude=47.166, longitude=9.555373, confirmed=2770, dead=56, recovered=2646, updated='2021-04-15T10:00:07'}
13:17:34.985 [main] INFO  stringConverter - adding element: Country{location='Sint Maarten', countryCode='sx', latitude=18.04248, longitude=-63.05483, confirmed=2196, dead=27, recovered=2133, updated='2021-04-15T10:00:07'}
13:17:34.985 [main] INFO  stringConverter - adding element: Country{location='Bermuda', countryCode='bm', latitude=32.3078, longitude=-64.7505, confirmed=1935, dead=16, recovered=1051, updated='2021-04-15T10:00:07'}
13:17:34.985 [main] INFO  stringConverter - adding element: Country{location='Benin', countryCode='bj', latitude=9.30769, longitude=2.315834, confirmed=7611, dead=95, recovered=6728, updated='2021-04-15T10:00:07'}
13:17:34.985 [main] INFO  stringConverter - adding element: Country{location='Iceland', countryCode='is', latitude=64.963051, longitude=-19.020835, confirmed=6275, dead=29, recovered=6163, updated='2021-04-15T10:00:07'}
13:17:34.985 [main] INFO  stringConverter - adding element: Country{location='Yemen', countryCode='ye', latitude=15.552727, longitude=48.516388, confirmed=5582, dead=1083, recovered=2128, updated='2021-04-15T10:00:07'}
13:17:34.986 [main] INFO  stringConverter - adding element: Country{location='Gibraltar', countryCode='gi', latitude=36.140751, longitude=-5.353585, confirmed=4290, dead=94, recovered=4181, updated='2021-04-15T10:00:07'}
13:17:34.986 [main] INFO  stringConverter - adding element: Country{location='New Zealand', countryCode='nz', latitude=-40.900557, longitude=174.885971, confirmed=2591, dead=26, recovered=2464, updated='2021-04-15T10:00:07'}
13:17:34.986 [main] INFO  stringConverter - adding element: Country{location='Bhutan', countryCode='bt', latitude=27.514162, longitude=90.433601, confirmed=929, dead=1, recovered=876, updated='2021-04-15T10:00:07'}
13:17:34.986 [main] INFO  stringConverter - adding element: Country{location='Faeroe Islands', countryCode='fo', latitude=61.89263500000001, longitude=-6.9118061, confirmed=662, dead=1, recovered=660, updated='2021-04-15T10:00:07'}
13:17:34.986 [main] INFO  stringConverter - adding element: Country{location='Belarus', countryCode='by', latitude=53.709807, longitude=27.953389, confirmed=338801, dead=2383, recovered=329135, updated='2021-04-15T10:00:07'}
13:17:34.986 [main] INFO  stringConverter - adding element: Country{location='Somaliland', countryCode='05', latitude=9.411743399999999, longitude=46.8252838, confirmed=1354, dead=47, recovered=1200, updated='2021-01-17T18:15:05'}
13:17:34.987 [main] INFO  stringConverter - adding element: Country{location='Togo', countryCode='tg', latitude=8.619543, longitude=0.824782, confirmed=12214, dead=117, recovered=9543, updated='2021-04-15T10:00:07'}
13:17:34.987 [main] INFO  stringConverter - adding element: Country{location='Lesotho', countryCode='ls', latitude=-29.609988, longitude=28.233608, confirmed=10709, dead=315, recovered=5028, updated='2021-04-15T10:00:07'}
13:17:34.987 [main] INFO  stringConverter - adding element: Country{location='San Marino', countryCode='sm', latitude=43.94236, longitude=12.457777, confirmed=5004, dead=86, recovered=4625, updated='2021-04-15T10:00:07'}
13:17:34.988 [main] INFO  stringConverter - adding element: Country{location='Rwanda', countryCode='rw', latitude=-1.940278, longitude=29.873888, confirmed=23672, dead=317, recovered=21594, updated='2021-04-15T10:00:07'}
13:17:34.988 [main] INFO  stringConverter - adding element: Country{location='Suriname', countryCode='sr', latitude=3.919305, longitude=-56.027783, confirmed=9417, dead=184, recovered=8725, updated='2021-04-15T10:00:07'}
13:17:34.988 [main] INFO  stringConverter - adding element: Country{location='Liberia', countryCode='lr', latitude=6.428055, longitude=-9.429499000000002, confirmed=2042, dead=85, recovered=1899, updated='2021-04-15T10:00:07'}
13:17:34.988 [main] INFO  stringConverter - adding element: Country{location='Somalia', countryCode='so', latitude=5.152149, longitude=46.199616, confirmed=12837, dead=656, recovered=5346, updated='2021-04-15T10:00:07'}
13:17:34.988 [main] INFO  stringConverter - adding element: Country{location='South Sudan', countryCode='ss', latitude=6.876991899999999, longitude=31.3069788, confirmed=10416, dead=114, recovered=10148, updated='2021-04-15T10:00:07'}
13:17:34.989 [main] INFO  stringConverter - adding element: Country{location='Papua New Guinea', countryCode='pg', latitude=-6.314992999999999, longitude=143.95555, confirmed=8984, dead=71, recovered=846, updated='2021-04-15T10:00:07'}
13:17:34.989 [main] INFO  stringConverter - adding element: Country{location='Equatorial Guinea', countryCode='gq', latitude=1.650801, longitude=10.267895, confirmed=7259, dead=106, recovered=6885, updated='2021-04-15T10:00:07'}
13:17:34.989 [main] INFO  stringConverter - adding element: Country{location='CAR', countryCode='cf', latitude=6.611110999999999, longitude=20.939444, confirmed=5682, dead=75, recovered=5112, updated='2021-04-15T10:00:07'}
13:17:34.989 [main] INFO  stringConverter - adding element: Country{location='Chad', countryCode='td', latitude=15.454166, longitude=18.732207, confirmed=4662, dead=167, recovered=4312, updated='2021-04-15T10:00:07'}
13:17:34.989 [main] INFO  stringConverter - adding element: Country{location='Vietnam', countryCode='vn', latitude=14.058324, longitude=108.277199, confirmed=2737, dead=35, recovered=2445, updated='2021-04-15T10:00:07'}
13:17:34.989 [main] INFO  stringConverter - adding element: Country{location='Monaco', countryCode='mc', latitude=43.73841760000001, longitude=7.424615799999999, confirmed=2384, dead=31, recovered=2266, updated='2021-04-15T10:00:07'}
13:17:34.989 [main] INFO  stringConverter - adding element: Country{location='Curaçao', countryCode='cw', latitude=12.16957, longitude=-68.99002, confirmed=11581, dead=78, recovered=7666, updated='2021-04-15T10:00:07'}
13:17:34.990 [main] INFO  stringConverter - adding element: Country{location='Taiwan', countryCode='tw', latitude=23.69781, longitude=120.960515, confirmed=1068, dead=11, recovered=1031, updated='2021-04-15T10:00:07'}
13:17:34.990 [main] INFO  stringConverter - adding element: Country{location='Jersey', countryCode='je', latitude=49.2137711, longitude=-2.1357662, confirmed=2908, dead=56, recovered=2561, updated='2021-01-17T18:15:05'}
13:17:34.990 [main] INFO  stringConverter - adding element: Country{location='Luxembourg', countryCode='lu', latitude=49.815273, longitude=6.129582999999999, confirmed=64334, dead=784, recovered=60203, updated='2021-04-15T10:00:07'}
13:17:34.990 [main] INFO  stringConverter - adding element: Country{location='Aruba', countryCode='aw', latitude=12.52111, longitude=-69.968338, confirmed=10159, dead=92, recovered=9573, updated='2021-04-15T10:00:07'}
13:17:34.990 [main] INFO  stringConverter - adding element: Country{location='Niger', countryCode='ne', latitude=17.607789, longitude=8.081666, confirmed=5081, dead=189, recovered=4760, updated='2021-04-15T10:00:07'}
13:17:34.990 [main] INFO  stringConverter - adding element: Country{location='Diamond Princess', countryCode='01', latitude=40.86429589999999, longitude=-73.9614914, confirmed=712, dead=13, recovered=699, updated='2021-04-15T10:00:07'}
13:17:34.990 [main] INFO  stringConverter - adding element: Country{location='Sierra Leone', countryCode='sl', latitude=8.460555, longitude=-11.779889, confirmed=4013, dead=79, recovered=2832, updated='2021-04-15T10:00:07'}
13:17:34.991 [main] INFO  stringConverter - adding element: Country{location='Burundi', countryCode='bi', latitude=-3.373056, longitude=29.918886, confirmed=3333, dead=6, recovered=773, updated='2021-04-15T10:00:07'}
13:17:34.991 [main] INFO  stringConverter - adding element: Country{location='Seychelles', countryCode='sc', latitude=-4.679574, longitude=55.491977, confirmed=4633, dead=25, recovered=4310, updated='2021-04-15T10:00:07'}
13:17:34.991 [main] INFO  stringConverter - adding element: Country{location='Saint Pierre Miquelon', countryCode='pm', latitude=46.8852, longitude=-56.3159, confirmed=24, dead=0, recovered=24, updated='2021-04-15T10:00:07'}
13:17:34.991 [main] INFO  stringConverter - adding element: Country{location='United States', countryCode='us', latitude=37.09024, longitude=-95.712891, confirmed=33230992, dead=591514, recovered=25908684, updated='2021-05-04T11:00:08'}
13:17:34.991 [main] INFO  stringConverter - adding element: Country{location='Laos', countryCode='la', latitude=19.85627, longitude=102.495496, confirmed=53, dead=0, recovered=49, updated='2021-04-15T10:00:07'}
13:17:34.992 [main] INFO  stringConverter - adding element: Country{location='Saint Kitts and Nevis', countryCode='kn', latitude=17.357822, longitude=-62.782998, confirmed=44, dead=0, recovered=44, updated='2021-04-15T10:00:07'}
13:17:34.992 [main] INFO  stringConverter - adding element: Country{location='Romania', countryCode='ro', latitude=45.943161, longitude=24.96676, confirmed=1016449, dead=25605, recovered=920653, updated='2021-04-15T10:15:12'}
13:17:34.992 [main] INFO  stringConverter - adding element: Country{location='French Guiana', countryCode='gf', latitude=3.933889, longitude=-53.125782, confirmed=17883, dead=95, recovered=9995, updated='2021-04-15T10:00:07'}
13:17:34.993 [main] INFO  stringConverter - adding element: Country{location='Barbados', countryCode='bb', latitude=13.193887, longitude=-59.543198, confirmed=3744, dead=44, recovered=3634, updated='2021-04-15T10:00:07'}
13:17:34.993 [main] INFO  stringConverter - adding element: Country{location='Sao Tome and Principe', countryCode='st', latitude=0.18636, longitude=6.613080999999999, confirmed=2269, dead=35, recovered=2196, updated='2021-04-15T10:00:07'}
13:17:34.993 [main] INFO  stringConverter - adding element: Country{location='Macao', countryCode='mo', latitude=22.198745, longitude=113.543873, confirmed=49, dead=0, recovered=48, updated='2021-04-15T10:00:07'}
13:17:34.993 [main] INFO  stringConverter - adding element: Country{location='Montserrat', countryCode='ms', latitude=16.742498, longitude=-62.187366, confirmed=20, dead=1, recovered=19, updated='2021-04-15T10:00:07'}
13:17:34.993 [main] INFO  stringConverter - adding element: Country{location='Saint Martin', countryCode='mf', latitude=18.0708298, longitude=-63.0500809, confirmed=1693, dead=12, recovered=1399, updated='2021-04-15T10:00:07'}
13:17:34.993 [main] INFO  stringConverter - adding element: Country{location='Sint Eustatius', countryCode='bq', latitude=17.4890306, longitude=-62.973555, confirmed=18, dead=0, recovered=18, updated='2021-01-17T18:15:05'}
13:17:34.994 [main] INFO  stringConverter - adding element: Country{location='Isle of Man', countryCode='im', latitude=54.236107, longitude=-4.548056, confirmed=1575, dead=29, recovered=1445, updated='2021-04-15T10:00:07'}
13:17:34.994 [main] INFO  stringConverter - adding element: Country{location='Tanzania', countryCode='tz', latitude=-6.369028, longitude=34.888822, confirmed=509, dead=21, recovered=183, updated='2021-04-15T10:00:07'}
13:17:34.994 [main] INFO  stringConverter - adding element: Country{location='Samoa', countryCode='ws', latitude=-13.759029, longitude=-172.104629, confirmed=3, dead=0, recovered=2, updated='2021-04-15T10:00:07'}
13:17:34.994 [main] INFO  stringConverter - adding element: Country{location='Coral Princess', countryCode='11', latitude=20.5331399, longitude=-86.9387546, confirmed=12, dead=3, recovered=0, updated='2021-01-17T18:15:05'}
13:17:34.994 [main] INFO  stringConverter - adding element: Country{location='Brunei ', countryCode='bn', latitude=4.535277, longitude=114.727669, confirmed=221, dead=3, recovered=206, updated='2021-04-15T10:00:07'}
13:17:34.995 [main] INFO  stringConverter - adding element: Country{location='Japan', countryCode='jp', latitude=36.204824, longitude=138.252924, confirmed=512169, dead=9469, recovered=471007, updated='2021-04-15T10:00:07'}
13:17:34.995 [main] INFO  stringConverter - adding element: Country{location='St. Barth', countryCode='bl', latitude=17.9, longitude=-62.833333, confirmed=907, dead=1, recovered=462, updated='2021-04-15T10:00:07'}
13:17:34.995 [main] INFO  stringConverter - adding element: Country{location='Moldova', countryCode='md', latitude=47.411631, longitude=28.369885, confirmed=243365, dead=5466, recovered=226325, updated='2021-04-15T10:00:07'}
13:17:34.995 [main] INFO  stringConverter - adding element: Country{location='British Virgin Islands', countryCode='vg', latitude=18.420695, longitude=-64.639968, confirmed=178, dead=1, recovered=159, updated='2021-04-15T10:00:07'}
13:17:34.995 [main] INFO  stringConverter - adding element: Country{location='Grenada', countryCode='gd', latitude=12.1165, longitude=-61.67899999999999, confirmed=155, dead=1, recovered=152, updated='2021-04-15T10:00:07'}
13:17:34.996 [main] INFO  stringConverter - adding element: Country{location='Anguilla', countryCode='ai', latitude=18.220554, longitude=-63.06861499999999, confirmed=25, dead=0, recovered=22, updated='2021-04-15T10:00:07'}
13:17:34.996 [main] INFO  stringConverter - adding element: Country{location='New Caledonia', countryCode='nc', latitude=-20.904305, longitude=165.618042, confirmed=121, dead=0, recovered=58, updated='2021-04-15T10:00:07'}
13:17:34.996 [main] INFO  stringConverter - adding element: Country{location='Marshall Islands', countryCode='mh', latitude=7.131474, longitude=171.184478, confirmed=4, dead=0, recovered=4, updated='2021-04-15T10:00:07'}
13:17:34.996 [main] INFO  stringConverter - adding element: Country{location='Canada', countryCode='ca', latitude=56.130366, longitude=-106.346771, confirmed=1087152, dead=23445, recovered=983506, updated='2021-04-15T10:15:12'}
13:17:34.996 [main] INFO  stringConverter - adding element: Country{location='Mayotte', countryCode='yt', latitude=-12.8275, longitude=45.166244, confirmed=19757, dead=168, recovered=2964, updated='2021-04-15T10:00:07'}
13:17:34.997 [main] INFO  stringConverter - adding element: Country{location='Greenland', countryCode='gl', latitude=71.706936, longitude=-42.604303, confirmed=31, dead=0, recovered=31, updated='2021-04-15T10:00:07'}
13:17:34.997 [main] INFO  stringConverter - adding element: Country{location='Vatican City', countryCode='va', latitude=41.902916, longitude=12.453389, confirmed=27, dead=0, recovered=15, updated='2021-04-15T10:00:07'}
13:17:34.997 [main] INFO  stringConverter - adding element: Country{location='Solomon Islands', countryCode='sb', latitude=-9.64571, longitude=160.156194, confirmed=19, dead=0, recovered=18, updated='2021-04-15T10:00:07'}
13:17:34.997 [main] INFO  stringConverter - adding element: Country{location='Réunion', countryCode='re', latitude=-21.115141, longitude=55.536384, confirmed=18425, dead=135, recovered=16794, updated='2021-04-15T10:00:07'}
13:17:34.997 [main] INFO  stringConverter - adding element: Country{location='Guadeloupe', countryCode='gp', latitude=16.265, longitude=-61.55099999999999, confirmed=12717, dead=176, recovered=2242, updated='2021-04-15T10:00:07'}
13:17:34.997 [main] INFO  stringConverter - adding element: Country{location='Gambia', countryCode='gm', latitude=13.443182, longitude=-15.310139, confirmed=5682, dead=170, recovered=5165, updated='2021-04-15T10:00:07'}
13:17:34.997 [main] INFO  stringConverter - adding element: Country{location='Guernsey', countryCode='gg', latitude=49.4481982, longitude=-2.58949, confirmed=309, dead=13, recovered=288, updated='2021-01-17T18:15:05'}
13:17:34.997 [main] INFO  stringConverter - adding element: Country{location='Saint Lucia', countryCode='lc', latitude=13.909444, longitude=-60.978893, confirmed=4355, dead=64, recovered=4208, updated='2021-04-15T10:00:07'}
13:17:34.998 [main] INFO  stringConverter - adding element: Country{location='St. Vincent Grenadines', countryCode='vc', latitude=12.984305, longitude=-61.287228, confirmed=1812, dead=10, recovered=1677, updated='2021-04-15T10:00:07'}
13:17:34.998 [main] INFO  stringConverter - adding element: Country{location='Vanuatu', countryCode='vu', latitude=-15.376706, longitude=166.959158, confirmed=3, dead=0, recovered=1, updated='2021-04-15T10:00:07'}
13:17:34.998 [main] INFO  stringConverter - adding element: Country{location='Martinique', countryCode='mq', latitude=14.641528, longitude=-61.024174, confirmed=9890, dead=64, recovered=98, updated='2021-04-15T10:00:07'}
13:17:34.998 [main] INFO  stringConverter - adding element: Country{location='Cayman Islands', countryCode='ky', latitude=19.3133, longitude=-81.2546, confirmed=523, dead=2, recovered=498, updated='2021-04-15T10:00:07'}
13:17:34.998 [main] INFO  stringConverter - adding element: Country{location='Mongolia', countryCode='mn', latitude=46.862496, longitude=103.846656, confirmed=18565, dead=31, recovered=10638, updated='2021-04-15T10:00:07'}
13:17:34.998 [main] INFO  stringConverter - adding element: Country{location='Sudan', countryCode='sd', latitude=12.862807, longitude=30.217636, confirmed=31790, dead=2208, recovered=25539, updated='2021-04-15T10:00:07'}
13:17:34.999 [main] INFO  stringConverter - adding element: Country{location='Tajikistan', countryCode='tj', latitude=38.861034, longitude=71.276093, confirmed=13308, dead=90, recovered=13218, updated='2021-04-15T10:00:07'}
13:17:34.999 [main] INFO  stringConverter - adding element: Country{location='Comoros', countryCode='km', latitude=-11.6455, longitude=43.3333, confirmed=3803, dead=146, recovered=3582, updated='2021-04-15T10:00:07'}
13:17:34.999 [main] INFO  stringConverter - adding element: Country{location='Turks and Caicos', countryCode='tc', latitude=21.694025, longitude=-71.797928, confirmed=2360, dead=17, recovered=2285, updated='2021-04-15T10:00:07'}
13:17:34.999 [main] INFO  stringConverter - adding element: Country{location='Mauritius', countryCode='mu', latitude=-20.348404, longitude=57.55215200000001, confirmed=1201, dead=15, recovered=841, updated='2021-04-15T10:00:07'}
13:17:34.999 [main] INFO  stringConverter - adding element: Country{location='Philippines', countryCode='ph', latitude=12.879721, longitude=121.774017, confirmed=904285, dead=15594, recovered=705164, updated='2021-04-15T10:15:12'}
13:17:34.999 [main] INFO  stringConverter - adding element: Country{location='Israel', countryCode='il', latitude=31.046051, longitude=34.851612, confirmed=836504, dead=6312, recovered=827184, updated='2021-04-15T10:00:07'}
13:17:34.999 [main] INFO  stringConverter - adding element: Country{location='Northern Cyprus', countryCode='00', latitude=35.2480359, longitude=33.6577243, confirmed=1850, dead=11, recovered=1602, updated='2021-01-17T18:15:05'}
13:17:35.000 [main] INFO  stringConverter - adding element: Country{location='Bangladesh', countryCode='bd', latitude=23.684994, longitude=90.356331, confirmed=703170, dead=9987, recovered=591299, updated='2021-04-15T10:00:07'}
13:17:35.000 [main] INFO  stringConverter - adding element: Country{location='Sweden', countryCode='se', latitude=60.12816100000001, longitude=18.643501, confirmed=885385, dead=13720, recovered=0, updated='2021-04-15T10:00:07'}
13:17:35.000 [main] INFO  stringConverter - adding element: Country{location='Serbia', countryCode='rs', latitude=44.016521, longitude=21.005859, confirmed=651899, dead=5846, recovered=571312, updated='2021-04-15T10:00:07'}
13:17:35.000 [main] INFO  stringConverter - adding element: Country{location='Denmark', countryCode='dk', latitude=56.26392, longitude=9.501785, confirmed=239532, dead=2447, recovered=228685, updated='2021-04-15T10:00:07'}
13:17:35.000 [main] INFO  stringConverter - adding element: Country{location='Switzerland', countryCode='ch', latitude=46.818188, longitude=8.227511999999999, confirmed=627968, dead=10488, recovered=563438, updated='2021-04-15T10:00:07'}
13:17:35.001 [main] INFO  stringConverter - adding element: Country{location='Ireland', countryCode='ie', latitude=53.1423672, longitude=-7.692053599999999, confirmed=242105, dead=4812, recovered=222851, updated='2021-04-15T10:00:07'}
13:17:35.001 [main] INFO  stringConverter - adding element: Country{location='Ethiopia', countryCode='et', latitude=9.145000000000001, longitude=40.489673, confirmed=234405, dead=3252, recovered=174591, updated='2021-04-15T10:00:07'}
13:17:35.001 [main] INFO  stringConverter - adding element: Country{location='Costa Rica', countryCode='cr', latitude=9.748916999999999, longitude=-83.753428, confirmed=225343, dead=3044, recovered=196060, updated='2021-04-15T10:00:07'}
13:17:35.001 [main] INFO  stringConverter - adding element: Country{location='Armenia', countryCode='am', latitude=40.069099, longitude=45.038189, confirmed=206142, dead=3817, recovered=185125, updated='2021-04-15T10:00:07'}
13:17:35.001 [main] INFO  stringConverter - adding element: Country{location='Sri Lanka', countryCode='lk', latitude=7.873053999999999, longitude=80.77179699999999, confirmed=95737, dead=604, recovered=92151, updated='2021-04-15T10:00:07'}
13:17:35.002 [main] INFO  stringConverter - adding element: Country{location='Mozambique', countryCode='mz', latitude=-18.665695, longitude=35.529562, confirmed=68927, dead=794, recovered=59972, updated='2021-04-15T10:00:07'}
13:17:35.002 [main] INFO  stringConverter - adding element: Country{location='Artsakh', countryCode='12', latitude=26.0434384, longitude=-80.2777081, confirmed=1130, dead=30, recovered=337, updated='2021-01-17T18:15:05'}
13:17:35.002 [main] INFO  stringConverter - adding element: Country{location='Ivory Coast', countryCode='ci', latitude=7.539988999999999, longitude=-5.547079999999999, confirmed=45388, dead=271, recovered=44833, updated='2021-04-15T10:00:07'}
13:17:35.003 [main] INFO  stringConverter - adding element: Country{location='Cambodia', countryCode='kh', latitude=12.565679, longitude=104.990963, confirmed=5218, dead=36, recovered=2319, updated='2021-04-15T10:00:07'}
13:17:35.003 [main] INFO  stringConverter - adding element: Country{location='Antigua and Barbuda', countryCode='ag', latitude=17.060816, longitude=-61.796428, confirmed=1209, dead=31, recovered=947, updated='2021-04-15T10:00:07'}
13:17:35.003 [main] INFO  stringConverter - adding element: Country{location='USS Theodore Roosevelt', countryCode='09', latitude=0.0, longitude=0.0, confirmed=1102, dead=1, recovered=751, updated='2021-01-17T18:15:05'}
13:17:35.003 [main] INFO  stringConverter - adding element: Country{location='Northern Mariana Islands ', countryCode='mp', latitude=15.0979, longitude=145.6739, confirmed=122, dead=2, recovered=32, updated='2021-01-17T18:15:05'}
13:17:35.004 [main] INFO  stringConverter - adding element: Country{location='Iraq', countryCode='iq', latitude=33.223191, longitude=43.679291, confirmed=949050, dead=14836, recovered=831519, updated='2021-04-15T10:15:12'}
13:17:35.004 [main] INFO  stringConverter - adding element: Country{location='Zimbabwe', countryCode='zw', latitude=-19.015438, longitude=29.154857, confirmed=37369, dead=1548, recovered=34946, updated='2021-04-15T10:00:07'}
13:17:35.004 [main] INFO  stringConverter - adding element: Country{location='Kosovo', countryCode='xk', latitude=42.6026359, longitude=20.902977, confirmed=55498, dead=1405, recovered=48990, updated='2021-01-17T18:15:05'}
13:17:35.004 [main] INFO  stringConverter - adding element: Country{location='Nicaragua', countryCode='ni', latitude=12.865416, longitude=-85.207229, confirmed=6778, dead=180, recovered=4225, updated='2021-04-15T10:00:07'}
13:17:35.004 [main] INFO  stringConverter - adding element: Country{location='Burkina Faso', countryCode='bf', latitude=12.238333, longitude=-1.561593, confirmed=13050, dead=154, recovered=12689, updated='2021-04-15T10:00:07'}
13:17:35.004 [main] INFO  stringConverter - adding element: Country{location='Eritrea', countryCode='er', latitude=15.179384, longitude=39.782334, confirmed=3479, dead=10, recovered=3273, updated='2021-04-15T10:00:07'}
13:17:35.005 [main] INFO  stringConverter - adding element: Country{location='MS Zaandam', countryCode='03', latitude=0.0, longitude=0.0, confirmed=9, dead=2, recovered=7, updated='2021-04-15T10:00:07'}
13:17:35.005 [main] INFO  stringConverter - adding element: Country{location='Abkhazia', countryCode='06', latitude=43.0015544, longitude=41.023407, confirmed=7504, dead=100, recovered=5545, updated='2021-01-17T18:15:05'}
13:17:35.005 [main] INFO  stringConverter - adding element: Country{location='Guam', countryCode='gu', latitude=13.444304, longitude=144.793731, confirmed=7257, dead=121, recovered=6707, updated='2021-01-17T18:15:05'}
13:17:35.005 [main] INFO  stringConverter - adding element: Country{location='Pakistan', countryCode='pk', latitude=30.375321, longitude=69.34511599999999, confirmed=739818, dead=15872, recovered=646652, updated='2021-04-15T10:00:07'}
13:17:35.005 [main] INFO  stringConverter - adding element: Country{location='Norway', countryCode='no', latitude=60.47202399999999, longitude=8.468945999999999, confirmed=105607, dead=706, recovered=88952, updated='2021-04-15T10:00:07'}
13:20:42.518 [main] INFO  stringConverter - starting to convert elements
13:20:42.608 [main] INFO  stringConverter - adding element: Country{location='Iran', countryCode='ir', latitude=32.427908, longitude=53.688046, confirmed=2168872, dead=65680, recovered=1749041, updated='2021-04-15T14:15:07'}
13:20:42.608 [main] INFO  stringConverter - adding element: Country{location='Germany', countryCode='de', latitude=51.165691, longitude=10.451526, confirmed=3064382, dead=79813, recovered=2736100, updated='2021-04-15T14:15:07'}
13:20:42.609 [main] INFO  stringConverter - adding element: Country{location='Russia', countryCode='ru', latitude=61.52401, longitude=105.318756, confirmed=4675153, dead=104398, recovered=4301448, updated='2021-04-15T14:15:07'}
13:20:42.609 [main] INFO  stringConverter - adding element: Country{location='Nepal', countryCode='np', latitude=28.394857, longitude=84.12400799999999, confirmed=281564, dead=3061, recovered=274447, updated='2021-04-15T10:00:07'}
13:20:42.609 [main] INFO  stringConverter - adding element: Country{location='Saudi Arabia', countryCode='sa', latitude=23.885942, longitude=45.079162, confirmed=401157, dead=6781, recovered=385441, updated='2021-04-15T10:00:07'}
13:20:42.609 [main] INFO  stringConverter - adding element: Country{location='Argentina', countryCode='ar', latitude=-38.416097, longitude=-63.61667199999999, confirmed=2604157, dead=58542, recovered=2278486, updated='2021-04-15T14:15:07'}
13:20:42.610 [main] INFO  stringConverter - adding element: Country{location='Austria', countryCode='at', latitude=47.516231, longitude=14.550072, confirmed=586883, dead=9813, recovered=547604, updated='2021-04-15T10:00:07'}
13:20:42.610 [main] INFO  stringConverter - adding element: Country{location='Jordan', countryCode='jo', latitude=36.1500042, longitude=-95.9882368, confirmed=676175, dead=7987, recovered=617096, updated='2021-04-15T10:00:07'}
13:20:42.610 [main] INFO  stringConverter - adding element: Country{location='Angola', countryCode='ao', latitude=-11.202692, longitude=17.873887, confirmed=23841, dead=557, recovered=22144, updated='2021-04-15T10:00:07'}
13:20:42.610 [main] INFO  stringConverter - adding element: Country{location='Netherlands', countryCode='nl', latitude=52.132633, longitude=5.291265999999999, confirmed=1369411, dead=16848, recovered=0, updated='2021-04-15T10:15:12'}
13:20:42.611 [main] INFO  stringConverter - adding element: Country{location='Bulgaria', countryCode='bg', latitude=42.733883, longitude=25.48583, confirmed=380576, dead=14871, recovered=296998, updated='2021-04-15T10:00:07'}
13:20:42.611 [main] INFO  stringConverter - adding element: Country{location='India', countryCode='in', latitude=20.593684, longitude=78.96288, confirmed=20282833, dead=222408, recovered=16613292, updated='2021-05-04T11:00:08'}
13:20:42.612 [main] INFO  stringConverter - adding element: Country{location='South Africa', countryCode='za', latitude=-30.559482, longitude=22.937506, confirmed=1584961, dead=103, recovered=1486873, updated='2021-05-04T11:05'}
13:20:42.612 [main] INFO  stringConverter - adding element: Country{location='Italy', countryCode='it', latitude=41.87194, longitude=12.56738, confirmed=3809193, dead=115557, recovered=3178976, updated='2021-04-15T14:15:07'}
13:20:42.612 [main] INFO  stringConverter - adding element: Country{location='France', countryCode='fr', latitude=46.227638, longitude=2.213749, confirmed=5149834, dead=99777, recovered=315152, updated='2021-04-15T14:15:07'}
13:20:42.613 [main] INFO  stringConverter - adding element: Country{location='Belgium', countryCode='be', latitude=50.503887, longitude=4.469936, confirmed=935316, dead=23603, recovered=60320, updated='2021-04-15T10:15:12'}
13:20:42.613 [main] INFO  stringConverter - adding element: Country{location='Peru', countryCode='pe', latitude=-9.189967, longitude=-75.015152, confirmed=1667737, dead=55812, recovered=1592937, updated='2021-04-15T14:15:07'}
13:20:42.613 [main] INFO  stringConverter - adding element: Country{location='Ukraine', countryCode='ua', latitude=48.379433, longitude=31.1655799, confirmed=1903765, dead=38658, recovered=1453766, updated='2021-04-15T14:15:07'}
13:20:42.613 [main] INFO  stringConverter - adding element: Country{location='UK', countryCode='gb', latitude=55.378051, longitude=-3.435973, confirmed=4378305, dead=127161, recovered=4113338, updated='2021-04-15T14:15:07'}
13:20:42.614 [main] INFO  stringConverter - adding element: Country{location='Syria', countryCode='sy', latitude=34.80207499999999, longitude=38.996815, confirmed=20555, dead=1402, recovered=14335, updated='2021-04-15T10:00:07'}
13:20:42.614 [main] INFO  stringConverter - adding element: Country{location='Azerbaijan', countryCode='az', latitude=40.143105, longitude=47.576927, confirmed=291894, dead=4009, recovered=255833, updated='2021-04-15T10:00:07'}
13:20:42.614 [main] INFO  stringConverter - adding element: Country{location='Colombia', countryCode='co', latitude=4.570868, longitude=-74.297333, confirmed=2585801, dead=66819, recovered=2419265, updated='2021-04-15T14:15:07'}
13:20:42.615 [main] INFO  stringConverter - adding element: Country{location='Indonesia', countryCode='id', latitude=-0.789275, longitude=113.921327, confirmed=1589359, dead=43073, recovered=1438254, updated='2021-04-15T14:15:07'}
13:20:42.615 [main] INFO  stringConverter - adding element: Country{location='Chile', countryCode='cl', latitude=-35.675147, longitude=-71.542969, confirmed=1094267, dead=24548, recovered=1026934, updated='2021-04-15T10:15:12'}
13:20:42.615 [main] INFO  stringConverter - adding element: Country{location='Mexico', countryCode='mx', latitude=23.634501, longitude=-102.552784, confirmed=2291246, dead=210812, recovered=1817866, updated='2021-04-15T14:15:07'}
13:20:42.615 [main] INFO  stringConverter - adding element: Country{location='Turkey', countryCode='tr', latitude=38.963745, longitude=35.243322, confirmed=4025557, dead=34734, recovered=3480146, updated='2021-04-15T14:15:07'}
13:20:42.616 [main] INFO  stringConverter - adding element: Country{location='Spain', countryCode='es', latitude=40.46366700000001, longitude=-3.74922, confirmed=3387022, dead=76756, recovered=3118437, updated='2021-04-15T14:15:07'}
13:20:42.616 [main] INFO  stringConverter - adding element: Country{location='Gabon', countryCode='ga', latitude=-0.803689, longitude=11.609444, confirmed=21566, dead=132, recovered=18219, updated='2021-04-15T10:00:07'}
13:20:42.616 [main] INFO  stringConverter - adding element: Country{location='Poland', countryCode='pl', latitude=51.919438, longitude=19.145136, confirmed=2642242, dead=60612, recovered=2238638, updated='2021-04-15T14:15:07'}
13:20:42.616 [main] INFO  stringConverter - adding element: Country{location='UAE', countryCode='ae', latitude=23.424076, longitude=53.847818, confirmed=489495, dead=1541, recovered=473398, updated='2021-04-15T10:00:07'}
13:20:42.616 [main] INFO  stringConverter - adding element: Country{location='Czechia', countryCode='cz', latitude=49.81749199999999, longitude=15.472962, confirmed=1593847, dead=28229, recovered=1483559, updated='2021-04-15T14:15:07'}
13:20:42.616 [main] INFO  stringConverter - adding element: Country{location='Guinea', countryCode='gn', latitude=9.945587, longitude=-9.696645, confirmed=21299, dead=136, recovered=18815, updated='2021-04-15T10:00:07'}
13:20:42.617 [main] INFO  stringConverter - adding element: Country{location='Croatia', countryCode='hr', latitude=45.1, longitude=15.2000001, confirmed=300900, dead=6442, recovered=279151, updated='2021-04-15T10:00:07'}
13:20:42.617 [main] INFO  stringConverter - adding element: Country{location='Portugal', countryCode='pt', latitude=39.39987199999999, longitude=-8.224454, confirmed=828857, dead=16931, recovered=786469, updated='2021-04-15T10:00:07'}
13:20:42.617 [main] INFO  stringConverter - adding element: Country{location='Australia', countryCode='au', latitude=-25.274398, longitude=133.775136, confirmed=29457, dead=910, recovered=26381, updated='2021-04-15T10:00:07'}
13:20:42.617 [main] INFO  stringConverter - adding element: Country{location='Hungary', countryCode='hu', latitude=47.162494, longitude=19.5033041, confirmed=736982, dead=24521, recovered=440498, updated='2021-04-15T10:00:07'}
13:20:42.617 [main] INFO  stringConverter - adding element: Country{location='Panama', countryCode='pa', latitude=8.537981, longitude=-80.782127, confirmed=359516, dead=6177, recovered=349318, updated='2021-04-15T10:00:07'}
13:20:42.617 [main] INFO  stringConverter - adding element: Country{location='Ecuador', countryCode='ec', latitude=-1.831239, longitude=-78.18340599999999, confirmed=350539, dead=17400, recovered=298604, updated='2021-04-15T10:00:07'}
13:20:42.618 [main] INFO  stringConverter - adding element: Country{location='Georgia', countryCode='ge', latitude=32.1656221, longitude=-82.9000751, confirmed=292244, dead=3908, recovered=279389, updated='2021-04-15T10:00:07'}
13:20:42.618 [main] INFO  stringConverter - adding element: Country{location='Brazil', countryCode='br', latitude=-14.235004, longitude=-51.92528, confirmed=14791434, dead=408829, recovered=13336476, updated='2021-05-04T11:00:08'}
13:20:42.618 [main] INFO  stringConverter - adding element: Country{location='Morocco', countryCode='ma', latitude=31.791702, longitude=-7.092619999999999, confirmed=503664, dead=8920, recovered=489928, updated='2021-04-15T10:00:07'}
13:20:42.618 [main] INFO  stringConverter - adding element: Country{location='Slovakia', countryCode='sk', latitude=48.669026, longitude=19.699024, confirmed=373950, dead=10877, recovered=255300, updated='2021-04-15T10:00:07'}
13:20:42.618 [main] INFO  stringConverter - adding element: Country{location='Paraguay', countryCode='py', latitude=-23.442503, longitude=-58.443832, confirmed=242161, dead=5040, recovered=198473, updated='2021-04-15T10:00:07'}
13:20:42.619 [main] INFO  stringConverter - adding element: Country{location='Egypt', countryCode='eg', latitude=26.820553, longitude=30.802498, confirmed=212961, dead=12570, recovered=161031, updated='2021-04-15T10:00:07'}
13:20:42.619 [main] INFO  stringConverter - adding element: Country{location='Qatar', countryCode='qa', latitude=25.354826, longitude=51.183884, confirmed=192963, dead=348, recovered=171388, updated='2021-04-15T10:00:07'}
13:20:42.619 [main] INFO  stringConverter - adding element: Country{location='Bahrain', countryCode='bh', latitude=26.0667, longitude=50.5577, confirmed=159964, dead=569, recovered=148093, updated='2021-04-15T10:00:07'}
13:20:42.619 [main] INFO  stringConverter - adding element: Country{location='South Korea', countryCode='kr', latitude=35.907757, longitude=127.766922, confirmed=112117, dead=1788, recovered=102513, updated='2021-04-15T10:00:07'}
13:20:42.619 [main] INFO  stringConverter - adding element: Country{location='Kyrgyzstan', countryCode='kg', latitude=41.20438, longitude=74.766098, confirmed=91144, dead=1540, recovered=86491, updated='2021-04-15T10:00:07'}
13:20:42.619 [main] INFO  stringConverter - adding element: Country{location='Bolivia', countryCode='bo', latitude=-16.290154, longitude=-63.58865299999999, confirmed=285291, dead=12519, recovered=234596, updated='2021-04-15T10:00:07'}
13:20:42.620 [main] INFO  stringConverter - adding element: Country{location='Oman', countryCode='om', latitude=21.4735329, longitude=55.975413, confirmed=176668, dead=1821, recovered=156845, updated='2021-04-15T10:00:07'}
13:20:42.620 [main] INFO  stringConverter - adding element: Country{location='Puerto Rico', countryCode='pr', latitude=18.220833, longitude=-66.590149, confirmed=80590, dead=1703, recovered=0, updated='2021-01-17T18:15:05'}
13:20:42.620 [main] INFO  stringConverter - adding element: Country{location='Guatemala', countryCode='gt', latitude=15.783471, longitude=-90.23075899999999, confirmed=207127, dead=7089, recovered=187894, updated='2021-04-15T10:00:07'}
13:20:42.620 [main] INFO  stringConverter - adding element: Country{location='Myanmar', countryCode='mm', latitude=21.916221, longitude=95.955974, confirmed=142610, dead=3206, recovered=131879, updated='2021-04-15T10:00:07'}
13:20:42.620 [main] INFO  stringConverter - adding element: Country{location='Singapore', countryCode='sg', latitude=1.352083, longitude=103.819836, confirmed=60735, dead=30, recovered=60392, updated='2021-04-15T10:00:07'}
13:20:42.620 [main] INFO  stringConverter - adding element: Country{location='Palestine', countryCode='ps', latitude=31.952162, longitude=35.233154, confirmed=274690, dead=2923, recovered=239291, updated='2021-04-15T10:00:07'}
13:20:42.621 [main] INFO  stringConverter - adding element: Country{location='Bosnia and Herzegovina', countryCode='ba', latitude=43.915886, longitude=17.679076, confirmed=186372, dead=7642, recovered=143944, updated='2021-04-15T10:00:07'}
13:20:42.621 [main] INFO  stringConverter - adding element: Country{location='Kenya', countryCode='ke', latitude=-0.023559, longitude=37.906193, confirmed=148128, dead=2420, recovered=99580, updated='2021-04-15T10:00:07'}
13:20:42.621 [main] INFO  stringConverter - adding element: Country{location='Montenegro', countryCode='me', latitude=42.708678, longitude=19.37439, confirmed=94859, dead=1405, recovered=89615, updated='2021-04-15T10:00:07'}
13:20:42.621 [main] INFO  stringConverter - adding element: Country{location='Uzbekistan', countryCode='uz', latitude=41.377491, longitude=64.585262, confirmed=85730, dead=634, recovered=83462, updated='2021-04-15T10:00:07'}
13:20:42.622 [main] INFO  stringConverter - adding element: Country{location='Malaysia', countryCode='my', latitude=4.210484, longitude=101.975766, confirmed=367977, dead=1363, recovered=349039, updated='2021-04-15T10:00:07'}
13:20:42.622 [main] INFO  stringConverter - adding element: Country{location='Kazakhstan', countryCode='kz', latitude=48.019573, longitude=66.923684, confirmed=278695, dead=3306, recovered=239448, updated='2021-04-15T10:00:07'}
13:20:42.622 [main] INFO  stringConverter - adding element: Country{location='Albania', countryCode='al', latitude=41.153332, longitude=20.168331, confirmed=128959, dead=2331, recovered=99441, updated='2021-04-15T10:00:07'}
13:20:42.623 [main] INFO  stringConverter - adding element: Country{location='Afghanistan', countryCode='af', latitude=33.93911, longitude=67.709953, confirmed=57612, dead=2535, recovered=52083, updated='2021-04-15T10:00:07'}
13:20:42.623 [main] INFO  stringConverter - adding element: Country{location='Dominican Republic', countryCode='do', latitude=18.735693, longitude=-70.162651, confirmed=259260, dead=3402, recovered=217286, updated='2021-04-15T10:00:07'}
13:20:42.623 [main] INFO  stringConverter - adding element: Country{location='Lithuania', countryCode='lt', latitude=55.169438, longitude=23.881275, confirmed=230462, dead=3730, recovered=208890, updated='2021-04-15T10:00:07'}
13:20:42.623 [main] INFO  stringConverter - adding element: Country{location='Libya', countryCode='ly', latitude=26.3351, longitude=17.228331, confirmed=170045, dead=2834, recovered=155117, updated='2021-04-15T10:00:07'}
13:20:42.623 [main] INFO  stringConverter - adding element: Country{location='Honduras', countryCode='hn', latitude=15.199999, longitude=-86.241905, confirmed=198214, dead=4905, recovered=76130, updated='2021-04-15T10:00:07'}
13:20:42.623 [main] INFO  stringConverter - adding element: Country{location='Nigeria', countryCode='ng', latitude=9.081999, longitude=8.675277, confirmed=164000, dead=2061, recovered=154270, updated='2021-04-15T10:00:07'}
13:20:42.623 [main] INFO  stringConverter - adding element: Country{location='Algeria', countryCode='dz', latitude=28.033886, longitude=1.659626, confirmed=118975, dead=3141, recovered=82929, updated='2021-04-15T10:00:07'}
13:20:42.624 [main] INFO  stringConverter - adding element: Country{location='China', countryCode='cn', latitude=35.86166, longitude=104.195397, confirmed=90457, dead=4636, recovered=85524, updated='2021-04-15T10:00:07'}
13:20:42.624 [main] INFO  stringConverter - adding element: Country{location='Lebanon', countryCode='lb', latitude=33.854721, longitude=35.862285, confirmed=502299, dead=6778, recovered=413175, updated='2021-04-15T10:00:07'}
13:20:42.624 [main] INFO  stringConverter - adding element: Country{location='Kuwait', countryCode='kw', latitude=29.31166, longitude=47.481766, confirmed=251675, dead=1423, recovered=235053, updated='2021-04-15T10:00:07'}
13:20:42.624 [main] INFO  stringConverter - adding element: Country{location='Slovenia', countryCode='si', latitude=46.151241, longitude=14.995463, confirmed=229967, dead=4142, recovered=212815, updated='2021-04-15T10:00:07'}
13:20:42.624 [main] INFO  stringConverter - adding element: Country{location='Venezuela', countryCode='ve', latitude=6.42375, longitude=-66.58973, confirmed=178094, dead=1834, recovered=160620, updated='2021-04-15T10:00:07'}
13:20:42.624 [main] INFO  stringConverter - adding element: Country{location='North Macedonia', countryCode='mk', latitude=41.608635, longitude=21.745275, confirmed=144111, dead=4322, recovered=119683, updated='2021-04-15T10:00:07'}
13:20:42.625 [main] INFO  stringConverter - adding element: Country{location='Ghana', countryCode='gh', latitude=7.946527, longitude=-1.023194, confirmed=91477, dead=763, recovered=89301, updated='2021-04-15T10:00:07'}
13:20:42.625 [main] INFO  stringConverter - adding element: Country{location='El Salvador', countryCode='sv', latitude=13.794185, longitude=-88.89653, confirmed=66956, dead=2060, recovered=63345, updated='2021-04-15T10:00:07'}
13:20:42.626 [main] INFO  stringConverter - adding element: Country{location='Greece', countryCode='gr', latitude=39.074208, longitude=21.824312, confirmed=304184, dead=9135, recovered=261176, updated='2021-04-15T10:00:07'}
13:20:42.626 [main] INFO  stringConverter - adding element: Country{location='Tunisia', countryCode='tn', latitude=33.886917, longitude=9.537499, confirmed=276727, dead=9480, recovered=229754, updated='2021-04-15T10:00:07'}
13:20:42.626 [main] INFO  stringConverter - adding element: Country{location='Mali', countryCode='ml', latitude=17.570692, longitude=-3.996166, confirmed=12467, dead=419, recovered=7238, updated='2021-04-15T10:00:07'}
13:20:42.627 [main] INFO  stringConverter - adding element: Country{location='Trinidad and Tobago', countryCode='tt', latitude=10.691803, longitude=-61.222503, confirmed=8596, dead=148, recovered=7818, updated='2021-04-15T10:00:07'}
13:20:42.627 [main] INFO  stringConverter - adding element: Country{location='Timor-Leste', countryCode='tl', latitude=-8.874217, longitude=125.727539, confirmed=1103, dead=2, recovered=564, updated='2021-04-15T10:00:07'}
13:20:42.627 [main] INFO  stringConverter - adding element: Country{location='Cameroon', countryCode='cm', latitude=7.369721999999999, longitude=12.354722, confirmed=61731, dead=919, recovered=56926, updated='2021-04-15T10:00:07'}
13:20:42.627 [main] INFO  stringConverter - adding element: Country{location='Estonia', countryCode='ee', latitude=58.595272, longitude=25.0136071, confirmed=116200, dead=1064, recovered=99096, updated='2021-04-15T10:00:07'}
13:20:42.627 [main] INFO  stringConverter - adding element: Country{location='Eswatini', countryCode='sz', latitude=-26.522503, longitude=31.465866, confirmed=18407, dead=670, recovered=17682, updated='2021-04-15T10:00:07'}
13:20:42.628 [main] INFO  stringConverter - adding element: Country{location='Cyprus', countryCode='cy', latitude=35.126413, longitude=33.429859, confirmed=53254, dead=277, recovered=39061, updated='2021-04-15T10:00:07'}
13:20:42.628 [main] INFO  stringConverter - adding element: Country{location='Uganda', countryCode='ug', latitude=1.373333, longitude=32.290275, confirmed=41237, dead=338, recovered=40779, updated='2021-04-15T10:00:07'}
13:20:42.628 [main] INFO  stringConverter - adding element: Country{location='Senegal', countryCode='sn', latitude=14.497401, longitude=-14.452362, confirmed=39560, dead=1084, recovered=38290, updated='2021-04-15T10:00:07'}
13:20:42.628 [main] INFO  stringConverter - adding element: Country{location='Hong Kong', countryCode='hk', latitude=22.3193039, longitude=114.1693611, confirmed=11619, dead=209, recovered=11246, updated='2021-04-15T10:00:07'}
13:20:42.628 [main] INFO  stringConverter - adding element: Country{location='Guyana', countryCode='gy', latitude=4.860416, longitude=-58.93018, confirmed=11374, dead=260, recovered=9880, updated='2021-04-15T10:00:07'}
13:20:42.628 [main] INFO  stringConverter - adding element: Country{location='Latvia', countryCode='lv', latitude=56.879635, longitude=24.603189, confirmed=109731, dead=2030, recovered=100464, updated='2021-04-15T10:00:07'}
13:20:42.629 [main] INFO  stringConverter - adding element: Country{location='Zambia', countryCode='zm', latitude=-13.133897, longitude=27.849332, confirmed=90389, dead=1229, recovered=88241, updated='2021-04-15T10:00:07'}
13:20:42.629 [main] INFO  stringConverter - adding element: Country{location='Namibia', countryCode='na', latitude=38.911651, longitude=-77.0412109, confirmed=46051, dead=592, recovered=44162, updated='2021-04-15T10:00:07'}
13:20:42.629 [main] INFO  stringConverter - adding element: Country{location='Thailand', countryCode='th', latitude=15.870032, longitude=100.992541, confirmed=37453, dead=97, recovered=28383, updated='2021-04-15T10:00:07'}
13:20:42.629 [main] INFO  stringConverter - adding element: Country{location='Madagascar', countryCode='mg', latitude=-18.766947, longitude=46.869107, confirmed=29348, dead=520, recovered=24695, updated='2021-04-15T10:00:07'}
13:20:42.629 [main] INFO  stringConverter - adding element: Country{location='DRC', countryCode='cd', latitude=-4.038333, longitude=21.758664, confirmed=28714, dead=745, recovered=25841, updated='2021-04-15T10:00:07'}
13:20:42.629 [main] INFO  stringConverter - adding element: Country{location='Maldives', countryCode='mv', latitude=3.202778, longitude=73.22068, confirmed=25844, dead=67, recovered=23141, updated='2021-04-15T10:00:07'}
13:20:42.629 [main] INFO  stringConverter - adding element: Country{location='Mauritania', countryCode='mr', latitude=21.00789, longitude=-10.940835, confirmed=18066, dead=452, recovered=17428, updated='2021-04-15T10:00:07'}
13:20:42.630 [main] INFO  stringConverter - adding element: Country{location='Haiti', countryCode='ht', latitude=18.971187, longitude=-72.285215, confirmed=12857, dead=251, recovered=11614, updated='2021-04-15T10:00:07'}
13:20:42.630 [main] INFO  stringConverter - adding element: Country{location='Dominica', countryCode='dm', latitude=15.414999, longitude=-61.37097600000001, confirmed=165, dead=0, recovered=159, updated='2021-04-15T10:00:07'}
13:20:42.630 [main] INFO  stringConverter - adding element: Country{location='Malawi', countryCode='mw', latitude=-13.254308, longitude=34.301525, confirmed=33891, dead=1134, recovered=31675, updated='2021-04-15T10:00:07'}
13:20:42.630 [main] INFO  stringConverter - adding element: Country{location='Fiji', countryCode='fj', latitude=-17.713371, longitude=178.065032, confirmed=68, dead=2, recovered=64, updated='2021-04-15T10:00:07'}
13:20:42.630 [main] INFO  stringConverter - adding element: Country{location='Andorra', countryCode='ad', latitude=42.506285, longitude=1.521801, confirmed=12641, dead=121, recovered=11989, updated='2021-04-15T10:00:07'}
13:20:42.630 [main] INFO  stringConverter - adding element: Country{location='Congo', countryCode='cg', latitude=-4.038333, longitude=21.758664, confirmed=10084, dead=139, recovered=8208, updated='2021-04-15T10:00:07'}
13:20:42.631 [main] INFO  stringConverter - adding element: Country{location='Cuba', countryCode='cu', latitude=21.521757, longitude=-77.781167, confirmed=89404, dead=487, recovered=84114, updated='2021-04-15T10:00:07'}
13:20:42.631 [main] INFO  stringConverter - adding element: Country{location='Cabo Verde', countryCode='cv', latitude=16.5388, longitude=-23.0418, confirmed=19525, dead=188, recovered=17645, updated='2021-04-15T10:00:07'}
13:20:42.631 [main] INFO  stringConverter - adding element: Country{location='Botswana', countryCode='bw', latitude=-22.328474, longitude=24.684866, confirmed=43444, dead=663, recovered=38923, updated='2021-04-15T10:00:07'}
13:20:42.631 [main] INFO  stringConverter - adding element: Country{location='Finland', countryCode='fi', latitude=61.92410999999999, longitude=25.7481511, confirmed=83253, dead=881, recovered=46000, updated='2021-04-15T10:00:07'}
13:20:42.631 [main] INFO  stringConverter - adding element: Country{location='French Polynesia', countryCode='pf', latitude=-17.679742, longitude=-149.406843, confirmed=18680, dead=141, recovered=4842, updated='2021-04-15T10:00:07'}
13:20:42.632 [main] INFO  stringConverter - adding element: Country{location='Belize', countryCode='bz', latitude=17.189877, longitude=-88.49765, confirmed=12522, dead=318, recovered=12140, updated='2021-04-15T10:00:07'}
13:20:42.632 [main] INFO  stringConverter - adding element: Country{location='Bahamas', countryCode='bs', latitude=25.03428, longitude=-77.39627999999999, confirmed=9505, dead=190, recovered=8965, updated='2021-04-15T10:00:07'}
13:20:42.632 [main] INFO  stringConverter - adding element: Country{location='Falkland Islands', countryCode='fk', latitude=-51.796253, longitude=-59.523613, confirmed=62, dead=0, recovered=55, updated='2021-04-15T10:00:07'}
13:20:42.632 [main] INFO  stringConverter - adding element: Country{location='Uruguay', countryCode='uy', latitude=-32.522779, longitude=-55.765835, confirmed=152089, dead=1647, recovered=119388, updated='2021-04-15T10:00:07'}
13:20:42.633 [main] INFO  stringConverter - adding element: Country{location='Jamaica', countryCode='jm', latitude=18.109581, longitude=-77.297508, confirmed=43054, dead=692, recovered=19248, updated='2021-04-15T10:00:07'}
13:20:42.633 [main] INFO  stringConverter - adding element: Country{location='Malta', countryCode='mt', latitude=35.937496, longitude=14.375416, confirmed=29778, dead=403, recovered=28797, updated='2021-04-15T10:00:07'}
13:20:42.633 [main] INFO  stringConverter - adding element: Country{location='Djibouti', countryCode='dj', latitude=11.825138, longitude=42.590275, confirmed=10202, dead=106, recovered=8591, updated='2021-04-15T10:00:07'}
13:20:42.633 [main] INFO  stringConverter - adding element: Country{location='Guinea-Bissau', countryCode='gw', latitude=11.803749, longitude=-15.180413, confirmed=3694, dead=66, recovered=3093, updated='2021-04-15T10:00:07'}
13:20:42.633 [main] INFO  stringConverter - adding element: Country{location='U.S. Virgin Islands', countryCode='vi', latitude=18.335765, longitude=-64.896335, confirmed=2260, dead=24, recovered=2120, updated='2021-01-17T18:15:05'}
13:20:42.633 [main] INFO  stringConverter - adding element: Country{location='Liechtenstein', countryCode='li', latitude=47.166, longitude=9.555373, confirmed=2770, dead=56, recovered=2646, updated='2021-04-15T10:00:07'}
13:20:42.634 [main] INFO  stringConverter - adding element: Country{location='Sint Maarten', countryCode='sx', latitude=18.04248, longitude=-63.05483, confirmed=2196, dead=27, recovered=2133, updated='2021-04-15T10:00:07'}
13:20:42.634 [main] INFO  stringConverter - adding element: Country{location='Bermuda', countryCode='bm', latitude=32.3078, longitude=-64.7505, confirmed=1935, dead=16, recovered=1051, updated='2021-04-15T10:00:07'}
13:20:42.634 [main] INFO  stringConverter - adding element: Country{location='Benin', countryCode='bj', latitude=9.30769, longitude=2.315834, confirmed=7611, dead=95, recovered=6728, updated='2021-04-15T10:00:07'}
13:20:42.634 [main] INFO  stringConverter - adding element: Country{location='Iceland', countryCode='is', latitude=64.963051, longitude=-19.020835, confirmed=6275, dead=29, recovered=6163, updated='2021-04-15T10:00:07'}
13:20:42.634 [main] INFO  stringConverter - adding element: Country{location='Yemen', countryCode='ye', latitude=15.552727, longitude=48.516388, confirmed=5582, dead=1083, recovered=2128, updated='2021-04-15T10:00:07'}
13:20:42.635 [main] INFO  stringConverter - adding element: Country{location='Gibraltar', countryCode='gi', latitude=36.140751, longitude=-5.353585, confirmed=4290, dead=94, recovered=4181, updated='2021-04-15T10:00:07'}
13:20:42.635 [main] INFO  stringConverter - adding element: Country{location='New Zealand', countryCode='nz', latitude=-40.900557, longitude=174.885971, confirmed=2591, dead=26, recovered=2464, updated='2021-04-15T10:00:07'}
13:20:42.635 [main] INFO  stringConverter - adding element: Country{location='Bhutan', countryCode='bt', latitude=27.514162, longitude=90.433601, confirmed=929, dead=1, recovered=876, updated='2021-04-15T10:00:07'}
13:20:42.636 [main] INFO  stringConverter - adding element: Country{location='Faeroe Islands', countryCode='fo', latitude=61.89263500000001, longitude=-6.9118061, confirmed=662, dead=1, recovered=660, updated='2021-04-15T10:00:07'}
13:20:42.636 [main] INFO  stringConverter - adding element: Country{location='Belarus', countryCode='by', latitude=53.709807, longitude=27.953389, confirmed=338801, dead=2383, recovered=329135, updated='2021-04-15T10:00:07'}
13:20:42.636 [main] INFO  stringConverter - adding element: Country{location='Somaliland', countryCode='05', latitude=9.411743399999999, longitude=46.8252838, confirmed=1354, dead=47, recovered=1200, updated='2021-01-17T18:15:05'}
13:20:42.636 [main] INFO  stringConverter - adding element: Country{location='Togo', countryCode='tg', latitude=8.619543, longitude=0.824782, confirmed=12214, dead=117, recovered=9543, updated='2021-04-15T10:00:07'}
13:20:42.637 [main] INFO  stringConverter - adding element: Country{location='Lesotho', countryCode='ls', latitude=-29.609988, longitude=28.233608, confirmed=10709, dead=315, recovered=5028, updated='2021-04-15T10:00:07'}
13:20:42.637 [main] INFO  stringConverter - adding element: Country{location='San Marino', countryCode='sm', latitude=43.94236, longitude=12.457777, confirmed=5004, dead=86, recovered=4625, updated='2021-04-15T10:00:07'}
13:20:42.637 [main] INFO  stringConverter - adding element: Country{location='Rwanda', countryCode='rw', latitude=-1.940278, longitude=29.873888, confirmed=23672, dead=317, recovered=21594, updated='2021-04-15T10:00:07'}
13:20:42.637 [main] INFO  stringConverter - adding element: Country{location='Suriname', countryCode='sr', latitude=3.919305, longitude=-56.027783, confirmed=9417, dead=184, recovered=8725, updated='2021-04-15T10:00:07'}
13:20:42.637 [main] INFO  stringConverter - adding element: Country{location='Liberia', countryCode='lr', latitude=6.428055, longitude=-9.429499000000002, confirmed=2042, dead=85, recovered=1899, updated='2021-04-15T10:00:07'}
13:20:42.638 [main] INFO  stringConverter - adding element: Country{location='Somalia', countryCode='so', latitude=5.152149, longitude=46.199616, confirmed=12837, dead=656, recovered=5346, updated='2021-04-15T10:00:07'}
13:20:42.638 [main] INFO  stringConverter - adding element: Country{location='South Sudan', countryCode='ss', latitude=6.876991899999999, longitude=31.3069788, confirmed=10416, dead=114, recovered=10148, updated='2021-04-15T10:00:07'}
13:20:42.638 [main] INFO  stringConverter - adding element: Country{location='Papua New Guinea', countryCode='pg', latitude=-6.314992999999999, longitude=143.95555, confirmed=8984, dead=71, recovered=846, updated='2021-04-15T10:00:07'}
13:20:42.638 [main] INFO  stringConverter - adding element: Country{location='Equatorial Guinea', countryCode='gq', latitude=1.650801, longitude=10.267895, confirmed=7259, dead=106, recovered=6885, updated='2021-04-15T10:00:07'}
13:20:42.639 [main] INFO  stringConverter - adding element: Country{location='CAR', countryCode='cf', latitude=6.611110999999999, longitude=20.939444, confirmed=5682, dead=75, recovered=5112, updated='2021-04-15T10:00:07'}
13:20:42.639 [main] INFO  stringConverter - adding element: Country{location='Chad', countryCode='td', latitude=15.454166, longitude=18.732207, confirmed=4662, dead=167, recovered=4312, updated='2021-04-15T10:00:07'}
13:20:42.639 [main] INFO  stringConverter - adding element: Country{location='Vietnam', countryCode='vn', latitude=14.058324, longitude=108.277199, confirmed=2737, dead=35, recovered=2445, updated='2021-04-15T10:00:07'}
13:20:42.639 [main] INFO  stringConverter - adding element: Country{location='Monaco', countryCode='mc', latitude=43.73841760000001, longitude=7.424615799999999, confirmed=2384, dead=31, recovered=2266, updated='2021-04-15T10:00:07'}
13:20:42.639 [main] INFO  stringConverter - adding element: Country{location='Curaçao', countryCode='cw', latitude=12.16957, longitude=-68.99002, confirmed=11581, dead=78, recovered=7666, updated='2021-04-15T10:00:07'}
13:20:42.639 [main] INFO  stringConverter - adding element: Country{location='Taiwan', countryCode='tw', latitude=23.69781, longitude=120.960515, confirmed=1068, dead=11, recovered=1031, updated='2021-04-15T10:00:07'}
13:20:42.640 [main] INFO  stringConverter - adding element: Country{location='Jersey', countryCode='je', latitude=49.2137711, longitude=-2.1357662, confirmed=2908, dead=56, recovered=2561, updated='2021-01-17T18:15:05'}
13:20:42.640 [main] INFO  stringConverter - adding element: Country{location='Luxembourg', countryCode='lu', latitude=49.815273, longitude=6.129582999999999, confirmed=64334, dead=784, recovered=60203, updated='2021-04-15T10:00:07'}
13:20:42.640 [main] INFO  stringConverter - adding element: Country{location='Aruba', countryCode='aw', latitude=12.52111, longitude=-69.968338, confirmed=10159, dead=92, recovered=9573, updated='2021-04-15T10:00:07'}
13:20:42.640 [main] INFO  stringConverter - adding element: Country{location='Niger', countryCode='ne', latitude=17.607789, longitude=8.081666, confirmed=5081, dead=189, recovered=4760, updated='2021-04-15T10:00:07'}
13:20:42.640 [main] INFO  stringConverter - adding element: Country{location='Diamond Princess', countryCode='01', latitude=40.86429589999999, longitude=-73.9614914, confirmed=712, dead=13, recovered=699, updated='2021-04-15T10:00:07'}
13:20:42.640 [main] INFO  stringConverter - adding element: Country{location='Sierra Leone', countryCode='sl', latitude=8.460555, longitude=-11.779889, confirmed=4013, dead=79, recovered=2832, updated='2021-04-15T10:00:07'}
13:20:42.641 [main] INFO  stringConverter - adding element: Country{location='Burundi', countryCode='bi', latitude=-3.373056, longitude=29.918886, confirmed=3333, dead=6, recovered=773, updated='2021-04-15T10:00:07'}
13:20:42.641 [main] INFO  stringConverter - adding element: Country{location='Seychelles', countryCode='sc', latitude=-4.679574, longitude=55.491977, confirmed=4633, dead=25, recovered=4310, updated='2021-04-15T10:00:07'}
13:20:42.641 [main] INFO  stringConverter - adding element: Country{location='Saint Pierre Miquelon', countryCode='pm', latitude=46.8852, longitude=-56.3159, confirmed=24, dead=0, recovered=24, updated='2021-04-15T10:00:07'}
13:20:42.641 [main] INFO  stringConverter - adding element: Country{location='United States', countryCode='us', latitude=37.09024, longitude=-95.712891, confirmed=33230992, dead=591514, recovered=25908684, updated='2021-05-04T11:00:08'}
13:20:42.641 [main] INFO  stringConverter - adding element: Country{location='Laos', countryCode='la', latitude=19.85627, longitude=102.495496, confirmed=53, dead=0, recovered=49, updated='2021-04-15T10:00:07'}
13:20:42.642 [main] INFO  stringConverter - adding element: Country{location='Saint Kitts and Nevis', countryCode='kn', latitude=17.357822, longitude=-62.782998, confirmed=44, dead=0, recovered=44, updated='2021-04-15T10:00:07'}
13:20:42.642 [main] INFO  stringConverter - adding element: Country{location='Romania', countryCode='ro', latitude=45.943161, longitude=24.96676, confirmed=1016449, dead=25605, recovered=920653, updated='2021-04-15T10:15:12'}
13:20:42.642 [main] INFO  stringConverter - adding element: Country{location='French Guiana', countryCode='gf', latitude=3.933889, longitude=-53.125782, confirmed=17883, dead=95, recovered=9995, updated='2021-04-15T10:00:07'}
13:20:42.644 [main] INFO  stringConverter - adding element: Country{location='Barbados', countryCode='bb', latitude=13.193887, longitude=-59.543198, confirmed=3744, dead=44, recovered=3634, updated='2021-04-15T10:00:07'}
13:20:42.644 [main] INFO  stringConverter - adding element: Country{location='Sao Tome and Principe', countryCode='st', latitude=0.18636, longitude=6.613080999999999, confirmed=2269, dead=35, recovered=2196, updated='2021-04-15T10:00:07'}
13:20:42.645 [main] INFO  stringConverter - adding element: Country{location='Macao', countryCode='mo', latitude=22.198745, longitude=113.543873, confirmed=49, dead=0, recovered=48, updated='2021-04-15T10:00:07'}
13:20:42.645 [main] INFO  stringConverter - adding element: Country{location='Montserrat', countryCode='ms', latitude=16.742498, longitude=-62.187366, confirmed=20, dead=1, recovered=19, updated='2021-04-15T10:00:07'}
13:20:42.645 [main] INFO  stringConverter - adding element: Country{location='Saint Martin', countryCode='mf', latitude=18.0708298, longitude=-63.0500809, confirmed=1693, dead=12, recovered=1399, updated='2021-04-15T10:00:07'}
13:20:42.645 [main] INFO  stringConverter - adding element: Country{location='Sint Eustatius', countryCode='bq', latitude=17.4890306, longitude=-62.973555, confirmed=18, dead=0, recovered=18, updated='2021-01-17T18:15:05'}
13:20:42.645 [main] INFO  stringConverter - adding element: Country{location='Isle of Man', countryCode='im', latitude=54.236107, longitude=-4.548056, confirmed=1575, dead=29, recovered=1445, updated='2021-04-15T10:00:07'}
13:20:42.645 [main] INFO  stringConverter - adding element: Country{location='Tanzania', countryCode='tz', latitude=-6.369028, longitude=34.888822, confirmed=509, dead=21, recovered=183, updated='2021-04-15T10:00:07'}
13:20:42.645 [main] INFO  stringConverter - adding element: Country{location='Samoa', countryCode='ws', latitude=-13.759029, longitude=-172.104629, confirmed=3, dead=0, recovered=2, updated='2021-04-15T10:00:07'}
13:20:42.645 [main] INFO  stringConverter - adding element: Country{location='Coral Princess', countryCode='11', latitude=20.5331399, longitude=-86.9387546, confirmed=12, dead=3, recovered=0, updated='2021-01-17T18:15:05'}
13:20:42.646 [main] INFO  stringConverter - adding element: Country{location='Brunei ', countryCode='bn', latitude=4.535277, longitude=114.727669, confirmed=221, dead=3, recovered=206, updated='2021-04-15T10:00:07'}
13:20:42.646 [main] INFO  stringConverter - adding element: Country{location='Japan', countryCode='jp', latitude=36.204824, longitude=138.252924, confirmed=512169, dead=9469, recovered=471007, updated='2021-04-15T10:00:07'}
13:20:42.646 [main] INFO  stringConverter - adding element: Country{location='St. Barth', countryCode='bl', latitude=17.9, longitude=-62.833333, confirmed=907, dead=1, recovered=462, updated='2021-04-15T10:00:07'}
13:20:42.646 [main] INFO  stringConverter - adding element: Country{location='Moldova', countryCode='md', latitude=47.411631, longitude=28.369885, confirmed=243365, dead=5466, recovered=226325, updated='2021-04-15T10:00:07'}
13:20:42.646 [main] INFO  stringConverter - adding element: Country{location='British Virgin Islands', countryCode='vg', latitude=18.420695, longitude=-64.639968, confirmed=178, dead=1, recovered=159, updated='2021-04-15T10:00:07'}
13:20:42.646 [main] INFO  stringConverter - adding element: Country{location='Grenada', countryCode='gd', latitude=12.1165, longitude=-61.67899999999999, confirmed=155, dead=1, recovered=152, updated='2021-04-15T10:00:07'}
13:20:42.646 [main] INFO  stringConverter - adding element: Country{location='Anguilla', countryCode='ai', latitude=18.220554, longitude=-63.06861499999999, confirmed=25, dead=0, recovered=22, updated='2021-04-15T10:00:07'}
13:20:42.647 [main] INFO  stringConverter - adding element: Country{location='New Caledonia', countryCode='nc', latitude=-20.904305, longitude=165.618042, confirmed=121, dead=0, recovered=58, updated='2021-04-15T10:00:07'}
13:20:42.647 [main] INFO  stringConverter - adding element: Country{location='Marshall Islands', countryCode='mh', latitude=7.131474, longitude=171.184478, confirmed=4, dead=0, recovered=4, updated='2021-04-15T10:00:07'}
13:20:42.647 [main] INFO  stringConverter - adding element: Country{location='Canada', countryCode='ca', latitude=56.130366, longitude=-106.346771, confirmed=1087152, dead=23445, recovered=983506, updated='2021-04-15T10:15:12'}
13:20:42.647 [main] INFO  stringConverter - adding element: Country{location='Mayotte', countryCode='yt', latitude=-12.8275, longitude=45.166244, confirmed=19757, dead=168, recovered=2964, updated='2021-04-15T10:00:07'}
13:20:42.647 [main] INFO  stringConverter - adding element: Country{location='Greenland', countryCode='gl', latitude=71.706936, longitude=-42.604303, confirmed=31, dead=0, recovered=31, updated='2021-04-15T10:00:07'}
13:20:42.647 [main] INFO  stringConverter - adding element: Country{location='Vatican City', countryCode='va', latitude=41.902916, longitude=12.453389, confirmed=27, dead=0, recovered=15, updated='2021-04-15T10:00:07'}
13:20:42.647 [main] INFO  stringConverter - adding element: Country{location='Solomon Islands', countryCode='sb', latitude=-9.64571, longitude=160.156194, confirmed=19, dead=0, recovered=18, updated='2021-04-15T10:00:07'}
13:20:42.647 [main] INFO  stringConverter - adding element: Country{location='Réunion', countryCode='re', latitude=-21.115141, longitude=55.536384, confirmed=18425, dead=135, recovered=16794, updated='2021-04-15T10:00:07'}
13:20:42.648 [main] INFO  stringConverter - adding element: Country{location='Guadeloupe', countryCode='gp', latitude=16.265, longitude=-61.55099999999999, confirmed=12717, dead=176, recovered=2242, updated='2021-04-15T10:00:07'}
13:20:42.648 [main] INFO  stringConverter - adding element: Country{location='Gambia', countryCode='gm', latitude=13.443182, longitude=-15.310139, confirmed=5682, dead=170, recovered=5165, updated='2021-04-15T10:00:07'}
13:20:42.648 [main] INFO  stringConverter - adding element: Country{location='Guernsey', countryCode='gg', latitude=49.4481982, longitude=-2.58949, confirmed=309, dead=13, recovered=288, updated='2021-01-17T18:15:05'}
13:20:42.648 [main] INFO  stringConverter - adding element: Country{location='Saint Lucia', countryCode='lc', latitude=13.909444, longitude=-60.978893, confirmed=4355, dead=64, recovered=4208, updated='2021-04-15T10:00:07'}
13:20:42.648 [main] INFO  stringConverter - adding element: Country{location='St. Vincent Grenadines', countryCode='vc', latitude=12.984305, longitude=-61.287228, confirmed=1812, dead=10, recovered=1677, updated='2021-04-15T10:00:07'}
13:20:42.648 [main] INFO  stringConverter - adding element: Country{location='Vanuatu', countryCode='vu', latitude=-15.376706, longitude=166.959158, confirmed=3, dead=0, recovered=1, updated='2021-04-15T10:00:07'}
13:20:42.648 [main] INFO  stringConverter - adding element: Country{location='Martinique', countryCode='mq', latitude=14.641528, longitude=-61.024174, confirmed=9890, dead=64, recovered=98, updated='2021-04-15T10:00:07'}
13:20:42.649 [main] INFO  stringConverter - adding element: Country{location='Cayman Islands', countryCode='ky', latitude=19.3133, longitude=-81.2546, confirmed=523, dead=2, recovered=498, updated='2021-04-15T10:00:07'}
13:20:42.649 [main] INFO  stringConverter - adding element: Country{location='Mongolia', countryCode='mn', latitude=46.862496, longitude=103.846656, confirmed=18565, dead=31, recovered=10638, updated='2021-04-15T10:00:07'}
13:20:42.649 [main] INFO  stringConverter - adding element: Country{location='Sudan', countryCode='sd', latitude=12.862807, longitude=30.217636, confirmed=31790, dead=2208, recovered=25539, updated='2021-04-15T10:00:07'}
13:20:42.649 [main] INFO  stringConverter - adding element: Country{location='Tajikistan', countryCode='tj', latitude=38.861034, longitude=71.276093, confirmed=13308, dead=90, recovered=13218, updated='2021-04-15T10:00:07'}
13:20:42.649 [main] INFO  stringConverter - adding element: Country{location='Comoros', countryCode='km', latitude=-11.6455, longitude=43.3333, confirmed=3803, dead=146, recovered=3582, updated='2021-04-15T10:00:07'}
13:20:42.649 [main] INFO  stringConverter - adding element: Country{location='Turks and Caicos', countryCode='tc', latitude=21.694025, longitude=-71.797928, confirmed=2360, dead=17, recovered=2285, updated='2021-04-15T10:00:07'}
13:20:42.649 [main] INFO  stringConverter - adding element: Country{location='Mauritius', countryCode='mu', latitude=-20.348404, longitude=57.55215200000001, confirmed=1201, dead=15, recovered=841, updated='2021-04-15T10:00:07'}
13:20:42.649 [main] INFO  stringConverter - adding element: Country{location='Philippines', countryCode='ph', latitude=12.879721, longitude=121.774017, confirmed=904285, dead=15594, recovered=705164, updated='2021-04-15T10:15:12'}
13:20:42.650 [main] INFO  stringConverter - adding element: Country{location='Israel', countryCode='il', latitude=31.046051, longitude=34.851612, confirmed=836504, dead=6312, recovered=827184, updated='2021-04-15T10:00:07'}
13:20:42.650 [main] INFO  stringConverter - adding element: Country{location='Northern Cyprus', countryCode='00', latitude=35.2480359, longitude=33.6577243, confirmed=1850, dead=11, recovered=1602, updated='2021-01-17T18:15:05'}
13:20:42.650 [main] INFO  stringConverter - adding element: Country{location='Bangladesh', countryCode='bd', latitude=23.684994, longitude=90.356331, confirmed=703170, dead=9987, recovered=591299, updated='2021-04-15T10:00:07'}
13:20:42.650 [main] INFO  stringConverter - adding element: Country{location='Sweden', countryCode='se', latitude=60.12816100000001, longitude=18.643501, confirmed=885385, dead=13720, recovered=0, updated='2021-04-15T10:00:07'}
13:20:42.650 [main] INFO  stringConverter - adding element: Country{location='Serbia', countryCode='rs', latitude=44.016521, longitude=21.005859, confirmed=651899, dead=5846, recovered=571312, updated='2021-04-15T10:00:07'}
13:20:42.650 [main] INFO  stringConverter - adding element: Country{location='Denmark', countryCode='dk', latitude=56.26392, longitude=9.501785, confirmed=239532, dead=2447, recovered=228685, updated='2021-04-15T10:00:07'}
13:20:42.650 [main] INFO  stringConverter - adding element: Country{location='Switzerland', countryCode='ch', latitude=46.818188, longitude=8.227511999999999, confirmed=627968, dead=10488, recovered=563438, updated='2021-04-15T10:00:07'}
13:20:42.650 [main] INFO  stringConverter - adding element: Country{location='Ireland', countryCode='ie', latitude=53.1423672, longitude=-7.692053599999999, confirmed=242105, dead=4812, recovered=222851, updated='2021-04-15T10:00:07'}
13:20:42.651 [main] INFO  stringConverter - adding element: Country{location='Ethiopia', countryCode='et', latitude=9.145000000000001, longitude=40.489673, confirmed=234405, dead=3252, recovered=174591, updated='2021-04-15T10:00:07'}
13:20:42.651 [main] INFO  stringConverter - adding element: Country{location='Costa Rica', countryCode='cr', latitude=9.748916999999999, longitude=-83.753428, confirmed=225343, dead=3044, recovered=196060, updated='2021-04-15T10:00:07'}
13:20:42.651 [main] INFO  stringConverter - adding element: Country{location='Armenia', countryCode='am', latitude=40.069099, longitude=45.038189, confirmed=206142, dead=3817, recovered=185125, updated='2021-04-15T10:00:07'}
13:20:42.651 [main] INFO  stringConverter - adding element: Country{location='Sri Lanka', countryCode='lk', latitude=7.873053999999999, longitude=80.77179699999999, confirmed=95737, dead=604, recovered=92151, updated='2021-04-15T10:00:07'}
13:20:42.651 [main] INFO  stringConverter - adding element: Country{location='Mozambique', countryCode='mz', latitude=-18.665695, longitude=35.529562, confirmed=68927, dead=794, recovered=59972, updated='2021-04-15T10:00:07'}
13:20:42.652 [main] INFO  stringConverter - adding element: Country{location='Artsakh', countryCode='12', latitude=26.0434384, longitude=-80.2777081, confirmed=1130, dead=30, recovered=337, updated='2021-01-17T18:15:05'}
13:20:42.652 [main] INFO  stringConverter - adding element: Country{location='Ivory Coast', countryCode='ci', latitude=7.539988999999999, longitude=-5.547079999999999, confirmed=45388, dead=271, recovered=44833, updated='2021-04-15T10:00:07'}
13:20:42.652 [main] INFO  stringConverter - adding element: Country{location='Cambodia', countryCode='kh', latitude=12.565679, longitude=104.990963, confirmed=5218, dead=36, recovered=2319, updated='2021-04-15T10:00:07'}
13:20:42.652 [main] INFO  stringConverter - adding element: Country{location='Antigua and Barbuda', countryCode='ag', latitude=17.060816, longitude=-61.796428, confirmed=1209, dead=31, recovered=947, updated='2021-04-15T10:00:07'}
13:20:42.653 [main] INFO  stringConverter - adding element: Country{location='USS Theodore Roosevelt', countryCode='09', latitude=0.0, longitude=0.0, confirmed=1102, dead=1, recovered=751, updated='2021-01-17T18:15:05'}
13:20:42.653 [main] INFO  stringConverter - adding element: Country{location='Northern Mariana Islands ', countryCode='mp', latitude=15.0979, longitude=145.6739, confirmed=122, dead=2, recovered=32, updated='2021-01-17T18:15:05'}
13:20:42.653 [main] INFO  stringConverter - adding element: Country{location='Iraq', countryCode='iq', latitude=33.223191, longitude=43.679291, confirmed=949050, dead=14836, recovered=831519, updated='2021-04-15T10:15:12'}
13:20:42.653 [main] INFO  stringConverter - adding element: Country{location='Zimbabwe', countryCode='zw', latitude=-19.015438, longitude=29.154857, confirmed=37369, dead=1548, recovered=34946, updated='2021-04-15T10:00:07'}
13:20:42.654 [main] INFO  stringConverter - adding element: Country{location='Kosovo', countryCode='xk', latitude=42.6026359, longitude=20.902977, confirmed=55498, dead=1405, recovered=48990, updated='2021-01-17T18:15:05'}
13:20:42.654 [main] INFO  stringConverter - adding element: Country{location='Nicaragua', countryCode='ni', latitude=12.865416, longitude=-85.207229, confirmed=6778, dead=180, recovered=4225, updated='2021-04-15T10:00:07'}
13:20:42.654 [main] INFO  stringConverter - adding element: Country{location='Burkina Faso', countryCode='bf', latitude=12.238333, longitude=-1.561593, confirmed=13050, dead=154, recovered=12689, updated='2021-04-15T10:00:07'}
13:20:42.654 [main] INFO  stringConverter - adding element: Country{location='Eritrea', countryCode='er', latitude=15.179384, longitude=39.782334, confirmed=3479, dead=10, recovered=3273, updated='2021-04-15T10:00:07'}
13:20:42.654 [main] INFO  stringConverter - adding element: Country{location='MS Zaandam', countryCode='03', latitude=0.0, longitude=0.0, confirmed=9, dead=2, recovered=7, updated='2021-04-15T10:00:07'}
13:20:42.654 [main] INFO  stringConverter - adding element: Country{location='Abkhazia', countryCode='06', latitude=43.0015544, longitude=41.023407, confirmed=7504, dead=100, recovered=5545, updated='2021-01-17T18:15:05'}
13:20:42.654 [main] INFO  stringConverter - adding element: Country{location='Guam', countryCode='gu', latitude=13.444304, longitude=144.793731, confirmed=7257, dead=121, recovered=6707, updated='2021-01-17T18:15:05'}
13:20:42.654 [main] INFO  stringConverter - adding element: Country{location='Pakistan', countryCode='pk', latitude=30.375321, longitude=69.34511599999999, confirmed=739818, dead=15872, recovered=646652, updated='2021-04-15T10:00:07'}
13:20:42.654 [main] INFO  stringConverter - adding element: Country{location='Norway', countryCode='no', latitude=60.47202399999999, longitude=8.468945999999999, confirmed=105607, dead=706, recovered=88952, updated='2021-04-15T10:00:07'}
13:24:20.939 [main] INFO  stringConverter - starting to convert elements
13:24:21.022 [main] INFO  stringConverter - adding element: Country{location='Iran', countryCode='ir', latitude=32.427908, longitude=53.688046, confirmed=2168872, dead=65680, recovered=1749041, updated='2021-04-15T14:15:07'}
13:24:21.022 [main] INFO  stringConverter - adding element: Country{location='Germany', countryCode='de', latitude=51.165691, longitude=10.451526, confirmed=3064382, dead=79813, recovered=2736100, updated='2021-04-15T14:15:07'}
13:24:21.022 [main] INFO  stringConverter - adding element: Country{location='Russia', countryCode='ru', latitude=61.52401, longitude=105.318756, confirmed=4675153, dead=104398, recovered=4301448, updated='2021-04-15T14:15:07'}
13:24:21.023 [main] INFO  stringConverter - adding element: Country{location='Nepal', countryCode='np', latitude=28.394857, longitude=84.12400799999999, confirmed=281564, dead=3061, recovered=274447, updated='2021-04-15T10:00:07'}
13:24:21.023 [main] INFO  stringConverter - adding element: Country{location='Saudi Arabia', countryCode='sa', latitude=23.885942, longitude=45.079162, confirmed=401157, dead=6781, recovered=385441, updated='2021-04-15T10:00:07'}
13:24:21.023 [main] INFO  stringConverter - adding element: Country{location='Argentina', countryCode='ar', latitude=-38.416097, longitude=-63.61667199999999, confirmed=2604157, dead=58542, recovered=2278486, updated='2021-04-15T14:15:07'}
13:24:21.024 [main] INFO  stringConverter - adding element: Country{location='Austria', countryCode='at', latitude=47.516231, longitude=14.550072, confirmed=586883, dead=9813, recovered=547604, updated='2021-04-15T10:00:07'}
13:24:21.024 [main] INFO  stringConverter - adding element: Country{location='Jordan', countryCode='jo', latitude=36.1500042, longitude=-95.9882368, confirmed=676175, dead=7987, recovered=617096, updated='2021-04-15T10:00:07'}
13:24:21.024 [main] INFO  stringConverter - adding element: Country{location='Angola', countryCode='ao', latitude=-11.202692, longitude=17.873887, confirmed=23841, dead=557, recovered=22144, updated='2021-04-15T10:00:07'}
13:24:21.024 [main] INFO  stringConverter - adding element: Country{location='Netherlands', countryCode='nl', latitude=52.132633, longitude=5.291265999999999, confirmed=1369411, dead=16848, recovered=0, updated='2021-04-15T10:15:12'}
13:24:21.024 [main] INFO  stringConverter - adding element: Country{location='Bulgaria', countryCode='bg', latitude=42.733883, longitude=25.48583, confirmed=380576, dead=14871, recovered=296998, updated='2021-04-15T10:00:07'}
13:24:21.025 [main] INFO  stringConverter - adding element: Country{location='Brazil', countryCode='br', latitude=-14.235004, longitude=-51.92528, confirmed=14791434, dead=408829, recovered=13336476, updated='2021-05-04T11:15:07'}
13:24:21.025 [main] INFO  stringConverter - adding element: Country{location='Italy', countryCode='it', latitude=41.87194, longitude=12.56738, confirmed=3809193, dead=115557, recovered=3178976, updated='2021-04-15T14:15:07'}
13:24:21.025 [main] INFO  stringConverter - adding element: Country{location='France', countryCode='fr', latitude=46.227638, longitude=2.213749, confirmed=5149834, dead=99777, recovered=315152, updated='2021-04-15T14:15:07'}
13:24:21.026 [main] INFO  stringConverter - adding element: Country{location='Belgium', countryCode='be', latitude=50.503887, longitude=4.469936, confirmed=935316, dead=23603, recovered=60320, updated='2021-04-15T10:15:12'}
13:24:21.026 [main] INFO  stringConverter - adding element: Country{location='Peru', countryCode='pe', latitude=-9.189967, longitude=-75.015152, confirmed=1667737, dead=55812, recovered=1592937, updated='2021-04-15T14:15:07'}
13:24:21.026 [main] INFO  stringConverter - adding element: Country{location='Ukraine', countryCode='ua', latitude=48.379433, longitude=31.1655799, confirmed=1903765, dead=38658, recovered=1453766, updated='2021-04-15T14:15:07'}
13:24:21.026 [main] INFO  stringConverter - adding element: Country{location='UK', countryCode='gb', latitude=55.378051, longitude=-3.435973, confirmed=4378305, dead=127161, recovered=4113338, updated='2021-04-15T14:15:07'}
13:24:21.027 [main] INFO  stringConverter - adding element: Country{location='Syria', countryCode='sy', latitude=34.80207499999999, longitude=38.996815, confirmed=20555, dead=1402, recovered=14335, updated='2021-04-15T10:00:07'}
13:24:21.027 [main] INFO  stringConverter - adding element: Country{location='Azerbaijan', countryCode='az', latitude=40.143105, longitude=47.576927, confirmed=291894, dead=4009, recovered=255833, updated='2021-04-15T10:00:07'}
13:24:21.027 [main] INFO  stringConverter - adding element: Country{location='Colombia', countryCode='co', latitude=4.570868, longitude=-74.297333, confirmed=2585801, dead=66819, recovered=2419265, updated='2021-04-15T14:15:07'}
13:24:21.028 [main] INFO  stringConverter - adding element: Country{location='Indonesia', countryCode='id', latitude=-0.789275, longitude=113.921327, confirmed=1589359, dead=43073, recovered=1438254, updated='2021-04-15T14:15:07'}
13:24:21.028 [main] INFO  stringConverter - adding element: Country{location='Chile', countryCode='cl', latitude=-35.675147, longitude=-71.542969, confirmed=1094267, dead=24548, recovered=1026934, updated='2021-04-15T10:15:12'}
13:24:21.029 [main] INFO  stringConverter - adding element: Country{location='Mexico', countryCode='mx', latitude=23.634501, longitude=-102.552784, confirmed=2291246, dead=210812, recovered=1817866, updated='2021-04-15T14:15:07'}
13:24:21.029 [main] INFO  stringConverter - adding element: Country{location='Turkey', countryCode='tr', latitude=38.963745, longitude=35.243322, confirmed=4025557, dead=34734, recovered=3480146, updated='2021-04-15T14:15:07'}
13:24:21.029 [main] INFO  stringConverter - adding element: Country{location='Spain', countryCode='es', latitude=40.46366700000001, longitude=-3.74922, confirmed=3387022, dead=76756, recovered=3118437, updated='2021-04-15T14:15:07'}
13:24:21.030 [main] INFO  stringConverter - adding element: Country{location='Gabon', countryCode='ga', latitude=-0.803689, longitude=11.609444, confirmed=21566, dead=132, recovered=18219, updated='2021-04-15T10:00:07'}
13:24:21.030 [main] INFO  stringConverter - adding element: Country{location='Poland', countryCode='pl', latitude=51.919438, longitude=19.145136, confirmed=2642242, dead=60612, recovered=2238638, updated='2021-04-15T14:15:07'}
13:24:21.030 [main] INFO  stringConverter - adding element: Country{location='UAE', countryCode='ae', latitude=23.424076, longitude=53.847818, confirmed=489495, dead=1541, recovered=473398, updated='2021-04-15T10:00:07'}
13:24:21.031 [main] INFO  stringConverter - adding element: Country{location='Czechia', countryCode='cz', latitude=49.81749199999999, longitude=15.472962, confirmed=1593847, dead=28229, recovered=1483559, updated='2021-04-15T14:15:07'}
13:24:21.031 [main] INFO  stringConverter - adding element: Country{location='India', countryCode='in', latitude=20.593684, longitude=78.96288, confirmed=20282833, dead=222408, recovered=16613292, updated='2021-05-04T11:15:07'}
13:24:21.031 [main] INFO  stringConverter - adding element: Country{location='Guinea', countryCode='gn', latitude=9.945587, longitude=-9.696645, confirmed=21299, dead=136, recovered=18815, updated='2021-04-15T10:00:07'}
13:24:21.032 [main] INFO  stringConverter - adding element: Country{location='Croatia', countryCode='hr', latitude=45.1, longitude=15.2000001, confirmed=300900, dead=6442, recovered=279151, updated='2021-04-15T10:00:07'}
13:24:21.032 [main] INFO  stringConverter - adding element: Country{location='Portugal', countryCode='pt', latitude=39.39987199999999, longitude=-8.224454, confirmed=828857, dead=16931, recovered=786469, updated='2021-04-15T10:00:07'}
13:24:21.032 [main] INFO  stringConverter - adding element: Country{location='Australia', countryCode='au', latitude=-25.274398, longitude=133.775136, confirmed=29457, dead=910, recovered=26381, updated='2021-04-15T10:00:07'}
13:24:21.033 [main] INFO  stringConverter - adding element: Country{location='Hungary', countryCode='hu', latitude=47.162494, longitude=19.5033041, confirmed=736982, dead=24521, recovered=440498, updated='2021-04-15T10:00:07'}
13:24:21.033 [main] INFO  stringConverter - adding element: Country{location='Panama', countryCode='pa', latitude=8.537981, longitude=-80.782127, confirmed=359516, dead=6177, recovered=349318, updated='2021-04-15T10:00:07'}
13:24:21.034 [main] INFO  stringConverter - adding element: Country{location='Ecuador', countryCode='ec', latitude=-1.831239, longitude=-78.18340599999999, confirmed=350539, dead=17400, recovered=298604, updated='2021-04-15T10:00:07'}
13:24:21.034 [main] INFO  stringConverter - adding element: Country{location='Georgia', countryCode='ge', latitude=32.1656221, longitude=-82.9000751, confirmed=292244, dead=3908, recovered=279389, updated='2021-04-15T10:00:07'}
13:24:21.034 [main] INFO  stringConverter - adding element: Country{location='South Africa', countryCode='za', latitude=-30.559482, longitude=22.937506, confirmed=1584961, dead=103, recovered=1486873, updated='2021-05-04T11:19:57'}
13:24:21.034 [main] INFO  stringConverter - adding element: Country{location='Morocco', countryCode='ma', latitude=31.791702, longitude=-7.092619999999999, confirmed=503664, dead=8920, recovered=489928, updated='2021-04-15T10:00:07'}
13:24:21.035 [main] INFO  stringConverter - adding element: Country{location='Slovakia', countryCode='sk', latitude=48.669026, longitude=19.699024, confirmed=373950, dead=10877, recovered=255300, updated='2021-04-15T10:00:07'}
13:24:21.035 [main] INFO  stringConverter - adding element: Country{location='Paraguay', countryCode='py', latitude=-23.442503, longitude=-58.443832, confirmed=242161, dead=5040, recovered=198473, updated='2021-04-15T10:00:07'}
13:24:21.035 [main] INFO  stringConverter - adding element: Country{location='Egypt', countryCode='eg', latitude=26.820553, longitude=30.802498, confirmed=212961, dead=12570, recovered=161031, updated='2021-04-15T10:00:07'}
13:24:21.036 [main] INFO  stringConverter - adding element: Country{location='Qatar', countryCode='qa', latitude=25.354826, longitude=51.183884, confirmed=192963, dead=348, recovered=171388, updated='2021-04-15T10:00:07'}
13:24:21.036 [main] INFO  stringConverter - adding element: Country{location='Bahrain', countryCode='bh', latitude=26.0667, longitude=50.5577, confirmed=159964, dead=569, recovered=148093, updated='2021-04-15T10:00:07'}
13:24:21.036 [main] INFO  stringConverter - adding element: Country{location='South Korea', countryCode='kr', latitude=35.907757, longitude=127.766922, confirmed=112117, dead=1788, recovered=102513, updated='2021-04-15T10:00:07'}
13:24:21.036 [main] INFO  stringConverter - adding element: Country{location='Kyrgyzstan', countryCode='kg', latitude=41.20438, longitude=74.766098, confirmed=91144, dead=1540, recovered=86491, updated='2021-04-15T10:00:07'}
13:24:21.037 [main] INFO  stringConverter - adding element: Country{location='Bolivia', countryCode='bo', latitude=-16.290154, longitude=-63.58865299999999, confirmed=285291, dead=12519, recovered=234596, updated='2021-04-15T10:00:07'}
13:24:21.037 [main] INFO  stringConverter - adding element: Country{location='Oman', countryCode='om', latitude=21.4735329, longitude=55.975413, confirmed=176668, dead=1821, recovered=156845, updated='2021-04-15T10:00:07'}
13:24:21.037 [main] INFO  stringConverter - adding element: Country{location='Puerto Rico', countryCode='pr', latitude=18.220833, longitude=-66.590149, confirmed=80590, dead=1703, recovered=0, updated='2021-01-17T18:15:05'}
13:24:21.038 [main] INFO  stringConverter - adding element: Country{location='Guatemala', countryCode='gt', latitude=15.783471, longitude=-90.23075899999999, confirmed=207127, dead=7089, recovered=187894, updated='2021-04-15T10:00:07'}
13:24:21.038 [main] INFO  stringConverter - adding element: Country{location='Myanmar', countryCode='mm', latitude=21.916221, longitude=95.955974, confirmed=142610, dead=3206, recovered=131879, updated='2021-04-15T10:00:07'}
13:24:21.038 [main] INFO  stringConverter - adding element: Country{location='Singapore', countryCode='sg', latitude=1.352083, longitude=103.819836, confirmed=60735, dead=30, recovered=60392, updated='2021-04-15T10:00:07'}
13:24:21.039 [main] INFO  stringConverter - adding element: Country{location='Palestine', countryCode='ps', latitude=31.952162, longitude=35.233154, confirmed=274690, dead=2923, recovered=239291, updated='2021-04-15T10:00:07'}
13:24:21.039 [main] INFO  stringConverter - adding element: Country{location='Bosnia and Herzegovina', countryCode='ba', latitude=43.915886, longitude=17.679076, confirmed=186372, dead=7642, recovered=143944, updated='2021-04-15T10:00:07'}
13:24:21.039 [main] INFO  stringConverter - adding element: Country{location='Kenya', countryCode='ke', latitude=-0.023559, longitude=37.906193, confirmed=148128, dead=2420, recovered=99580, updated='2021-04-15T10:00:07'}
13:24:21.039 [main] INFO  stringConverter - adding element: Country{location='Montenegro', countryCode='me', latitude=42.708678, longitude=19.37439, confirmed=94859, dead=1405, recovered=89615, updated='2021-04-15T10:00:07'}
13:24:21.040 [main] INFO  stringConverter - adding element: Country{location='Uzbekistan', countryCode='uz', latitude=41.377491, longitude=64.585262, confirmed=85730, dead=634, recovered=83462, updated='2021-04-15T10:00:07'}
13:24:21.040 [main] INFO  stringConverter - adding element: Country{location='Malaysia', countryCode='my', latitude=4.210484, longitude=101.975766, confirmed=367977, dead=1363, recovered=349039, updated='2021-04-15T10:00:07'}
13:24:21.040 [main] INFO  stringConverter - adding element: Country{location='Kazakhstan', countryCode='kz', latitude=48.019573, longitude=66.923684, confirmed=278695, dead=3306, recovered=239448, updated='2021-04-15T10:00:07'}
13:24:21.041 [main] INFO  stringConverter - adding element: Country{location='Albania', countryCode='al', latitude=41.153332, longitude=20.168331, confirmed=128959, dead=2331, recovered=99441, updated='2021-04-15T10:00:07'}
13:24:21.041 [main] INFO  stringConverter - adding element: Country{location='Afghanistan', countryCode='af', latitude=33.93911, longitude=67.709953, confirmed=57612, dead=2535, recovered=52083, updated='2021-04-15T10:00:07'}
13:24:21.041 [main] INFO  stringConverter - adding element: Country{location='Dominican Republic', countryCode='do', latitude=18.735693, longitude=-70.162651, confirmed=259260, dead=3402, recovered=217286, updated='2021-04-15T10:00:07'}
13:24:21.041 [main] INFO  stringConverter - adding element: Country{location='Lithuania', countryCode='lt', latitude=55.169438, longitude=23.881275, confirmed=230462, dead=3730, recovered=208890, updated='2021-04-15T10:00:07'}
13:24:21.042 [main] INFO  stringConverter - adding element: Country{location='Libya', countryCode='ly', latitude=26.3351, longitude=17.228331, confirmed=170045, dead=2834, recovered=155117, updated='2021-04-15T10:00:07'}
13:24:21.042 [main] INFO  stringConverter - adding element: Country{location='Honduras', countryCode='hn', latitude=15.199999, longitude=-86.241905, confirmed=198214, dead=4905, recovered=76130, updated='2021-04-15T10:00:07'}
13:24:21.042 [main] INFO  stringConverter - adding element: Country{location='Nigeria', countryCode='ng', latitude=9.081999, longitude=8.675277, confirmed=164000, dead=2061, recovered=154270, updated='2021-04-15T10:00:07'}
13:24:21.043 [main] INFO  stringConverter - adding element: Country{location='Algeria', countryCode='dz', latitude=28.033886, longitude=1.659626, confirmed=118975, dead=3141, recovered=82929, updated='2021-04-15T10:00:07'}
13:24:21.043 [main] INFO  stringConverter - adding element: Country{location='China', countryCode='cn', latitude=35.86166, longitude=104.195397, confirmed=90457, dead=4636, recovered=85524, updated='2021-04-15T10:00:07'}
13:24:21.043 [main] INFO  stringConverter - adding element: Country{location='Lebanon', countryCode='lb', latitude=33.854721, longitude=35.862285, confirmed=502299, dead=6778, recovered=413175, updated='2021-04-15T10:00:07'}
13:24:21.043 [main] INFO  stringConverter - adding element: Country{location='Kuwait', countryCode='kw', latitude=29.31166, longitude=47.481766, confirmed=251675, dead=1423, recovered=235053, updated='2021-04-15T10:00:07'}
13:24:21.043 [main] INFO  stringConverter - adding element: Country{location='Slovenia', countryCode='si', latitude=46.151241, longitude=14.995463, confirmed=229967, dead=4142, recovered=212815, updated='2021-04-15T10:00:07'}
13:24:21.044 [main] INFO  stringConverter - adding element: Country{location='Venezuela', countryCode='ve', latitude=6.42375, longitude=-66.58973, confirmed=178094, dead=1834, recovered=160620, updated='2021-04-15T10:00:07'}
13:24:21.044 [main] INFO  stringConverter - adding element: Country{location='North Macedonia', countryCode='mk', latitude=41.608635, longitude=21.745275, confirmed=144111, dead=4322, recovered=119683, updated='2021-04-15T10:00:07'}
13:24:21.044 [main] INFO  stringConverter - adding element: Country{location='Ghana', countryCode='gh', latitude=7.946527, longitude=-1.023194, confirmed=91477, dead=763, recovered=89301, updated='2021-04-15T10:00:07'}
13:24:21.044 [main] INFO  stringConverter - adding element: Country{location='El Salvador', countryCode='sv', latitude=13.794185, longitude=-88.89653, confirmed=66956, dead=2060, recovered=63345, updated='2021-04-15T10:00:07'}
13:24:21.045 [main] INFO  stringConverter - adding element: Country{location='Greece', countryCode='gr', latitude=39.074208, longitude=21.824312, confirmed=304184, dead=9135, recovered=261176, updated='2021-04-15T10:00:07'}
13:24:21.045 [main] INFO  stringConverter - adding element: Country{location='Tunisia', countryCode='tn', latitude=33.886917, longitude=9.537499, confirmed=276727, dead=9480, recovered=229754, updated='2021-04-15T10:00:07'}
13:24:21.045 [main] INFO  stringConverter - adding element: Country{location='Mali', countryCode='ml', latitude=17.570692, longitude=-3.996166, confirmed=12467, dead=419, recovered=7238, updated='2021-04-15T10:00:07'}
13:24:21.045 [main] INFO  stringConverter - adding element: Country{location='Trinidad and Tobago', countryCode='tt', latitude=10.691803, longitude=-61.222503, confirmed=8596, dead=148, recovered=7818, updated='2021-04-15T10:00:07'}
13:24:21.045 [main] INFO  stringConverter - adding element: Country{location='Timor-Leste', countryCode='tl', latitude=-8.874217, longitude=125.727539, confirmed=1103, dead=2, recovered=564, updated='2021-04-15T10:00:07'}
13:24:21.046 [main] INFO  stringConverter - adding element: Country{location='Cameroon', countryCode='cm', latitude=7.369721999999999, longitude=12.354722, confirmed=61731, dead=919, recovered=56926, updated='2021-04-15T10:00:07'}
13:24:21.046 [main] INFO  stringConverter - adding element: Country{location='Estonia', countryCode='ee', latitude=58.595272, longitude=25.0136071, confirmed=116200, dead=1064, recovered=99096, updated='2021-04-15T10:00:07'}
13:24:21.046 [main] INFO  stringConverter - adding element: Country{location='Eswatini', countryCode='sz', latitude=-26.522503, longitude=31.465866, confirmed=18407, dead=670, recovered=17682, updated='2021-04-15T10:00:07'}
13:24:21.047 [main] INFO  stringConverter - adding element: Country{location='Cyprus', countryCode='cy', latitude=35.126413, longitude=33.429859, confirmed=53254, dead=277, recovered=39061, updated='2021-04-15T10:00:07'}
13:24:21.047 [main] INFO  stringConverter - adding element: Country{location='Uganda', countryCode='ug', latitude=1.373333, longitude=32.290275, confirmed=41237, dead=338, recovered=40779, updated='2021-04-15T10:00:07'}
13:24:21.047 [main] INFO  stringConverter - adding element: Country{location='Senegal', countryCode='sn', latitude=14.497401, longitude=-14.452362, confirmed=39560, dead=1084, recovered=38290, updated='2021-04-15T10:00:07'}
13:24:21.047 [main] INFO  stringConverter - adding element: Country{location='Hong Kong', countryCode='hk', latitude=22.3193039, longitude=114.1693611, confirmed=11619, dead=209, recovered=11246, updated='2021-04-15T10:00:07'}
13:24:21.048 [main] INFO  stringConverter - adding element: Country{location='Guyana', countryCode='gy', latitude=4.860416, longitude=-58.93018, confirmed=11374, dead=260, recovered=9880, updated='2021-04-15T10:00:07'}
13:24:21.048 [main] INFO  stringConverter - adding element: Country{location='Latvia', countryCode='lv', latitude=56.879635, longitude=24.603189, confirmed=109731, dead=2030, recovered=100464, updated='2021-04-15T10:00:07'}
13:24:21.048 [main] INFO  stringConverter - adding element: Country{location='Zambia', countryCode='zm', latitude=-13.133897, longitude=27.849332, confirmed=90389, dead=1229, recovered=88241, updated='2021-04-15T10:00:07'}
13:24:21.048 [main] INFO  stringConverter - adding element: Country{location='Namibia', countryCode='na', latitude=38.911651, longitude=-77.0412109, confirmed=46051, dead=592, recovered=44162, updated='2021-04-15T10:00:07'}
13:24:21.049 [main] INFO  stringConverter - adding element: Country{location='Thailand', countryCode='th', latitude=15.870032, longitude=100.992541, confirmed=37453, dead=97, recovered=28383, updated='2021-04-15T10:00:07'}
13:24:21.051 [main] INFO  stringConverter - adding element: Country{location='Madagascar', countryCode='mg', latitude=-18.766947, longitude=46.869107, confirmed=29348, dead=520, recovered=24695, updated='2021-04-15T10:00:07'}
13:24:21.052 [main] INFO  stringConverter - adding element: Country{location='DRC', countryCode='cd', latitude=-4.038333, longitude=21.758664, confirmed=28714, dead=745, recovered=25841, updated='2021-04-15T10:00:07'}
13:24:21.052 [main] INFO  stringConverter - adding element: Country{location='Maldives', countryCode='mv', latitude=3.202778, longitude=73.22068, confirmed=25844, dead=67, recovered=23141, updated='2021-04-15T10:00:07'}
13:24:21.052 [main] INFO  stringConverter - adding element: Country{location='Mauritania', countryCode='mr', latitude=21.00789, longitude=-10.940835, confirmed=18066, dead=452, recovered=17428, updated='2021-04-15T10:00:07'}
13:24:21.052 [main] INFO  stringConverter - adding element: Country{location='Haiti', countryCode='ht', latitude=18.971187, longitude=-72.285215, confirmed=12857, dead=251, recovered=11614, updated='2021-04-15T10:00:07'}
13:24:21.053 [main] INFO  stringConverter - adding element: Country{location='Dominica', countryCode='dm', latitude=15.414999, longitude=-61.37097600000001, confirmed=165, dead=0, recovered=159, updated='2021-04-15T10:00:07'}
13:24:21.053 [main] INFO  stringConverter - adding element: Country{location='Malawi', countryCode='mw', latitude=-13.254308, longitude=34.301525, confirmed=33891, dead=1134, recovered=31675, updated='2021-04-15T10:00:07'}
13:24:21.053 [main] INFO  stringConverter - adding element: Country{location='Fiji', countryCode='fj', latitude=-17.713371, longitude=178.065032, confirmed=68, dead=2, recovered=64, updated='2021-04-15T10:00:07'}
13:24:21.053 [main] INFO  stringConverter - adding element: Country{location='Andorra', countryCode='ad', latitude=42.506285, longitude=1.521801, confirmed=12641, dead=121, recovered=11989, updated='2021-04-15T10:00:07'}
13:24:21.054 [main] INFO  stringConverter - adding element: Country{location='Congo', countryCode='cg', latitude=-4.038333, longitude=21.758664, confirmed=10084, dead=139, recovered=8208, updated='2021-04-15T10:00:07'}
13:24:21.054 [main] INFO  stringConverter - adding element: Country{location='Cuba', countryCode='cu', latitude=21.521757, longitude=-77.781167, confirmed=89404, dead=487, recovered=84114, updated='2021-04-15T10:00:07'}
13:24:21.054 [main] INFO  stringConverter - adding element: Country{location='Cabo Verde', countryCode='cv', latitude=16.5388, longitude=-23.0418, confirmed=19525, dead=188, recovered=17645, updated='2021-04-15T10:00:07'}
13:24:21.055 [main] INFO  stringConverter - adding element: Country{location='Botswana', countryCode='bw', latitude=-22.328474, longitude=24.684866, confirmed=43444, dead=663, recovered=38923, updated='2021-04-15T10:00:07'}
13:24:21.055 [main] INFO  stringConverter - adding element: Country{location='Finland', countryCode='fi', latitude=61.92410999999999, longitude=25.7481511, confirmed=83253, dead=881, recovered=46000, updated='2021-04-15T10:00:07'}
13:24:21.055 [main] INFO  stringConverter - adding element: Country{location='French Polynesia', countryCode='pf', latitude=-17.679742, longitude=-149.406843, confirmed=18680, dead=141, recovered=4842, updated='2021-04-15T10:00:07'}
13:24:21.055 [main] INFO  stringConverter - adding element: Country{location='Belize', countryCode='bz', latitude=17.189877, longitude=-88.49765, confirmed=12522, dead=318, recovered=12140, updated='2021-04-15T10:00:07'}
13:24:21.055 [main] INFO  stringConverter - adding element: Country{location='Bahamas', countryCode='bs', latitude=25.03428, longitude=-77.39627999999999, confirmed=9505, dead=190, recovered=8965, updated='2021-04-15T10:00:07'}
13:24:21.056 [main] INFO  stringConverter - adding element: Country{location='Falkland Islands', countryCode='fk', latitude=-51.796253, longitude=-59.523613, confirmed=62, dead=0, recovered=55, updated='2021-04-15T10:00:07'}
13:24:21.056 [main] INFO  stringConverter - adding element: Country{location='Uruguay', countryCode='uy', latitude=-32.522779, longitude=-55.765835, confirmed=152089, dead=1647, recovered=119388, updated='2021-04-15T10:00:07'}
13:24:21.056 [main] INFO  stringConverter - adding element: Country{location='Jamaica', countryCode='jm', latitude=18.109581, longitude=-77.297508, confirmed=43054, dead=692, recovered=19248, updated='2021-04-15T10:00:07'}
13:24:21.056 [main] INFO  stringConverter - adding element: Country{location='Malta', countryCode='mt', latitude=35.937496, longitude=14.375416, confirmed=29778, dead=403, recovered=28797, updated='2021-04-15T10:00:07'}
13:24:21.057 [main] INFO  stringConverter - adding element: Country{location='Djibouti', countryCode='dj', latitude=11.825138, longitude=42.590275, confirmed=10202, dead=106, recovered=8591, updated='2021-04-15T10:00:07'}
13:24:21.057 [main] INFO  stringConverter - adding element: Country{location='Guinea-Bissau', countryCode='gw', latitude=11.803749, longitude=-15.180413, confirmed=3694, dead=66, recovered=3093, updated='2021-04-15T10:00:07'}
13:24:21.057 [main] INFO  stringConverter - adding element: Country{location='U.S. Virgin Islands', countryCode='vi', latitude=18.335765, longitude=-64.896335, confirmed=2260, dead=24, recovered=2120, updated='2021-01-17T18:15:05'}
13:24:21.057 [main] INFO  stringConverter - adding element: Country{location='Liechtenstein', countryCode='li', latitude=47.166, longitude=9.555373, confirmed=2770, dead=56, recovered=2646, updated='2021-04-15T10:00:07'}
13:24:21.057 [main] INFO  stringConverter - adding element: Country{location='Sint Maarten', countryCode='sx', latitude=18.04248, longitude=-63.05483, confirmed=2196, dead=27, recovered=2133, updated='2021-04-15T10:00:07'}
13:24:21.057 [main] INFO  stringConverter - adding element: Country{location='Bermuda', countryCode='bm', latitude=32.3078, longitude=-64.7505, confirmed=1935, dead=16, recovered=1051, updated='2021-04-15T10:00:07'}
13:24:21.057 [main] INFO  stringConverter - adding element: Country{location='Benin', countryCode='bj', latitude=9.30769, longitude=2.315834, confirmed=7611, dead=95, recovered=6728, updated='2021-04-15T10:00:07'}
13:24:21.058 [main] INFO  stringConverter - adding element: Country{location='Iceland', countryCode='is', latitude=64.963051, longitude=-19.020835, confirmed=6275, dead=29, recovered=6163, updated='2021-04-15T10:00:07'}
13:24:21.058 [main] INFO  stringConverter - adding element: Country{location='Yemen', countryCode='ye', latitude=15.552727, longitude=48.516388, confirmed=5582, dead=1083, recovered=2128, updated='2021-04-15T10:00:07'}
13:24:21.058 [main] INFO  stringConverter - adding element: Country{location='Gibraltar', countryCode='gi', latitude=36.140751, longitude=-5.353585, confirmed=4290, dead=94, recovered=4181, updated='2021-04-15T10:00:07'}
13:24:21.058 [main] INFO  stringConverter - adding element: Country{location='New Zealand', countryCode='nz', latitude=-40.900557, longitude=174.885971, confirmed=2591, dead=26, recovered=2464, updated='2021-04-15T10:00:07'}
13:24:21.058 [main] INFO  stringConverter - adding element: Country{location='Bhutan', countryCode='bt', latitude=27.514162, longitude=90.433601, confirmed=929, dead=1, recovered=876, updated='2021-04-15T10:00:07'}
13:24:21.058 [main] INFO  stringConverter - adding element: Country{location='Faeroe Islands', countryCode='fo', latitude=61.89263500000001, longitude=-6.9118061, confirmed=662, dead=1, recovered=660, updated='2021-04-15T10:00:07'}
13:24:21.059 [main] INFO  stringConverter - adding element: Country{location='Belarus', countryCode='by', latitude=53.709807, longitude=27.953389, confirmed=338801, dead=2383, recovered=329135, updated='2021-04-15T10:00:07'}
13:24:21.059 [main] INFO  stringConverter - adding element: Country{location='Somaliland', countryCode='05', latitude=9.411743399999999, longitude=46.8252838, confirmed=1354, dead=47, recovered=1200, updated='2021-01-17T18:15:05'}
13:24:21.059 [main] INFO  stringConverter - adding element: Country{location='Togo', countryCode='tg', latitude=8.619543, longitude=0.824782, confirmed=12214, dead=117, recovered=9543, updated='2021-04-15T10:00:07'}
13:24:21.059 [main] INFO  stringConverter - adding element: Country{location='Lesotho', countryCode='ls', latitude=-29.609988, longitude=28.233608, confirmed=10709, dead=315, recovered=5028, updated='2021-04-15T10:00:07'}
13:24:21.060 [main] INFO  stringConverter - adding element: Country{location='San Marino', countryCode='sm', latitude=43.94236, longitude=12.457777, confirmed=5004, dead=86, recovered=4625, updated='2021-04-15T10:00:07'}
13:24:21.060 [main] INFO  stringConverter - adding element: Country{location='Rwanda', countryCode='rw', latitude=-1.940278, longitude=29.873888, confirmed=23672, dead=317, recovered=21594, updated='2021-04-15T10:00:07'}
13:24:21.060 [main] INFO  stringConverter - adding element: Country{location='Suriname', countryCode='sr', latitude=3.919305, longitude=-56.027783, confirmed=9417, dead=184, recovered=8725, updated='2021-04-15T10:00:07'}
13:24:21.060 [main] INFO  stringConverter - adding element: Country{location='Liberia', countryCode='lr', latitude=6.428055, longitude=-9.429499000000002, confirmed=2042, dead=85, recovered=1899, updated='2021-04-15T10:00:07'}
13:24:21.060 [main] INFO  stringConverter - adding element: Country{location='Somalia', countryCode='so', latitude=5.152149, longitude=46.199616, confirmed=12837, dead=656, recovered=5346, updated='2021-04-15T10:00:07'}
13:24:21.061 [main] INFO  stringConverter - adding element: Country{location='South Sudan', countryCode='ss', latitude=6.876991899999999, longitude=31.3069788, confirmed=10416, dead=114, recovered=10148, updated='2021-04-15T10:00:07'}
13:24:21.061 [main] INFO  stringConverter - adding element: Country{location='Papua New Guinea', countryCode='pg', latitude=-6.314992999999999, longitude=143.95555, confirmed=8984, dead=71, recovered=846, updated='2021-04-15T10:00:07'}
13:24:21.061 [main] INFO  stringConverter - adding element: Country{location='Equatorial Guinea', countryCode='gq', latitude=1.650801, longitude=10.267895, confirmed=7259, dead=106, recovered=6885, updated='2021-04-15T10:00:07'}
13:24:21.061 [main] INFO  stringConverter - adding element: Country{location='CAR', countryCode='cf', latitude=6.611110999999999, longitude=20.939444, confirmed=5682, dead=75, recovered=5112, updated='2021-04-15T10:00:07'}
13:24:21.062 [main] INFO  stringConverter - adding element: Country{location='Chad', countryCode='td', latitude=15.454166, longitude=18.732207, confirmed=4662, dead=167, recovered=4312, updated='2021-04-15T10:00:07'}
13:24:21.062 [main] INFO  stringConverter - adding element: Country{location='Vietnam', countryCode='vn', latitude=14.058324, longitude=108.277199, confirmed=2737, dead=35, recovered=2445, updated='2021-04-15T10:00:07'}
13:24:21.062 [main] INFO  stringConverter - adding element: Country{location='Monaco', countryCode='mc', latitude=43.73841760000001, longitude=7.424615799999999, confirmed=2384, dead=31, recovered=2266, updated='2021-04-15T10:00:07'}
13:24:21.062 [main] INFO  stringConverter - adding element: Country{location='Curaçao', countryCode='cw', latitude=12.16957, longitude=-68.99002, confirmed=11581, dead=78, recovered=7666, updated='2021-04-15T10:00:07'}
13:24:21.062 [main] INFO  stringConverter - adding element: Country{location='Taiwan', countryCode='tw', latitude=23.69781, longitude=120.960515, confirmed=1068, dead=11, recovered=1031, updated='2021-04-15T10:00:07'}
13:24:21.063 [main] INFO  stringConverter - adding element: Country{location='Jersey', countryCode='je', latitude=49.2137711, longitude=-2.1357662, confirmed=2908, dead=56, recovered=2561, updated='2021-01-17T18:15:05'}
13:24:21.063 [main] INFO  stringConverter - adding element: Country{location='Luxembourg', countryCode='lu', latitude=49.815273, longitude=6.129582999999999, confirmed=64334, dead=784, recovered=60203, updated='2021-04-15T10:00:07'}
13:24:21.063 [main] INFO  stringConverter - adding element: Country{location='Aruba', countryCode='aw', latitude=12.52111, longitude=-69.968338, confirmed=10159, dead=92, recovered=9573, updated='2021-04-15T10:00:07'}
13:24:21.063 [main] INFO  stringConverter - adding element: Country{location='Niger', countryCode='ne', latitude=17.607789, longitude=8.081666, confirmed=5081, dead=189, recovered=4760, updated='2021-04-15T10:00:07'}
13:24:21.064 [main] INFO  stringConverter - adding element: Country{location='Diamond Princess', countryCode='01', latitude=40.86429589999999, longitude=-73.9614914, confirmed=712, dead=13, recovered=699, updated='2021-04-15T10:00:07'}
13:24:21.064 [main] INFO  stringConverter - adding element: Country{location='Sierra Leone', countryCode='sl', latitude=8.460555, longitude=-11.779889, confirmed=4013, dead=79, recovered=2832, updated='2021-04-15T10:00:07'}
13:24:21.064 [main] INFO  stringConverter - adding element: Country{location='Burundi', countryCode='bi', latitude=-3.373056, longitude=29.918886, confirmed=3333, dead=6, recovered=773, updated='2021-04-15T10:00:07'}
13:24:21.064 [main] INFO  stringConverter - adding element: Country{location='Seychelles', countryCode='sc', latitude=-4.679574, longitude=55.491977, confirmed=4633, dead=25, recovered=4310, updated='2021-04-15T10:00:07'}
13:24:21.065 [main] INFO  stringConverter - adding element: Country{location='Saint Pierre Miquelon', countryCode='pm', latitude=46.8852, longitude=-56.3159, confirmed=24, dead=0, recovered=24, updated='2021-04-15T10:00:07'}
13:24:21.065 [main] INFO  stringConverter - adding element: Country{location='United States', countryCode='us', latitude=37.09024, longitude=-95.712891, confirmed=33230992, dead=591514, recovered=25908684, updated='2021-05-04T11:15:07'}
13:24:21.065 [main] INFO  stringConverter - adding element: Country{location='Laos', countryCode='la', latitude=19.85627, longitude=102.495496, confirmed=53, dead=0, recovered=49, updated='2021-04-15T10:00:07'}
13:24:21.065 [main] INFO  stringConverter - adding element: Country{location='Saint Kitts and Nevis', countryCode='kn', latitude=17.357822, longitude=-62.782998, confirmed=44, dead=0, recovered=44, updated='2021-04-15T10:00:07'}
13:24:21.065 [main] INFO  stringConverter - adding element: Country{location='Romania', countryCode='ro', latitude=45.943161, longitude=24.96676, confirmed=1016449, dead=25605, recovered=920653, updated='2021-04-15T10:15:12'}
13:24:21.066 [main] INFO  stringConverter - adding element: Country{location='French Guiana', countryCode='gf', latitude=3.933889, longitude=-53.125782, confirmed=17883, dead=95, recovered=9995, updated='2021-04-15T10:00:07'}
13:24:21.066 [main] INFO  stringConverter - adding element: Country{location='Barbados', countryCode='bb', latitude=13.193887, longitude=-59.543198, confirmed=3744, dead=44, recovered=3634, updated='2021-04-15T10:00:07'}
13:24:21.066 [main] INFO  stringConverter - adding element: Country{location='Sao Tome and Principe', countryCode='st', latitude=0.18636, longitude=6.613080999999999, confirmed=2269, dead=35, recovered=2196, updated='2021-04-15T10:00:07'}
13:24:21.066 [main] INFO  stringConverter - adding element: Country{location='Macao', countryCode='mo', latitude=22.198745, longitude=113.543873, confirmed=49, dead=0, recovered=48, updated='2021-04-15T10:00:07'}
13:24:21.066 [main] INFO  stringConverter - adding element: Country{location='Montserrat', countryCode='ms', latitude=16.742498, longitude=-62.187366, confirmed=20, dead=1, recovered=19, updated='2021-04-15T10:00:07'}
13:24:21.066 [main] INFO  stringConverter - adding element: Country{location='Saint Martin', countryCode='mf', latitude=18.0708298, longitude=-63.0500809, confirmed=1693, dead=12, recovered=1399, updated='2021-04-15T10:00:07'}
13:24:21.066 [main] INFO  stringConverter - adding element: Country{location='Sint Eustatius', countryCode='bq', latitude=17.4890306, longitude=-62.973555, confirmed=18, dead=0, recovered=18, updated='2021-01-17T18:15:05'}
13:24:21.066 [main] INFO  stringConverter - adding element: Country{location='Isle of Man', countryCode='im', latitude=54.236107, longitude=-4.548056, confirmed=1575, dead=29, recovered=1445, updated='2021-04-15T10:00:07'}
13:24:21.066 [main] INFO  stringConverter - adding element: Country{location='Tanzania', countryCode='tz', latitude=-6.369028, longitude=34.888822, confirmed=509, dead=21, recovered=183, updated='2021-04-15T10:00:07'}
13:24:21.067 [main] INFO  stringConverter - adding element: Country{location='Samoa', countryCode='ws', latitude=-13.759029, longitude=-172.104629, confirmed=3, dead=0, recovered=2, updated='2021-04-15T10:00:07'}
13:24:21.067 [main] INFO  stringConverter - adding element: Country{location='Coral Princess', countryCode='11', latitude=20.5331399, longitude=-86.9387546, confirmed=12, dead=3, recovered=0, updated='2021-01-17T18:15:05'}
13:24:21.067 [main] INFO  stringConverter - adding element: Country{location='Brunei ', countryCode='bn', latitude=4.535277, longitude=114.727669, confirmed=221, dead=3, recovered=206, updated='2021-04-15T10:00:07'}
13:24:21.067 [main] INFO  stringConverter - adding element: Country{location='Japan', countryCode='jp', latitude=36.204824, longitude=138.252924, confirmed=512169, dead=9469, recovered=471007, updated='2021-04-15T10:00:07'}
13:24:21.068 [main] INFO  stringConverter - adding element: Country{location='St. Barth', countryCode='bl', latitude=17.9, longitude=-62.833333, confirmed=907, dead=1, recovered=462, updated='2021-04-15T10:00:07'}
13:24:21.068 [main] INFO  stringConverter - adding element: Country{location='Moldova', countryCode='md', latitude=47.411631, longitude=28.369885, confirmed=243365, dead=5466, recovered=226325, updated='2021-04-15T10:00:07'}
13:24:21.068 [main] INFO  stringConverter - adding element: Country{location='British Virgin Islands', countryCode='vg', latitude=18.420695, longitude=-64.639968, confirmed=178, dead=1, recovered=159, updated='2021-04-15T10:00:07'}
13:24:21.068 [main] INFO  stringConverter - adding element: Country{location='Grenada', countryCode='gd', latitude=12.1165, longitude=-61.67899999999999, confirmed=155, dead=1, recovered=152, updated='2021-04-15T10:00:07'}
13:24:21.069 [main] INFO  stringConverter - adding element: Country{location='Anguilla', countryCode='ai', latitude=18.220554, longitude=-63.06861499999999, confirmed=25, dead=0, recovered=22, updated='2021-04-15T10:00:07'}
13:24:21.069 [main] INFO  stringConverter - adding element: Country{location='New Caledonia', countryCode='nc', latitude=-20.904305, longitude=165.618042, confirmed=121, dead=0, recovered=58, updated='2021-04-15T10:00:07'}
13:24:21.069 [main] INFO  stringConverter - adding element: Country{location='Marshall Islands', countryCode='mh', latitude=7.131474, longitude=171.184478, confirmed=4, dead=0, recovered=4, updated='2021-04-15T10:00:07'}
13:24:21.069 [main] INFO  stringConverter - adding element: Country{location='Canada', countryCode='ca', latitude=56.130366, longitude=-106.346771, confirmed=1087152, dead=23445, recovered=983506, updated='2021-04-15T10:15:12'}
13:24:21.069 [main] INFO  stringConverter - adding element: Country{location='Mayotte', countryCode='yt', latitude=-12.8275, longitude=45.166244, confirmed=19757, dead=168, recovered=2964, updated='2021-04-15T10:00:07'}
13:24:21.069 [main] INFO  stringConverter - adding element: Country{location='Greenland', countryCode='gl', latitude=71.706936, longitude=-42.604303, confirmed=31, dead=0, recovered=31, updated='2021-04-15T10:00:07'}
13:24:21.069 [main] INFO  stringConverter - adding element: Country{location='Vatican City', countryCode='va', latitude=41.902916, longitude=12.453389, confirmed=27, dead=0, recovered=15, updated='2021-04-15T10:00:07'}
13:24:21.070 [main] INFO  stringConverter - adding element: Country{location='Solomon Islands', countryCode='sb', latitude=-9.64571, longitude=160.156194, confirmed=19, dead=0, recovered=18, updated='2021-04-15T10:00:07'}
13:24:21.070 [main] INFO  stringConverter - adding element: Country{location='Réunion', countryCode='re', latitude=-21.115141, longitude=55.536384, confirmed=18425, dead=135, recovered=16794, updated='2021-04-15T10:00:07'}
13:24:21.070 [main] INFO  stringConverter - adding element: Country{location='Guadeloupe', countryCode='gp', latitude=16.265, longitude=-61.55099999999999, confirmed=12717, dead=176, recovered=2242, updated='2021-04-15T10:00:07'}
13:24:21.070 [main] INFO  stringConverter - adding element: Country{location='Gambia', countryCode='gm', latitude=13.443182, longitude=-15.310139, confirmed=5682, dead=170, recovered=5165, updated='2021-04-15T10:00:07'}
13:24:21.070 [main] INFO  stringConverter - adding element: Country{location='Guernsey', countryCode='gg', latitude=49.4481982, longitude=-2.58949, confirmed=309, dead=13, recovered=288, updated='2021-01-17T18:15:05'}
13:24:21.070 [main] INFO  stringConverter - adding element: Country{location='Saint Lucia', countryCode='lc', latitude=13.909444, longitude=-60.978893, confirmed=4355, dead=64, recovered=4208, updated='2021-04-15T10:00:07'}
13:24:21.071 [main] INFO  stringConverter - adding element: Country{location='St. Vincent Grenadines', countryCode='vc', latitude=12.984305, longitude=-61.287228, confirmed=1812, dead=10, recovered=1677, updated='2021-04-15T10:00:07'}
13:24:21.071 [main] INFO  stringConverter - adding element: Country{location='Vanuatu', countryCode='vu', latitude=-15.376706, longitude=166.959158, confirmed=3, dead=0, recovered=1, updated='2021-04-15T10:00:07'}
13:24:21.071 [main] INFO  stringConverter - adding element: Country{location='Martinique', countryCode='mq', latitude=14.641528, longitude=-61.024174, confirmed=9890, dead=64, recovered=98, updated='2021-04-15T10:00:07'}
13:24:21.071 [main] INFO  stringConverter - adding element: Country{location='Cayman Islands', countryCode='ky', latitude=19.3133, longitude=-81.2546, confirmed=523, dead=2, recovered=498, updated='2021-04-15T10:00:07'}
13:24:21.071 [main] INFO  stringConverter - adding element: Country{location='Mongolia', countryCode='mn', latitude=46.862496, longitude=103.846656, confirmed=18565, dead=31, recovered=10638, updated='2021-04-15T10:00:07'}
13:24:21.072 [main] INFO  stringConverter - adding element: Country{location='Sudan', countryCode='sd', latitude=12.862807, longitude=30.217636, confirmed=31790, dead=2208, recovered=25539, updated='2021-04-15T10:00:07'}
13:24:21.072 [main] INFO  stringConverter - adding element: Country{location='Tajikistan', countryCode='tj', latitude=38.861034, longitude=71.276093, confirmed=13308, dead=90, recovered=13218, updated='2021-04-15T10:00:07'}
13:24:21.072 [main] INFO  stringConverter - adding element: Country{location='Comoros', countryCode='km', latitude=-11.6455, longitude=43.3333, confirmed=3803, dead=146, recovered=3582, updated='2021-04-15T10:00:07'}
13:24:21.072 [main] INFO  stringConverter - adding element: Country{location='Turks and Caicos', countryCode='tc', latitude=21.694025, longitude=-71.797928, confirmed=2360, dead=17, recovered=2285, updated='2021-04-15T10:00:07'}
13:24:21.072 [main] INFO  stringConverter - adding element: Country{location='Mauritius', countryCode='mu', latitude=-20.348404, longitude=57.55215200000001, confirmed=1201, dead=15, recovered=841, updated='2021-04-15T10:00:07'}
13:24:21.073 [main] INFO  stringConverter - adding element: Country{location='Philippines', countryCode='ph', latitude=12.879721, longitude=121.774017, confirmed=904285, dead=15594, recovered=705164, updated='2021-04-15T10:15:12'}
13:24:21.073 [main] INFO  stringConverter - adding element: Country{location='Israel', countryCode='il', latitude=31.046051, longitude=34.851612, confirmed=836504, dead=6312, recovered=827184, updated='2021-04-15T10:00:07'}
13:24:21.073 [main] INFO  stringConverter - adding element: Country{location='Northern Cyprus', countryCode='00', latitude=35.2480359, longitude=33.6577243, confirmed=1850, dead=11, recovered=1602, updated='2021-01-17T18:15:05'}
13:24:21.073 [main] INFO  stringConverter - adding element: Country{location='Bangladesh', countryCode='bd', latitude=23.684994, longitude=90.356331, confirmed=703170, dead=9987, recovered=591299, updated='2021-04-15T10:00:07'}
13:24:21.073 [main] INFO  stringConverter - adding element: Country{location='Sweden', countryCode='se', latitude=60.12816100000001, longitude=18.643501, confirmed=885385, dead=13720, recovered=0, updated='2021-04-15T10:00:07'}
13:24:21.073 [main] INFO  stringConverter - adding element: Country{location='Serbia', countryCode='rs', latitude=44.016521, longitude=21.005859, confirmed=651899, dead=5846, recovered=571312, updated='2021-04-15T10:00:07'}
13:24:21.073 [main] INFO  stringConverter - adding element: Country{location='Denmark', countryCode='dk', latitude=56.26392, longitude=9.501785, confirmed=239532, dead=2447, recovered=228685, updated='2021-04-15T10:00:07'}
13:24:21.074 [main] INFO  stringConverter - adding element: Country{location='Switzerland', countryCode='ch', latitude=46.818188, longitude=8.227511999999999, confirmed=627968, dead=10488, recovered=563438, updated='2021-04-15T10:00:07'}
13:24:21.074 [main] INFO  stringConverter - adding element: Country{location='Ireland', countryCode='ie', latitude=53.1423672, longitude=-7.692053599999999, confirmed=242105, dead=4812, recovered=222851, updated='2021-04-15T10:00:07'}
13:24:21.074 [main] INFO  stringConverter - adding element: Country{location='Ethiopia', countryCode='et', latitude=9.145000000000001, longitude=40.489673, confirmed=234405, dead=3252, recovered=174591, updated='2021-04-15T10:00:07'}
13:24:21.074 [main] INFO  stringConverter - adding element: Country{location='Costa Rica', countryCode='cr', latitude=9.748916999999999, longitude=-83.753428, confirmed=225343, dead=3044, recovered=196060, updated='2021-04-15T10:00:07'}
13:24:21.074 [main] INFO  stringConverter - adding element: Country{location='Armenia', countryCode='am', latitude=40.069099, longitude=45.038189, confirmed=206142, dead=3817, recovered=185125, updated='2021-04-15T10:00:07'}
13:24:21.075 [main] INFO  stringConverter - adding element: Country{location='Sri Lanka', countryCode='lk', latitude=7.873053999999999, longitude=80.77179699999999, confirmed=95737, dead=604, recovered=92151, updated='2021-04-15T10:00:07'}
13:24:21.075 [main] INFO  stringConverter - adding element: Country{location='Mozambique', countryCode='mz', latitude=-18.665695, longitude=35.529562, confirmed=68927, dead=794, recovered=59972, updated='2021-04-15T10:00:07'}
13:24:21.075 [main] INFO  stringConverter - adding element: Country{location='Artsakh', countryCode='12', latitude=26.0434384, longitude=-80.2777081, confirmed=1130, dead=30, recovered=337, updated='2021-01-17T18:15:05'}
13:24:21.075 [main] INFO  stringConverter - adding element: Country{location='Ivory Coast', countryCode='ci', latitude=7.539988999999999, longitude=-5.547079999999999, confirmed=45388, dead=271, recovered=44833, updated='2021-04-15T10:00:07'}
13:24:21.075 [main] INFO  stringConverter - adding element: Country{location='Cambodia', countryCode='kh', latitude=12.565679, longitude=104.990963, confirmed=5218, dead=36, recovered=2319, updated='2021-04-15T10:00:07'}
13:24:21.076 [main] INFO  stringConverter - adding element: Country{location='Antigua and Barbuda', countryCode='ag', latitude=17.060816, longitude=-61.796428, confirmed=1209, dead=31, recovered=947, updated='2021-04-15T10:00:07'}
13:24:21.076 [main] INFO  stringConverter - adding element: Country{location='USS Theodore Roosevelt', countryCode='09', latitude=0.0, longitude=0.0, confirmed=1102, dead=1, recovered=751, updated='2021-01-17T18:15:05'}
13:24:21.076 [main] INFO  stringConverter - adding element: Country{location='Northern Mariana Islands ', countryCode='mp', latitude=15.0979, longitude=145.6739, confirmed=122, dead=2, recovered=32, updated='2021-01-17T18:15:05'}
13:24:21.076 [main] INFO  stringConverter - adding element: Country{location='Iraq', countryCode='iq', latitude=33.223191, longitude=43.679291, confirmed=949050, dead=14836, recovered=831519, updated='2021-04-15T10:15:12'}
13:24:21.076 [main] INFO  stringConverter - adding element: Country{location='Zimbabwe', countryCode='zw', latitude=-19.015438, longitude=29.154857, confirmed=37369, dead=1548, recovered=34946, updated='2021-04-15T10:00:07'}
13:24:21.076 [main] INFO  stringConverter - adding element: Country{location='Kosovo', countryCode='xk', latitude=42.6026359, longitude=20.902977, confirmed=55498, dead=1405, recovered=48990, updated='2021-01-17T18:15:05'}
13:24:21.077 [main] INFO  stringConverter - adding element: Country{location='Nicaragua', countryCode='ni', latitude=12.865416, longitude=-85.207229, confirmed=6778, dead=180, recovered=4225, updated='2021-04-15T10:00:07'}
13:24:21.077 [main] INFO  stringConverter - adding element: Country{location='Burkina Faso', countryCode='bf', latitude=12.238333, longitude=-1.561593, confirmed=13050, dead=154, recovered=12689, updated='2021-04-15T10:00:07'}
13:24:21.077 [main] INFO  stringConverter - adding element: Country{location='Eritrea', countryCode='er', latitude=15.179384, longitude=39.782334, confirmed=3479, dead=10, recovered=3273, updated='2021-04-15T10:00:07'}
13:24:21.077 [main] INFO  stringConverter - adding element: Country{location='MS Zaandam', countryCode='03', latitude=0.0, longitude=0.0, confirmed=9, dead=2, recovered=7, updated='2021-04-15T10:00:07'}
13:24:21.077 [main] INFO  stringConverter - adding element: Country{location='Abkhazia', countryCode='06', latitude=43.0015544, longitude=41.023407, confirmed=7504, dead=100, recovered=5545, updated='2021-01-17T18:15:05'}
13:24:21.077 [main] INFO  stringConverter - adding element: Country{location='Guam', countryCode='gu', latitude=13.444304, longitude=144.793731, confirmed=7257, dead=121, recovered=6707, updated='2021-01-17T18:15:05'}
13:24:21.077 [main] INFO  stringConverter - adding element: Country{location='Pakistan', countryCode='pk', latitude=30.375321, longitude=69.34511599999999, confirmed=739818, dead=15872, recovered=646652, updated='2021-04-15T10:00:07'}
13:24:21.077 [main] INFO  stringConverter - adding element: Country{location='Norway', countryCode='no', latitude=60.47202399999999, longitude=8.468945999999999, confirmed=105607, dead=706, recovered=88952, updated='2021-04-15T10:00:07'}
13:25:58.521 [main] INFO  stringConverter - starting to convert elements
13:25:58.615 [main] INFO  stringConverter - adding element: Country{location='Iran', countryCode='ir', latitude=32.427908, longitude=53.688046, confirmed=2168872, dead=65680, recovered=1749041, updated='2021-04-15T14:15:07'}
13:25:58.616 [main] INFO  stringConverter - adding element: Country{location='Germany', countryCode='de', latitude=51.165691, longitude=10.451526, confirmed=3064382, dead=79813, recovered=2736100, updated='2021-04-15T14:15:07'}
13:25:58.616 [main] INFO  stringConverter - adding element: Country{location='Russia', countryCode='ru', latitude=61.52401, longitude=105.318756, confirmed=4675153, dead=104398, recovered=4301448, updated='2021-04-15T14:15:07'}
13:25:58.616 [main] INFO  stringConverter - adding element: Country{location='Nepal', countryCode='np', latitude=28.394857, longitude=84.12400799999999, confirmed=281564, dead=3061, recovered=274447, updated='2021-04-15T10:00:07'}
13:25:58.616 [main] INFO  stringConverter - adding element: Country{location='Saudi Arabia', countryCode='sa', latitude=23.885942, longitude=45.079162, confirmed=401157, dead=6781, recovered=385441, updated='2021-04-15T10:00:07'}
13:25:58.617 [main] INFO  stringConverter - adding element: Country{location='Argentina', countryCode='ar', latitude=-38.416097, longitude=-63.61667199999999, confirmed=2604157, dead=58542, recovered=2278486, updated='2021-04-15T14:15:07'}
13:25:58.617 [main] INFO  stringConverter - adding element: Country{location='Austria', countryCode='at', latitude=47.516231, longitude=14.550072, confirmed=586883, dead=9813, recovered=547604, updated='2021-04-15T10:00:07'}
13:25:58.617 [main] INFO  stringConverter - adding element: Country{location='Jordan', countryCode='jo', latitude=36.1500042, longitude=-95.9882368, confirmed=676175, dead=7987, recovered=617096, updated='2021-04-15T10:00:07'}
13:25:58.617 [main] INFO  stringConverter - adding element: Country{location='Angola', countryCode='ao', latitude=-11.202692, longitude=17.873887, confirmed=23841, dead=557, recovered=22144, updated='2021-04-15T10:00:07'}
13:25:58.618 [main] INFO  stringConverter - adding element: Country{location='Netherlands', countryCode='nl', latitude=52.132633, longitude=5.291265999999999, confirmed=1369411, dead=16848, recovered=0, updated='2021-04-15T10:15:12'}
13:25:58.618 [main] INFO  stringConverter - adding element: Country{location='Bulgaria', countryCode='bg', latitude=42.733883, longitude=25.48583, confirmed=380576, dead=14871, recovered=296998, updated='2021-04-15T10:00:07'}
13:25:58.618 [main] INFO  stringConverter - adding element: Country{location='Brazil', countryCode='br', latitude=-14.235004, longitude=-51.92528, confirmed=14791434, dead=408829, recovered=13336476, updated='2021-05-04T11:15:07'}
13:25:58.618 [main] INFO  stringConverter - adding element: Country{location='Italy', countryCode='it', latitude=41.87194, longitude=12.56738, confirmed=3809193, dead=115557, recovered=3178976, updated='2021-04-15T14:15:07'}
13:25:58.619 [main] INFO  stringConverter - adding element: Country{location='France', countryCode='fr', latitude=46.227638, longitude=2.213749, confirmed=5149834, dead=99777, recovered=315152, updated='2021-04-15T14:15:07'}
13:25:58.619 [main] INFO  stringConverter - adding element: Country{location='Belgium', countryCode='be', latitude=50.503887, longitude=4.469936, confirmed=935316, dead=23603, recovered=60320, updated='2021-04-15T10:15:12'}
13:25:58.619 [main] INFO  stringConverter - adding element: Country{location='Peru', countryCode='pe', latitude=-9.189967, longitude=-75.015152, confirmed=1667737, dead=55812, recovered=1592937, updated='2021-04-15T14:15:07'}
13:25:58.620 [main] INFO  stringConverter - adding element: Country{location='Ukraine', countryCode='ua', latitude=48.379433, longitude=31.1655799, confirmed=1903765, dead=38658, recovered=1453766, updated='2021-04-15T14:15:07'}
13:25:58.620 [main] INFO  stringConverter - adding element: Country{location='UK', countryCode='gb', latitude=55.378051, longitude=-3.435973, confirmed=4378305, dead=127161, recovered=4113338, updated='2021-04-15T14:15:07'}
13:25:58.620 [main] INFO  stringConverter - adding element: Country{location='Syria', countryCode='sy', latitude=34.80207499999999, longitude=38.996815, confirmed=20555, dead=1402, recovered=14335, updated='2021-04-15T10:00:07'}
13:25:58.621 [main] INFO  stringConverter - adding element: Country{location='Azerbaijan', countryCode='az', latitude=40.143105, longitude=47.576927, confirmed=291894, dead=4009, recovered=255833, updated='2021-04-15T10:00:07'}
13:25:58.621 [main] INFO  stringConverter - adding element: Country{location='Colombia', countryCode='co', latitude=4.570868, longitude=-74.297333, confirmed=2585801, dead=66819, recovered=2419265, updated='2021-04-15T14:15:07'}
13:25:58.621 [main] INFO  stringConverter - adding element: Country{location='Indonesia', countryCode='id', latitude=-0.789275, longitude=113.921327, confirmed=1589359, dead=43073, recovered=1438254, updated='2021-04-15T14:15:07'}
13:25:58.622 [main] INFO  stringConverter - adding element: Country{location='Chile', countryCode='cl', latitude=-35.675147, longitude=-71.542969, confirmed=1094267, dead=24548, recovered=1026934, updated='2021-04-15T10:15:12'}
13:25:58.622 [main] INFO  stringConverter - adding element: Country{location='Mexico', countryCode='mx', latitude=23.634501, longitude=-102.552784, confirmed=2291246, dead=210812, recovered=1817866, updated='2021-04-15T14:15:07'}
13:25:58.622 [main] INFO  stringConverter - adding element: Country{location='Turkey', countryCode='tr', latitude=38.963745, longitude=35.243322, confirmed=4025557, dead=34734, recovered=3480146, updated='2021-04-15T14:15:07'}
13:25:58.622 [main] INFO  stringConverter - adding element: Country{location='Spain', countryCode='es', latitude=40.46366700000001, longitude=-3.74922, confirmed=3387022, dead=76756, recovered=3118437, updated='2021-04-15T14:15:07'}
13:25:58.623 [main] INFO  stringConverter - adding element: Country{location='Gabon', countryCode='ga', latitude=-0.803689, longitude=11.609444, confirmed=21566, dead=132, recovered=18219, updated='2021-04-15T10:00:07'}
13:25:58.623 [main] INFO  stringConverter - adding element: Country{location='Poland', countryCode='pl', latitude=51.919438, longitude=19.145136, confirmed=2642242, dead=60612, recovered=2238638, updated='2021-04-15T14:15:07'}
13:25:58.623 [main] INFO  stringConverter - adding element: Country{location='UAE', countryCode='ae', latitude=23.424076, longitude=53.847818, confirmed=489495, dead=1541, recovered=473398, updated='2021-04-15T10:00:07'}
13:25:58.624 [main] INFO  stringConverter - adding element: Country{location='Czechia', countryCode='cz', latitude=49.81749199999999, longitude=15.472962, confirmed=1593847, dead=28229, recovered=1483559, updated='2021-04-15T14:15:07'}
13:25:58.625 [main] INFO  stringConverter - adding element: Country{location='India', countryCode='in', latitude=20.593684, longitude=78.96288, confirmed=20282833, dead=222408, recovered=16613292, updated='2021-05-04T11:15:07'}
13:25:58.625 [main] INFO  stringConverter - adding element: Country{location='Guinea', countryCode='gn', latitude=9.945587, longitude=-9.696645, confirmed=21299, dead=136, recovered=18815, updated='2021-04-15T10:00:07'}
13:25:58.625 [main] INFO  stringConverter - adding element: Country{location='Croatia', countryCode='hr', latitude=45.1, longitude=15.2000001, confirmed=300900, dead=6442, recovered=279151, updated='2021-04-15T10:00:07'}
13:25:58.625 [main] INFO  stringConverter - adding element: Country{location='Portugal', countryCode='pt', latitude=39.39987199999999, longitude=-8.224454, confirmed=828857, dead=16931, recovered=786469, updated='2021-04-15T10:00:07'}
13:25:58.626 [main] INFO  stringConverter - adding element: Country{location='Australia', countryCode='au', latitude=-25.274398, longitude=133.775136, confirmed=29457, dead=910, recovered=26381, updated='2021-04-15T10:00:07'}
13:25:58.626 [main] INFO  stringConverter - adding element: Country{location='Hungary', countryCode='hu', latitude=47.162494, longitude=19.5033041, confirmed=736982, dead=24521, recovered=440498, updated='2021-04-15T10:00:07'}
13:25:58.626 [main] INFO  stringConverter - adding element: Country{location='Panama', countryCode='pa', latitude=8.537981, longitude=-80.782127, confirmed=359516, dead=6177, recovered=349318, updated='2021-04-15T10:00:07'}
13:25:58.627 [main] INFO  stringConverter - adding element: Country{location='Ecuador', countryCode='ec', latitude=-1.831239, longitude=-78.18340599999999, confirmed=350539, dead=17400, recovered=298604, updated='2021-04-15T10:00:07'}
13:25:58.627 [main] INFO  stringConverter - adding element: Country{location='Georgia', countryCode='ge', latitude=32.1656221, longitude=-82.9000751, confirmed=292244, dead=3908, recovered=279389, updated='2021-04-15T10:00:07'}
13:25:58.627 [main] INFO  stringConverter - adding element: Country{location='South Africa', countryCode='za', latitude=-30.559482, longitude=22.937506, confirmed=1584961, dead=103, recovered=1486873, updated='2021-05-04T11:19:57'}
13:25:58.628 [main] INFO  stringConverter - adding element: Country{location='Morocco', countryCode='ma', latitude=31.791702, longitude=-7.092619999999999, confirmed=503664, dead=8920, recovered=489928, updated='2021-04-15T10:00:07'}
13:25:58.628 [main] INFO  stringConverter - adding element: Country{location='Slovakia', countryCode='sk', latitude=48.669026, longitude=19.699024, confirmed=373950, dead=10877, recovered=255300, updated='2021-04-15T10:00:07'}
13:25:58.628 [main] INFO  stringConverter - adding element: Country{location='Paraguay', countryCode='py', latitude=-23.442503, longitude=-58.443832, confirmed=242161, dead=5040, recovered=198473, updated='2021-04-15T10:00:07'}
13:25:58.628 [main] INFO  stringConverter - adding element: Country{location='Egypt', countryCode='eg', latitude=26.820553, longitude=30.802498, confirmed=212961, dead=12570, recovered=161031, updated='2021-04-15T10:00:07'}
13:25:58.629 [main] INFO  stringConverter - adding element: Country{location='Qatar', countryCode='qa', latitude=25.354826, longitude=51.183884, confirmed=192963, dead=348, recovered=171388, updated='2021-04-15T10:00:07'}
13:25:58.629 [main] INFO  stringConverter - adding element: Country{location='Bahrain', countryCode='bh', latitude=26.0667, longitude=50.5577, confirmed=159964, dead=569, recovered=148093, updated='2021-04-15T10:00:07'}
13:25:58.629 [main] INFO  stringConverter - adding element: Country{location='South Korea', countryCode='kr', latitude=35.907757, longitude=127.766922, confirmed=112117, dead=1788, recovered=102513, updated='2021-04-15T10:00:07'}
13:25:58.629 [main] INFO  stringConverter - adding element: Country{location='Kyrgyzstan', countryCode='kg', latitude=41.20438, longitude=74.766098, confirmed=91144, dead=1540, recovered=86491, updated='2021-04-15T10:00:07'}
13:25:58.630 [main] INFO  stringConverter - adding element: Country{location='Bolivia', countryCode='bo', latitude=-16.290154, longitude=-63.58865299999999, confirmed=285291, dead=12519, recovered=234596, updated='2021-04-15T10:00:07'}
13:25:58.630 [main] INFO  stringConverter - adding element: Country{location='Oman', countryCode='om', latitude=21.4735329, longitude=55.975413, confirmed=176668, dead=1821, recovered=156845, updated='2021-04-15T10:00:07'}
13:25:58.630 [main] INFO  stringConverter - adding element: Country{location='Puerto Rico', countryCode='pr', latitude=18.220833, longitude=-66.590149, confirmed=80590, dead=1703, recovered=0, updated='2021-01-17T18:15:05'}
13:25:58.631 [main] INFO  stringConverter - adding element: Country{location='Guatemala', countryCode='gt', latitude=15.783471, longitude=-90.23075899999999, confirmed=207127, dead=7089, recovered=187894, updated='2021-04-15T10:00:07'}
13:25:58.631 [main] INFO  stringConverter - adding element: Country{location='Myanmar', countryCode='mm', latitude=21.916221, longitude=95.955974, confirmed=142610, dead=3206, recovered=131879, updated='2021-04-15T10:00:07'}
13:25:58.631 [main] INFO  stringConverter - adding element: Country{location='Singapore', countryCode='sg', latitude=1.352083, longitude=103.819836, confirmed=60735, dead=30, recovered=60392, updated='2021-04-15T10:00:07'}
13:25:58.632 [main] INFO  stringConverter - adding element: Country{location='Palestine', countryCode='ps', latitude=31.952162, longitude=35.233154, confirmed=274690, dead=2923, recovered=239291, updated='2021-04-15T10:00:07'}
13:25:58.633 [main] INFO  stringConverter - adding element: Country{location='Bosnia and Herzegovina', countryCode='ba', latitude=43.915886, longitude=17.679076, confirmed=186372, dead=7642, recovered=143944, updated='2021-04-15T10:00:07'}
13:25:58.634 [main] INFO  stringConverter - adding element: Country{location='Kenya', countryCode='ke', latitude=-0.023559, longitude=37.906193, confirmed=148128, dead=2420, recovered=99580, updated='2021-04-15T10:00:07'}
13:25:58.634 [main] INFO  stringConverter - adding element: Country{location='Montenegro', countryCode='me', latitude=42.708678, longitude=19.37439, confirmed=94859, dead=1405, recovered=89615, updated='2021-04-15T10:00:07'}
13:25:58.634 [main] INFO  stringConverter - adding element: Country{location='Uzbekistan', countryCode='uz', latitude=41.377491, longitude=64.585262, confirmed=85730, dead=634, recovered=83462, updated='2021-04-15T10:00:07'}
13:25:58.635 [main] INFO  stringConverter - adding element: Country{location='Malaysia', countryCode='my', latitude=4.210484, longitude=101.975766, confirmed=367977, dead=1363, recovered=349039, updated='2021-04-15T10:00:07'}
13:25:58.635 [main] INFO  stringConverter - adding element: Country{location='Kazakhstan', countryCode='kz', latitude=48.019573, longitude=66.923684, confirmed=278695, dead=3306, recovered=239448, updated='2021-04-15T10:00:07'}
13:25:58.635 [main] INFO  stringConverter - adding element: Country{location='Albania', countryCode='al', latitude=41.153332, longitude=20.168331, confirmed=128959, dead=2331, recovered=99441, updated='2021-04-15T10:00:07'}
13:25:58.635 [main] INFO  stringConverter - adding element: Country{location='Afghanistan', countryCode='af', latitude=33.93911, longitude=67.709953, confirmed=57612, dead=2535, recovered=52083, updated='2021-04-15T10:00:07'}
13:25:58.636 [main] INFO  stringConverter - adding element: Country{location='Dominican Republic', countryCode='do', latitude=18.735693, longitude=-70.162651, confirmed=259260, dead=3402, recovered=217286, updated='2021-04-15T10:00:07'}
13:25:58.636 [main] INFO  stringConverter - adding element: Country{location='Lithuania', countryCode='lt', latitude=55.169438, longitude=23.881275, confirmed=230462, dead=3730, recovered=208890, updated='2021-04-15T10:00:07'}
13:25:58.636 [main] INFO  stringConverter - adding element: Country{location='Libya', countryCode='ly', latitude=26.3351, longitude=17.228331, confirmed=170045, dead=2834, recovered=155117, updated='2021-04-15T10:00:07'}
13:25:58.637 [main] INFO  stringConverter - adding element: Country{location='Honduras', countryCode='hn', latitude=15.199999, longitude=-86.241905, confirmed=198214, dead=4905, recovered=76130, updated='2021-04-15T10:00:07'}
13:25:58.637 [main] INFO  stringConverter - adding element: Country{location='Nigeria', countryCode='ng', latitude=9.081999, longitude=8.675277, confirmed=164000, dead=2061, recovered=154270, updated='2021-04-15T10:00:07'}
13:25:58.637 [main] INFO  stringConverter - adding element: Country{location='Algeria', countryCode='dz', latitude=28.033886, longitude=1.659626, confirmed=118975, dead=3141, recovered=82929, updated='2021-04-15T10:00:07'}
13:25:58.638 [main] INFO  stringConverter - adding element: Country{location='China', countryCode='cn', latitude=35.86166, longitude=104.195397, confirmed=90457, dead=4636, recovered=85524, updated='2021-04-15T10:00:07'}
13:25:58.638 [main] INFO  stringConverter - adding element: Country{location='Lebanon', countryCode='lb', latitude=33.854721, longitude=35.862285, confirmed=502299, dead=6778, recovered=413175, updated='2021-04-15T10:00:07'}
13:25:58.638 [main] INFO  stringConverter - adding element: Country{location='Kuwait', countryCode='kw', latitude=29.31166, longitude=47.481766, confirmed=251675, dead=1423, recovered=235053, updated='2021-04-15T10:00:07'}
13:25:58.638 [main] INFO  stringConverter - adding element: Country{location='Slovenia', countryCode='si', latitude=46.151241, longitude=14.995463, confirmed=229967, dead=4142, recovered=212815, updated='2021-04-15T10:00:07'}
13:25:58.639 [main] INFO  stringConverter - adding element: Country{location='Venezuela', countryCode='ve', latitude=6.42375, longitude=-66.58973, confirmed=178094, dead=1834, recovered=160620, updated='2021-04-15T10:00:07'}
13:25:58.639 [main] INFO  stringConverter - adding element: Country{location='North Macedonia', countryCode='mk', latitude=41.608635, longitude=21.745275, confirmed=144111, dead=4322, recovered=119683, updated='2021-04-15T10:00:07'}
13:25:58.639 [main] INFO  stringConverter - adding element: Country{location='Ghana', countryCode='gh', latitude=7.946527, longitude=-1.023194, confirmed=91477, dead=763, recovered=89301, updated='2021-04-15T10:00:07'}
13:25:58.639 [main] INFO  stringConverter - adding element: Country{location='El Salvador', countryCode='sv', latitude=13.794185, longitude=-88.89653, confirmed=66956, dead=2060, recovered=63345, updated='2021-04-15T10:00:07'}
13:25:58.640 [main] INFO  stringConverter - adding element: Country{location='Greece', countryCode='gr', latitude=39.074208, longitude=21.824312, confirmed=304184, dead=9135, recovered=261176, updated='2021-04-15T10:00:07'}
13:25:58.640 [main] INFO  stringConverter - adding element: Country{location='Tunisia', countryCode='tn', latitude=33.886917, longitude=9.537499, confirmed=276727, dead=9480, recovered=229754, updated='2021-04-15T10:00:07'}
13:25:58.640 [main] INFO  stringConverter - adding element: Country{location='Mali', countryCode='ml', latitude=17.570692, longitude=-3.996166, confirmed=12467, dead=419, recovered=7238, updated='2021-04-15T10:00:07'}
13:25:58.640 [main] INFO  stringConverter - adding element: Country{location='Trinidad and Tobago', countryCode='tt', latitude=10.691803, longitude=-61.222503, confirmed=8596, dead=148, recovered=7818, updated='2021-04-15T10:00:07'}
13:25:58.641 [main] INFO  stringConverter - adding element: Country{location='Timor-Leste', countryCode='tl', latitude=-8.874217, longitude=125.727539, confirmed=1103, dead=2, recovered=564, updated='2021-04-15T10:00:07'}
13:25:58.641 [main] INFO  stringConverter - adding element: Country{location='Cameroon', countryCode='cm', latitude=7.369721999999999, longitude=12.354722, confirmed=61731, dead=919, recovered=56926, updated='2021-04-15T10:00:07'}
13:25:58.641 [main] INFO  stringConverter - adding element: Country{location='Estonia', countryCode='ee', latitude=58.595272, longitude=25.0136071, confirmed=116200, dead=1064, recovered=99096, updated='2021-04-15T10:00:07'}
13:25:58.641 [main] INFO  stringConverter - adding element: Country{location='Eswatini', countryCode='sz', latitude=-26.522503, longitude=31.465866, confirmed=18407, dead=670, recovered=17682, updated='2021-04-15T10:00:07'}
13:25:58.642 [main] INFO  stringConverter - adding element: Country{location='Cyprus', countryCode='cy', latitude=35.126413, longitude=33.429859, confirmed=53254, dead=277, recovered=39061, updated='2021-04-15T10:00:07'}
13:25:58.642 [main] INFO  stringConverter - adding element: Country{location='Uganda', countryCode='ug', latitude=1.373333, longitude=32.290275, confirmed=41237, dead=338, recovered=40779, updated='2021-04-15T10:00:07'}
13:25:58.642 [main] INFO  stringConverter - adding element: Country{location='Senegal', countryCode='sn', latitude=14.497401, longitude=-14.452362, confirmed=39560, dead=1084, recovered=38290, updated='2021-04-15T10:00:07'}
13:25:58.642 [main] INFO  stringConverter - adding element: Country{location='Hong Kong', countryCode='hk', latitude=22.3193039, longitude=114.1693611, confirmed=11619, dead=209, recovered=11246, updated='2021-04-15T10:00:07'}
13:25:58.643 [main] INFO  stringConverter - adding element: Country{location='Guyana', countryCode='gy', latitude=4.860416, longitude=-58.93018, confirmed=11374, dead=260, recovered=9880, updated='2021-04-15T10:00:07'}
13:25:58.643 [main] INFO  stringConverter - adding element: Country{location='Latvia', countryCode='lv', latitude=56.879635, longitude=24.603189, confirmed=109731, dead=2030, recovered=100464, updated='2021-04-15T10:00:07'}
13:25:58.643 [main] INFO  stringConverter - adding element: Country{location='Zambia', countryCode='zm', latitude=-13.133897, longitude=27.849332, confirmed=90389, dead=1229, recovered=88241, updated='2021-04-15T10:00:07'}
13:25:58.643 [main] INFO  stringConverter - adding element: Country{location='Namibia', countryCode='na', latitude=38.911651, longitude=-77.0412109, confirmed=46051, dead=592, recovered=44162, updated='2021-04-15T10:00:07'}
13:25:58.643 [main] INFO  stringConverter - adding element: Country{location='Thailand', countryCode='th', latitude=15.870032, longitude=100.992541, confirmed=37453, dead=97, recovered=28383, updated='2021-04-15T10:00:07'}
13:25:58.644 [main] INFO  stringConverter - adding element: Country{location='Madagascar', countryCode='mg', latitude=-18.766947, longitude=46.869107, confirmed=29348, dead=520, recovered=24695, updated='2021-04-15T10:00:07'}
13:25:58.644 [main] INFO  stringConverter - adding element: Country{location='DRC', countryCode='cd', latitude=-4.038333, longitude=21.758664, confirmed=28714, dead=745, recovered=25841, updated='2021-04-15T10:00:07'}
13:25:58.644 [main] INFO  stringConverter - adding element: Country{location='Maldives', countryCode='mv', latitude=3.202778, longitude=73.22068, confirmed=25844, dead=67, recovered=23141, updated='2021-04-15T10:00:07'}
13:25:58.644 [main] INFO  stringConverter - adding element: Country{location='Mauritania', countryCode='mr', latitude=21.00789, longitude=-10.940835, confirmed=18066, dead=452, recovered=17428, updated='2021-04-15T10:00:07'}
13:25:58.644 [main] INFO  stringConverter - adding element: Country{location='Haiti', countryCode='ht', latitude=18.971187, longitude=-72.285215, confirmed=12857, dead=251, recovered=11614, updated='2021-04-15T10:00:07'}
13:25:58.645 [main] INFO  stringConverter - adding element: Country{location='Dominica', countryCode='dm', latitude=15.414999, longitude=-61.37097600000001, confirmed=165, dead=0, recovered=159, updated='2021-04-15T10:00:07'}
13:25:58.645 [main] INFO  stringConverter - adding element: Country{location='Malawi', countryCode='mw', latitude=-13.254308, longitude=34.301525, confirmed=33891, dead=1134, recovered=31675, updated='2021-04-15T10:00:07'}
13:25:58.645 [main] INFO  stringConverter - adding element: Country{location='Fiji', countryCode='fj', latitude=-17.713371, longitude=178.065032, confirmed=68, dead=2, recovered=64, updated='2021-04-15T10:00:07'}
13:25:58.645 [main] INFO  stringConverter - adding element: Country{location='Andorra', countryCode='ad', latitude=42.506285, longitude=1.521801, confirmed=12641, dead=121, recovered=11989, updated='2021-04-15T10:00:07'}
13:25:58.645 [main] INFO  stringConverter - adding element: Country{location='Congo', countryCode='cg', latitude=-4.038333, longitude=21.758664, confirmed=10084, dead=139, recovered=8208, updated='2021-04-15T10:00:07'}
13:25:58.646 [main] INFO  stringConverter - adding element: Country{location='Cuba', countryCode='cu', latitude=21.521757, longitude=-77.781167, confirmed=89404, dead=487, recovered=84114, updated='2021-04-15T10:00:07'}
13:25:58.646 [main] INFO  stringConverter - adding element: Country{location='Cabo Verde', countryCode='cv', latitude=16.5388, longitude=-23.0418, confirmed=19525, dead=188, recovered=17645, updated='2021-04-15T10:00:07'}
13:25:58.646 [main] INFO  stringConverter - adding element: Country{location='Botswana', countryCode='bw', latitude=-22.328474, longitude=24.684866, confirmed=43444, dead=663, recovered=38923, updated='2021-04-15T10:00:07'}
13:25:58.646 [main] INFO  stringConverter - adding element: Country{location='Finland', countryCode='fi', latitude=61.92410999999999, longitude=25.7481511, confirmed=83253, dead=881, recovered=46000, updated='2021-04-15T10:00:07'}
13:25:58.647 [main] INFO  stringConverter - adding element: Country{location='French Polynesia', countryCode='pf', latitude=-17.679742, longitude=-149.406843, confirmed=18680, dead=141, recovered=4842, updated='2021-04-15T10:00:07'}
13:25:58.647 [main] INFO  stringConverter - adding element: Country{location='Belize', countryCode='bz', latitude=17.189877, longitude=-88.49765, confirmed=12522, dead=318, recovered=12140, updated='2021-04-15T10:00:07'}
13:25:58.647 [main] INFO  stringConverter - adding element: Country{location='Bahamas', countryCode='bs', latitude=25.03428, longitude=-77.39627999999999, confirmed=9505, dead=190, recovered=8965, updated='2021-04-15T10:00:07'}
13:25:58.647 [main] INFO  stringConverter - adding element: Country{location='Falkland Islands', countryCode='fk', latitude=-51.796253, longitude=-59.523613, confirmed=62, dead=0, recovered=55, updated='2021-04-15T10:00:07'}
13:25:58.647 [main] INFO  stringConverter - adding element: Country{location='Uruguay', countryCode='uy', latitude=-32.522779, longitude=-55.765835, confirmed=152089, dead=1647, recovered=119388, updated='2021-04-15T10:00:07'}
13:25:58.648 [main] INFO  stringConverter - adding element: Country{location='Jamaica', countryCode='jm', latitude=18.109581, longitude=-77.297508, confirmed=43054, dead=692, recovered=19248, updated='2021-04-15T10:00:07'}
13:25:58.648 [main] INFO  stringConverter - adding element: Country{location='Malta', countryCode='mt', latitude=35.937496, longitude=14.375416, confirmed=29778, dead=403, recovered=28797, updated='2021-04-15T10:00:07'}
13:25:58.648 [main] INFO  stringConverter - adding element: Country{location='Djibouti', countryCode='dj', latitude=11.825138, longitude=42.590275, confirmed=10202, dead=106, recovered=8591, updated='2021-04-15T10:00:07'}
13:25:58.649 [main] INFO  stringConverter - adding element: Country{location='Guinea-Bissau', countryCode='gw', latitude=11.803749, longitude=-15.180413, confirmed=3694, dead=66, recovered=3093, updated='2021-04-15T10:00:07'}
13:25:58.649 [main] INFO  stringConverter - adding element: Country{location='U.S. Virgin Islands', countryCode='vi', latitude=18.335765, longitude=-64.896335, confirmed=2260, dead=24, recovered=2120, updated='2021-01-17T18:15:05'}
13:25:58.650 [main] INFO  stringConverter - adding element: Country{location='Liechtenstein', countryCode='li', latitude=47.166, longitude=9.555373, confirmed=2770, dead=56, recovered=2646, updated='2021-04-15T10:00:07'}
13:25:58.650 [main] INFO  stringConverter - adding element: Country{location='Sint Maarten', countryCode='sx', latitude=18.04248, longitude=-63.05483, confirmed=2196, dead=27, recovered=2133, updated='2021-04-15T10:00:07'}
13:25:58.650 [main] INFO  stringConverter - adding element: Country{location='Bermuda', countryCode='bm', latitude=32.3078, longitude=-64.7505, confirmed=1935, dead=16, recovered=1051, updated='2021-04-15T10:00:07'}
13:25:58.650 [main] INFO  stringConverter - adding element: Country{location='Benin', countryCode='bj', latitude=9.30769, longitude=2.315834, confirmed=7611, dead=95, recovered=6728, updated='2021-04-15T10:00:07'}
13:25:58.651 [main] INFO  stringConverter - adding element: Country{location='Iceland', countryCode='is', latitude=64.963051, longitude=-19.020835, confirmed=6275, dead=29, recovered=6163, updated='2021-04-15T10:00:07'}
13:25:58.651 [main] INFO  stringConverter - adding element: Country{location='Yemen', countryCode='ye', latitude=15.552727, longitude=48.516388, confirmed=5582, dead=1083, recovered=2128, updated='2021-04-15T10:00:07'}
13:25:58.651 [main] INFO  stringConverter - adding element: Country{location='Gibraltar', countryCode='gi', latitude=36.140751, longitude=-5.353585, confirmed=4290, dead=94, recovered=4181, updated='2021-04-15T10:00:07'}
13:25:58.652 [main] INFO  stringConverter - adding element: Country{location='New Zealand', countryCode='nz', latitude=-40.900557, longitude=174.885971, confirmed=2591, dead=26, recovered=2464, updated='2021-04-15T10:00:07'}
13:25:58.652 [main] INFO  stringConverter - adding element: Country{location='Bhutan', countryCode='bt', latitude=27.514162, longitude=90.433601, confirmed=929, dead=1, recovered=876, updated='2021-04-15T10:00:07'}
13:25:58.652 [main] INFO  stringConverter - adding element: Country{location='Faeroe Islands', countryCode='fo', latitude=61.89263500000001, longitude=-6.9118061, confirmed=662, dead=1, recovered=660, updated='2021-04-15T10:00:07'}
13:25:58.652 [main] INFO  stringConverter - adding element: Country{location='Belarus', countryCode='by', latitude=53.709807, longitude=27.953389, confirmed=338801, dead=2383, recovered=329135, updated='2021-04-15T10:00:07'}
13:25:58.652 [main] INFO  stringConverter - adding element: Country{location='Somaliland', countryCode='05', latitude=9.411743399999999, longitude=46.8252838, confirmed=1354, dead=47, recovered=1200, updated='2021-01-17T18:15:05'}
13:25:58.652 [main] INFO  stringConverter - adding element: Country{location='Togo', countryCode='tg', latitude=8.619543, longitude=0.824782, confirmed=12214, dead=117, recovered=9543, updated='2021-04-15T10:00:07'}
13:25:58.653 [main] INFO  stringConverter - adding element: Country{location='Lesotho', countryCode='ls', latitude=-29.609988, longitude=28.233608, confirmed=10709, dead=315, recovered=5028, updated='2021-04-15T10:00:07'}
13:25:58.653 [main] INFO  stringConverter - adding element: Country{location='San Marino', countryCode='sm', latitude=43.94236, longitude=12.457777, confirmed=5004, dead=86, recovered=4625, updated='2021-04-15T10:00:07'}
13:25:58.653 [main] INFO  stringConverter - adding element: Country{location='Rwanda', countryCode='rw', latitude=-1.940278, longitude=29.873888, confirmed=23672, dead=317, recovered=21594, updated='2021-04-15T10:00:07'}
13:25:58.653 [main] INFO  stringConverter - adding element: Country{location='Suriname', countryCode='sr', latitude=3.919305, longitude=-56.027783, confirmed=9417, dead=184, recovered=8725, updated='2021-04-15T10:00:07'}
13:25:58.653 [main] INFO  stringConverter - adding element: Country{location='Liberia', countryCode='lr', latitude=6.428055, longitude=-9.429499000000002, confirmed=2042, dead=85, recovered=1899, updated='2021-04-15T10:00:07'}
13:25:58.654 [main] INFO  stringConverter - adding element: Country{location='Somalia', countryCode='so', latitude=5.152149, longitude=46.199616, confirmed=12837, dead=656, recovered=5346, updated='2021-04-15T10:00:07'}
13:25:58.654 [main] INFO  stringConverter - adding element: Country{location='South Sudan', countryCode='ss', latitude=6.876991899999999, longitude=31.3069788, confirmed=10416, dead=114, recovered=10148, updated='2021-04-15T10:00:07'}
13:25:58.654 [main] INFO  stringConverter - adding element: Country{location='Papua New Guinea', countryCode='pg', latitude=-6.314992999999999, longitude=143.95555, confirmed=8984, dead=71, recovered=846, updated='2021-04-15T10:00:07'}
13:25:58.654 [main] INFO  stringConverter - adding element: Country{location='Equatorial Guinea', countryCode='gq', latitude=1.650801, longitude=10.267895, confirmed=7259, dead=106, recovered=6885, updated='2021-04-15T10:00:07'}
13:25:58.655 [main] INFO  stringConverter - adding element: Country{location='CAR', countryCode='cf', latitude=6.611110999999999, longitude=20.939444, confirmed=5682, dead=75, recovered=5112, updated='2021-04-15T10:00:07'}
13:25:58.655 [main] INFO  stringConverter - adding element: Country{location='Chad', countryCode='td', latitude=15.454166, longitude=18.732207, confirmed=4662, dead=167, recovered=4312, updated='2021-04-15T10:00:07'}
13:25:58.655 [main] INFO  stringConverter - adding element: Country{location='Vietnam', countryCode='vn', latitude=14.058324, longitude=108.277199, confirmed=2737, dead=35, recovered=2445, updated='2021-04-15T10:00:07'}
13:25:58.655 [main] INFO  stringConverter - adding element: Country{location='Monaco', countryCode='mc', latitude=43.73841760000001, longitude=7.424615799999999, confirmed=2384, dead=31, recovered=2266, updated='2021-04-15T10:00:07'}
13:25:58.656 [main] INFO  stringConverter - adding element: Country{location='Curaçao', countryCode='cw', latitude=12.16957, longitude=-68.99002, confirmed=11581, dead=78, recovered=7666, updated='2021-04-15T10:00:07'}
13:25:58.656 [main] INFO  stringConverter - adding element: Country{location='Taiwan', countryCode='tw', latitude=23.69781, longitude=120.960515, confirmed=1068, dead=11, recovered=1031, updated='2021-04-15T10:00:07'}
13:25:58.656 [main] INFO  stringConverter - adding element: Country{location='Jersey', countryCode='je', latitude=49.2137711, longitude=-2.1357662, confirmed=2908, dead=56, recovered=2561, updated='2021-01-17T18:15:05'}
13:25:58.657 [main] INFO  stringConverter - adding element: Country{location='Luxembourg', countryCode='lu', latitude=49.815273, longitude=6.129582999999999, confirmed=64334, dead=784, recovered=60203, updated='2021-04-15T10:00:07'}
13:25:58.657 [main] INFO  stringConverter - adding element: Country{location='Aruba', countryCode='aw', latitude=12.52111, longitude=-69.968338, confirmed=10159, dead=92, recovered=9573, updated='2021-04-15T10:00:07'}
13:25:58.657 [main] INFO  stringConverter - adding element: Country{location='Niger', countryCode='ne', latitude=17.607789, longitude=8.081666, confirmed=5081, dead=189, recovered=4760, updated='2021-04-15T10:00:07'}
13:25:58.658 [main] INFO  stringConverter - adding element: Country{location='Diamond Princess', countryCode='01', latitude=40.86429589999999, longitude=-73.9614914, confirmed=712, dead=13, recovered=699, updated='2021-04-15T10:00:07'}
13:25:58.658 [main] INFO  stringConverter - adding element: Country{location='Sierra Leone', countryCode='sl', latitude=8.460555, longitude=-11.779889, confirmed=4013, dead=79, recovered=2832, updated='2021-04-15T10:00:07'}
13:25:58.658 [main] INFO  stringConverter - adding element: Country{location='Burundi', countryCode='bi', latitude=-3.373056, longitude=29.918886, confirmed=3333, dead=6, recovered=773, updated='2021-04-15T10:00:07'}
13:25:58.658 [main] INFO  stringConverter - adding element: Country{location='Seychelles', countryCode='sc', latitude=-4.679574, longitude=55.491977, confirmed=4633, dead=25, recovered=4310, updated='2021-04-15T10:00:07'}
13:25:58.658 [main] INFO  stringConverter - adding element: Country{location='Saint Pierre Miquelon', countryCode='pm', latitude=46.8852, longitude=-56.3159, confirmed=24, dead=0, recovered=24, updated='2021-04-15T10:00:07'}
13:25:58.659 [main] INFO  stringConverter - adding element: Country{location='United States', countryCode='us', latitude=37.09024, longitude=-95.712891, confirmed=33230992, dead=591514, recovered=25908684, updated='2021-05-04T11:15:07'}
13:25:58.659 [main] INFO  stringConverter - adding element: Country{location='Laos', countryCode='la', latitude=19.85627, longitude=102.495496, confirmed=53, dead=0, recovered=49, updated='2021-04-15T10:00:07'}
13:25:58.659 [main] INFO  stringConverter - adding element: Country{location='Saint Kitts and Nevis', countryCode='kn', latitude=17.357822, longitude=-62.782998, confirmed=44, dead=0, recovered=44, updated='2021-04-15T10:00:07'}
13:25:58.659 [main] INFO  stringConverter - adding element: Country{location='Romania', countryCode='ro', latitude=45.943161, longitude=24.96676, confirmed=1016449, dead=25605, recovered=920653, updated='2021-04-15T10:15:12'}
13:25:58.659 [main] INFO  stringConverter - adding element: Country{location='French Guiana', countryCode='gf', latitude=3.933889, longitude=-53.125782, confirmed=17883, dead=95, recovered=9995, updated='2021-04-15T10:00:07'}
13:25:58.660 [main] INFO  stringConverter - adding element: Country{location='Barbados', countryCode='bb', latitude=13.193887, longitude=-59.543198, confirmed=3744, dead=44, recovered=3634, updated='2021-04-15T10:00:07'}
13:25:58.660 [main] INFO  stringConverter - adding element: Country{location='Sao Tome and Principe', countryCode='st', latitude=0.18636, longitude=6.613080999999999, confirmed=2269, dead=35, recovered=2196, updated='2021-04-15T10:00:07'}
13:25:58.661 [main] INFO  stringConverter - adding element: Country{location='Macao', countryCode='mo', latitude=22.198745, longitude=113.543873, confirmed=49, dead=0, recovered=48, updated='2021-04-15T10:00:07'}
13:25:58.661 [main] INFO  stringConverter - adding element: Country{location='Montserrat', countryCode='ms', latitude=16.742498, longitude=-62.187366, confirmed=20, dead=1, recovered=19, updated='2021-04-15T10:00:07'}
13:25:58.661 [main] INFO  stringConverter - adding element: Country{location='Saint Martin', countryCode='mf', latitude=18.0708298, longitude=-63.0500809, confirmed=1693, dead=12, recovered=1399, updated='2021-04-15T10:00:07'}
13:25:58.661 [main] INFO  stringConverter - adding element: Country{location='Sint Eustatius', countryCode='bq', latitude=17.4890306, longitude=-62.973555, confirmed=18, dead=0, recovered=18, updated='2021-01-17T18:15:05'}
13:25:58.661 [main] INFO  stringConverter - adding element: Country{location='Isle of Man', countryCode='im', latitude=54.236107, longitude=-4.548056, confirmed=1575, dead=29, recovered=1445, updated='2021-04-15T10:00:07'}
13:25:58.663 [main] INFO  stringConverter - adding element: Country{location='Tanzania', countryCode='tz', latitude=-6.369028, longitude=34.888822, confirmed=509, dead=21, recovered=183, updated='2021-04-15T10:00:07'}
13:25:58.664 [main] INFO  stringConverter - adding element: Country{location='Samoa', countryCode='ws', latitude=-13.759029, longitude=-172.104629, confirmed=3, dead=0, recovered=2, updated='2021-04-15T10:00:07'}
13:25:58.664 [main] INFO  stringConverter - adding element: Country{location='Coral Princess', countryCode='11', latitude=20.5331399, longitude=-86.9387546, confirmed=12, dead=3, recovered=0, updated='2021-01-17T18:15:05'}
13:25:58.664 [main] INFO  stringConverter - adding element: Country{location='Brunei ', countryCode='bn', latitude=4.535277, longitude=114.727669, confirmed=221, dead=3, recovered=206, updated='2021-04-15T10:00:07'}
13:25:58.664 [main] INFO  stringConverter - adding element: Country{location='Japan', countryCode='jp', latitude=36.204824, longitude=138.252924, confirmed=512169, dead=9469, recovered=471007, updated='2021-04-15T10:00:07'}
13:25:58.665 [main] INFO  stringConverter - adding element: Country{location='St. Barth', countryCode='bl', latitude=17.9, longitude=-62.833333, confirmed=907, dead=1, recovered=462, updated='2021-04-15T10:00:07'}
13:25:58.665 [main] INFO  stringConverter - adding element: Country{location='Moldova', countryCode='md', latitude=47.411631, longitude=28.369885, confirmed=243365, dead=5466, recovered=226325, updated='2021-04-15T10:00:07'}
13:25:58.665 [main] INFO  stringConverter - adding element: Country{location='British Virgin Islands', countryCode='vg', latitude=18.420695, longitude=-64.639968, confirmed=178, dead=1, recovered=159, updated='2021-04-15T10:00:07'}
13:25:58.665 [main] INFO  stringConverter - adding element: Country{location='Grenada', countryCode='gd', latitude=12.1165, longitude=-61.67899999999999, confirmed=155, dead=1, recovered=152, updated='2021-04-15T10:00:07'}
13:25:58.666 [main] INFO  stringConverter - adding element: Country{location='Anguilla', countryCode='ai', latitude=18.220554, longitude=-63.06861499999999, confirmed=25, dead=0, recovered=22, updated='2021-04-15T10:00:07'}
13:25:58.666 [main] INFO  stringConverter - adding element: Country{location='New Caledonia', countryCode='nc', latitude=-20.904305, longitude=165.618042, confirmed=121, dead=0, recovered=58, updated='2021-04-15T10:00:07'}
13:25:58.666 [main] INFO  stringConverter - adding element: Country{location='Marshall Islands', countryCode='mh', latitude=7.131474, longitude=171.184478, confirmed=4, dead=0, recovered=4, updated='2021-04-15T10:00:07'}
13:25:58.666 [main] INFO  stringConverter - adding element: Country{location='Canada', countryCode='ca', latitude=56.130366, longitude=-106.346771, confirmed=1087152, dead=23445, recovered=983506, updated='2021-04-15T10:15:12'}
13:25:58.667 [main] INFO  stringConverter - adding element: Country{location='Mayotte', countryCode='yt', latitude=-12.8275, longitude=45.166244, confirmed=19757, dead=168, recovered=2964, updated='2021-04-15T10:00:07'}
13:25:58.667 [main] INFO  stringConverter - adding element: Country{location='Greenland', countryCode='gl', latitude=71.706936, longitude=-42.604303, confirmed=31, dead=0, recovered=31, updated='2021-04-15T10:00:07'}
13:25:58.667 [main] INFO  stringConverter - adding element: Country{location='Vatican City', countryCode='va', latitude=41.902916, longitude=12.453389, confirmed=27, dead=0, recovered=15, updated='2021-04-15T10:00:07'}
13:25:58.667 [main] INFO  stringConverter - adding element: Country{location='Solomon Islands', countryCode='sb', latitude=-9.64571, longitude=160.156194, confirmed=19, dead=0, recovered=18, updated='2021-04-15T10:00:07'}
13:25:58.668 [main] INFO  stringConverter - adding element: Country{location='Réunion', countryCode='re', latitude=-21.115141, longitude=55.536384, confirmed=18425, dead=135, recovered=16794, updated='2021-04-15T10:00:07'}
13:25:58.668 [main] INFO  stringConverter - adding element: Country{location='Guadeloupe', countryCode='gp', latitude=16.265, longitude=-61.55099999999999, confirmed=12717, dead=176, recovered=2242, updated='2021-04-15T10:00:07'}
13:25:58.668 [main] INFO  stringConverter - adding element: Country{location='Gambia', countryCode='gm', latitude=13.443182, longitude=-15.310139, confirmed=5682, dead=170, recovered=5165, updated='2021-04-15T10:00:07'}
13:25:58.668 [main] INFO  stringConverter - adding element: Country{location='Guernsey', countryCode='gg', latitude=49.4481982, longitude=-2.58949, confirmed=309, dead=13, recovered=288, updated='2021-01-17T18:15:05'}
13:25:58.669 [main] INFO  stringConverter - adding element: Country{location='Saint Lucia', countryCode='lc', latitude=13.909444, longitude=-60.978893, confirmed=4355, dead=64, recovered=4208, updated='2021-04-15T10:00:07'}
13:25:58.669 [main] INFO  stringConverter - adding element: Country{location='St. Vincent Grenadines', countryCode='vc', latitude=12.984305, longitude=-61.287228, confirmed=1812, dead=10, recovered=1677, updated='2021-04-15T10:00:07'}
13:25:58.669 [main] INFO  stringConverter - adding element: Country{location='Vanuatu', countryCode='vu', latitude=-15.376706, longitude=166.959158, confirmed=3, dead=0, recovered=1, updated='2021-04-15T10:00:07'}
13:25:58.669 [main] INFO  stringConverter - adding element: Country{location='Martinique', countryCode='mq', latitude=14.641528, longitude=-61.024174, confirmed=9890, dead=64, recovered=98, updated='2021-04-15T10:00:07'}
13:25:58.670 [main] INFO  stringConverter - adding element: Country{location='Cayman Islands', countryCode='ky', latitude=19.3133, longitude=-81.2546, confirmed=523, dead=2, recovered=498, updated='2021-04-15T10:00:07'}
13:25:58.670 [main] INFO  stringConverter - adding element: Country{location='Mongolia', countryCode='mn', latitude=46.862496, longitude=103.846656, confirmed=18565, dead=31, recovered=10638, updated='2021-04-15T10:00:07'}
13:25:58.670 [main] INFO  stringConverter - adding element: Country{location='Sudan', countryCode='sd', latitude=12.862807, longitude=30.217636, confirmed=31790, dead=2208, recovered=25539, updated='2021-04-15T10:00:07'}
13:25:58.670 [main] INFO  stringConverter - adding element: Country{location='Tajikistan', countryCode='tj', latitude=38.861034, longitude=71.276093, confirmed=13308, dead=90, recovered=13218, updated='2021-04-15T10:00:07'}
13:25:58.670 [main] INFO  stringConverter - adding element: Country{location='Comoros', countryCode='km', latitude=-11.6455, longitude=43.3333, confirmed=3803, dead=146, recovered=3582, updated='2021-04-15T10:00:07'}
13:25:58.671 [main] INFO  stringConverter - adding element: Country{location='Turks and Caicos', countryCode='tc', latitude=21.694025, longitude=-71.797928, confirmed=2360, dead=17, recovered=2285, updated='2021-04-15T10:00:07'}
13:25:58.671 [main] INFO  stringConverter - adding element: Country{location='Mauritius', countryCode='mu', latitude=-20.348404, longitude=57.55215200000001, confirmed=1201, dead=15, recovered=841, updated='2021-04-15T10:00:07'}
13:25:58.671 [main] INFO  stringConverter - adding element: Country{location='Philippines', countryCode='ph', latitude=12.879721, longitude=121.774017, confirmed=904285, dead=15594, recovered=705164, updated='2021-04-15T10:15:12'}
13:25:58.671 [main] INFO  stringConverter - adding element: Country{location='Israel', countryCode='il', latitude=31.046051, longitude=34.851612, confirmed=836504, dead=6312, recovered=827184, updated='2021-04-15T10:00:07'}
13:25:58.671 [main] INFO  stringConverter - adding element: Country{location='Northern Cyprus', countryCode='00', latitude=35.2480359, longitude=33.6577243, confirmed=1850, dead=11, recovered=1602, updated='2021-01-17T18:15:05'}
13:25:58.672 [main] INFO  stringConverter - adding element: Country{location='Bangladesh', countryCode='bd', latitude=23.684994, longitude=90.356331, confirmed=703170, dead=9987, recovered=591299, updated='2021-04-15T10:00:07'}
13:25:58.672 [main] INFO  stringConverter - adding element: Country{location='Sweden', countryCode='se', latitude=60.12816100000001, longitude=18.643501, confirmed=885385, dead=13720, recovered=0, updated='2021-04-15T10:00:07'}
13:25:58.672 [main] INFO  stringConverter - adding element: Country{location='Serbia', countryCode='rs', latitude=44.016521, longitude=21.005859, confirmed=651899, dead=5846, recovered=571312, updated='2021-04-15T10:00:07'}
13:25:58.672 [main] INFO  stringConverter - adding element: Country{location='Denmark', countryCode='dk', latitude=56.26392, longitude=9.501785, confirmed=239532, dead=2447, recovered=228685, updated='2021-04-15T10:00:07'}
13:25:58.673 [main] INFO  stringConverter - adding element: Country{location='Switzerland', countryCode='ch', latitude=46.818188, longitude=8.227511999999999, confirmed=627968, dead=10488, recovered=563438, updated='2021-04-15T10:00:07'}
13:25:58.673 [main] INFO  stringConverter - adding element: Country{location='Ireland', countryCode='ie', latitude=53.1423672, longitude=-7.692053599999999, confirmed=242105, dead=4812, recovered=222851, updated='2021-04-15T10:00:07'}
13:25:58.673 [main] INFO  stringConverter - adding element: Country{location='Ethiopia', countryCode='et', latitude=9.145000000000001, longitude=40.489673, confirmed=234405, dead=3252, recovered=174591, updated='2021-04-15T10:00:07'}
13:25:58.673 [main] INFO  stringConverter - adding element: Country{location='Costa Rica', countryCode='cr', latitude=9.748916999999999, longitude=-83.753428, confirmed=225343, dead=3044, recovered=196060, updated='2021-04-15T10:00:07'}
13:25:58.674 [main] INFO  stringConverter - adding element: Country{location='Armenia', countryCode='am', latitude=40.069099, longitude=45.038189, confirmed=206142, dead=3817, recovered=185125, updated='2021-04-15T10:00:07'}
13:25:58.674 [main] INFO  stringConverter - adding element: Country{location='Sri Lanka', countryCode='lk', latitude=7.873053999999999, longitude=80.77179699999999, confirmed=95737, dead=604, recovered=92151, updated='2021-04-15T10:00:07'}
13:25:58.674 [main] INFO  stringConverter - adding element: Country{location='Mozambique', countryCode='mz', latitude=-18.665695, longitude=35.529562, confirmed=68927, dead=794, recovered=59972, updated='2021-04-15T10:00:07'}
13:25:58.674 [main] INFO  stringConverter - adding element: Country{location='Artsakh', countryCode='12', latitude=26.0434384, longitude=-80.2777081, confirmed=1130, dead=30, recovered=337, updated='2021-01-17T18:15:05'}
13:25:58.675 [main] INFO  stringConverter - adding element: Country{location='Ivory Coast', countryCode='ci', latitude=7.539988999999999, longitude=-5.547079999999999, confirmed=45388, dead=271, recovered=44833, updated='2021-04-15T10:00:07'}
13:25:58.675 [main] INFO  stringConverter - adding element: Country{location='Cambodia', countryCode='kh', latitude=12.565679, longitude=104.990963, confirmed=5218, dead=36, recovered=2319, updated='2021-04-15T10:00:07'}
13:25:58.675 [main] INFO  stringConverter - adding element: Country{location='Antigua and Barbuda', countryCode='ag', latitude=17.060816, longitude=-61.796428, confirmed=1209, dead=31, recovered=947, updated='2021-04-15T10:00:07'}
13:25:58.676 [main] INFO  stringConverter - adding element: Country{location='USS Theodore Roosevelt', countryCode='09', latitude=0.0, longitude=0.0, confirmed=1102, dead=1, recovered=751, updated='2021-01-17T18:15:05'}
13:25:58.676 [main] INFO  stringConverter - adding element: Country{location='Northern Mariana Islands ', countryCode='mp', latitude=15.0979, longitude=145.6739, confirmed=122, dead=2, recovered=32, updated='2021-01-17T18:15:05'}
13:25:58.676 [main] INFO  stringConverter - adding element: Country{location='Iraq', countryCode='iq', latitude=33.223191, longitude=43.679291, confirmed=949050, dead=14836, recovered=831519, updated='2021-04-15T10:15:12'}
13:25:58.676 [main] INFO  stringConverter - adding element: Country{location='Zimbabwe', countryCode='zw', latitude=-19.015438, longitude=29.154857, confirmed=37369, dead=1548, recovered=34946, updated='2021-04-15T10:00:07'}
13:25:58.676 [main] INFO  stringConverter - adding element: Country{location='Kosovo', countryCode='xk', latitude=42.6026359, longitude=20.902977, confirmed=55498, dead=1405, recovered=48990, updated='2021-01-17T18:15:05'}
13:25:58.677 [main] INFO  stringConverter - adding element: Country{location='Nicaragua', countryCode='ni', latitude=12.865416, longitude=-85.207229, confirmed=6778, dead=180, recovered=4225, updated='2021-04-15T10:00:07'}
13:25:58.677 [main] INFO  stringConverter - adding element: Country{location='Burkina Faso', countryCode='bf', latitude=12.238333, longitude=-1.561593, confirmed=13050, dead=154, recovered=12689, updated='2021-04-15T10:00:07'}
13:25:58.680 [main] INFO  stringConverter - adding element: Country{location='Eritrea', countryCode='er', latitude=15.179384, longitude=39.782334, confirmed=3479, dead=10, recovered=3273, updated='2021-04-15T10:00:07'}
13:25:58.680 [main] INFO  stringConverter - adding element: Country{location='MS Zaandam', countryCode='03', latitude=0.0, longitude=0.0, confirmed=9, dead=2, recovered=7, updated='2021-04-15T10:00:07'}
13:25:58.680 [main] INFO  stringConverter - adding element: Country{location='Abkhazia', countryCode='06', latitude=43.0015544, longitude=41.023407, confirmed=7504, dead=100, recovered=5545, updated='2021-01-17T18:15:05'}
13:25:58.681 [main] INFO  stringConverter - adding element: Country{location='Guam', countryCode='gu', latitude=13.444304, longitude=144.793731, confirmed=7257, dead=121, recovered=6707, updated='2021-01-17T18:15:05'}
13:25:58.681 [main] INFO  stringConverter - adding element: Country{location='Pakistan', countryCode='pk', latitude=30.375321, longitude=69.34511599999999, confirmed=739818, dead=15872, recovered=646652, updated='2021-04-15T10:00:07'}
13:25:58.681 [main] INFO  stringConverter - adding element: Country{location='Norway', countryCode='no', latitude=60.47202399999999, longitude=8.468945999999999, confirmed=105607, dead=706, recovered=88952, updated='2021-04-15T10:00:07'}
13:26:51.657 [main] INFO  stringConverter - starting to convert elements
13:26:51.677 [main] INFO  stringConverter - starting to convert elements
13:26:51.872 [main] INFO  stringConverter - adding element: Country{location='Iran', countryCode='ir', latitude=32.427908, longitude=53.688046, confirmed=2168872, dead=65680, recovered=1749041, updated='2021-04-15T14:15:07'}
13:26:51.880 [main] INFO  stringConverter - starting to convert elements
13:26:51.881 [main] INFO  stringConverter - adding element: Country{location='Iran', countryCode='ir', latitude=32.427908, longitude=53.688046, confirmed=2168872, dead=65680, recovered=1749041, updated='2021-04-15T14:15:07'}
13:26:51.890 [main] ERROR stringConverter - could not convert element at position 1
java.lang.NullPointerException: null
	at StringConverter.convert(StringConverter.java:50)
	at StringConverterTest.testConvertWithWrongInput(StringConverterTest.java:69)
	at java.base/jdk.internal.reflect.NativeMethodAccessorImpl.invoke0(Native Method)
	at java.base/jdk.internal.reflect.NativeMethodAccessorImpl.invoke(NativeMethodAccessorImpl.java:62)
	at java.base/jdk.internal.reflect.DelegatingMethodAccessorImpl.invoke(DelegatingMethodAccessorImpl.java:43)
	at java.base/java.lang.reflect.Method.invoke(Method.java:566)
	at org.junit.platform.commons.util.ReflectionUtils.invokeMethod(ReflectionUtils.java:436)
	at org.junit.jupiter.engine.execution.ExecutableInvoker.invoke(ExecutableInvoker.java:115)
	at org.junit.jupiter.engine.descriptor.TestMethodTestDescriptor.lambda$invokeTestMethod$6(TestMethodTestDescriptor.java:170)
	at org.junit.jupiter.engine.execution.ThrowableCollector.execute(ThrowableCollector.java:40)
	at org.junit.jupiter.engine.descriptor.TestMethodTestDescriptor.invokeTestMethod(TestMethodTestDescriptor.java:166)
	at org.junit.jupiter.engine.descriptor.TestMethodTestDescriptor.execute(TestMethodTestDescriptor.java:113)
	at org.junit.jupiter.engine.descriptor.TestMethodTestDescriptor.execute(TestMethodTestDescriptor.java:58)
	at org.junit.platform.engine.support.hierarchical.HierarchicalTestExecutor$NodeExecutor.lambda$executeRecursively$3(HierarchicalTestExecutor.java:112)
	at org.junit.platform.engine.support.hierarchical.SingleTestExecutor.executeSafely(SingleTestExecutor.java:66)
	at org.junit.platform.engine.support.hierarchical.HierarchicalTestExecutor$NodeExecutor.executeRecursively(HierarchicalTestExecutor.java:108)
	at org.junit.platform.engine.support.hierarchical.HierarchicalTestExecutor$NodeExecutor.execute(HierarchicalTestExecutor.java:79)
	at org.junit.platform.engine.support.hierarchical.HierarchicalTestExecutor$NodeExecutor.lambda$executeRecursively$2(HierarchicalTestExecutor.java:120)
	at java.base/java.util.stream.ForEachOps$ForEachOp$OfRef.accept(ForEachOps.java:183)
	at java.base/java.util.stream.ReferencePipeline$2$1.accept(ReferencePipeline.java:177)
	at java.base/java.util.Iterator.forEachRemaining(Iterator.java:133)
	at java.base/java.util.Spliterators$IteratorSpliterator.forEachRemaining(Spliterators.java:1801)
	at java.base/java.util.stream.AbstractPipeline.copyInto(AbstractPipeline.java:484)
	at java.base/java.util.stream.AbstractPipeline.wrapAndCopyInto(AbstractPipeline.java:474)
	at java.base/java.util.stream.ForEachOps$ForEachOp.evaluateSequential(ForEachOps.java:150)
	at java.base/java.util.stream.ForEachOps$ForEachOp$OfRef.evaluateSequential(ForEachOps.java:173)
	at java.base/java.util.stream.AbstractPipeline.evaluate(AbstractPipeline.java:234)
	at java.base/java.util.stream.ReferencePipeline.forEach(ReferencePipeline.java:497)
	at org.junit.platform.engine.support.hierarchical.HierarchicalTestExecutor$NodeExecutor.lambda$executeRecursively$3(HierarchicalTestExecutor.java:120)
	at org.junit.platform.engine.support.hierarchical.SingleTestExecutor.executeSafely(SingleTestExecutor.java:66)
	at org.junit.platform.engine.support.hierarchical.HierarchicalTestExecutor$NodeExecutor.executeRecursively(HierarchicalTestExecutor.java:108)
	at org.junit.platform.engine.support.hierarchical.HierarchicalTestExecutor$NodeExecutor.execute(HierarchicalTestExecutor.java:79)
	at org.junit.platform.engine.support.hierarchical.HierarchicalTestExecutor$NodeExecutor.lambda$executeRecursively$2(HierarchicalTestExecutor.java:120)
	at java.base/java.util.stream.ForEachOps$ForEachOp$OfRef.accept(ForEachOps.java:183)
	at java.base/java.util.stream.ReferencePipeline$2$1.accept(ReferencePipeline.java:177)
	at java.base/java.util.Iterator.forEachRemaining(Iterator.java:133)
	at java.base/java.util.Spliterators$IteratorSpliterator.forEachRemaining(Spliterators.java:1801)
	at java.base/java.util.stream.AbstractPipeline.copyInto(AbstractPipeline.java:484)
	at java.base/java.util.stream.AbstractPipeline.wrapAndCopyInto(AbstractPipeline.java:474)
	at java.base/java.util.stream.ForEachOps$ForEachOp.evaluateSequential(ForEachOps.java:150)
	at java.base/java.util.stream.ForEachOps$ForEachOp$OfRef.evaluateSequential(ForEachOps.java:173)
	at java.base/java.util.stream.AbstractPipeline.evaluate(AbstractPipeline.java:234)
	at java.base/java.util.stream.ReferencePipeline.forEach(ReferencePipeline.java:497)
	at org.junit.platform.engine.support.hierarchical.HierarchicalTestExecutor$NodeExecutor.lambda$executeRecursively$3(HierarchicalTestExecutor.java:120)
	at org.junit.platform.engine.support.hierarchical.SingleTestExecutor.executeSafely(SingleTestExecutor.java:66)
	at org.junit.platform.engine.support.hierarchical.HierarchicalTestExecutor$NodeExecutor.executeRecursively(HierarchicalTestExecutor.java:108)
	at org.junit.platform.engine.support.hierarchical.HierarchicalTestExecutor$NodeExecutor.execute(HierarchicalTestExecutor.java:79)
	at org.junit.platform.engine.support.hierarchical.HierarchicalTestExecutor.execute(HierarchicalTestExecutor.java:55)
	at org.junit.platform.engine.support.hierarchical.HierarchicalTestEngine.execute(HierarchicalTestEngine.java:43)
	at org.junit.platform.launcher.core.DefaultLauncher.execute(DefaultLauncher.java:170)
	at org.junit.platform.launcher.core.DefaultLauncher.execute(DefaultLauncher.java:154)
	at org.junit.platform.launcher.core.DefaultLauncher.execute(DefaultLauncher.java:90)
	at com.intellij.junit5.JUnit5IdeaTestRunner.startRunnerWithArgs(JUnit5IdeaTestRunner.java:71)
	at com.intellij.rt.junit.IdeaTestRunner$Repeater.startRunnerWithArgs(IdeaTestRunner.java:33)
	at com.intellij.rt.junit.JUnitStarter.prepareStreamsAndStart(JUnitStarter.java:221)
	at com.intellij.rt.junit.JUnitStarter.main(JUnitStarter.java:54)
13:26:51.893 [main] INFO  stringConverter - adding element: Country{location='Russia', countryCode='ru', latitude=61.52401, longitude=105.318756, confirmed=4675153, dead=104398, recovered=4301448, updated='2021-04-15T14:15:07'}
13:27:42.552 [main] INFO  stringConverter - starting to convert elements
13:27:42.649 [main] INFO  stringConverter - adding element: Country{location='Iran', countryCode='ir', latitude=32.427908, longitude=53.688046, confirmed=2168872, dead=65680, recovered=1749041, updated='2021-04-15T14:15:07'}
13:27:42.650 [main] INFO  stringConverter - adding element: Country{location='Germany', countryCode='de', latitude=51.165691, longitude=10.451526, confirmed=3064382, dead=79813, recovered=2736100, updated='2021-04-15T14:15:07'}
13:27:42.650 [main] INFO  stringConverter - adding element: Country{location='Russia', countryCode='ru', latitude=61.52401, longitude=105.318756, confirmed=4675153, dead=104398, recovered=4301448, updated='2021-04-15T14:15:07'}
13:27:42.651 [main] INFO  stringConverter - adding element: Country{location='Nepal', countryCode='np', latitude=28.394857, longitude=84.12400799999999, confirmed=281564, dead=3061, recovered=274447, updated='2021-04-15T10:00:07'}
13:27:42.651 [main] INFO  stringConverter - adding element: Country{location='Saudi Arabia', countryCode='sa', latitude=23.885942, longitude=45.079162, confirmed=401157, dead=6781, recovered=385441, updated='2021-04-15T10:00:07'}
13:27:42.651 [main] INFO  stringConverter - adding element: Country{location='Argentina', countryCode='ar', latitude=-38.416097, longitude=-63.61667199999999, confirmed=2604157, dead=58542, recovered=2278486, updated='2021-04-15T14:15:07'}
13:27:42.652 [main] INFO  stringConverter - adding element: Country{location='Austria', countryCode='at', latitude=47.516231, longitude=14.550072, confirmed=586883, dead=9813, recovered=547604, updated='2021-04-15T10:00:07'}
13:27:42.652 [main] INFO  stringConverter - adding element: Country{location='Jordan', countryCode='jo', latitude=36.1500042, longitude=-95.9882368, confirmed=676175, dead=7987, recovered=617096, updated='2021-04-15T10:00:07'}
13:27:42.652 [main] INFO  stringConverter - adding element: Country{location='Angola', countryCode='ao', latitude=-11.202692, longitude=17.873887, confirmed=23841, dead=557, recovered=22144, updated='2021-04-15T10:00:07'}
13:27:42.653 [main] INFO  stringConverter - adding element: Country{location='Netherlands', countryCode='nl', latitude=52.132633, longitude=5.291265999999999, confirmed=1369411, dead=16848, recovered=0, updated='2021-04-15T10:15:12'}
13:27:42.653 [main] INFO  stringConverter - adding element: Country{location='Bulgaria', countryCode='bg', latitude=42.733883, longitude=25.48583, confirmed=380576, dead=14871, recovered=296998, updated='2021-04-15T10:00:07'}
13:27:42.653 [main] INFO  stringConverter - adding element: Country{location='Brazil', countryCode='br', latitude=-14.235004, longitude=-51.92528, confirmed=14791434, dead=408829, recovered=13336476, updated='2021-05-04T11:15:07'}
13:27:42.654 [main] INFO  stringConverter - adding element: Country{location='Italy', countryCode='it', latitude=41.87194, longitude=12.56738, confirmed=3809193, dead=115557, recovered=3178976, updated='2021-04-15T14:15:07'}
13:27:42.654 [main] INFO  stringConverter - adding element: Country{location='France', countryCode='fr', latitude=46.227638, longitude=2.213749, confirmed=5149834, dead=99777, recovered=315152, updated='2021-04-15T14:15:07'}
13:27:42.654 [main] INFO  stringConverter - adding element: Country{location='Belgium', countryCode='be', latitude=50.503887, longitude=4.469936, confirmed=935316, dead=23603, recovered=60320, updated='2021-04-15T10:15:12'}
13:27:42.655 [main] INFO  stringConverter - adding element: Country{location='Peru', countryCode='pe', latitude=-9.189967, longitude=-75.015152, confirmed=1667737, dead=55812, recovered=1592937, updated='2021-04-15T14:15:07'}
13:27:42.655 [main] INFO  stringConverter - adding element: Country{location='Ukraine', countryCode='ua', latitude=48.379433, longitude=31.1655799, confirmed=1903765, dead=38658, recovered=1453766, updated='2021-04-15T14:15:07'}
13:27:42.655 [main] INFO  stringConverter - adding element: Country{location='UK', countryCode='gb', latitude=55.378051, longitude=-3.435973, confirmed=4378305, dead=127161, recovered=4113338, updated='2021-04-15T14:15:07'}
13:27:42.655 [main] INFO  stringConverter - adding element: Country{location='Syria', countryCode='sy', latitude=34.80207499999999, longitude=38.996815, confirmed=20555, dead=1402, recovered=14335, updated='2021-04-15T10:00:07'}
13:27:42.656 [main] INFO  stringConverter - adding element: Country{location='Azerbaijan', countryCode='az', latitude=40.143105, longitude=47.576927, confirmed=291894, dead=4009, recovered=255833, updated='2021-04-15T10:00:07'}
13:27:42.656 [main] INFO  stringConverter - adding element: Country{location='Colombia', countryCode='co', latitude=4.570868, longitude=-74.297333, confirmed=2585801, dead=66819, recovered=2419265, updated='2021-04-15T14:15:07'}
13:27:42.656 [main] INFO  stringConverter - adding element: Country{location='Indonesia', countryCode='id', latitude=-0.789275, longitude=113.921327, confirmed=1589359, dead=43073, recovered=1438254, updated='2021-04-15T14:15:07'}
13:27:42.656 [main] INFO  stringConverter - adding element: Country{location='Chile', countryCode='cl', latitude=-35.675147, longitude=-71.542969, confirmed=1094267, dead=24548, recovered=1026934, updated='2021-04-15T10:15:12'}
13:27:42.657 [main] INFO  stringConverter - adding element: Country{location='Mexico', countryCode='mx', latitude=23.634501, longitude=-102.552784, confirmed=2291246, dead=210812, recovered=1817866, updated='2021-04-15T14:15:07'}
13:27:42.657 [main] INFO  stringConverter - adding element: Country{location='Turkey', countryCode='tr', latitude=38.963745, longitude=35.243322, confirmed=4025557, dead=34734, recovered=3480146, updated='2021-04-15T14:15:07'}
13:27:42.657 [main] INFO  stringConverter - adding element: Country{location='Spain', countryCode='es', latitude=40.46366700000001, longitude=-3.74922, confirmed=3387022, dead=76756, recovered=3118437, updated='2021-04-15T14:15:07'}
13:27:42.657 [main] INFO  stringConverter - adding element: Country{location='Gabon', countryCode='ga', latitude=-0.803689, longitude=11.609444, confirmed=21566, dead=132, recovered=18219, updated='2021-04-15T10:00:07'}
13:27:42.658 [main] INFO  stringConverter - adding element: Country{location='Poland', countryCode='pl', latitude=51.919438, longitude=19.145136, confirmed=2642242, dead=60612, recovered=2238638, updated='2021-04-15T14:15:07'}
13:27:42.658 [main] INFO  stringConverter - adding element: Country{location='UAE', countryCode='ae', latitude=23.424076, longitude=53.847818, confirmed=489495, dead=1541, recovered=473398, updated='2021-04-15T10:00:07'}
13:27:42.658 [main] INFO  stringConverter - adding element: Country{location='Czechia', countryCode='cz', latitude=49.81749199999999, longitude=15.472962, confirmed=1593847, dead=28229, recovered=1483559, updated='2021-04-15T14:15:07'}
13:27:42.658 [main] INFO  stringConverter - adding element: Country{location='India', countryCode='in', latitude=20.593684, longitude=78.96288, confirmed=20282833, dead=222408, recovered=16613292, updated='2021-05-04T11:15:07'}
13:27:42.659 [main] INFO  stringConverter - adding element: Country{location='Guinea', countryCode='gn', latitude=9.945587, longitude=-9.696645, confirmed=21299, dead=136, recovered=18815, updated='2021-04-15T10:00:07'}
13:27:42.659 [main] INFO  stringConverter - adding element: Country{location='Croatia', countryCode='hr', latitude=45.1, longitude=15.2000001, confirmed=300900, dead=6442, recovered=279151, updated='2021-04-15T10:00:07'}
13:27:42.659 [main] INFO  stringConverter - adding element: Country{location='Portugal', countryCode='pt', latitude=39.39987199999999, longitude=-8.224454, confirmed=828857, dead=16931, recovered=786469, updated='2021-04-15T10:00:07'}
13:27:42.659 [main] INFO  stringConverter - adding element: Country{location='Australia', countryCode='au', latitude=-25.274398, longitude=133.775136, confirmed=29457, dead=910, recovered=26381, updated='2021-04-15T10:00:07'}
13:27:42.660 [main] INFO  stringConverter - adding element: Country{location='Hungary', countryCode='hu', latitude=47.162494, longitude=19.5033041, confirmed=736982, dead=24521, recovered=440498, updated='2021-04-15T10:00:07'}
13:27:42.660 [main] INFO  stringConverter - adding element: Country{location='Panama', countryCode='pa', latitude=8.537981, longitude=-80.782127, confirmed=359516, dead=6177, recovered=349318, updated='2021-04-15T10:00:07'}
13:27:42.660 [main] INFO  stringConverter - adding element: Country{location='Ecuador', countryCode='ec', latitude=-1.831239, longitude=-78.18340599999999, confirmed=350539, dead=17400, recovered=298604, updated='2021-04-15T10:00:07'}
13:27:42.660 [main] INFO  stringConverter - adding element: Country{location='Georgia', countryCode='ge', latitude=32.1656221, longitude=-82.9000751, confirmed=292244, dead=3908, recovered=279389, updated='2021-04-15T10:00:07'}
13:27:42.661 [main] INFO  stringConverter - adding element: Country{location='South Africa', countryCode='za', latitude=-30.559482, longitude=22.937506, confirmed=1584961, dead=103, recovered=1486873, updated='2021-05-04T11:19:57'}
13:27:42.661 [main] INFO  stringConverter - adding element: Country{location='Morocco', countryCode='ma', latitude=31.791702, longitude=-7.092619999999999, confirmed=503664, dead=8920, recovered=489928, updated='2021-04-15T10:00:07'}
13:27:42.661 [main] INFO  stringConverter - adding element: Country{location='Slovakia', countryCode='sk', latitude=48.669026, longitude=19.699024, confirmed=373950, dead=10877, recovered=255300, updated='2021-04-15T10:00:07'}
13:27:42.662 [main] INFO  stringConverter - adding element: Country{location='Paraguay', countryCode='py', latitude=-23.442503, longitude=-58.443832, confirmed=242161, dead=5040, recovered=198473, updated='2021-04-15T10:00:07'}
13:27:42.662 [main] INFO  stringConverter - adding element: Country{location='Egypt', countryCode='eg', latitude=26.820553, longitude=30.802498, confirmed=212961, dead=12570, recovered=161031, updated='2021-04-15T10:00:07'}
13:27:42.662 [main] INFO  stringConverter - adding element: Country{location='Qatar', countryCode='qa', latitude=25.354826, longitude=51.183884, confirmed=192963, dead=348, recovered=171388, updated='2021-04-15T10:00:07'}
13:27:42.662 [main] INFO  stringConverter - adding element: Country{location='Bahrain', countryCode='bh', latitude=26.0667, longitude=50.5577, confirmed=159964, dead=569, recovered=148093, updated='2021-04-15T10:00:07'}
13:27:42.662 [main] INFO  stringConverter - adding element: Country{location='South Korea', countryCode='kr', latitude=35.907757, longitude=127.766922, confirmed=112117, dead=1788, recovered=102513, updated='2021-04-15T10:00:07'}
13:27:42.663 [main] INFO  stringConverter - adding element: Country{location='Kyrgyzstan', countryCode='kg', latitude=41.20438, longitude=74.766098, confirmed=91144, dead=1540, recovered=86491, updated='2021-04-15T10:00:07'}
13:27:42.663 [main] INFO  stringConverter - adding element: Country{location='Bolivia', countryCode='bo', latitude=-16.290154, longitude=-63.58865299999999, confirmed=285291, dead=12519, recovered=234596, updated='2021-04-15T10:00:07'}
13:27:42.663 [main] INFO  stringConverter - adding element: Country{location='Oman', countryCode='om', latitude=21.4735329, longitude=55.975413, confirmed=176668, dead=1821, recovered=156845, updated='2021-04-15T10:00:07'}
13:27:42.663 [main] INFO  stringConverter - adding element: Country{location='Puerto Rico', countryCode='pr', latitude=18.220833, longitude=-66.590149, confirmed=80590, dead=1703, recovered=0, updated='2021-01-17T18:15:05'}
13:27:42.663 [main] INFO  stringConverter - adding element: Country{location='Guatemala', countryCode='gt', latitude=15.783471, longitude=-90.23075899999999, confirmed=207127, dead=7089, recovered=187894, updated='2021-04-15T10:00:07'}
13:27:42.664 [main] INFO  stringConverter - adding element: Country{location='Myanmar', countryCode='mm', latitude=21.916221, longitude=95.955974, confirmed=142610, dead=3206, recovered=131879, updated='2021-04-15T10:00:07'}
13:27:42.664 [main] INFO  stringConverter - adding element: Country{location='Singapore', countryCode='sg', latitude=1.352083, longitude=103.819836, confirmed=60735, dead=30, recovered=60392, updated='2021-04-15T10:00:07'}
13:27:42.664 [main] INFO  stringConverter - adding element: Country{location='Palestine', countryCode='ps', latitude=31.952162, longitude=35.233154, confirmed=274690, dead=2923, recovered=239291, updated='2021-04-15T10:00:07'}
13:27:42.665 [main] INFO  stringConverter - adding element: Country{location='Bosnia and Herzegovina', countryCode='ba', latitude=43.915886, longitude=17.679076, confirmed=186372, dead=7642, recovered=143944, updated='2021-04-15T10:00:07'}
13:27:42.665 [main] INFO  stringConverter - adding element: Country{location='Kenya', countryCode='ke', latitude=-0.023559, longitude=37.906193, confirmed=148128, dead=2420, recovered=99580, updated='2021-04-15T10:00:07'}
13:27:42.665 [main] INFO  stringConverter - adding element: Country{location='Montenegro', countryCode='me', latitude=42.708678, longitude=19.37439, confirmed=94859, dead=1405, recovered=89615, updated='2021-04-15T10:00:07'}
13:27:42.666 [main] INFO  stringConverter - adding element: Country{location='Uzbekistan', countryCode='uz', latitude=41.377491, longitude=64.585262, confirmed=85730, dead=634, recovered=83462, updated='2021-04-15T10:00:07'}
13:27:42.666 [main] INFO  stringConverter - adding element: Country{location='Malaysia', countryCode='my', latitude=4.210484, longitude=101.975766, confirmed=367977, dead=1363, recovered=349039, updated='2021-04-15T10:00:07'}
13:27:42.666 [main] INFO  stringConverter - adding element: Country{location='Kazakhstan', countryCode='kz', latitude=48.019573, longitude=66.923684, confirmed=278695, dead=3306, recovered=239448, updated='2021-04-15T10:00:07'}
13:27:42.666 [main] INFO  stringConverter - adding element: Country{location='Albania', countryCode='al', latitude=41.153332, longitude=20.168331, confirmed=128959, dead=2331, recovered=99441, updated='2021-04-15T10:00:07'}
13:27:42.667 [main] INFO  stringConverter - adding element: Country{location='Afghanistan', countryCode='af', latitude=33.93911, longitude=67.709953, confirmed=57612, dead=2535, recovered=52083, updated='2021-04-15T10:00:07'}
13:27:42.667 [main] INFO  stringConverter - adding element: Country{location='Dominican Republic', countryCode='do', latitude=18.735693, longitude=-70.162651, confirmed=259260, dead=3402, recovered=217286, updated='2021-04-15T10:00:07'}
13:27:42.667 [main] INFO  stringConverter - adding element: Country{location='Lithuania', countryCode='lt', latitude=55.169438, longitude=23.881275, confirmed=230462, dead=3730, recovered=208890, updated='2021-04-15T10:00:07'}
13:27:42.668 [main] INFO  stringConverter - adding element: Country{location='Libya', countryCode='ly', latitude=26.3351, longitude=17.228331, confirmed=170045, dead=2834, recovered=155117, updated='2021-04-15T10:00:07'}
13:27:42.668 [main] INFO  stringConverter - adding element: Country{location='Honduras', countryCode='hn', latitude=15.199999, longitude=-86.241905, confirmed=198214, dead=4905, recovered=76130, updated='2021-04-15T10:00:07'}
13:27:42.668 [main] INFO  stringConverter - adding element: Country{location='Nigeria', countryCode='ng', latitude=9.081999, longitude=8.675277, confirmed=164000, dead=2061, recovered=154270, updated='2021-04-15T10:00:07'}
13:27:42.668 [main] INFO  stringConverter - adding element: Country{location='Algeria', countryCode='dz', latitude=28.033886, longitude=1.659626, confirmed=118975, dead=3141, recovered=82929, updated='2021-04-15T10:00:07'}
13:27:42.669 [main] INFO  stringConverter - adding element: Country{location='China', countryCode='cn', latitude=35.86166, longitude=104.195397, confirmed=90457, dead=4636, recovered=85524, updated='2021-04-15T10:00:07'}
13:27:42.669 [main] INFO  stringConverter - adding element: Country{location='Lebanon', countryCode='lb', latitude=33.854721, longitude=35.862285, confirmed=502299, dead=6778, recovered=413175, updated='2021-04-15T10:00:07'}
13:27:42.669 [main] INFO  stringConverter - adding element: Country{location='Kuwait', countryCode='kw', latitude=29.31166, longitude=47.481766, confirmed=251675, dead=1423, recovered=235053, updated='2021-04-15T10:00:07'}
13:27:42.669 [main] INFO  stringConverter - adding element: Country{location='Slovenia', countryCode='si', latitude=46.151241, longitude=14.995463, confirmed=229967, dead=4142, recovered=212815, updated='2021-04-15T10:00:07'}
13:27:42.670 [main] INFO  stringConverter - adding element: Country{location='Venezuela', countryCode='ve', latitude=6.42375, longitude=-66.58973, confirmed=178094, dead=1834, recovered=160620, updated='2021-04-15T10:00:07'}
13:27:42.670 [main] INFO  stringConverter - adding element: Country{location='North Macedonia', countryCode='mk', latitude=41.608635, longitude=21.745275, confirmed=144111, dead=4322, recovered=119683, updated='2021-04-15T10:00:07'}
13:27:42.670 [main] INFO  stringConverter - adding element: Country{location='Ghana', countryCode='gh', latitude=7.946527, longitude=-1.023194, confirmed=91477, dead=763, recovered=89301, updated='2021-04-15T10:00:07'}
13:27:42.670 [main] INFO  stringConverter - adding element: Country{location='El Salvador', countryCode='sv', latitude=13.794185, longitude=-88.89653, confirmed=66956, dead=2060, recovered=63345, updated='2021-04-15T10:00:07'}
13:27:42.670 [main] INFO  stringConverter - adding element: Country{location='Greece', countryCode='gr', latitude=39.074208, longitude=21.824312, confirmed=304184, dead=9135, recovered=261176, updated='2021-04-15T10:00:07'}
13:27:42.671 [main] INFO  stringConverter - adding element: Country{location='Tunisia', countryCode='tn', latitude=33.886917, longitude=9.537499, confirmed=276727, dead=9480, recovered=229754, updated='2021-04-15T10:00:07'}
13:27:42.671 [main] INFO  stringConverter - adding element: Country{location='Mali', countryCode='ml', latitude=17.570692, longitude=-3.996166, confirmed=12467, dead=419, recovered=7238, updated='2021-04-15T10:00:07'}
13:27:42.671 [main] INFO  stringConverter - adding element: Country{location='Trinidad and Tobago', countryCode='tt', latitude=10.691803, longitude=-61.222503, confirmed=8596, dead=148, recovered=7818, updated='2021-04-15T10:00:07'}
13:27:42.672 [main] INFO  stringConverter - adding element: Country{location='Timor-Leste', countryCode='tl', latitude=-8.874217, longitude=125.727539, confirmed=1103, dead=2, recovered=564, updated='2021-04-15T10:00:07'}
13:27:42.672 [main] INFO  stringConverter - adding element: Country{location='Cameroon', countryCode='cm', latitude=7.369721999999999, longitude=12.354722, confirmed=61731, dead=919, recovered=56926, updated='2021-04-15T10:00:07'}
13:27:42.672 [main] INFO  stringConverter - adding element: Country{location='Estonia', countryCode='ee', latitude=58.595272, longitude=25.0136071, confirmed=116200, dead=1064, recovered=99096, updated='2021-04-15T10:00:07'}
13:27:42.672 [main] INFO  stringConverter - adding element: Country{location='Eswatini', countryCode='sz', latitude=-26.522503, longitude=31.465866, confirmed=18407, dead=670, recovered=17682, updated='2021-04-15T10:00:07'}
13:27:42.672 [main] INFO  stringConverter - adding element: Country{location='Cyprus', countryCode='cy', latitude=35.126413, longitude=33.429859, confirmed=53254, dead=277, recovered=39061, updated='2021-04-15T10:00:07'}
13:27:42.673 [main] INFO  stringConverter - adding element: Country{location='Uganda', countryCode='ug', latitude=1.373333, longitude=32.290275, confirmed=41237, dead=338, recovered=40779, updated='2021-04-15T10:00:07'}
13:27:42.673 [main] INFO  stringConverter - adding element: Country{location='Senegal', countryCode='sn', latitude=14.497401, longitude=-14.452362, confirmed=39560, dead=1084, recovered=38290, updated='2021-04-15T10:00:07'}
13:27:42.673 [main] INFO  stringConverter - adding element: Country{location='Hong Kong', countryCode='hk', latitude=22.3193039, longitude=114.1693611, confirmed=11619, dead=209, recovered=11246, updated='2021-04-15T10:00:07'}
13:27:42.673 [main] INFO  stringConverter - adding element: Country{location='Guyana', countryCode='gy', latitude=4.860416, longitude=-58.93018, confirmed=11374, dead=260, recovered=9880, updated='2021-04-15T10:00:07'}
13:27:42.673 [main] INFO  stringConverter - adding element: Country{location='Latvia', countryCode='lv', latitude=56.879635, longitude=24.603189, confirmed=109731, dead=2030, recovered=100464, updated='2021-04-15T10:00:07'}
13:27:42.673 [main] INFO  stringConverter - adding element: Country{location='Zambia', countryCode='zm', latitude=-13.133897, longitude=27.849332, confirmed=90389, dead=1229, recovered=88241, updated='2021-04-15T10:00:07'}
13:27:42.674 [main] INFO  stringConverter - adding element: Country{location='Namibia', countryCode='na', latitude=38.911651, longitude=-77.0412109, confirmed=46051, dead=592, recovered=44162, updated='2021-04-15T10:00:07'}
13:27:42.674 [main] INFO  stringConverter - adding element: Country{location='Thailand', countryCode='th', latitude=15.870032, longitude=100.992541, confirmed=37453, dead=97, recovered=28383, updated='2021-04-15T10:00:07'}
13:27:42.674 [main] INFO  stringConverter - adding element: Country{location='Madagascar', countryCode='mg', latitude=-18.766947, longitude=46.869107, confirmed=29348, dead=520, recovered=24695, updated='2021-04-15T10:00:07'}
13:27:42.674 [main] INFO  stringConverter - adding element: Country{location='DRC', countryCode='cd', latitude=-4.038333, longitude=21.758664, confirmed=28714, dead=745, recovered=25841, updated='2021-04-15T10:00:07'}
13:27:42.674 [main] INFO  stringConverter - adding element: Country{location='Maldives', countryCode='mv', latitude=3.202778, longitude=73.22068, confirmed=25844, dead=67, recovered=23141, updated='2021-04-15T10:00:07'}
13:27:42.674 [main] INFO  stringConverter - adding element: Country{location='Mauritania', countryCode='mr', latitude=21.00789, longitude=-10.940835, confirmed=18066, dead=452, recovered=17428, updated='2021-04-15T10:00:07'}
13:27:42.675 [main] INFO  stringConverter - adding element: Country{location='Haiti', countryCode='ht', latitude=18.971187, longitude=-72.285215, confirmed=12857, dead=251, recovered=11614, updated='2021-04-15T10:00:07'}
13:27:42.675 [main] INFO  stringConverter - adding element: Country{location='Dominica', countryCode='dm', latitude=15.414999, longitude=-61.37097600000001, confirmed=165, dead=0, recovered=159, updated='2021-04-15T10:00:07'}
13:27:42.675 [main] INFO  stringConverter - adding element: Country{location='Malawi', countryCode='mw', latitude=-13.254308, longitude=34.301525, confirmed=33891, dead=1134, recovered=31675, updated='2021-04-15T10:00:07'}
13:27:42.675 [main] INFO  stringConverter - adding element: Country{location='Fiji', countryCode='fj', latitude=-17.713371, longitude=178.065032, confirmed=68, dead=2, recovered=64, updated='2021-04-15T10:00:07'}
13:27:42.675 [main] INFO  stringConverter - adding element: Country{location='Andorra', countryCode='ad', latitude=42.506285, longitude=1.521801, confirmed=12641, dead=121, recovered=11989, updated='2021-04-15T10:00:07'}
13:27:42.675 [main] INFO  stringConverter - adding element: Country{location='Congo', countryCode='cg', latitude=-4.038333, longitude=21.758664, confirmed=10084, dead=139, recovered=8208, updated='2021-04-15T10:00:07'}
13:27:42.676 [main] INFO  stringConverter - adding element: Country{location='Cuba', countryCode='cu', latitude=21.521757, longitude=-77.781167, confirmed=89404, dead=487, recovered=84114, updated='2021-04-15T10:00:07'}
13:27:42.676 [main] INFO  stringConverter - adding element: Country{location='Cabo Verde', countryCode='cv', latitude=16.5388, longitude=-23.0418, confirmed=19525, dead=188, recovered=17645, updated='2021-04-15T10:00:07'}
13:27:42.676 [main] INFO  stringConverter - adding element: Country{location='Botswana', countryCode='bw', latitude=-22.328474, longitude=24.684866, confirmed=43444, dead=663, recovered=38923, updated='2021-04-15T10:00:07'}
13:27:42.676 [main] INFO  stringConverter - adding element: Country{location='Finland', countryCode='fi', latitude=61.92410999999999, longitude=25.7481511, confirmed=83253, dead=881, recovered=46000, updated='2021-04-15T10:00:07'}
13:27:42.676 [main] INFO  stringConverter - adding element: Country{location='French Polynesia', countryCode='pf', latitude=-17.679742, longitude=-149.406843, confirmed=18680, dead=141, recovered=4842, updated='2021-04-15T10:00:07'}
13:27:42.676 [main] INFO  stringConverter - adding element: Country{location='Belize', countryCode='bz', latitude=17.189877, longitude=-88.49765, confirmed=12522, dead=318, recovered=12140, updated='2021-04-15T10:00:07'}
13:27:42.677 [main] INFO  stringConverter - adding element: Country{location='Bahamas', countryCode='bs', latitude=25.03428, longitude=-77.39627999999999, confirmed=9505, dead=190, recovered=8965, updated='2021-04-15T10:00:07'}
13:27:42.677 [main] INFO  stringConverter - adding element: Country{location='Falkland Islands', countryCode='fk', latitude=-51.796253, longitude=-59.523613, confirmed=62, dead=0, recovered=55, updated='2021-04-15T10:00:07'}
13:27:42.677 [main] INFO  stringConverter - adding element: Country{location='Uruguay', countryCode='uy', latitude=-32.522779, longitude=-55.765835, confirmed=152089, dead=1647, recovered=119388, updated='2021-04-15T10:00:07'}
13:27:42.677 [main] INFO  stringConverter - adding element: Country{location='Jamaica', countryCode='jm', latitude=18.109581, longitude=-77.297508, confirmed=43054, dead=692, recovered=19248, updated='2021-04-15T10:00:07'}
13:27:42.677 [main] INFO  stringConverter - adding element: Country{location='Malta', countryCode='mt', latitude=35.937496, longitude=14.375416, confirmed=29778, dead=403, recovered=28797, updated='2021-04-15T10:00:07'}
13:27:42.677 [main] INFO  stringConverter - adding element: Country{location='Djibouti', countryCode='dj', latitude=11.825138, longitude=42.590275, confirmed=10202, dead=106, recovered=8591, updated='2021-04-15T10:00:07'}
13:27:42.678 [main] INFO  stringConverter - adding element: Country{location='Guinea-Bissau', countryCode='gw', latitude=11.803749, longitude=-15.180413, confirmed=3694, dead=66, recovered=3093, updated='2021-04-15T10:00:07'}
13:27:42.678 [main] INFO  stringConverter - adding element: Country{location='U.S. Virgin Islands', countryCode='vi', latitude=18.335765, longitude=-64.896335, confirmed=2260, dead=24, recovered=2120, updated='2021-01-17T18:15:05'}
13:27:42.678 [main] INFO  stringConverter - adding element: Country{location='Liechtenstein', countryCode='li', latitude=47.166, longitude=9.555373, confirmed=2770, dead=56, recovered=2646, updated='2021-04-15T10:00:07'}
13:27:42.678 [main] INFO  stringConverter - adding element: Country{location='Sint Maarten', countryCode='sx', latitude=18.04248, longitude=-63.05483, confirmed=2196, dead=27, recovered=2133, updated='2021-04-15T10:00:07'}
13:27:42.678 [main] INFO  stringConverter - adding element: Country{location='Bermuda', countryCode='bm', latitude=32.3078, longitude=-64.7505, confirmed=1935, dead=16, recovered=1051, updated='2021-04-15T10:00:07'}
13:27:42.678 [main] INFO  stringConverter - adding element: Country{location='Benin', countryCode='bj', latitude=9.30769, longitude=2.315834, confirmed=7611, dead=95, recovered=6728, updated='2021-04-15T10:00:07'}
13:27:42.678 [main] INFO  stringConverter - adding element: Country{location='Iceland', countryCode='is', latitude=64.963051, longitude=-19.020835, confirmed=6275, dead=29, recovered=6163, updated='2021-04-15T10:00:07'}
13:27:42.679 [main] INFO  stringConverter - adding element: Country{location='Yemen', countryCode='ye', latitude=15.552727, longitude=48.516388, confirmed=5582, dead=1083, recovered=2128, updated='2021-04-15T10:00:07'}
13:27:42.679 [main] INFO  stringConverter - adding element: Country{location='Gibraltar', countryCode='gi', latitude=36.140751, longitude=-5.353585, confirmed=4290, dead=94, recovered=4181, updated='2021-04-15T10:00:07'}
13:27:42.679 [main] INFO  stringConverter - adding element: Country{location='New Zealand', countryCode='nz', latitude=-40.900557, longitude=174.885971, confirmed=2591, dead=26, recovered=2464, updated='2021-04-15T10:00:07'}
13:27:42.680 [main] INFO  stringConverter - adding element: Country{location='Bhutan', countryCode='bt', latitude=27.514162, longitude=90.433601, confirmed=929, dead=1, recovered=876, updated='2021-04-15T10:00:07'}
13:27:42.680 [main] INFO  stringConverter - adding element: Country{location='Faeroe Islands', countryCode='fo', latitude=61.89263500000001, longitude=-6.9118061, confirmed=662, dead=1, recovered=660, updated='2021-04-15T10:00:07'}
13:27:42.681 [main] INFO  stringConverter - adding element: Country{location='Belarus', countryCode='by', latitude=53.709807, longitude=27.953389, confirmed=338801, dead=2383, recovered=329135, updated='2021-04-15T10:00:07'}
13:27:42.681 [main] INFO  stringConverter - adding element: Country{location='Somaliland', countryCode='05', latitude=9.411743399999999, longitude=46.8252838, confirmed=1354, dead=47, recovered=1200, updated='2021-01-17T18:15:05'}
13:27:42.682 [main] INFO  stringConverter - adding element: Country{location='Togo', countryCode='tg', latitude=8.619543, longitude=0.824782, confirmed=12214, dead=117, recovered=9543, updated='2021-04-15T10:00:07'}
13:27:42.682 [main] INFO  stringConverter - adding element: Country{location='Lesotho', countryCode='ls', latitude=-29.609988, longitude=28.233608, confirmed=10709, dead=315, recovered=5028, updated='2021-04-15T10:00:07'}
13:27:42.683 [main] INFO  stringConverter - adding element: Country{location='San Marino', countryCode='sm', latitude=43.94236, longitude=12.457777, confirmed=5004, dead=86, recovered=4625, updated='2021-04-15T10:00:07'}
13:27:42.683 [main] INFO  stringConverter - adding element: Country{location='Rwanda', countryCode='rw', latitude=-1.940278, longitude=29.873888, confirmed=23672, dead=317, recovered=21594, updated='2021-04-15T10:00:07'}
13:27:42.683 [main] INFO  stringConverter - adding element: Country{location='Suriname', countryCode='sr', latitude=3.919305, longitude=-56.027783, confirmed=9417, dead=184, recovered=8725, updated='2021-04-15T10:00:07'}
13:27:42.683 [main] INFO  stringConverter - adding element: Country{location='Liberia', countryCode='lr', latitude=6.428055, longitude=-9.429499000000002, confirmed=2042, dead=85, recovered=1899, updated='2021-04-15T10:00:07'}
13:27:42.683 [main] INFO  stringConverter - adding element: Country{location='Somalia', countryCode='so', latitude=5.152149, longitude=46.199616, confirmed=12837, dead=656, recovered=5346, updated='2021-04-15T10:00:07'}
13:27:42.684 [main] INFO  stringConverter - adding element: Country{location='South Sudan', countryCode='ss', latitude=6.876991899999999, longitude=31.3069788, confirmed=10416, dead=114, recovered=10148, updated='2021-04-15T10:00:07'}
13:27:42.684 [main] INFO  stringConverter - adding element: Country{location='Papua New Guinea', countryCode='pg', latitude=-6.314992999999999, longitude=143.95555, confirmed=8984, dead=71, recovered=846, updated='2021-04-15T10:00:07'}
13:27:42.684 [main] INFO  stringConverter - adding element: Country{location='Equatorial Guinea', countryCode='gq', latitude=1.650801, longitude=10.267895, confirmed=7259, dead=106, recovered=6885, updated='2021-04-15T10:00:07'}
13:27:42.685 [main] INFO  stringConverter - adding element: Country{location='CAR', countryCode='cf', latitude=6.611110999999999, longitude=20.939444, confirmed=5682, dead=75, recovered=5112, updated='2021-04-15T10:00:07'}
13:27:42.685 [main] INFO  stringConverter - adding element: Country{location='Chad', countryCode='td', latitude=15.454166, longitude=18.732207, confirmed=4662, dead=167, recovered=4312, updated='2021-04-15T10:00:07'}
13:27:42.685 [main] INFO  stringConverter - adding element: Country{location='Vietnam', countryCode='vn', latitude=14.058324, longitude=108.277199, confirmed=2737, dead=35, recovered=2445, updated='2021-04-15T10:00:07'}
13:27:42.685 [main] INFO  stringConverter - adding element: Country{location='Monaco', countryCode='mc', latitude=43.73841760000001, longitude=7.424615799999999, confirmed=2384, dead=31, recovered=2266, updated='2021-04-15T10:00:07'}
13:27:42.686 [main] INFO  stringConverter - adding element: Country{location='Curaçao', countryCode='cw', latitude=12.16957, longitude=-68.99002, confirmed=11581, dead=78, recovered=7666, updated='2021-04-15T10:00:07'}
13:27:42.686 [main] INFO  stringConverter - adding element: Country{location='Taiwan', countryCode='tw', latitude=23.69781, longitude=120.960515, confirmed=1068, dead=11, recovered=1031, updated='2021-04-15T10:00:07'}
13:27:42.686 [main] INFO  stringConverter - adding element: Country{location='Jersey', countryCode='je', latitude=49.2137711, longitude=-2.1357662, confirmed=2908, dead=56, recovered=2561, updated='2021-01-17T18:15:05'}
13:27:42.686 [main] INFO  stringConverter - adding element: Country{location='Luxembourg', countryCode='lu', latitude=49.815273, longitude=6.129582999999999, confirmed=64334, dead=784, recovered=60203, updated='2021-04-15T10:00:07'}
13:27:42.686 [main] INFO  stringConverter - adding element: Country{location='Aruba', countryCode='aw', latitude=12.52111, longitude=-69.968338, confirmed=10159, dead=92, recovered=9573, updated='2021-04-15T10:00:07'}
13:27:42.687 [main] INFO  stringConverter - adding element: Country{location='Niger', countryCode='ne', latitude=17.607789, longitude=8.081666, confirmed=5081, dead=189, recovered=4760, updated='2021-04-15T10:00:07'}
13:27:42.687 [main] INFO  stringConverter - adding element: Country{location='Diamond Princess', countryCode='01', latitude=40.86429589999999, longitude=-73.9614914, confirmed=712, dead=13, recovered=699, updated='2021-04-15T10:00:07'}
13:27:42.687 [main] INFO  stringConverter - adding element: Country{location='Sierra Leone', countryCode='sl', latitude=8.460555, longitude=-11.779889, confirmed=4013, dead=79, recovered=2832, updated='2021-04-15T10:00:07'}
13:27:42.687 [main] INFO  stringConverter - adding element: Country{location='Burundi', countryCode='bi', latitude=-3.373056, longitude=29.918886, confirmed=3333, dead=6, recovered=773, updated='2021-04-15T10:00:07'}
13:27:42.688 [main] INFO  stringConverter - adding element: Country{location='Seychelles', countryCode='sc', latitude=-4.679574, longitude=55.491977, confirmed=4633, dead=25, recovered=4310, updated='2021-04-15T10:00:07'}
13:27:42.688 [main] INFO  stringConverter - adding element: Country{location='Saint Pierre Miquelon', countryCode='pm', latitude=46.8852, longitude=-56.3159, confirmed=24, dead=0, recovered=24, updated='2021-04-15T10:00:07'}
13:27:42.688 [main] INFO  stringConverter - adding element: Country{location='United States', countryCode='us', latitude=37.09024, longitude=-95.712891, confirmed=33230992, dead=591514, recovered=25908684, updated='2021-05-04T11:15:07'}
13:27:42.688 [main] INFO  stringConverter - adding element: Country{location='Laos', countryCode='la', latitude=19.85627, longitude=102.495496, confirmed=53, dead=0, recovered=49, updated='2021-04-15T10:00:07'}
13:27:42.689 [main] INFO  stringConverter - adding element: Country{location='Saint Kitts and Nevis', countryCode='kn', latitude=17.357822, longitude=-62.782998, confirmed=44, dead=0, recovered=44, updated='2021-04-15T10:00:07'}
13:27:42.689 [main] INFO  stringConverter - adding element: Country{location='Romania', countryCode='ro', latitude=45.943161, longitude=24.96676, confirmed=1016449, dead=25605, recovered=920653, updated='2021-04-15T10:15:12'}
13:27:42.689 [main] INFO  stringConverter - adding element: Country{location='French Guiana', countryCode='gf', latitude=3.933889, longitude=-53.125782, confirmed=17883, dead=95, recovered=9995, updated='2021-04-15T10:00:07'}
13:27:42.689 [main] INFO  stringConverter - adding element: Country{location='Barbados', countryCode='bb', latitude=13.193887, longitude=-59.543198, confirmed=3744, dead=44, recovered=3634, updated='2021-04-15T10:00:07'}
13:27:42.689 [main] INFO  stringConverter - adding element: Country{location='Sao Tome and Principe', countryCode='st', latitude=0.18636, longitude=6.613080999999999, confirmed=2269, dead=35, recovered=2196, updated='2021-04-15T10:00:07'}
13:27:42.689 [main] INFO  stringConverter - adding element: Country{location='Macao', countryCode='mo', latitude=22.198745, longitude=113.543873, confirmed=49, dead=0, recovered=48, updated='2021-04-15T10:00:07'}
13:27:42.690 [main] INFO  stringConverter - adding element: Country{location='Montserrat', countryCode='ms', latitude=16.742498, longitude=-62.187366, confirmed=20, dead=1, recovered=19, updated='2021-04-15T10:00:07'}
13:27:42.690 [main] INFO  stringConverter - adding element: Country{location='Saint Martin', countryCode='mf', latitude=18.0708298, longitude=-63.0500809, confirmed=1693, dead=12, recovered=1399, updated='2021-04-15T10:00:07'}
13:27:42.690 [main] INFO  stringConverter - adding element: Country{location='Sint Eustatius', countryCode='bq', latitude=17.4890306, longitude=-62.973555, confirmed=18, dead=0, recovered=18, updated='2021-01-17T18:15:05'}
13:27:42.690 [main] INFO  stringConverter - adding element: Country{location='Isle of Man', countryCode='im', latitude=54.236107, longitude=-4.548056, confirmed=1575, dead=29, recovered=1445, updated='2021-04-15T10:00:07'}
13:27:42.691 [main] INFO  stringConverter - adding element: Country{location='Tanzania', countryCode='tz', latitude=-6.369028, longitude=34.888822, confirmed=509, dead=21, recovered=183, updated='2021-04-15T10:00:07'}
13:27:42.691 [main] INFO  stringConverter - adding element: Country{location='Samoa', countryCode='ws', latitude=-13.759029, longitude=-172.104629, confirmed=3, dead=0, recovered=2, updated='2021-04-15T10:00:07'}
13:27:42.691 [main] INFO  stringConverter - adding element: Country{location='Coral Princess', countryCode='11', latitude=20.5331399, longitude=-86.9387546, confirmed=12, dead=3, recovered=0, updated='2021-01-17T18:15:05'}
13:27:42.692 [main] INFO  stringConverter - adding element: Country{location='Brunei ', countryCode='bn', latitude=4.535277, longitude=114.727669, confirmed=221, dead=3, recovered=206, updated='2021-04-15T10:00:07'}
13:27:42.692 [main] INFO  stringConverter - adding element: Country{location='Japan', countryCode='jp', latitude=36.204824, longitude=138.252924, confirmed=512169, dead=9469, recovered=471007, updated='2021-04-15T10:00:07'}
13:27:42.692 [main] INFO  stringConverter - adding element: Country{location='St. Barth', countryCode='bl', latitude=17.9, longitude=-62.833333, confirmed=907, dead=1, recovered=462, updated='2021-04-15T10:00:07'}
13:27:42.692 [main] INFO  stringConverter - adding element: Country{location='Moldova', countryCode='md', latitude=47.411631, longitude=28.369885, confirmed=243365, dead=5466, recovered=226325, updated='2021-04-15T10:00:07'}
13:27:42.692 [main] INFO  stringConverter - adding element: Country{location='British Virgin Islands', countryCode='vg', latitude=18.420695, longitude=-64.639968, confirmed=178, dead=1, recovered=159, updated='2021-04-15T10:00:07'}
13:27:42.693 [main] INFO  stringConverter - adding element: Country{location='Grenada', countryCode='gd', latitude=12.1165, longitude=-61.67899999999999, confirmed=155, dead=1, recovered=152, updated='2021-04-15T10:00:07'}
13:27:42.693 [main] INFO  stringConverter - adding element: Country{location='Anguilla', countryCode='ai', latitude=18.220554, longitude=-63.06861499999999, confirmed=25, dead=0, recovered=22, updated='2021-04-15T10:00:07'}
13:27:42.693 [main] INFO  stringConverter - adding element: Country{location='New Caledonia', countryCode='nc', latitude=-20.904305, longitude=165.618042, confirmed=121, dead=0, recovered=58, updated='2021-04-15T10:00:07'}
13:27:42.693 [main] INFO  stringConverter - adding element: Country{location='Marshall Islands', countryCode='mh', latitude=7.131474, longitude=171.184478, confirmed=4, dead=0, recovered=4, updated='2021-04-15T10:00:07'}
13:27:42.694 [main] INFO  stringConverter - adding element: Country{location='Canada', countryCode='ca', latitude=56.130366, longitude=-106.346771, confirmed=1087152, dead=23445, recovered=983506, updated='2021-04-15T10:15:12'}
13:27:42.694 [main] INFO  stringConverter - adding element: Country{location='Mayotte', countryCode='yt', latitude=-12.8275, longitude=45.166244, confirmed=19757, dead=168, recovered=2964, updated='2021-04-15T10:00:07'}
13:27:42.694 [main] INFO  stringConverter - adding element: Country{location='Greenland', countryCode='gl', latitude=71.706936, longitude=-42.604303, confirmed=31, dead=0, recovered=31, updated='2021-04-15T10:00:07'}
13:27:42.694 [main] INFO  stringConverter - adding element: Country{location='Vatican City', countryCode='va', latitude=41.902916, longitude=12.453389, confirmed=27, dead=0, recovered=15, updated='2021-04-15T10:00:07'}
13:27:42.694 [main] INFO  stringConverter - adding element: Country{location='Solomon Islands', countryCode='sb', latitude=-9.64571, longitude=160.156194, confirmed=19, dead=0, recovered=18, updated='2021-04-15T10:00:07'}
13:27:42.694 [main] INFO  stringConverter - adding element: Country{location='Réunion', countryCode='re', latitude=-21.115141, longitude=55.536384, confirmed=18425, dead=135, recovered=16794, updated='2021-04-15T10:00:07'}
13:27:42.695 [main] INFO  stringConverter - adding element: Country{location='Guadeloupe', countryCode='gp', latitude=16.265, longitude=-61.55099999999999, confirmed=12717, dead=176, recovered=2242, updated='2021-04-15T10:00:07'}
13:27:42.695 [main] INFO  stringConverter - adding element: Country{location='Gambia', countryCode='gm', latitude=13.443182, longitude=-15.310139, confirmed=5682, dead=170, recovered=5165, updated='2021-04-15T10:00:07'}
13:27:42.695 [main] INFO  stringConverter - adding element: Country{location='Guernsey', countryCode='gg', latitude=49.4481982, longitude=-2.58949, confirmed=309, dead=13, recovered=288, updated='2021-01-17T18:15:05'}
13:27:42.695 [main] INFO  stringConverter - adding element: Country{location='Saint Lucia', countryCode='lc', latitude=13.909444, longitude=-60.978893, confirmed=4355, dead=64, recovered=4208, updated='2021-04-15T10:00:07'}
13:27:42.696 [main] INFO  stringConverter - adding element: Country{location='St. Vincent Grenadines', countryCode='vc', latitude=12.984305, longitude=-61.287228, confirmed=1812, dead=10, recovered=1677, updated='2021-04-15T10:00:07'}
13:27:42.696 [main] INFO  stringConverter - adding element: Country{location='Vanuatu', countryCode='vu', latitude=-15.376706, longitude=166.959158, confirmed=3, dead=0, recovered=1, updated='2021-04-15T10:00:07'}
13:27:42.696 [main] INFO  stringConverter - adding element: Country{location='Martinique', countryCode='mq', latitude=14.641528, longitude=-61.024174, confirmed=9890, dead=64, recovered=98, updated='2021-04-15T10:00:07'}
13:27:42.696 [main] INFO  stringConverter - adding element: Country{location='Cayman Islands', countryCode='ky', latitude=19.3133, longitude=-81.2546, confirmed=523, dead=2, recovered=498, updated='2021-04-15T10:00:07'}
13:27:42.697 [main] INFO  stringConverter - adding element: Country{location='Mongolia', countryCode='mn', latitude=46.862496, longitude=103.846656, confirmed=18565, dead=31, recovered=10638, updated='2021-04-15T10:00:07'}
13:27:42.697 [main] INFO  stringConverter - adding element: Country{location='Sudan', countryCode='sd', latitude=12.862807, longitude=30.217636, confirmed=31790, dead=2208, recovered=25539, updated='2021-04-15T10:00:07'}
13:27:42.697 [main] INFO  stringConverter - adding element: Country{location='Tajikistan', countryCode='tj', latitude=38.861034, longitude=71.276093, confirmed=13308, dead=90, recovered=13218, updated='2021-04-15T10:00:07'}
13:27:42.697 [main] INFO  stringConverter - adding element: Country{location='Comoros', countryCode='km', latitude=-11.6455, longitude=43.3333, confirmed=3803, dead=146, recovered=3582, updated='2021-04-15T10:00:07'}
13:27:42.697 [main] INFO  stringConverter - adding element: Country{location='Turks and Caicos', countryCode='tc', latitude=21.694025, longitude=-71.797928, confirmed=2360, dead=17, recovered=2285, updated='2021-04-15T10:00:07'}
13:27:42.698 [main] INFO  stringConverter - adding element: Country{location='Mauritius', countryCode='mu', latitude=-20.348404, longitude=57.55215200000001, confirmed=1201, dead=15, recovered=841, updated='2021-04-15T10:00:07'}
13:27:42.698 [main] INFO  stringConverter - adding element: Country{location='Philippines', countryCode='ph', latitude=12.879721, longitude=121.774017, confirmed=904285, dead=15594, recovered=705164, updated='2021-04-15T10:15:12'}
13:27:42.698 [main] INFO  stringConverter - adding element: Country{location='Israel', countryCode='il', latitude=31.046051, longitude=34.851612, confirmed=836504, dead=6312, recovered=827184, updated='2021-04-15T10:00:07'}
13:27:42.698 [main] INFO  stringConverter - adding element: Country{location='Northern Cyprus', countryCode='00', latitude=35.2480359, longitude=33.6577243, confirmed=1850, dead=11, recovered=1602, updated='2021-01-17T18:15:05'}
13:27:42.698 [main] INFO  stringConverter - adding element: Country{location='Bangladesh', countryCode='bd', latitude=23.684994, longitude=90.356331, confirmed=703170, dead=9987, recovered=591299, updated='2021-04-15T10:00:07'}
13:27:42.699 [main] INFO  stringConverter - adding element: Country{location='Sweden', countryCode='se', latitude=60.12816100000001, longitude=18.643501, confirmed=885385, dead=13720, recovered=0, updated='2021-04-15T10:00:07'}
13:27:42.699 [main] INFO  stringConverter - adding element: Country{location='Serbia', countryCode='rs', latitude=44.016521, longitude=21.005859, confirmed=651899, dead=5846, recovered=571312, updated='2021-04-15T10:00:07'}
13:27:42.699 [main] INFO  stringConverter - adding element: Country{location='Denmark', countryCode='dk', latitude=56.26392, longitude=9.501785, confirmed=239532, dead=2447, recovered=228685, updated='2021-04-15T10:00:07'}
13:27:42.699 [main] INFO  stringConverter - adding element: Country{location='Switzerland', countryCode='ch', latitude=46.818188, longitude=8.227511999999999, confirmed=627968, dead=10488, recovered=563438, updated='2021-04-15T10:00:07'}
13:27:42.700 [main] INFO  stringConverter - adding element: Country{location='Ireland', countryCode='ie', latitude=53.1423672, longitude=-7.692053599999999, confirmed=242105, dead=4812, recovered=222851, updated='2021-04-15T10:00:07'}
13:27:42.700 [main] INFO  stringConverter - adding element: Country{location='Ethiopia', countryCode='et', latitude=9.145000000000001, longitude=40.489673, confirmed=234405, dead=3252, recovered=174591, updated='2021-04-15T10:00:07'}
13:27:42.700 [main] INFO  stringConverter - adding element: Country{location='Costa Rica', countryCode='cr', latitude=9.748916999999999, longitude=-83.753428, confirmed=225343, dead=3044, recovered=196060, updated='2021-04-15T10:00:07'}
13:27:42.700 [main] INFO  stringConverter - adding element: Country{location='Armenia', countryCode='am', latitude=40.069099, longitude=45.038189, confirmed=206142, dead=3817, recovered=185125, updated='2021-04-15T10:00:07'}
13:27:42.701 [main] INFO  stringConverter - adding element: Country{location='Sri Lanka', countryCode='lk', latitude=7.873053999999999, longitude=80.77179699999999, confirmed=95737, dead=604, recovered=92151, updated='2021-04-15T10:00:07'}
13:27:42.701 [main] INFO  stringConverter - adding element: Country{location='Mozambique', countryCode='mz', latitude=-18.665695, longitude=35.529562, confirmed=68927, dead=794, recovered=59972, updated='2021-04-15T10:00:07'}
13:27:42.701 [main] INFO  stringConverter - adding element: Country{location='Artsakh', countryCode='12', latitude=26.0434384, longitude=-80.2777081, confirmed=1130, dead=30, recovered=337, updated='2021-01-17T18:15:05'}
13:27:42.702 [main] INFO  stringConverter - adding element: Country{location='Ivory Coast', countryCode='ci', latitude=7.539988999999999, longitude=-5.547079999999999, confirmed=45388, dead=271, recovered=44833, updated='2021-04-15T10:00:07'}
13:27:42.702 [main] INFO  stringConverter - adding element: Country{location='Cambodia', countryCode='kh', latitude=12.565679, longitude=104.990963, confirmed=5218, dead=36, recovered=2319, updated='2021-04-15T10:00:07'}
13:27:42.702 [main] INFO  stringConverter - adding element: Country{location='Antigua and Barbuda', countryCode='ag', latitude=17.060816, longitude=-61.796428, confirmed=1209, dead=31, recovered=947, updated='2021-04-15T10:00:07'}
13:27:42.703 [main] INFO  stringConverter - adding element: Country{location='USS Theodore Roosevelt', countryCode='09', latitude=0.0, longitude=0.0, confirmed=1102, dead=1, recovered=751, updated='2021-01-17T18:15:05'}
13:27:42.703 [main] INFO  stringConverter - adding element: Country{location='Northern Mariana Islands ', countryCode='mp', latitude=15.0979, longitude=145.6739, confirmed=122, dead=2, recovered=32, updated='2021-01-17T18:15:05'}
13:27:42.703 [main] INFO  stringConverter - adding element: Country{location='Iraq', countryCode='iq', latitude=33.223191, longitude=43.679291, confirmed=949050, dead=14836, recovered=831519, updated='2021-04-15T10:15:12'}
13:27:42.703 [main] INFO  stringConverter - adding element: Country{location='Zimbabwe', countryCode='zw', latitude=-19.015438, longitude=29.154857, confirmed=37369, dead=1548, recovered=34946, updated='2021-04-15T10:00:07'}
13:27:42.703 [main] INFO  stringConverter - adding element: Country{location='Kosovo', countryCode='xk', latitude=42.6026359, longitude=20.902977, confirmed=55498, dead=1405, recovered=48990, updated='2021-01-17T18:15:05'}
13:27:42.704 [main] INFO  stringConverter - adding element: Country{location='Nicaragua', countryCode='ni', latitude=12.865416, longitude=-85.207229, confirmed=6778, dead=180, recovered=4225, updated='2021-04-15T10:00:07'}
13:27:42.704 [main] INFO  stringConverter - adding element: Country{location='Burkina Faso', countryCode='bf', latitude=12.238333, longitude=-1.561593, confirmed=13050, dead=154, recovered=12689, updated='2021-04-15T10:00:07'}
13:27:42.706 [main] INFO  stringConverter - adding element: Country{location='Eritrea', countryCode='er', latitude=15.179384, longitude=39.782334, confirmed=3479, dead=10, recovered=3273, updated='2021-04-15T10:00:07'}
13:27:42.707 [main] INFO  stringConverter - adding element: Country{location='MS Zaandam', countryCode='03', latitude=0.0, longitude=0.0, confirmed=9, dead=2, recovered=7, updated='2021-04-15T10:00:07'}
13:27:42.707 [main] INFO  stringConverter - adding element: Country{location='Abkhazia', countryCode='06', latitude=43.0015544, longitude=41.023407, confirmed=7504, dead=100, recovered=5545, updated='2021-01-17T18:15:05'}
13:27:42.707 [main] INFO  stringConverter - adding element: Country{location='Guam', countryCode='gu', latitude=13.444304, longitude=144.793731, confirmed=7257, dead=121, recovered=6707, updated='2021-01-17T18:15:05'}
13:27:42.707 [main] INFO  stringConverter - adding element: Country{location='Pakistan', countryCode='pk', latitude=30.375321, longitude=69.34511599999999, confirmed=739818, dead=15872, recovered=646652, updated='2021-04-15T10:00:07'}
13:27:42.707 [main] INFO  stringConverter - adding element: Country{location='Norway', countryCode='no', latitude=60.47202399999999, longitude=8.468945999999999, confirmed=105607, dead=706, recovered=88952, updated='2021-04-15T10:00:07'}
13:35:36.111 [main] INFO  StringConverter - starting to convert elements
13:35:36.176 [main] INFO  StringConverter - adding element: Country{location='Iran', countryCode='ir', latitude=32.427908, longitude=53.688046, confirmed=2168872, dead=65680, recovered=1749041, updated='2021-04-15T14:15:07'}
13:35:36.177 [main] INFO  StringConverter - adding element: Country{location='Germany', countryCode='de', latitude=51.165691, longitude=10.451526, confirmed=3064382, dead=79813, recovered=2736100, updated='2021-04-15T14:15:07'}
13:35:36.177 [main] INFO  StringConverter - adding element: Country{location='Russia', countryCode='ru', latitude=61.52401, longitude=105.318756, confirmed=4675153, dead=104398, recovered=4301448, updated='2021-04-15T14:15:07'}
13:35:36.177 [main] INFO  StringConverter - adding element: Country{location='Nepal', countryCode='np', latitude=28.394857, longitude=84.12400799999999, confirmed=281564, dead=3061, recovered=274447, updated='2021-04-15T10:00:07'}
13:35:36.177 [main] INFO  StringConverter - adding element: Country{location='Saudi Arabia', countryCode='sa', latitude=23.885942, longitude=45.079162, confirmed=401157, dead=6781, recovered=385441, updated='2021-04-15T10:00:07'}
13:35:36.177 [main] INFO  StringConverter - adding element: Country{location='Argentina', countryCode='ar', latitude=-38.416097, longitude=-63.61667199999999, confirmed=2604157, dead=58542, recovered=2278486, updated='2021-04-15T14:15:07'}
13:35:36.177 [main] INFO  StringConverter - adding element: Country{location='Austria', countryCode='at', latitude=47.516231, longitude=14.550072, confirmed=586883, dead=9813, recovered=547604, updated='2021-04-15T10:00:07'}
13:35:36.177 [main] INFO  StringConverter - adding element: Country{location='Jordan', countryCode='jo', latitude=36.1500042, longitude=-95.9882368, confirmed=676175, dead=7987, recovered=617096, updated='2021-04-15T10:00:07'}
13:35:36.178 [main] INFO  StringConverter - adding element: Country{location='Angola', countryCode='ao', latitude=-11.202692, longitude=17.873887, confirmed=23841, dead=557, recovered=22144, updated='2021-04-15T10:00:07'}
13:35:36.178 [main] INFO  StringConverter - adding element: Country{location='Netherlands', countryCode='nl', latitude=52.132633, longitude=5.291265999999999, confirmed=1369411, dead=16848, recovered=0, updated='2021-04-15T10:15:12'}
13:35:36.178 [main] INFO  StringConverter - adding element: Country{location='Bulgaria', countryCode='bg', latitude=42.733883, longitude=25.48583, confirmed=380576, dead=14871, recovered=296998, updated='2021-04-15T10:00:07'}
13:35:36.178 [main] INFO  StringConverter - adding element: Country{location='South Africa', countryCode='za', latitude=-30.559482, longitude=22.937506, confirmed=1584961, dead=103, recovered=1486873, updated='2021-05-04T11:35'}
13:35:36.178 [main] INFO  StringConverter - adding element: Country{location='India', countryCode='in', latitude=20.593684, longitude=78.96288, confirmed=20282833, dead=222408, recovered=16613292, updated='2021-05-04T11:30:08'}
13:35:36.178 [main] INFO  StringConverter - adding element: Country{location='Italy', countryCode='it', latitude=41.87194, longitude=12.56738, confirmed=3809193, dead=115557, recovered=3178976, updated='2021-04-15T14:15:07'}
13:35:36.178 [main] INFO  StringConverter - adding element: Country{location='France', countryCode='fr', latitude=46.227638, longitude=2.213749, confirmed=5149834, dead=99777, recovered=315152, updated='2021-04-15T14:15:07'}
13:35:36.179 [main] INFO  StringConverter - adding element: Country{location='Belgium', countryCode='be', latitude=50.503887, longitude=4.469936, confirmed=935316, dead=23603, recovered=60320, updated='2021-04-15T10:15:12'}
13:35:36.179 [main] INFO  StringConverter - adding element: Country{location='Peru', countryCode='pe', latitude=-9.189967, longitude=-75.015152, confirmed=1667737, dead=55812, recovered=1592937, updated='2021-04-15T14:15:07'}
13:35:36.179 [main] INFO  StringConverter - adding element: Country{location='Ukraine', countryCode='ua', latitude=48.379433, longitude=31.1655799, confirmed=1903765, dead=38658, recovered=1453766, updated='2021-04-15T14:15:07'}
13:35:36.179 [main] INFO  StringConverter - adding element: Country{location='UK', countryCode='gb', latitude=55.378051, longitude=-3.435973, confirmed=4378305, dead=127161, recovered=4113338, updated='2021-04-15T14:15:07'}
13:35:36.180 [main] INFO  StringConverter - adding element: Country{location='Syria', countryCode='sy', latitude=34.80207499999999, longitude=38.996815, confirmed=20555, dead=1402, recovered=14335, updated='2021-04-15T10:00:07'}
13:35:36.180 [main] INFO  StringConverter - adding element: Country{location='Azerbaijan', countryCode='az', latitude=40.143105, longitude=47.576927, confirmed=291894, dead=4009, recovered=255833, updated='2021-04-15T10:00:07'}
13:35:36.180 [main] INFO  StringConverter - adding element: Country{location='Colombia', countryCode='co', latitude=4.570868, longitude=-74.297333, confirmed=2585801, dead=66819, recovered=2419265, updated='2021-04-15T14:15:07'}
13:35:36.180 [main] INFO  StringConverter - adding element: Country{location='Indonesia', countryCode='id', latitude=-0.789275, longitude=113.921327, confirmed=1589359, dead=43073, recovered=1438254, updated='2021-04-15T14:15:07'}
13:35:36.180 [main] INFO  StringConverter - adding element: Country{location='Chile', countryCode='cl', latitude=-35.675147, longitude=-71.542969, confirmed=1094267, dead=24548, recovered=1026934, updated='2021-04-15T10:15:12'}
13:35:36.180 [main] INFO  StringConverter - adding element: Country{location='Mexico', countryCode='mx', latitude=23.634501, longitude=-102.552784, confirmed=2291246, dead=210812, recovered=1817866, updated='2021-04-15T14:15:07'}
13:35:36.180 [main] INFO  StringConverter - adding element: Country{location='Turkey', countryCode='tr', latitude=38.963745, longitude=35.243322, confirmed=4025557, dead=34734, recovered=3480146, updated='2021-04-15T14:15:07'}
13:35:36.180 [main] INFO  StringConverter - adding element: Country{location='Spain', countryCode='es', latitude=40.46366700000001, longitude=-3.74922, confirmed=3387022, dead=76756, recovered=3118437, updated='2021-04-15T14:15:07'}
13:35:36.181 [main] INFO  StringConverter - adding element: Country{location='Gabon', countryCode='ga', latitude=-0.803689, longitude=11.609444, confirmed=21566, dead=132, recovered=18219, updated='2021-04-15T10:00:07'}
13:35:36.181 [main] INFO  StringConverter - adding element: Country{location='Poland', countryCode='pl', latitude=51.919438, longitude=19.145136, confirmed=2642242, dead=60612, recovered=2238638, updated='2021-04-15T14:15:07'}
13:35:36.181 [main] INFO  StringConverter - adding element: Country{location='UAE', countryCode='ae', latitude=23.424076, longitude=53.847818, confirmed=489495, dead=1541, recovered=473398, updated='2021-04-15T10:00:07'}
13:35:36.181 [main] INFO  StringConverter - adding element: Country{location='Czechia', countryCode='cz', latitude=49.81749199999999, longitude=15.472962, confirmed=1593847, dead=28229, recovered=1483559, updated='2021-04-15T14:15:07'}
13:35:36.181 [main] INFO  StringConverter - adding element: Country{location='Brazil', countryCode='br', latitude=-14.235004, longitude=-51.92528, confirmed=14791434, dead=408829, recovered=13336476, updated='2021-05-04T11:30:08'}
13:35:36.181 [main] INFO  StringConverter - adding element: Country{location='Guinea', countryCode='gn', latitude=9.945587, longitude=-9.696645, confirmed=21299, dead=136, recovered=18815, updated='2021-04-15T10:00:07'}
13:35:36.182 [main] INFO  StringConverter - adding element: Country{location='Croatia', countryCode='hr', latitude=45.1, longitude=15.2000001, confirmed=300900, dead=6442, recovered=279151, updated='2021-04-15T10:00:07'}
13:35:36.182 [main] INFO  StringConverter - adding element: Country{location='Portugal', countryCode='pt', latitude=39.39987199999999, longitude=-8.224454, confirmed=828857, dead=16931, recovered=786469, updated='2021-04-15T10:00:07'}
13:35:36.182 [main] INFO  StringConverter - adding element: Country{location='Australia', countryCode='au', latitude=-25.274398, longitude=133.775136, confirmed=29457, dead=910, recovered=26381, updated='2021-04-15T10:00:07'}
13:35:36.182 [main] INFO  StringConverter - adding element: Country{location='Hungary', countryCode='hu', latitude=47.162494, longitude=19.5033041, confirmed=736982, dead=24521, recovered=440498, updated='2021-04-15T10:00:07'}
13:35:36.182 [main] INFO  StringConverter - adding element: Country{location='Panama', countryCode='pa', latitude=8.537981, longitude=-80.782127, confirmed=359516, dead=6177, recovered=349318, updated='2021-04-15T10:00:07'}
13:35:36.182 [main] INFO  StringConverter - adding element: Country{location='Ecuador', countryCode='ec', latitude=-1.831239, longitude=-78.18340599999999, confirmed=350539, dead=17400, recovered=298604, updated='2021-04-15T10:00:07'}
13:35:36.182 [main] INFO  StringConverter - adding element: Country{location='Georgia', countryCode='ge', latitude=32.1656221, longitude=-82.9000751, confirmed=292244, dead=3908, recovered=279389, updated='2021-04-15T10:00:07'}
13:35:36.183 [main] INFO  StringConverter - adding element: Country{location='Morocco', countryCode='ma', latitude=31.791702, longitude=-7.092619999999999, confirmed=503664, dead=8920, recovered=489928, updated='2021-04-15T10:00:07'}
13:35:36.183 [main] INFO  StringConverter - adding element: Country{location='Slovakia', countryCode='sk', latitude=48.669026, longitude=19.699024, confirmed=373950, dead=10877, recovered=255300, updated='2021-04-15T10:00:07'}
13:35:36.183 [main] INFO  StringConverter - adding element: Country{location='Paraguay', countryCode='py', latitude=-23.442503, longitude=-58.443832, confirmed=242161, dead=5040, recovered=198473, updated='2021-04-15T10:00:07'}
13:35:36.183 [main] INFO  StringConverter - adding element: Country{location='Egypt', countryCode='eg', latitude=26.820553, longitude=30.802498, confirmed=212961, dead=12570, recovered=161031, updated='2021-04-15T10:00:07'}
13:35:36.183 [main] INFO  StringConverter - adding element: Country{location='Qatar', countryCode='qa', latitude=25.354826, longitude=51.183884, confirmed=192963, dead=348, recovered=171388, updated='2021-04-15T10:00:07'}
13:35:36.183 [main] INFO  StringConverter - adding element: Country{location='Bahrain', countryCode='bh', latitude=26.0667, longitude=50.5577, confirmed=159964, dead=569, recovered=148093, updated='2021-04-15T10:00:07'}
13:35:36.184 [main] INFO  StringConverter - adding element: Country{location='South Korea', countryCode='kr', latitude=35.907757, longitude=127.766922, confirmed=112117, dead=1788, recovered=102513, updated='2021-04-15T10:00:07'}
13:35:36.184 [main] INFO  StringConverter - adding element: Country{location='Kyrgyzstan', countryCode='kg', latitude=41.20438, longitude=74.766098, confirmed=91144, dead=1540, recovered=86491, updated='2021-04-15T10:00:07'}
13:35:36.184 [main] INFO  StringConverter - adding element: Country{location='Bolivia', countryCode='bo', latitude=-16.290154, longitude=-63.58865299999999, confirmed=285291, dead=12519, recovered=234596, updated='2021-04-15T10:00:07'}
13:35:36.184 [main] INFO  StringConverter - adding element: Country{location='Oman', countryCode='om', latitude=21.4735329, longitude=55.975413, confirmed=176668, dead=1821, recovered=156845, updated='2021-04-15T10:00:07'}
13:35:36.184 [main] INFO  StringConverter - adding element: Country{location='Puerto Rico', countryCode='pr', latitude=18.220833, longitude=-66.590149, confirmed=80590, dead=1703, recovered=0, updated='2021-01-17T18:15:05'}
13:35:36.184 [main] INFO  StringConverter - adding element: Country{location='Guatemala', countryCode='gt', latitude=15.783471, longitude=-90.23075899999999, confirmed=207127, dead=7089, recovered=187894, updated='2021-04-15T10:00:07'}
13:35:36.184 [main] INFO  StringConverter - adding element: Country{location='Myanmar', countryCode='mm', latitude=21.916221, longitude=95.955974, confirmed=142610, dead=3206, recovered=131879, updated='2021-04-15T10:00:07'}
13:35:36.185 [main] INFO  StringConverter - adding element: Country{location='Singapore', countryCode='sg', latitude=1.352083, longitude=103.819836, confirmed=60735, dead=30, recovered=60392, updated='2021-04-15T10:00:07'}
13:35:36.185 [main] INFO  StringConverter - adding element: Country{location='Palestine', countryCode='ps', latitude=31.952162, longitude=35.233154, confirmed=274690, dead=2923, recovered=239291, updated='2021-04-15T10:00:07'}
13:35:36.185 [main] INFO  StringConverter - adding element: Country{location='Bosnia and Herzegovina', countryCode='ba', latitude=43.915886, longitude=17.679076, confirmed=186372, dead=7642, recovered=143944, updated='2021-04-15T10:00:07'}
13:35:36.186 [main] INFO  StringConverter - adding element: Country{location='Kenya', countryCode='ke', latitude=-0.023559, longitude=37.906193, confirmed=148128, dead=2420, recovered=99580, updated='2021-04-15T10:00:07'}
13:35:36.186 [main] INFO  StringConverter - adding element: Country{location='Montenegro', countryCode='me', latitude=42.708678, longitude=19.37439, confirmed=94859, dead=1405, recovered=89615, updated='2021-04-15T10:00:07'}
13:35:36.186 [main] INFO  StringConverter - adding element: Country{location='Uzbekistan', countryCode='uz', latitude=41.377491, longitude=64.585262, confirmed=85730, dead=634, recovered=83462, updated='2021-04-15T10:00:07'}
13:35:36.187 [main] INFO  StringConverter - adding element: Country{location='Malaysia', countryCode='my', latitude=4.210484, longitude=101.975766, confirmed=367977, dead=1363, recovered=349039, updated='2021-04-15T10:00:07'}
13:35:36.187 [main] INFO  StringConverter - adding element: Country{location='Kazakhstan', countryCode='kz', latitude=48.019573, longitude=66.923684, confirmed=278695, dead=3306, recovered=239448, updated='2021-04-15T10:00:07'}
13:35:36.187 [main] INFO  StringConverter - adding element: Country{location='Albania', countryCode='al', latitude=41.153332, longitude=20.168331, confirmed=128959, dead=2331, recovered=99441, updated='2021-04-15T10:00:07'}
13:35:36.187 [main] INFO  StringConverter - adding element: Country{location='Afghanistan', countryCode='af', latitude=33.93911, longitude=67.709953, confirmed=57612, dead=2535, recovered=52083, updated='2021-04-15T10:00:07'}
13:35:36.188 [main] INFO  StringConverter - adding element: Country{location='Dominican Republic', countryCode='do', latitude=18.735693, longitude=-70.162651, confirmed=259260, dead=3402, recovered=217286, updated='2021-04-15T10:00:07'}
13:35:36.188 [main] INFO  StringConverter - adding element: Country{location='Lithuania', countryCode='lt', latitude=55.169438, longitude=23.881275, confirmed=230462, dead=3730, recovered=208890, updated='2021-04-15T10:00:07'}
13:35:36.188 [main] INFO  StringConverter - adding element: Country{location='Libya', countryCode='ly', latitude=26.3351, longitude=17.228331, confirmed=170045, dead=2834, recovered=155117, updated='2021-04-15T10:00:07'}
13:35:36.188 [main] INFO  StringConverter - adding element: Country{location='Honduras', countryCode='hn', latitude=15.199999, longitude=-86.241905, confirmed=198214, dead=4905, recovered=76130, updated='2021-04-15T10:00:07'}
13:35:36.189 [main] INFO  StringConverter - adding element: Country{location='Nigeria', countryCode='ng', latitude=9.081999, longitude=8.675277, confirmed=164000, dead=2061, recovered=154270, updated='2021-04-15T10:00:07'}
13:35:36.189 [main] INFO  StringConverter - adding element: Country{location='Algeria', countryCode='dz', latitude=28.033886, longitude=1.659626, confirmed=118975, dead=3141, recovered=82929, updated='2021-04-15T10:00:07'}
13:35:36.189 [main] INFO  StringConverter - adding element: Country{location='China', countryCode='cn', latitude=35.86166, longitude=104.195397, confirmed=90457, dead=4636, recovered=85524, updated='2021-04-15T10:00:07'}
13:35:36.190 [main] INFO  StringConverter - adding element: Country{location='Lebanon', countryCode='lb', latitude=33.854721, longitude=35.862285, confirmed=502299, dead=6778, recovered=413175, updated='2021-04-15T10:00:07'}
13:35:36.190 [main] INFO  StringConverter - adding element: Country{location='Kuwait', countryCode='kw', latitude=29.31166, longitude=47.481766, confirmed=251675, dead=1423, recovered=235053, updated='2021-04-15T10:00:07'}
13:35:36.190 [main] INFO  StringConverter - adding element: Country{location='Slovenia', countryCode='si', latitude=46.151241, longitude=14.995463, confirmed=229967, dead=4142, recovered=212815, updated='2021-04-15T10:00:07'}
13:35:36.190 [main] INFO  StringConverter - adding element: Country{location='Venezuela', countryCode='ve', latitude=6.42375, longitude=-66.58973, confirmed=178094, dead=1834, recovered=160620, updated='2021-04-15T10:00:07'}
13:35:36.191 [main] INFO  StringConverter - adding element: Country{location='North Macedonia', countryCode='mk', latitude=41.608635, longitude=21.745275, confirmed=144111, dead=4322, recovered=119683, updated='2021-04-15T10:00:07'}
13:35:36.191 [main] INFO  StringConverter - adding element: Country{location='Ghana', countryCode='gh', latitude=7.946527, longitude=-1.023194, confirmed=91477, dead=763, recovered=89301, updated='2021-04-15T10:00:07'}
13:35:36.191 [main] INFO  StringConverter - adding element: Country{location='El Salvador', countryCode='sv', latitude=13.794185, longitude=-88.89653, confirmed=66956, dead=2060, recovered=63345, updated='2021-04-15T10:00:07'}
13:35:36.191 [main] INFO  StringConverter - adding element: Country{location='Greece', countryCode='gr', latitude=39.074208, longitude=21.824312, confirmed=304184, dead=9135, recovered=261176, updated='2021-04-15T10:00:07'}
13:35:36.192 [main] INFO  StringConverter - adding element: Country{location='Tunisia', countryCode='tn', latitude=33.886917, longitude=9.537499, confirmed=276727, dead=9480, recovered=229754, updated='2021-04-15T10:00:07'}
13:35:36.192 [main] INFO  StringConverter - adding element: Country{location='Mali', countryCode='ml', latitude=17.570692, longitude=-3.996166, confirmed=12467, dead=419, recovered=7238, updated='2021-04-15T10:00:07'}
13:35:36.192 [main] INFO  StringConverter - adding element: Country{location='Trinidad and Tobago', countryCode='tt', latitude=10.691803, longitude=-61.222503, confirmed=8596, dead=148, recovered=7818, updated='2021-04-15T10:00:07'}
13:35:36.192 [main] INFO  StringConverter - adding element: Country{location='Timor-Leste', countryCode='tl', latitude=-8.874217, longitude=125.727539, confirmed=1103, dead=2, recovered=564, updated='2021-04-15T10:00:07'}
13:35:36.193 [main] INFO  StringConverter - adding element: Country{location='Cameroon', countryCode='cm', latitude=7.369721999999999, longitude=12.354722, confirmed=61731, dead=919, recovered=56926, updated='2021-04-15T10:00:07'}
13:35:36.193 [main] INFO  StringConverter - adding element: Country{location='Estonia', countryCode='ee', latitude=58.595272, longitude=25.0136071, confirmed=116200, dead=1064, recovered=99096, updated='2021-04-15T10:00:07'}
13:35:36.193 [main] INFO  StringConverter - adding element: Country{location='Eswatini', countryCode='sz', latitude=-26.522503, longitude=31.465866, confirmed=18407, dead=670, recovered=17682, updated='2021-04-15T10:00:07'}
13:35:36.193 [main] INFO  StringConverter - adding element: Country{location='Cyprus', countryCode='cy', latitude=35.126413, longitude=33.429859, confirmed=53254, dead=277, recovered=39061, updated='2021-04-15T10:00:07'}
13:35:36.193 [main] INFO  StringConverter - adding element: Country{location='Uganda', countryCode='ug', latitude=1.373333, longitude=32.290275, confirmed=41237, dead=338, recovered=40779, updated='2021-04-15T10:00:07'}
13:35:36.194 [main] INFO  StringConverter - adding element: Country{location='Senegal', countryCode='sn', latitude=14.497401, longitude=-14.452362, confirmed=39560, dead=1084, recovered=38290, updated='2021-04-15T10:00:07'}
13:35:36.194 [main] INFO  StringConverter - adding element: Country{location='Hong Kong', countryCode='hk', latitude=22.3193039, longitude=114.1693611, confirmed=11619, dead=209, recovered=11246, updated='2021-04-15T10:00:07'}
13:35:36.194 [main] INFO  StringConverter - adding element: Country{location='Guyana', countryCode='gy', latitude=4.860416, longitude=-58.93018, confirmed=11374, dead=260, recovered=9880, updated='2021-04-15T10:00:07'}
13:35:36.194 [main] INFO  StringConverter - adding element: Country{location='Latvia', countryCode='lv', latitude=56.879635, longitude=24.603189, confirmed=109731, dead=2030, recovered=100464, updated='2021-04-15T10:00:07'}
13:35:36.195 [main] INFO  StringConverter - adding element: Country{location='Zambia', countryCode='zm', latitude=-13.133897, longitude=27.849332, confirmed=90389, dead=1229, recovered=88241, updated='2021-04-15T10:00:07'}
13:35:36.195 [main] INFO  StringConverter - adding element: Country{location='Namibia', countryCode='na', latitude=38.911651, longitude=-77.0412109, confirmed=46051, dead=592, recovered=44162, updated='2021-04-15T10:00:07'}
13:35:36.195 [main] INFO  StringConverter - adding element: Country{location='Thailand', countryCode='th', latitude=15.870032, longitude=100.992541, confirmed=37453, dead=97, recovered=28383, updated='2021-04-15T10:00:07'}
13:35:36.195 [main] INFO  StringConverter - adding element: Country{location='Madagascar', countryCode='mg', latitude=-18.766947, longitude=46.869107, confirmed=29348, dead=520, recovered=24695, updated='2021-04-15T10:00:07'}
13:35:36.195 [main] INFO  StringConverter - adding element: Country{location='DRC', countryCode='cd', latitude=-4.038333, longitude=21.758664, confirmed=28714, dead=745, recovered=25841, updated='2021-04-15T10:00:07'}
13:35:36.196 [main] INFO  StringConverter - adding element: Country{location='Maldives', countryCode='mv', latitude=3.202778, longitude=73.22068, confirmed=25844, dead=67, recovered=23141, updated='2021-04-15T10:00:07'}
13:35:36.196 [main] INFO  StringConverter - adding element: Country{location='Mauritania', countryCode='mr', latitude=21.00789, longitude=-10.940835, confirmed=18066, dead=452, recovered=17428, updated='2021-04-15T10:00:07'}
13:35:36.196 [main] INFO  StringConverter - adding element: Country{location='Haiti', countryCode='ht', latitude=18.971187, longitude=-72.285215, confirmed=12857, dead=251, recovered=11614, updated='2021-04-15T10:00:07'}
13:35:36.196 [main] INFO  StringConverter - adding element: Country{location='Dominica', countryCode='dm', latitude=15.414999, longitude=-61.37097600000001, confirmed=165, dead=0, recovered=159, updated='2021-04-15T10:00:07'}
13:35:36.196 [main] INFO  StringConverter - adding element: Country{location='Malawi', countryCode='mw', latitude=-13.254308, longitude=34.301525, confirmed=33891, dead=1134, recovered=31675, updated='2021-04-15T10:00:07'}
13:35:36.197 [main] INFO  StringConverter - adding element: Country{location='Fiji', countryCode='fj', latitude=-17.713371, longitude=178.065032, confirmed=68, dead=2, recovered=64, updated='2021-04-15T10:00:07'}
13:35:36.197 [main] INFO  StringConverter - adding element: Country{location='Andorra', countryCode='ad', latitude=42.506285, longitude=1.521801, confirmed=12641, dead=121, recovered=11989, updated='2021-04-15T10:00:07'}
13:35:36.197 [main] INFO  StringConverter - adding element: Country{location='Congo', countryCode='cg', latitude=-4.038333, longitude=21.758664, confirmed=10084, dead=139, recovered=8208, updated='2021-04-15T10:00:07'}
13:35:36.197 [main] INFO  StringConverter - adding element: Country{location='Cuba', countryCode='cu', latitude=21.521757, longitude=-77.781167, confirmed=89404, dead=487, recovered=84114, updated='2021-04-15T10:00:07'}
13:35:36.197 [main] INFO  StringConverter - adding element: Country{location='Cabo Verde', countryCode='cv', latitude=16.5388, longitude=-23.0418, confirmed=19525, dead=188, recovered=17645, updated='2021-04-15T10:00:07'}
13:35:36.197 [main] INFO  StringConverter - adding element: Country{location='Botswana', countryCode='bw', latitude=-22.328474, longitude=24.684866, confirmed=43444, dead=663, recovered=38923, updated='2021-04-15T10:00:07'}
13:35:36.197 [main] INFO  StringConverter - adding element: Country{location='Finland', countryCode='fi', latitude=61.92410999999999, longitude=25.7481511, confirmed=83253, dead=881, recovered=46000, updated='2021-04-15T10:00:07'}
13:35:36.198 [main] INFO  StringConverter - adding element: Country{location='French Polynesia', countryCode='pf', latitude=-17.679742, longitude=-149.406843, confirmed=18680, dead=141, recovered=4842, updated='2021-04-15T10:00:07'}
13:35:36.198 [main] INFO  StringConverter - adding element: Country{location='Belize', countryCode='bz', latitude=17.189877, longitude=-88.49765, confirmed=12522, dead=318, recovered=12140, updated='2021-04-15T10:00:07'}
13:35:36.198 [main] INFO  StringConverter - adding element: Country{location='Bahamas', countryCode='bs', latitude=25.03428, longitude=-77.39627999999999, confirmed=9505, dead=190, recovered=8965, updated='2021-04-15T10:00:07'}
13:35:36.198 [main] INFO  StringConverter - adding element: Country{location='Falkland Islands', countryCode='fk', latitude=-51.796253, longitude=-59.523613, confirmed=62, dead=0, recovered=55, updated='2021-04-15T10:00:07'}
13:35:36.198 [main] INFO  StringConverter - adding element: Country{location='Uruguay', countryCode='uy', latitude=-32.522779, longitude=-55.765835, confirmed=152089, dead=1647, recovered=119388, updated='2021-04-15T10:00:07'}
13:35:36.198 [main] INFO  StringConverter - adding element: Country{location='Jamaica', countryCode='jm', latitude=18.109581, longitude=-77.297508, confirmed=43054, dead=692, recovered=19248, updated='2021-04-15T10:00:07'}
13:35:36.198 [main] INFO  StringConverter - adding element: Country{location='Malta', countryCode='mt', latitude=35.937496, longitude=14.375416, confirmed=29778, dead=403, recovered=28797, updated='2021-04-15T10:00:07'}
13:35:36.199 [main] INFO  StringConverter - adding element: Country{location='Djibouti', countryCode='dj', latitude=11.825138, longitude=42.590275, confirmed=10202, dead=106, recovered=8591, updated='2021-04-15T10:00:07'}
13:35:36.199 [main] INFO  StringConverter - adding element: Country{location='Guinea-Bissau', countryCode='gw', latitude=11.803749, longitude=-15.180413, confirmed=3694, dead=66, recovered=3093, updated='2021-04-15T10:00:07'}
13:35:36.199 [main] INFO  StringConverter - adding element: Country{location='U.S. Virgin Islands', countryCode='vi', latitude=18.335765, longitude=-64.896335, confirmed=2260, dead=24, recovered=2120, updated='2021-01-17T18:15:05'}
13:35:36.199 [main] INFO  StringConverter - adding element: Country{location='Liechtenstein', countryCode='li', latitude=47.166, longitude=9.555373, confirmed=2770, dead=56, recovered=2646, updated='2021-04-15T10:00:07'}
13:35:36.199 [main] INFO  StringConverter - adding element: Country{location='Sint Maarten', countryCode='sx', latitude=18.04248, longitude=-63.05483, confirmed=2196, dead=27, recovered=2133, updated='2021-04-15T10:00:07'}
13:35:36.199 [main] INFO  StringConverter - adding element: Country{location='Bermuda', countryCode='bm', latitude=32.3078, longitude=-64.7505, confirmed=1935, dead=16, recovered=1051, updated='2021-04-15T10:00:07'}
13:35:36.199 [main] INFO  StringConverter - adding element: Country{location='Benin', countryCode='bj', latitude=9.30769, longitude=2.315834, confirmed=7611, dead=95, recovered=6728, updated='2021-04-15T10:00:07'}
13:35:36.199 [main] INFO  StringConverter - adding element: Country{location='Iceland', countryCode='is', latitude=64.963051, longitude=-19.020835, confirmed=6275, dead=29, recovered=6163, updated='2021-04-15T10:00:07'}
13:35:36.199 [main] INFO  StringConverter - adding element: Country{location='Yemen', countryCode='ye', latitude=15.552727, longitude=48.516388, confirmed=5582, dead=1083, recovered=2128, updated='2021-04-15T10:00:07'}
13:35:36.200 [main] INFO  StringConverter - adding element: Country{location='Gibraltar', countryCode='gi', latitude=36.140751, longitude=-5.353585, confirmed=4290, dead=94, recovered=4181, updated='2021-04-15T10:00:07'}
13:35:36.200 [main] INFO  StringConverter - adding element: Country{location='New Zealand', countryCode='nz', latitude=-40.900557, longitude=174.885971, confirmed=2591, dead=26, recovered=2464, updated='2021-04-15T10:00:07'}
13:35:36.200 [main] INFO  StringConverter - adding element: Country{location='Bhutan', countryCode='bt', latitude=27.514162, longitude=90.433601, confirmed=929, dead=1, recovered=876, updated='2021-04-15T10:00:07'}
13:35:36.200 [main] INFO  StringConverter - adding element: Country{location='Faeroe Islands', countryCode='fo', latitude=61.89263500000001, longitude=-6.9118061, confirmed=662, dead=1, recovered=660, updated='2021-04-15T10:00:07'}
13:35:36.200 [main] INFO  StringConverter - adding element: Country{location='Belarus', countryCode='by', latitude=53.709807, longitude=27.953389, confirmed=338801, dead=2383, recovered=329135, updated='2021-04-15T10:00:07'}
13:35:36.200 [main] INFO  StringConverter - adding element: Country{location='Somaliland', countryCode='05', latitude=9.411743399999999, longitude=46.8252838, confirmed=1354, dead=47, recovered=1200, updated='2021-01-17T18:15:05'}
13:35:36.200 [main] INFO  StringConverter - adding element: Country{location='Togo', countryCode='tg', latitude=8.619543, longitude=0.824782, confirmed=12214, dead=117, recovered=9543, updated='2021-04-15T10:00:07'}
13:35:36.201 [main] INFO  StringConverter - adding element: Country{location='Lesotho', countryCode='ls', latitude=-29.609988, longitude=28.233608, confirmed=10709, dead=315, recovered=5028, updated='2021-04-15T10:00:07'}
13:35:36.201 [main] INFO  StringConverter - adding element: Country{location='San Marino', countryCode='sm', latitude=43.94236, longitude=12.457777, confirmed=5004, dead=86, recovered=4625, updated='2021-04-15T10:00:07'}
13:35:36.201 [main] INFO  StringConverter - adding element: Country{location='Rwanda', countryCode='rw', latitude=-1.940278, longitude=29.873888, confirmed=23672, dead=317, recovered=21594, updated='2021-04-15T10:00:07'}
13:35:36.201 [main] INFO  StringConverter - adding element: Country{location='Suriname', countryCode='sr', latitude=3.919305, longitude=-56.027783, confirmed=9417, dead=184, recovered=8725, updated='2021-04-15T10:00:07'}
13:35:36.201 [main] INFO  StringConverter - adding element: Country{location='Liberia', countryCode='lr', latitude=6.428055, longitude=-9.429499000000002, confirmed=2042, dead=85, recovered=1899, updated='2021-04-15T10:00:07'}
13:35:36.201 [main] INFO  StringConverter - adding element: Country{location='Somalia', countryCode='so', latitude=5.152149, longitude=46.199616, confirmed=12837, dead=656, recovered=5346, updated='2021-04-15T10:00:07'}
13:35:36.201 [main] INFO  StringConverter - adding element: Country{location='South Sudan', countryCode='ss', latitude=6.876991899999999, longitude=31.3069788, confirmed=10416, dead=114, recovered=10148, updated='2021-04-15T10:00:07'}
13:35:36.201 [main] INFO  StringConverter - adding element: Country{location='Papua New Guinea', countryCode='pg', latitude=-6.314992999999999, longitude=143.95555, confirmed=8984, dead=71, recovered=846, updated='2021-04-15T10:00:07'}
13:35:36.202 [main] INFO  StringConverter - adding element: Country{location='Equatorial Guinea', countryCode='gq', latitude=1.650801, longitude=10.267895, confirmed=7259, dead=106, recovered=6885, updated='2021-04-15T10:00:07'}
13:35:36.202 [main] INFO  StringConverter - adding element: Country{location='CAR', countryCode='cf', latitude=6.611110999999999, longitude=20.939444, confirmed=5682, dead=75, recovered=5112, updated='2021-04-15T10:00:07'}
13:35:36.202 [main] INFO  StringConverter - adding element: Country{location='Chad', countryCode='td', latitude=15.454166, longitude=18.732207, confirmed=4662, dead=167, recovered=4312, updated='2021-04-15T10:00:07'}
13:35:36.202 [main] INFO  StringConverter - adding element: Country{location='Vietnam', countryCode='vn', latitude=14.058324, longitude=108.277199, confirmed=2737, dead=35, recovered=2445, updated='2021-04-15T10:00:07'}
13:35:36.203 [main] INFO  StringConverter - adding element: Country{location='Monaco', countryCode='mc', latitude=43.73841760000001, longitude=7.424615799999999, confirmed=2384, dead=31, recovered=2266, updated='2021-04-15T10:00:07'}
13:35:36.203 [main] INFO  StringConverter - adding element: Country{location='Curaçao', countryCode='cw', latitude=12.16957, longitude=-68.99002, confirmed=11581, dead=78, recovered=7666, updated='2021-04-15T10:00:07'}
13:35:36.203 [main] INFO  StringConverter - adding element: Country{location='Taiwan', countryCode='tw', latitude=23.69781, longitude=120.960515, confirmed=1068, dead=11, recovered=1031, updated='2021-04-15T10:00:07'}
13:35:36.203 [main] INFO  StringConverter - adding element: Country{location='Jersey', countryCode='je', latitude=49.2137711, longitude=-2.1357662, confirmed=2908, dead=56, recovered=2561, updated='2021-01-17T18:15:05'}
13:35:36.203 [main] INFO  StringConverter - adding element: Country{location='Luxembourg', countryCode='lu', latitude=49.815273, longitude=6.129582999999999, confirmed=64334, dead=784, recovered=60203, updated='2021-04-15T10:00:07'}
13:35:36.203 [main] INFO  StringConverter - adding element: Country{location='Aruba', countryCode='aw', latitude=12.52111, longitude=-69.968338, confirmed=10159, dead=92, recovered=9573, updated='2021-04-15T10:00:07'}
13:35:36.204 [main] INFO  StringConverter - adding element: Country{location='Niger', countryCode='ne', latitude=17.607789, longitude=8.081666, confirmed=5081, dead=189, recovered=4760, updated='2021-04-15T10:00:07'}
13:35:36.204 [main] INFO  StringConverter - adding element: Country{location='Diamond Princess', countryCode='01', latitude=40.86429589999999, longitude=-73.9614914, confirmed=712, dead=13, recovered=699, updated='2021-04-15T10:00:07'}
13:35:36.204 [main] INFO  StringConverter - adding element: Country{location='Sierra Leone', countryCode='sl', latitude=8.460555, longitude=-11.779889, confirmed=4013, dead=79, recovered=2832, updated='2021-04-15T10:00:07'}
13:35:36.204 [main] INFO  StringConverter - adding element: Country{location='Burundi', countryCode='bi', latitude=-3.373056, longitude=29.918886, confirmed=3333, dead=6, recovered=773, updated='2021-04-15T10:00:07'}
13:35:36.204 [main] INFO  StringConverter - adding element: Country{location='Seychelles', countryCode='sc', latitude=-4.679574, longitude=55.491977, confirmed=4633, dead=25, recovered=4310, updated='2021-04-15T10:00:07'}
13:35:36.204 [main] INFO  StringConverter - adding element: Country{location='Saint Pierre Miquelon', countryCode='pm', latitude=46.8852, longitude=-56.3159, confirmed=24, dead=0, recovered=24, updated='2021-04-15T10:00:07'}
13:35:36.205 [main] INFO  StringConverter - adding element: Country{location='United States', countryCode='us', latitude=37.09024, longitude=-95.712891, confirmed=33230992, dead=591514, recovered=25908684, updated='2021-05-04T11:30:08'}
13:35:36.205 [main] INFO  StringConverter - adding element: Country{location='Laos', countryCode='la', latitude=19.85627, longitude=102.495496, confirmed=53, dead=0, recovered=49, updated='2021-04-15T10:00:07'}
13:35:36.205 [main] INFO  StringConverter - adding element: Country{location='Saint Kitts and Nevis', countryCode='kn', latitude=17.357822, longitude=-62.782998, confirmed=44, dead=0, recovered=44, updated='2021-04-15T10:00:07'}
13:35:36.205 [main] INFO  StringConverter - adding element: Country{location='Romania', countryCode='ro', latitude=45.943161, longitude=24.96676, confirmed=1016449, dead=25605, recovered=920653, updated='2021-04-15T10:15:12'}
13:35:36.205 [main] INFO  StringConverter - adding element: Country{location='French Guiana', countryCode='gf', latitude=3.933889, longitude=-53.125782, confirmed=17883, dead=95, recovered=9995, updated='2021-04-15T10:00:07'}
13:35:36.205 [main] INFO  StringConverter - adding element: Country{location='Barbados', countryCode='bb', latitude=13.193887, longitude=-59.543198, confirmed=3744, dead=44, recovered=3634, updated='2021-04-15T10:00:07'}
13:35:36.206 [main] INFO  StringConverter - adding element: Country{location='Sao Tome and Principe', countryCode='st', latitude=0.18636, longitude=6.613080999999999, confirmed=2269, dead=35, recovered=2196, updated='2021-04-15T10:00:07'}
13:35:36.206 [main] INFO  StringConverter - adding element: Country{location='Macao', countryCode='mo', latitude=22.198745, longitude=113.543873, confirmed=49, dead=0, recovered=48, updated='2021-04-15T10:00:07'}
13:35:36.206 [main] INFO  StringConverter - adding element: Country{location='Montserrat', countryCode='ms', latitude=16.742498, longitude=-62.187366, confirmed=20, dead=1, recovered=19, updated='2021-04-15T10:00:07'}
13:35:36.206 [main] INFO  StringConverter - adding element: Country{location='Saint Martin', countryCode='mf', latitude=18.0708298, longitude=-63.0500809, confirmed=1693, dead=12, recovered=1399, updated='2021-04-15T10:00:07'}
13:35:36.206 [main] INFO  StringConverter - adding element: Country{location='Sint Eustatius', countryCode='bq', latitude=17.4890306, longitude=-62.973555, confirmed=18, dead=0, recovered=18, updated='2021-01-17T18:15:05'}
13:35:36.206 [main] INFO  StringConverter - adding element: Country{location='Isle of Man', countryCode='im', latitude=54.236107, longitude=-4.548056, confirmed=1575, dead=29, recovered=1445, updated='2021-04-15T10:00:07'}
13:35:36.207 [main] INFO  StringConverter - adding element: Country{location='Tanzania', countryCode='tz', latitude=-6.369028, longitude=34.888822, confirmed=509, dead=21, recovered=183, updated='2021-04-15T10:00:07'}
13:35:36.207 [main] INFO  StringConverter - adding element: Country{location='Samoa', countryCode='ws', latitude=-13.759029, longitude=-172.104629, confirmed=3, dead=0, recovered=2, updated='2021-04-15T10:00:07'}
13:35:36.207 [main] INFO  StringConverter - adding element: Country{location='Coral Princess', countryCode='11', latitude=20.5331399, longitude=-86.9387546, confirmed=12, dead=3, recovered=0, updated='2021-01-17T18:15:05'}
13:35:36.207 [main] INFO  StringConverter - adding element: Country{location='Brunei ', countryCode='bn', latitude=4.535277, longitude=114.727669, confirmed=221, dead=3, recovered=206, updated='2021-04-15T10:00:07'}
13:35:36.207 [main] INFO  StringConverter - adding element: Country{location='Japan', countryCode='jp', latitude=36.204824, longitude=138.252924, confirmed=512169, dead=9469, recovered=471007, updated='2021-04-15T10:00:07'}
13:35:36.207 [main] INFO  StringConverter - adding element: Country{location='St. Barth', countryCode='bl', latitude=17.9, longitude=-62.833333, confirmed=907, dead=1, recovered=462, updated='2021-04-15T10:00:07'}
13:35:36.208 [main] INFO  StringConverter - adding element: Country{location='Moldova', countryCode='md', latitude=47.411631, longitude=28.369885, confirmed=243365, dead=5466, recovered=226325, updated='2021-04-15T10:00:07'}
13:35:36.208 [main] INFO  StringConverter - adding element: Country{location='British Virgin Islands', countryCode='vg', latitude=18.420695, longitude=-64.639968, confirmed=178, dead=1, recovered=159, updated='2021-04-15T10:00:07'}
13:35:36.208 [main] INFO  StringConverter - adding element: Country{location='Grenada', countryCode='gd', latitude=12.1165, longitude=-61.67899999999999, confirmed=155, dead=1, recovered=152, updated='2021-04-15T10:00:07'}
13:35:36.208 [main] INFO  StringConverter - adding element: Country{location='Anguilla', countryCode='ai', latitude=18.220554, longitude=-63.06861499999999, confirmed=25, dead=0, recovered=22, updated='2021-04-15T10:00:07'}
13:35:36.208 [main] INFO  StringConverter - adding element: Country{location='New Caledonia', countryCode='nc', latitude=-20.904305, longitude=165.618042, confirmed=121, dead=0, recovered=58, updated='2021-04-15T10:00:07'}
13:35:36.208 [main] INFO  StringConverter - adding element: Country{location='Marshall Islands', countryCode='mh', latitude=7.131474, longitude=171.184478, confirmed=4, dead=0, recovered=4, updated='2021-04-15T10:00:07'}
13:35:36.209 [main] INFO  StringConverter - adding element: Country{location='Canada', countryCode='ca', latitude=56.130366, longitude=-106.346771, confirmed=1087152, dead=23445, recovered=983506, updated='2021-04-15T10:15:12'}
13:35:36.209 [main] INFO  StringConverter - adding element: Country{location='Mayotte', countryCode='yt', latitude=-12.8275, longitude=45.166244, confirmed=19757, dead=168, recovered=2964, updated='2021-04-15T10:00:07'}
13:35:36.209 [main] INFO  StringConverter - adding element: Country{location='Greenland', countryCode='gl', latitude=71.706936, longitude=-42.604303, confirmed=31, dead=0, recovered=31, updated='2021-04-15T10:00:07'}
13:35:36.209 [main] INFO  StringConverter - adding element: Country{location='Vatican City', countryCode='va', latitude=41.902916, longitude=12.453389, confirmed=27, dead=0, recovered=15, updated='2021-04-15T10:00:07'}
13:35:36.209 [main] INFO  StringConverter - adding element: Country{location='Solomon Islands', countryCode='sb', latitude=-9.64571, longitude=160.156194, confirmed=19, dead=0, recovered=18, updated='2021-04-15T10:00:07'}
13:35:36.210 [main] INFO  StringConverter - adding element: Country{location='Réunion', countryCode='re', latitude=-21.115141, longitude=55.536384, confirmed=18425, dead=135, recovered=16794, updated='2021-04-15T10:00:07'}
13:35:36.210 [main] INFO  StringConverter - adding element: Country{location='Guadeloupe', countryCode='gp', latitude=16.265, longitude=-61.55099999999999, confirmed=12717, dead=176, recovered=2242, updated='2021-04-15T10:00:07'}
13:35:36.210 [main] INFO  StringConverter - adding element: Country{location='Gambia', countryCode='gm', latitude=13.443182, longitude=-15.310139, confirmed=5682, dead=170, recovered=5165, updated='2021-04-15T10:00:07'}
13:35:36.210 [main] INFO  StringConverter - adding element: Country{location='Guernsey', countryCode='gg', latitude=49.4481982, longitude=-2.58949, confirmed=309, dead=13, recovered=288, updated='2021-01-17T18:15:05'}
13:35:36.210 [main] INFO  StringConverter - adding element: Country{location='Saint Lucia', countryCode='lc', latitude=13.909444, longitude=-60.978893, confirmed=4355, dead=64, recovered=4208, updated='2021-04-15T10:00:07'}
13:35:36.211 [main] INFO  StringConverter - adding element: Country{location='St. Vincent Grenadines', countryCode='vc', latitude=12.984305, longitude=-61.287228, confirmed=1812, dead=10, recovered=1677, updated='2021-04-15T10:00:07'}
13:35:36.211 [main] INFO  StringConverter - adding element: Country{location='Vanuatu', countryCode='vu', latitude=-15.376706, longitude=166.959158, confirmed=3, dead=0, recovered=1, updated='2021-04-15T10:00:07'}
13:35:36.211 [main] INFO  StringConverter - adding element: Country{location='Martinique', countryCode='mq', latitude=14.641528, longitude=-61.024174, confirmed=9890, dead=64, recovered=98, updated='2021-04-15T10:00:07'}
13:35:36.211 [main] INFO  StringConverter - adding element: Country{location='Cayman Islands', countryCode='ky', latitude=19.3133, longitude=-81.2546, confirmed=523, dead=2, recovered=498, updated='2021-04-15T10:00:07'}
13:35:36.211 [main] INFO  StringConverter - adding element: Country{location='Mongolia', countryCode='mn', latitude=46.862496, longitude=103.846656, confirmed=18565, dead=31, recovered=10638, updated='2021-04-15T10:00:07'}
13:35:36.211 [main] INFO  StringConverter - adding element: Country{location='Sudan', countryCode='sd', latitude=12.862807, longitude=30.217636, confirmed=31790, dead=2208, recovered=25539, updated='2021-04-15T10:00:07'}
13:35:36.212 [main] INFO  StringConverter - adding element: Country{location='Tajikistan', countryCode='tj', latitude=38.861034, longitude=71.276093, confirmed=13308, dead=90, recovered=13218, updated='2021-04-15T10:00:07'}
13:35:36.212 [main] INFO  StringConverter - adding element: Country{location='Comoros', countryCode='km', latitude=-11.6455, longitude=43.3333, confirmed=3803, dead=146, recovered=3582, updated='2021-04-15T10:00:07'}
13:35:36.212 [main] INFO  StringConverter - adding element: Country{location='Turks and Caicos', countryCode='tc', latitude=21.694025, longitude=-71.797928, confirmed=2360, dead=17, recovered=2285, updated='2021-04-15T10:00:07'}
13:35:36.212 [main] INFO  StringConverter - adding element: Country{location='Mauritius', countryCode='mu', latitude=-20.348404, longitude=57.55215200000001, confirmed=1201, dead=15, recovered=841, updated='2021-04-15T10:00:07'}
13:35:36.212 [main] INFO  StringConverter - adding element: Country{location='Philippines', countryCode='ph', latitude=12.879721, longitude=121.774017, confirmed=904285, dead=15594, recovered=705164, updated='2021-04-15T10:15:12'}
13:35:36.212 [main] INFO  StringConverter - adding element: Country{location='Israel', countryCode='il', latitude=31.046051, longitude=34.851612, confirmed=836504, dead=6312, recovered=827184, updated='2021-04-15T10:00:07'}
13:35:36.214 [main] INFO  StringConverter - adding element: Country{location='Northern Cyprus', countryCode='00', latitude=35.2480359, longitude=33.6577243, confirmed=1850, dead=11, recovered=1602, updated='2021-01-17T18:15:05'}
13:35:36.214 [main] INFO  StringConverter - adding element: Country{location='Bangladesh', countryCode='bd', latitude=23.684994, longitude=90.356331, confirmed=703170, dead=9987, recovered=591299, updated='2021-04-15T10:00:07'}
13:35:36.215 [main] INFO  StringConverter - adding element: Country{location='Sweden', countryCode='se', latitude=60.12816100000001, longitude=18.643501, confirmed=885385, dead=13720, recovered=0, updated='2021-04-15T10:00:07'}
13:35:36.217 [main] INFO  StringConverter - adding element: Country{location='Serbia', countryCode='rs', latitude=44.016521, longitude=21.005859, confirmed=651899, dead=5846, recovered=571312, updated='2021-04-15T10:00:07'}
13:35:36.217 [main] INFO  StringConverter - adding element: Country{location='Denmark', countryCode='dk', latitude=56.26392, longitude=9.501785, confirmed=239532, dead=2447, recovered=228685, updated='2021-04-15T10:00:07'}
13:35:36.217 [main] INFO  StringConverter - adding element: Country{location='Switzerland', countryCode='ch', latitude=46.818188, longitude=8.227511999999999, confirmed=627968, dead=10488, recovered=563438, updated='2021-04-15T10:00:07'}
13:35:36.219 [main] INFO  StringConverter - adding element: Country{location='Ireland', countryCode='ie', latitude=53.1423672, longitude=-7.692053599999999, confirmed=242105, dead=4812, recovered=222851, updated='2021-04-15T10:00:07'}
13:35:36.219 [main] INFO  StringConverter - adding element: Country{location='Ethiopia', countryCode='et', latitude=9.145000000000001, longitude=40.489673, confirmed=234405, dead=3252, recovered=174591, updated='2021-04-15T10:00:07'}
13:35:36.219 [main] INFO  StringConverter - adding element: Country{location='Costa Rica', countryCode='cr', latitude=9.748916999999999, longitude=-83.753428, confirmed=225343, dead=3044, recovered=196060, updated='2021-04-15T10:00:07'}
13:35:36.219 [main] INFO  StringConverter - adding element: Country{location='Armenia', countryCode='am', latitude=40.069099, longitude=45.038189, confirmed=206142, dead=3817, recovered=185125, updated='2021-04-15T10:00:07'}
13:35:36.220 [main] INFO  StringConverter - adding element: Country{location='Sri Lanka', countryCode='lk', latitude=7.873053999999999, longitude=80.77179699999999, confirmed=95737, dead=604, recovered=92151, updated='2021-04-15T10:00:07'}
13:35:36.220 [main] INFO  StringConverter - adding element: Country{location='Mozambique', countryCode='mz', latitude=-18.665695, longitude=35.529562, confirmed=68927, dead=794, recovered=59972, updated='2021-04-15T10:00:07'}
13:35:36.222 [main] INFO  StringConverter - adding element: Country{location='Artsakh', countryCode='12', latitude=26.0434384, longitude=-80.2777081, confirmed=1130, dead=30, recovered=337, updated='2021-01-17T18:15:05'}
13:35:36.223 [main] INFO  StringConverter - adding element: Country{location='Ivory Coast', countryCode='ci', latitude=7.539988999999999, longitude=-5.547079999999999, confirmed=45388, dead=271, recovered=44833, updated='2021-04-15T10:00:07'}
13:35:36.224 [main] INFO  StringConverter - adding element: Country{location='Cambodia', countryCode='kh', latitude=12.565679, longitude=104.990963, confirmed=5218, dead=36, recovered=2319, updated='2021-04-15T10:00:07'}
13:35:36.224 [main] INFO  StringConverter - adding element: Country{location='Antigua and Barbuda', countryCode='ag', latitude=17.060816, longitude=-61.796428, confirmed=1209, dead=31, recovered=947, updated='2021-04-15T10:00:07'}
13:35:36.224 [main] INFO  StringConverter - adding element: Country{location='USS Theodore Roosevelt', countryCode='09', latitude=0.0, longitude=0.0, confirmed=1102, dead=1, recovered=751, updated='2021-01-17T18:15:05'}
13:35:36.225 [main] INFO  StringConverter - adding element: Country{location='Northern Mariana Islands ', countryCode='mp', latitude=15.0979, longitude=145.6739, confirmed=122, dead=2, recovered=32, updated='2021-01-17T18:15:05'}
13:35:36.225 [main] INFO  StringConverter - adding element: Country{location='Iraq', countryCode='iq', latitude=33.223191, longitude=43.679291, confirmed=949050, dead=14836, recovered=831519, updated='2021-04-15T10:15:12'}
13:35:36.225 [main] INFO  StringConverter - adding element: Country{location='Zimbabwe', countryCode='zw', latitude=-19.015438, longitude=29.154857, confirmed=37369, dead=1548, recovered=34946, updated='2021-04-15T10:00:07'}
13:35:36.226 [main] INFO  StringConverter - adding element: Country{location='Kosovo', countryCode='xk', latitude=42.6026359, longitude=20.902977, confirmed=55498, dead=1405, recovered=48990, updated='2021-01-17T18:15:05'}
13:35:36.226 [main] INFO  StringConverter - adding element: Country{location='Nicaragua', countryCode='ni', latitude=12.865416, longitude=-85.207229, confirmed=6778, dead=180, recovered=4225, updated='2021-04-15T10:00:07'}
13:35:36.226 [main] INFO  StringConverter - adding element: Country{location='Burkina Faso', countryCode='bf', latitude=12.238333, longitude=-1.561593, confirmed=13050, dead=154, recovered=12689, updated='2021-04-15T10:00:07'}
13:35:36.226 [main] INFO  StringConverter - adding element: Country{location='Eritrea', countryCode='er', latitude=15.179384, longitude=39.782334, confirmed=3479, dead=10, recovered=3273, updated='2021-04-15T10:00:07'}
13:35:36.226 [main] INFO  StringConverter - adding element: Country{location='MS Zaandam', countryCode='03', latitude=0.0, longitude=0.0, confirmed=9, dead=2, recovered=7, updated='2021-04-15T10:00:07'}
13:35:36.227 [main] INFO  StringConverter - adding element: Country{location='Abkhazia', countryCode='06', latitude=43.0015544, longitude=41.023407, confirmed=7504, dead=100, recovered=5545, updated='2021-01-17T18:15:05'}
13:35:36.227 [main] INFO  StringConverter - adding element: Country{location='Guam', countryCode='gu', latitude=13.444304, longitude=144.793731, confirmed=7257, dead=121, recovered=6707, updated='2021-01-17T18:15:05'}
13:35:36.228 [main] INFO  StringConverter - adding element: Country{location='Pakistan', countryCode='pk', latitude=30.375321, longitude=69.34511599999999, confirmed=739818, dead=15872, recovered=646652, updated='2021-04-15T10:00:07'}
13:35:36.228 [main] INFO  StringConverter - adding element: Country{location='Norway', countryCode='no', latitude=60.47202399999999, longitude=8.468945999999999, confirmed=105607, dead=706, recovered=88952, updated='2021-04-15T10:00:07'}
13:36:13.149 [main] INFO  StringConverter - starting to convert elements
13:36:13.238 [main] INFO  StringConverter - adding element: Country{location='Iran', countryCode='ir', latitude=32.427908, longitude=53.688046, confirmed=2168872, dead=65680, recovered=1749041, updated='2021-04-15T14:15:07'}
13:36:13.239 [main] INFO  StringConverter - adding element: Country{location='Germany', countryCode='de', latitude=51.165691, longitude=10.451526, confirmed=3064382, dead=79813, recovered=2736100, updated='2021-04-15T14:15:07'}
13:36:13.239 [main] INFO  StringConverter - adding element: Country{location='Russia', countryCode='ru', latitude=61.52401, longitude=105.318756, confirmed=4675153, dead=104398, recovered=4301448, updated='2021-04-15T14:15:07'}
13:36:13.240 [main] INFO  StringConverter - adding element: Country{location='Nepal', countryCode='np', latitude=28.394857, longitude=84.12400799999999, confirmed=281564, dead=3061, recovered=274447, updated='2021-04-15T10:00:07'}
13:36:13.240 [main] INFO  StringConverter - adding element: Country{location='Saudi Arabia', countryCode='sa', latitude=23.885942, longitude=45.079162, confirmed=401157, dead=6781, recovered=385441, updated='2021-04-15T10:00:07'}
13:36:13.240 [main] INFO  StringConverter - adding element: Country{location='Argentina', countryCode='ar', latitude=-38.416097, longitude=-63.61667199999999, confirmed=2604157, dead=58542, recovered=2278486, updated='2021-04-15T14:15:07'}
13:36:13.241 [main] INFO  StringConverter - adding element: Country{location='Austria', countryCode='at', latitude=47.516231, longitude=14.550072, confirmed=586883, dead=9813, recovered=547604, updated='2021-04-15T10:00:07'}
13:36:13.241 [main] INFO  StringConverter - adding element: Country{location='Jordan', countryCode='jo', latitude=36.1500042, longitude=-95.9882368, confirmed=676175, dead=7987, recovered=617096, updated='2021-04-15T10:00:07'}
13:36:13.241 [main] INFO  StringConverter - adding element: Country{location='Angola', countryCode='ao', latitude=-11.202692, longitude=17.873887, confirmed=23841, dead=557, recovered=22144, updated='2021-04-15T10:00:07'}
13:36:13.242 [main] INFO  StringConverter - adding element: Country{location='Netherlands', countryCode='nl', latitude=52.132633, longitude=5.291265999999999, confirmed=1369411, dead=16848, recovered=0, updated='2021-04-15T10:15:12'}
13:36:13.242 [main] INFO  StringConverter - adding element: Country{location='Bulgaria', countryCode='bg', latitude=42.733883, longitude=25.48583, confirmed=380576, dead=14871, recovered=296998, updated='2021-04-15T10:00:07'}
13:36:13.242 [main] INFO  StringConverter - adding element: Country{location='South Africa', countryCode='za', latitude=-30.559482, longitude=22.937506, confirmed=1584961, dead=103, recovered=1486873, updated='2021-05-04T11:35'}
13:36:13.243 [main] INFO  StringConverter - adding element: Country{location='India', countryCode='in', latitude=20.593684, longitude=78.96288, confirmed=20282833, dead=222408, recovered=16613292, updated='2021-05-04T11:30:08'}
13:36:13.243 [main] INFO  StringConverter - adding element: Country{location='Italy', countryCode='it', latitude=41.87194, longitude=12.56738, confirmed=3809193, dead=115557, recovered=3178976, updated='2021-04-15T14:15:07'}
13:36:13.243 [main] INFO  StringConverter - adding element: Country{location='France', countryCode='fr', latitude=46.227638, longitude=2.213749, confirmed=5149834, dead=99777, recovered=315152, updated='2021-04-15T14:15:07'}
13:36:13.243 [main] INFO  StringConverter - adding element: Country{location='Belgium', countryCode='be', latitude=50.503887, longitude=4.469936, confirmed=935316, dead=23603, recovered=60320, updated='2021-04-15T10:15:12'}
13:36:13.244 [main] INFO  StringConverter - adding element: Country{location='Peru', countryCode='pe', latitude=-9.189967, longitude=-75.015152, confirmed=1667737, dead=55812, recovered=1592937, updated='2021-04-15T14:15:07'}
13:36:13.244 [main] INFO  StringConverter - adding element: Country{location='Ukraine', countryCode='ua', latitude=48.379433, longitude=31.1655799, confirmed=1903765, dead=38658, recovered=1453766, updated='2021-04-15T14:15:07'}
13:36:13.244 [main] INFO  StringConverter - adding element: Country{location='UK', countryCode='gb', latitude=55.378051, longitude=-3.435973, confirmed=4378305, dead=127161, recovered=4113338, updated='2021-04-15T14:15:07'}
13:36:13.244 [main] INFO  StringConverter - adding element: Country{location='Syria', countryCode='sy', latitude=34.80207499999999, longitude=38.996815, confirmed=20555, dead=1402, recovered=14335, updated='2021-04-15T10:00:07'}
13:36:13.245 [main] INFO  StringConverter - adding element: Country{location='Azerbaijan', countryCode='az', latitude=40.143105, longitude=47.576927, confirmed=291894, dead=4009, recovered=255833, updated='2021-04-15T10:00:07'}
13:36:13.245 [main] INFO  StringConverter - adding element: Country{location='Colombia', countryCode='co', latitude=4.570868, longitude=-74.297333, confirmed=2585801, dead=66819, recovered=2419265, updated='2021-04-15T14:15:07'}
13:36:13.245 [main] INFO  StringConverter - adding element: Country{location='Indonesia', countryCode='id', latitude=-0.789275, longitude=113.921327, confirmed=1589359, dead=43073, recovered=1438254, updated='2021-04-15T14:15:07'}
13:36:13.245 [main] INFO  StringConverter - adding element: Country{location='Chile', countryCode='cl', latitude=-35.675147, longitude=-71.542969, confirmed=1094267, dead=24548, recovered=1026934, updated='2021-04-15T10:15:12'}
13:36:13.246 [main] INFO  StringConverter - adding element: Country{location='Mexico', countryCode='mx', latitude=23.634501, longitude=-102.552784, confirmed=2291246, dead=210812, recovered=1817866, updated='2021-04-15T14:15:07'}
13:36:13.246 [main] INFO  StringConverter - adding element: Country{location='Turkey', countryCode='tr', latitude=38.963745, longitude=35.243322, confirmed=4025557, dead=34734, recovered=3480146, updated='2021-04-15T14:15:07'}
13:36:13.246 [main] INFO  StringConverter - adding element: Country{location='Spain', countryCode='es', latitude=40.46366700000001, longitude=-3.74922, confirmed=3387022, dead=76756, recovered=3118437, updated='2021-04-15T14:15:07'}
13:36:13.246 [main] INFO  StringConverter - adding element: Country{location='Gabon', countryCode='ga', latitude=-0.803689, longitude=11.609444, confirmed=21566, dead=132, recovered=18219, updated='2021-04-15T10:00:07'}
13:36:13.247 [main] INFO  StringConverter - adding element: Country{location='Poland', countryCode='pl', latitude=51.919438, longitude=19.145136, confirmed=2642242, dead=60612, recovered=2238638, updated='2021-04-15T14:15:07'}
13:36:13.247 [main] INFO  StringConverter - adding element: Country{location='UAE', countryCode='ae', latitude=23.424076, longitude=53.847818, confirmed=489495, dead=1541, recovered=473398, updated='2021-04-15T10:00:07'}
13:36:13.247 [main] INFO  StringConverter - adding element: Country{location='Czechia', countryCode='cz', latitude=49.81749199999999, longitude=15.472962, confirmed=1593847, dead=28229, recovered=1483559, updated='2021-04-15T14:15:07'}
13:36:13.247 [main] INFO  StringConverter - adding element: Country{location='Brazil', countryCode='br', latitude=-14.235004, longitude=-51.92528, confirmed=14791434, dead=408829, recovered=13336476, updated='2021-05-04T11:30:08'}
13:36:13.247 [main] INFO  StringConverter - adding element: Country{location='Guinea', countryCode='gn', latitude=9.945587, longitude=-9.696645, confirmed=21299, dead=136, recovered=18815, updated='2021-04-15T10:00:07'}
13:36:13.248 [main] INFO  StringConverter - adding element: Country{location='Croatia', countryCode='hr', latitude=45.1, longitude=15.2000001, confirmed=300900, dead=6442, recovered=279151, updated='2021-04-15T10:00:07'}
13:36:13.248 [main] INFO  StringConverter - adding element: Country{location='Portugal', countryCode='pt', latitude=39.39987199999999, longitude=-8.224454, confirmed=828857, dead=16931, recovered=786469, updated='2021-04-15T10:00:07'}
13:36:13.248 [main] INFO  StringConverter - adding element: Country{location='Australia', countryCode='au', latitude=-25.274398, longitude=133.775136, confirmed=29457, dead=910, recovered=26381, updated='2021-04-15T10:00:07'}
13:36:13.248 [main] INFO  StringConverter - adding element: Country{location='Hungary', countryCode='hu', latitude=47.162494, longitude=19.5033041, confirmed=736982, dead=24521, recovered=440498, updated='2021-04-15T10:00:07'}
13:36:13.249 [main] INFO  StringConverter - adding element: Country{location='Panama', countryCode='pa', latitude=8.537981, longitude=-80.782127, confirmed=359516, dead=6177, recovered=349318, updated='2021-04-15T10:00:07'}
13:36:13.249 [main] INFO  StringConverter - adding element: Country{location='Ecuador', countryCode='ec', latitude=-1.831239, longitude=-78.18340599999999, confirmed=350539, dead=17400, recovered=298604, updated='2021-04-15T10:00:07'}
13:36:13.249 [main] INFO  StringConverter - adding element: Country{location='Georgia', countryCode='ge', latitude=32.1656221, longitude=-82.9000751, confirmed=292244, dead=3908, recovered=279389, updated='2021-04-15T10:00:07'}
13:36:13.249 [main] INFO  StringConverter - adding element: Country{location='Morocco', countryCode='ma', latitude=31.791702, longitude=-7.092619999999999, confirmed=503664, dead=8920, recovered=489928, updated='2021-04-15T10:00:07'}
13:36:13.250 [main] INFO  StringConverter - adding element: Country{location='Slovakia', countryCode='sk', latitude=48.669026, longitude=19.699024, confirmed=373950, dead=10877, recovered=255300, updated='2021-04-15T10:00:07'}
13:36:13.250 [main] INFO  StringConverter - adding element: Country{location='Paraguay', countryCode='py', latitude=-23.442503, longitude=-58.443832, confirmed=242161, dead=5040, recovered=198473, updated='2021-04-15T10:00:07'}
13:36:13.250 [main] INFO  StringConverter - adding element: Country{location='Egypt', countryCode='eg', latitude=26.820553, longitude=30.802498, confirmed=212961, dead=12570, recovered=161031, updated='2021-04-15T10:00:07'}
13:36:13.250 [main] INFO  StringConverter - adding element: Country{location='Qatar', countryCode='qa', latitude=25.354826, longitude=51.183884, confirmed=192963, dead=348, recovered=171388, updated='2021-04-15T10:00:07'}
13:36:13.250 [main] INFO  StringConverter - adding element: Country{location='Bahrain', countryCode='bh', latitude=26.0667, longitude=50.5577, confirmed=159964, dead=569, recovered=148093, updated='2021-04-15T10:00:07'}
13:36:13.251 [main] INFO  StringConverter - adding element: Country{location='South Korea', countryCode='kr', latitude=35.907757, longitude=127.766922, confirmed=112117, dead=1788, recovered=102513, updated='2021-04-15T10:00:07'}
13:36:13.251 [main] INFO  StringConverter - adding element: Country{location='Kyrgyzstan', countryCode='kg', latitude=41.20438, longitude=74.766098, confirmed=91144, dead=1540, recovered=86491, updated='2021-04-15T10:00:07'}
13:36:13.251 [main] INFO  StringConverter - adding element: Country{location='Bolivia', countryCode='bo', latitude=-16.290154, longitude=-63.58865299999999, confirmed=285291, dead=12519, recovered=234596, updated='2021-04-15T10:00:07'}
13:36:13.251 [main] INFO  StringConverter - adding element: Country{location='Oman', countryCode='om', latitude=21.4735329, longitude=55.975413, confirmed=176668, dead=1821, recovered=156845, updated='2021-04-15T10:00:07'}
13:36:13.251 [main] INFO  StringConverter - adding element: Country{location='Puerto Rico', countryCode='pr', latitude=18.220833, longitude=-66.590149, confirmed=80590, dead=1703, recovered=0, updated='2021-01-17T18:15:05'}
13:36:13.252 [main] INFO  StringConverter - adding element: Country{location='Guatemala', countryCode='gt', latitude=15.783471, longitude=-90.23075899999999, confirmed=207127, dead=7089, recovered=187894, updated='2021-04-15T10:00:07'}
13:36:13.252 [main] INFO  StringConverter - adding element: Country{location='Myanmar', countryCode='mm', latitude=21.916221, longitude=95.955974, confirmed=142610, dead=3206, recovered=131879, updated='2021-04-15T10:00:07'}
13:36:13.252 [main] INFO  StringConverter - adding element: Country{location='Singapore', countryCode='sg', latitude=1.352083, longitude=103.819836, confirmed=60735, dead=30, recovered=60392, updated='2021-04-15T10:00:07'}
13:36:13.252 [main] INFO  StringConverter - adding element: Country{location='Palestine', countryCode='ps', latitude=31.952162, longitude=35.233154, confirmed=274690, dead=2923, recovered=239291, updated='2021-04-15T10:00:07'}
13:36:13.252 [main] INFO  StringConverter - adding element: Country{location='Bosnia and Herzegovina', countryCode='ba', latitude=43.915886, longitude=17.679076, confirmed=186372, dead=7642, recovered=143944, updated='2021-04-15T10:00:07'}
13:36:13.253 [main] INFO  StringConverter - adding element: Country{location='Kenya', countryCode='ke', latitude=-0.023559, longitude=37.906193, confirmed=148128, dead=2420, recovered=99580, updated='2021-04-15T10:00:07'}
13:36:13.253 [main] INFO  StringConverter - adding element: Country{location='Montenegro', countryCode='me', latitude=42.708678, longitude=19.37439, confirmed=94859, dead=1405, recovered=89615, updated='2021-04-15T10:00:07'}
13:36:13.253 [main] INFO  StringConverter - adding element: Country{location='Uzbekistan', countryCode='uz', latitude=41.377491, longitude=64.585262, confirmed=85730, dead=634, recovered=83462, updated='2021-04-15T10:00:07'}
13:36:13.253 [main] INFO  StringConverter - adding element: Country{location='Malaysia', countryCode='my', latitude=4.210484, longitude=101.975766, confirmed=367977, dead=1363, recovered=349039, updated='2021-04-15T10:00:07'}
13:36:13.253 [main] INFO  StringConverter - adding element: Country{location='Kazakhstan', countryCode='kz', latitude=48.019573, longitude=66.923684, confirmed=278695, dead=3306, recovered=239448, updated='2021-04-15T10:00:07'}
13:36:13.254 [main] INFO  StringConverter - adding element: Country{location='Albania', countryCode='al', latitude=41.153332, longitude=20.168331, confirmed=128959, dead=2331, recovered=99441, updated='2021-04-15T10:00:07'}
13:36:13.254 [main] INFO  StringConverter - adding element: Country{location='Afghanistan', countryCode='af', latitude=33.93911, longitude=67.709953, confirmed=57612, dead=2535, recovered=52083, updated='2021-04-15T10:00:07'}
13:36:13.254 [main] INFO  StringConverter - adding element: Country{location='Dominican Republic', countryCode='do', latitude=18.735693, longitude=-70.162651, confirmed=259260, dead=3402, recovered=217286, updated='2021-04-15T10:00:07'}
13:36:13.254 [main] INFO  StringConverter - adding element: Country{location='Lithuania', countryCode='lt', latitude=55.169438, longitude=23.881275, confirmed=230462, dead=3730, recovered=208890, updated='2021-04-15T10:00:07'}
13:36:13.255 [main] INFO  StringConverter - adding element: Country{location='Libya', countryCode='ly', latitude=26.3351, longitude=17.228331, confirmed=170045, dead=2834, recovered=155117, updated='2021-04-15T10:00:07'}
13:36:13.255 [main] INFO  StringConverter - adding element: Country{location='Honduras', countryCode='hn', latitude=15.199999, longitude=-86.241905, confirmed=198214, dead=4905, recovered=76130, updated='2021-04-15T10:00:07'}
13:36:13.255 [main] INFO  StringConverter - adding element: Country{location='Nigeria', countryCode='ng', latitude=9.081999, longitude=8.675277, confirmed=164000, dead=2061, recovered=154270, updated='2021-04-15T10:00:07'}
13:36:13.255 [main] INFO  StringConverter - adding element: Country{location='Algeria', countryCode='dz', latitude=28.033886, longitude=1.659626, confirmed=118975, dead=3141, recovered=82929, updated='2021-04-15T10:00:07'}
13:36:13.255 [main] INFO  StringConverter - adding element: Country{location='China', countryCode='cn', latitude=35.86166, longitude=104.195397, confirmed=90457, dead=4636, recovered=85524, updated='2021-04-15T10:00:07'}
13:36:13.256 [main] INFO  StringConverter - adding element: Country{location='Lebanon', countryCode='lb', latitude=33.854721, longitude=35.862285, confirmed=502299, dead=6778, recovered=413175, updated='2021-04-15T10:00:07'}
13:36:13.256 [main] INFO  StringConverter - adding element: Country{location='Kuwait', countryCode='kw', latitude=29.31166, longitude=47.481766, confirmed=251675, dead=1423, recovered=235053, updated='2021-04-15T10:00:07'}
13:36:13.256 [main] INFO  StringConverter - adding element: Country{location='Slovenia', countryCode='si', latitude=46.151241, longitude=14.995463, confirmed=229967, dead=4142, recovered=212815, updated='2021-04-15T10:00:07'}
13:36:13.256 [main] INFO  StringConverter - adding element: Country{location='Venezuela', countryCode='ve', latitude=6.42375, longitude=-66.58973, confirmed=178094, dead=1834, recovered=160620, updated='2021-04-15T10:00:07'}
13:36:13.256 [main] INFO  StringConverter - adding element: Country{location='North Macedonia', countryCode='mk', latitude=41.608635, longitude=21.745275, confirmed=144111, dead=4322, recovered=119683, updated='2021-04-15T10:00:07'}
13:36:13.257 [main] INFO  StringConverter - adding element: Country{location='Ghana', countryCode='gh', latitude=7.946527, longitude=-1.023194, confirmed=91477, dead=763, recovered=89301, updated='2021-04-15T10:00:07'}
13:36:13.257 [main] INFO  StringConverter - adding element: Country{location='El Salvador', countryCode='sv', latitude=13.794185, longitude=-88.89653, confirmed=66956, dead=2060, recovered=63345, updated='2021-04-15T10:00:07'}
13:36:13.257 [main] INFO  StringConverter - adding element: Country{location='Greece', countryCode='gr', latitude=39.074208, longitude=21.824312, confirmed=304184, dead=9135, recovered=261176, updated='2021-04-15T10:00:07'}
13:36:13.257 [main] INFO  StringConverter - adding element: Country{location='Tunisia', countryCode='tn', latitude=33.886917, longitude=9.537499, confirmed=276727, dead=9480, recovered=229754, updated='2021-04-15T10:00:07'}
13:36:13.257 [main] INFO  StringConverter - adding element: Country{location='Mali', countryCode='ml', latitude=17.570692, longitude=-3.996166, confirmed=12467, dead=419, recovered=7238, updated='2021-04-15T10:00:07'}
13:36:13.257 [main] INFO  StringConverter - adding element: Country{location='Trinidad and Tobago', countryCode='tt', latitude=10.691803, longitude=-61.222503, confirmed=8596, dead=148, recovered=7818, updated='2021-04-15T10:00:07'}
13:36:13.258 [main] INFO  StringConverter - adding element: Country{location='Timor-Leste', countryCode='tl', latitude=-8.874217, longitude=125.727539, confirmed=1103, dead=2, recovered=564, updated='2021-04-15T10:00:07'}
13:36:13.258 [main] INFO  StringConverter - adding element: Country{location='Cameroon', countryCode='cm', latitude=7.369721999999999, longitude=12.354722, confirmed=61731, dead=919, recovered=56926, updated='2021-04-15T10:00:07'}
13:36:13.258 [main] INFO  StringConverter - adding element: Country{location='Estonia', countryCode='ee', latitude=58.595272, longitude=25.0136071, confirmed=116200, dead=1064, recovered=99096, updated='2021-04-15T10:00:07'}
13:36:13.258 [main] INFO  StringConverter - adding element: Country{location='Eswatini', countryCode='sz', latitude=-26.522503, longitude=31.465866, confirmed=18407, dead=670, recovered=17682, updated='2021-04-15T10:00:07'}
13:36:13.259 [main] INFO  StringConverter - adding element: Country{location='Cyprus', countryCode='cy', latitude=35.126413, longitude=33.429859, confirmed=53254, dead=277, recovered=39061, updated='2021-04-15T10:00:07'}
13:36:13.259 [main] INFO  StringConverter - adding element: Country{location='Uganda', countryCode='ug', latitude=1.373333, longitude=32.290275, confirmed=41237, dead=338, recovered=40779, updated='2021-04-15T10:00:07'}
13:36:13.259 [main] INFO  StringConverter - adding element: Country{location='Senegal', countryCode='sn', latitude=14.497401, longitude=-14.452362, confirmed=39560, dead=1084, recovered=38290, updated='2021-04-15T10:00:07'}
13:36:13.259 [main] INFO  StringConverter - adding element: Country{location='Hong Kong', countryCode='hk', latitude=22.3193039, longitude=114.1693611, confirmed=11619, dead=209, recovered=11246, updated='2021-04-15T10:00:07'}
13:36:13.260 [main] INFO  StringConverter - adding element: Country{location='Guyana', countryCode='gy', latitude=4.860416, longitude=-58.93018, confirmed=11374, dead=260, recovered=9880, updated='2021-04-15T10:00:07'}
13:36:13.260 [main] INFO  StringConverter - adding element: Country{location='Latvia', countryCode='lv', latitude=56.879635, longitude=24.603189, confirmed=109731, dead=2030, recovered=100464, updated='2021-04-15T10:00:07'}
13:36:13.260 [main] INFO  StringConverter - adding element: Country{location='Zambia', countryCode='zm', latitude=-13.133897, longitude=27.849332, confirmed=90389, dead=1229, recovered=88241, updated='2021-04-15T10:00:07'}
13:36:13.260 [main] INFO  StringConverter - adding element: Country{location='Namibia', countryCode='na', latitude=38.911651, longitude=-77.0412109, confirmed=46051, dead=592, recovered=44162, updated='2021-04-15T10:00:07'}
13:36:13.260 [main] INFO  StringConverter - adding element: Country{location='Thailand', countryCode='th', latitude=15.870032, longitude=100.992541, confirmed=37453, dead=97, recovered=28383, updated='2021-04-15T10:00:07'}
13:36:13.260 [main] INFO  StringConverter - adding element: Country{location='Madagascar', countryCode='mg', latitude=-18.766947, longitude=46.869107, confirmed=29348, dead=520, recovered=24695, updated='2021-04-15T10:00:07'}
13:36:13.261 [main] INFO  StringConverter - adding element: Country{location='DRC', countryCode='cd', latitude=-4.038333, longitude=21.758664, confirmed=28714, dead=745, recovered=25841, updated='2021-04-15T10:00:07'}
13:36:13.261 [main] INFO  StringConverter - adding element: Country{location='Maldives', countryCode='mv', latitude=3.202778, longitude=73.22068, confirmed=25844, dead=67, recovered=23141, updated='2021-04-15T10:00:07'}
13:36:13.261 [main] INFO  StringConverter - adding element: Country{location='Mauritania', countryCode='mr', latitude=21.00789, longitude=-10.940835, confirmed=18066, dead=452, recovered=17428, updated='2021-04-15T10:00:07'}
13:36:13.261 [main] INFO  StringConverter - adding element: Country{location='Haiti', countryCode='ht', latitude=18.971187, longitude=-72.285215, confirmed=12857, dead=251, recovered=11614, updated='2021-04-15T10:00:07'}
13:36:13.261 [main] INFO  StringConverter - adding element: Country{location='Dominica', countryCode='dm', latitude=15.414999, longitude=-61.37097600000001, confirmed=165, dead=0, recovered=159, updated='2021-04-15T10:00:07'}
13:36:13.262 [main] INFO  StringConverter - adding element: Country{location='Malawi', countryCode='mw', latitude=-13.254308, longitude=34.301525, confirmed=33891, dead=1134, recovered=31675, updated='2021-04-15T10:00:07'}
13:36:13.262 [main] INFO  StringConverter - adding element: Country{location='Fiji', countryCode='fj', latitude=-17.713371, longitude=178.065032, confirmed=68, dead=2, recovered=64, updated='2021-04-15T10:00:07'}
13:36:13.262 [main] INFO  StringConverter - adding element: Country{location='Andorra', countryCode='ad', latitude=42.506285, longitude=1.521801, confirmed=12641, dead=121, recovered=11989, updated='2021-04-15T10:00:07'}
13:36:13.262 [main] INFO  StringConverter - adding element: Country{location='Congo', countryCode='cg', latitude=-4.038333, longitude=21.758664, confirmed=10084, dead=139, recovered=8208, updated='2021-04-15T10:00:07'}
13:36:13.263 [main] INFO  StringConverter - adding element: Country{location='Cuba', countryCode='cu', latitude=21.521757, longitude=-77.781167, confirmed=89404, dead=487, recovered=84114, updated='2021-04-15T10:00:07'}
13:36:13.263 [main] INFO  StringConverter - adding element: Country{location='Cabo Verde', countryCode='cv', latitude=16.5388, longitude=-23.0418, confirmed=19525, dead=188, recovered=17645, updated='2021-04-15T10:00:07'}
13:36:13.263 [main] INFO  StringConverter - adding element: Country{location='Botswana', countryCode='bw', latitude=-22.328474, longitude=24.684866, confirmed=43444, dead=663, recovered=38923, updated='2021-04-15T10:00:07'}
13:36:13.263 [main] INFO  StringConverter - adding element: Country{location='Finland', countryCode='fi', latitude=61.92410999999999, longitude=25.7481511, confirmed=83253, dead=881, recovered=46000, updated='2021-04-15T10:00:07'}
13:36:13.263 [main] INFO  StringConverter - adding element: Country{location='French Polynesia', countryCode='pf', latitude=-17.679742, longitude=-149.406843, confirmed=18680, dead=141, recovered=4842, updated='2021-04-15T10:00:07'}
13:36:13.264 [main] INFO  StringConverter - adding element: Country{location='Belize', countryCode='bz', latitude=17.189877, longitude=-88.49765, confirmed=12522, dead=318, recovered=12140, updated='2021-04-15T10:00:07'}
13:36:13.264 [main] INFO  StringConverter - adding element: Country{location='Bahamas', countryCode='bs', latitude=25.03428, longitude=-77.39627999999999, confirmed=9505, dead=190, recovered=8965, updated='2021-04-15T10:00:07'}
13:36:13.264 [main] INFO  StringConverter - adding element: Country{location='Falkland Islands', countryCode='fk', latitude=-51.796253, longitude=-59.523613, confirmed=62, dead=0, recovered=55, updated='2021-04-15T10:00:07'}
13:36:13.264 [main] INFO  StringConverter - adding element: Country{location='Uruguay', countryCode='uy', latitude=-32.522779, longitude=-55.765835, confirmed=152089, dead=1647, recovered=119388, updated='2021-04-15T10:00:07'}
13:36:13.265 [main] INFO  StringConverter - adding element: Country{location='Jamaica', countryCode='jm', latitude=18.109581, longitude=-77.297508, confirmed=43054, dead=692, recovered=19248, updated='2021-04-15T10:00:07'}
13:36:13.265 [main] INFO  StringConverter - adding element: Country{location='Malta', countryCode='mt', latitude=35.937496, longitude=14.375416, confirmed=29778, dead=403, recovered=28797, updated='2021-04-15T10:00:07'}
13:36:13.265 [main] INFO  StringConverter - adding element: Country{location='Djibouti', countryCode='dj', latitude=11.825138, longitude=42.590275, confirmed=10202, dead=106, recovered=8591, updated='2021-04-15T10:00:07'}
13:36:13.265 [main] INFO  StringConverter - adding element: Country{location='Guinea-Bissau', countryCode='gw', latitude=11.803749, longitude=-15.180413, confirmed=3694, dead=66, recovered=3093, updated='2021-04-15T10:00:07'}
13:36:13.265 [main] INFO  StringConverter - adding element: Country{location='U.S. Virgin Islands', countryCode='vi', latitude=18.335765, longitude=-64.896335, confirmed=2260, dead=24, recovered=2120, updated='2021-01-17T18:15:05'}
13:36:13.266 [main] INFO  StringConverter - adding element: Country{location='Liechtenstein', countryCode='li', latitude=47.166, longitude=9.555373, confirmed=2770, dead=56, recovered=2646, updated='2021-04-15T10:00:07'}
13:36:13.266 [main] INFO  StringConverter - adding element: Country{location='Sint Maarten', countryCode='sx', latitude=18.04248, longitude=-63.05483, confirmed=2196, dead=27, recovered=2133, updated='2021-04-15T10:00:07'}
13:36:13.266 [main] INFO  StringConverter - adding element: Country{location='Bermuda', countryCode='bm', latitude=32.3078, longitude=-64.7505, confirmed=1935, dead=16, recovered=1051, updated='2021-04-15T10:00:07'}
13:36:13.266 [main] INFO  StringConverter - adding element: Country{location='Benin', countryCode='bj', latitude=9.30769, longitude=2.315834, confirmed=7611, dead=95, recovered=6728, updated='2021-04-15T10:00:07'}
13:36:13.266 [main] INFO  StringConverter - adding element: Country{location='Iceland', countryCode='is', latitude=64.963051, longitude=-19.020835, confirmed=6275, dead=29, recovered=6163, updated='2021-04-15T10:00:07'}
13:36:13.267 [main] INFO  StringConverter - adding element: Country{location='Yemen', countryCode='ye', latitude=15.552727, longitude=48.516388, confirmed=5582, dead=1083, recovered=2128, updated='2021-04-15T10:00:07'}
13:36:13.267 [main] INFO  StringConverter - adding element: Country{location='Gibraltar', countryCode='gi', latitude=36.140751, longitude=-5.353585, confirmed=4290, dead=94, recovered=4181, updated='2021-04-15T10:00:07'}
13:36:13.267 [main] INFO  StringConverter - adding element: Country{location='New Zealand', countryCode='nz', latitude=-40.900557, longitude=174.885971, confirmed=2591, dead=26, recovered=2464, updated='2021-04-15T10:00:07'}
13:36:13.267 [main] INFO  StringConverter - adding element: Country{location='Bhutan', countryCode='bt', latitude=27.514162, longitude=90.433601, confirmed=929, dead=1, recovered=876, updated='2021-04-15T10:00:07'}
13:36:13.268 [main] INFO  StringConverter - adding element: Country{location='Faeroe Islands', countryCode='fo', latitude=61.89263500000001, longitude=-6.9118061, confirmed=662, dead=1, recovered=660, updated='2021-04-15T10:00:07'}
13:36:13.268 [main] INFO  StringConverter - adding element: Country{location='Belarus', countryCode='by', latitude=53.709807, longitude=27.953389, confirmed=338801, dead=2383, recovered=329135, updated='2021-04-15T10:00:07'}
13:36:13.268 [main] INFO  StringConverter - adding element: Country{location='Somaliland', countryCode='05', latitude=9.411743399999999, longitude=46.8252838, confirmed=1354, dead=47, recovered=1200, updated='2021-01-17T18:15:05'}
13:36:13.269 [main] INFO  StringConverter - adding element: Country{location='Togo', countryCode='tg', latitude=8.619543, longitude=0.824782, confirmed=12214, dead=117, recovered=9543, updated='2021-04-15T10:00:07'}
13:36:13.269 [main] INFO  StringConverter - adding element: Country{location='Lesotho', countryCode='ls', latitude=-29.609988, longitude=28.233608, confirmed=10709, dead=315, recovered=5028, updated='2021-04-15T10:00:07'}
13:36:13.269 [main] INFO  StringConverter - adding element: Country{location='San Marino', countryCode='sm', latitude=43.94236, longitude=12.457777, confirmed=5004, dead=86, recovered=4625, updated='2021-04-15T10:00:07'}
13:36:13.269 [main] INFO  StringConverter - adding element: Country{location='Rwanda', countryCode='rw', latitude=-1.940278, longitude=29.873888, confirmed=23672, dead=317, recovered=21594, updated='2021-04-15T10:00:07'}
13:36:13.269 [main] INFO  StringConverter - adding element: Country{location='Suriname', countryCode='sr', latitude=3.919305, longitude=-56.027783, confirmed=9417, dead=184, recovered=8725, updated='2021-04-15T10:00:07'}
13:36:13.270 [main] INFO  StringConverter - adding element: Country{location='Liberia', countryCode='lr', latitude=6.428055, longitude=-9.429499000000002, confirmed=2042, dead=85, recovered=1899, updated='2021-04-15T10:00:07'}
13:36:13.270 [main] INFO  StringConverter - adding element: Country{location='Somalia', countryCode='so', latitude=5.152149, longitude=46.199616, confirmed=12837, dead=656, recovered=5346, updated='2021-04-15T10:00:07'}
13:36:13.270 [main] INFO  StringConverter - adding element: Country{location='South Sudan', countryCode='ss', latitude=6.876991899999999, longitude=31.3069788, confirmed=10416, dead=114, recovered=10148, updated='2021-04-15T10:00:07'}
13:36:13.270 [main] INFO  StringConverter - adding element: Country{location='Papua New Guinea', countryCode='pg', latitude=-6.314992999999999, longitude=143.95555, confirmed=8984, dead=71, recovered=846, updated='2021-04-15T10:00:07'}
13:36:13.271 [main] INFO  StringConverter - adding element: Country{location='Equatorial Guinea', countryCode='gq', latitude=1.650801, longitude=10.267895, confirmed=7259, dead=106, recovered=6885, updated='2021-04-15T10:00:07'}
13:36:13.271 [main] INFO  StringConverter - adding element: Country{location='CAR', countryCode='cf', latitude=6.611110999999999, longitude=20.939444, confirmed=5682, dead=75, recovered=5112, updated='2021-04-15T10:00:07'}
13:36:13.271 [main] INFO  StringConverter - adding element: Country{location='Chad', countryCode='td', latitude=15.454166, longitude=18.732207, confirmed=4662, dead=167, recovered=4312, updated='2021-04-15T10:00:07'}
13:36:13.271 [main] INFO  StringConverter - adding element: Country{location='Vietnam', countryCode='vn', latitude=14.058324, longitude=108.277199, confirmed=2737, dead=35, recovered=2445, updated='2021-04-15T10:00:07'}
13:36:13.272 [main] INFO  StringConverter - adding element: Country{location='Monaco', countryCode='mc', latitude=43.73841760000001, longitude=7.424615799999999, confirmed=2384, dead=31, recovered=2266, updated='2021-04-15T10:00:07'}
13:36:13.272 [main] INFO  StringConverter - adding element: Country{location='Curaçao', countryCode='cw', latitude=12.16957, longitude=-68.99002, confirmed=11581, dead=78, recovered=7666, updated='2021-04-15T10:00:07'}
13:36:13.272 [main] INFO  StringConverter - adding element: Country{location='Taiwan', countryCode='tw', latitude=23.69781, longitude=120.960515, confirmed=1068, dead=11, recovered=1031, updated='2021-04-15T10:00:07'}
13:36:13.272 [main] INFO  StringConverter - adding element: Country{location='Jersey', countryCode='je', latitude=49.2137711, longitude=-2.1357662, confirmed=2908, dead=56, recovered=2561, updated='2021-01-17T18:15:05'}
13:36:13.272 [main] INFO  StringConverter - adding element: Country{location='Luxembourg', countryCode='lu', latitude=49.815273, longitude=6.129582999999999, confirmed=64334, dead=784, recovered=60203, updated='2021-04-15T10:00:07'}
13:36:13.273 [main] INFO  StringConverter - adding element: Country{location='Aruba', countryCode='aw', latitude=12.52111, longitude=-69.968338, confirmed=10159, dead=92, recovered=9573, updated='2021-04-15T10:00:07'}
13:36:13.273 [main] INFO  StringConverter - adding element: Country{location='Niger', countryCode='ne', latitude=17.607789, longitude=8.081666, confirmed=5081, dead=189, recovered=4760, updated='2021-04-15T10:00:07'}
13:36:13.273 [main] INFO  StringConverter - adding element: Country{location='Diamond Princess', countryCode='01', latitude=40.86429589999999, longitude=-73.9614914, confirmed=712, dead=13, recovered=699, updated='2021-04-15T10:00:07'}
13:36:13.273 [main] INFO  StringConverter - adding element: Country{location='Sierra Leone', countryCode='sl', latitude=8.460555, longitude=-11.779889, confirmed=4013, dead=79, recovered=2832, updated='2021-04-15T10:00:07'}
13:36:13.273 [main] INFO  StringConverter - adding element: Country{location='Burundi', countryCode='bi', latitude=-3.373056, longitude=29.918886, confirmed=3333, dead=6, recovered=773, updated='2021-04-15T10:00:07'}
13:36:13.273 [main] INFO  StringConverter - adding element: Country{location='Seychelles', countryCode='sc', latitude=-4.679574, longitude=55.491977, confirmed=4633, dead=25, recovered=4310, updated='2021-04-15T10:00:07'}
13:36:13.273 [main] INFO  StringConverter - adding element: Country{location='Saint Pierre Miquelon', countryCode='pm', latitude=46.8852, longitude=-56.3159, confirmed=24, dead=0, recovered=24, updated='2021-04-15T10:00:07'}
13:36:13.274 [main] INFO  StringConverter - adding element: Country{location='United States', countryCode='us', latitude=37.09024, longitude=-95.712891, confirmed=33230992, dead=591514, recovered=25908684, updated='2021-05-04T11:30:08'}
13:36:13.274 [main] INFO  StringConverter - adding element: Country{location='Laos', countryCode='la', latitude=19.85627, longitude=102.495496, confirmed=53, dead=0, recovered=49, updated='2021-04-15T10:00:07'}
13:36:13.274 [main] INFO  StringConverter - adding element: Country{location='Saint Kitts and Nevis', countryCode='kn', latitude=17.357822, longitude=-62.782998, confirmed=44, dead=0, recovered=44, updated='2021-04-15T10:00:07'}
13:36:13.274 [main] INFO  StringConverter - adding element: Country{location='Romania', countryCode='ro', latitude=45.943161, longitude=24.96676, confirmed=1016449, dead=25605, recovered=920653, updated='2021-04-15T10:15:12'}
13:36:13.274 [main] INFO  StringConverter - adding element: Country{location='French Guiana', countryCode='gf', latitude=3.933889, longitude=-53.125782, confirmed=17883, dead=95, recovered=9995, updated='2021-04-15T10:00:07'}
13:36:13.274 [main] INFO  StringConverter - adding element: Country{location='Barbados', countryCode='bb', latitude=13.193887, longitude=-59.543198, confirmed=3744, dead=44, recovered=3634, updated='2021-04-15T10:00:07'}
13:36:13.274 [main] INFO  StringConverter - adding element: Country{location='Sao Tome and Principe', countryCode='st', latitude=0.18636, longitude=6.613080999999999, confirmed=2269, dead=35, recovered=2196, updated='2021-04-15T10:00:07'}
13:36:13.274 [main] INFO  StringConverter - adding element: Country{location='Macao', countryCode='mo', latitude=22.198745, longitude=113.543873, confirmed=49, dead=0, recovered=48, updated='2021-04-15T10:00:07'}
13:36:13.274 [main] INFO  StringConverter - adding element: Country{location='Montserrat', countryCode='ms', latitude=16.742498, longitude=-62.187366, confirmed=20, dead=1, recovered=19, updated='2021-04-15T10:00:07'}
13:36:13.275 [main] INFO  StringConverter - adding element: Country{location='Saint Martin', countryCode='mf', latitude=18.0708298, longitude=-63.0500809, confirmed=1693, dead=12, recovered=1399, updated='2021-04-15T10:00:07'}
13:36:13.275 [main] INFO  StringConverter - adding element: Country{location='Sint Eustatius', countryCode='bq', latitude=17.4890306, longitude=-62.973555, confirmed=18, dead=0, recovered=18, updated='2021-01-17T18:15:05'}
13:36:13.275 [main] INFO  StringConverter - adding element: Country{location='Isle of Man', countryCode='im', latitude=54.236107, longitude=-4.548056, confirmed=1575, dead=29, recovered=1445, updated='2021-04-15T10:00:07'}
13:36:13.275 [main] INFO  StringConverter - adding element: Country{location='Tanzania', countryCode='tz', latitude=-6.369028, longitude=34.888822, confirmed=509, dead=21, recovered=183, updated='2021-04-15T10:00:07'}
13:36:13.275 [main] INFO  StringConverter - adding element: Country{location='Samoa', countryCode='ws', latitude=-13.759029, longitude=-172.104629, confirmed=3, dead=0, recovered=2, updated='2021-04-15T10:00:07'}
13:36:13.275 [main] INFO  StringConverter - adding element: Country{location='Coral Princess', countryCode='11', latitude=20.5331399, longitude=-86.9387546, confirmed=12, dead=3, recovered=0, updated='2021-01-17T18:15:05'}
13:36:13.276 [main] INFO  StringConverter - adding element: Country{location='Brunei ', countryCode='bn', latitude=4.535277, longitude=114.727669, confirmed=221, dead=3, recovered=206, updated='2021-04-15T10:00:07'}
13:36:13.276 [main] INFO  StringConverter - adding element: Country{location='Japan', countryCode='jp', latitude=36.204824, longitude=138.252924, confirmed=512169, dead=9469, recovered=471007, updated='2021-04-15T10:00:07'}
13:36:13.276 [main] INFO  StringConverter - adding element: Country{location='St. Barth', countryCode='bl', latitude=17.9, longitude=-62.833333, confirmed=907, dead=1, recovered=462, updated='2021-04-15T10:00:07'}
13:36:13.276 [main] INFO  StringConverter - adding element: Country{location='Moldova', countryCode='md', latitude=47.411631, longitude=28.369885, confirmed=243365, dead=5466, recovered=226325, updated='2021-04-15T10:00:07'}
13:36:13.276 [main] INFO  StringConverter - adding element: Country{location='British Virgin Islands', countryCode='vg', latitude=18.420695, longitude=-64.639968, confirmed=178, dead=1, recovered=159, updated='2021-04-15T10:00:07'}
13:36:13.276 [main] INFO  StringConverter - adding element: Country{location='Grenada', countryCode='gd', latitude=12.1165, longitude=-61.67899999999999, confirmed=155, dead=1, recovered=152, updated='2021-04-15T10:00:07'}
13:36:13.277 [main] INFO  StringConverter - adding element: Country{location='Anguilla', countryCode='ai', latitude=18.220554, longitude=-63.06861499999999, confirmed=25, dead=0, recovered=22, updated='2021-04-15T10:00:07'}
13:36:13.277 [main] INFO  StringConverter - adding element: Country{location='New Caledonia', countryCode='nc', latitude=-20.904305, longitude=165.618042, confirmed=121, dead=0, recovered=58, updated='2021-04-15T10:00:07'}
13:36:13.277 [main] INFO  StringConverter - adding element: Country{location='Marshall Islands', countryCode='mh', latitude=7.131474, longitude=171.184478, confirmed=4, dead=0, recovered=4, updated='2021-04-15T10:00:07'}
13:36:13.277 [main] INFO  StringConverter - adding element: Country{location='Canada', countryCode='ca', latitude=56.130366, longitude=-106.346771, confirmed=1087152, dead=23445, recovered=983506, updated='2021-04-15T10:15:12'}
13:36:13.277 [main] INFO  StringConverter - adding element: Country{location='Mayotte', countryCode='yt', latitude=-12.8275, longitude=45.166244, confirmed=19757, dead=168, recovered=2964, updated='2021-04-15T10:00:07'}
13:36:13.277 [main] INFO  StringConverter - adding element: Country{location='Greenland', countryCode='gl', latitude=71.706936, longitude=-42.604303, confirmed=31, dead=0, recovered=31, updated='2021-04-15T10:00:07'}
13:36:13.278 [main] INFO  StringConverter - adding element: Country{location='Vatican City', countryCode='va', latitude=41.902916, longitude=12.453389, confirmed=27, dead=0, recovered=15, updated='2021-04-15T10:00:07'}
13:36:13.278 [main] INFO  StringConverter - adding element: Country{location='Solomon Islands', countryCode='sb', latitude=-9.64571, longitude=160.156194, confirmed=19, dead=0, recovered=18, updated='2021-04-15T10:00:07'}
13:36:13.278 [main] INFO  StringConverter - adding element: Country{location='Réunion', countryCode='re', latitude=-21.115141, longitude=55.536384, confirmed=18425, dead=135, recovered=16794, updated='2021-04-15T10:00:07'}
13:36:13.278 [main] INFO  StringConverter - adding element: Country{location='Guadeloupe', countryCode='gp', latitude=16.265, longitude=-61.55099999999999, confirmed=12717, dead=176, recovered=2242, updated='2021-04-15T10:00:07'}
13:36:13.278 [main] INFO  StringConverter - adding element: Country{location='Gambia', countryCode='gm', latitude=13.443182, longitude=-15.310139, confirmed=5682, dead=170, recovered=5165, updated='2021-04-15T10:00:07'}
13:36:13.278 [main] INFO  StringConverter - adding element: Country{location='Guernsey', countryCode='gg', latitude=49.4481982, longitude=-2.58949, confirmed=309, dead=13, recovered=288, updated='2021-01-17T18:15:05'}
13:36:13.279 [main] INFO  StringConverter - adding element: Country{location='Saint Lucia', countryCode='lc', latitude=13.909444, longitude=-60.978893, confirmed=4355, dead=64, recovered=4208, updated='2021-04-15T10:00:07'}
13:36:13.279 [main] INFO  StringConverter - adding element: Country{location='St. Vincent Grenadines', countryCode='vc', latitude=12.984305, longitude=-61.287228, confirmed=1812, dead=10, recovered=1677, updated='2021-04-15T10:00:07'}
13:36:13.279 [main] INFO  StringConverter - adding element: Country{location='Vanuatu', countryCode='vu', latitude=-15.376706, longitude=166.959158, confirmed=3, dead=0, recovered=1, updated='2021-04-15T10:00:07'}
13:36:13.279 [main] INFO  StringConverter - adding element: Country{location='Martinique', countryCode='mq', latitude=14.641528, longitude=-61.024174, confirmed=9890, dead=64, recovered=98, updated='2021-04-15T10:00:07'}
13:36:13.279 [main] INFO  StringConverter - adding element: Country{location='Cayman Islands', countryCode='ky', latitude=19.3133, longitude=-81.2546, confirmed=523, dead=2, recovered=498, updated='2021-04-15T10:00:07'}
13:36:13.279 [main] INFO  StringConverter - adding element: Country{location='Mongolia', countryCode='mn', latitude=46.862496, longitude=103.846656, confirmed=18565, dead=31, recovered=10638, updated='2021-04-15T10:00:07'}
13:36:13.280 [main] INFO  StringConverter - adding element: Country{location='Sudan', countryCode='sd', latitude=12.862807, longitude=30.217636, confirmed=31790, dead=2208, recovered=25539, updated='2021-04-15T10:00:07'}
13:36:13.280 [main] INFO  StringConverter - adding element: Country{location='Tajikistan', countryCode='tj', latitude=38.861034, longitude=71.276093, confirmed=13308, dead=90, recovered=13218, updated='2021-04-15T10:00:07'}
13:36:13.280 [main] INFO  StringConverter - adding element: Country{location='Comoros', countryCode='km', latitude=-11.6455, longitude=43.3333, confirmed=3803, dead=146, recovered=3582, updated='2021-04-15T10:00:07'}
13:36:13.280 [main] INFO  StringConverter - adding element: Country{location='Turks and Caicos', countryCode='tc', latitude=21.694025, longitude=-71.797928, confirmed=2360, dead=17, recovered=2285, updated='2021-04-15T10:00:07'}
13:36:13.280 [main] INFO  StringConverter - adding element: Country{location='Mauritius', countryCode='mu', latitude=-20.348404, longitude=57.55215200000001, confirmed=1201, dead=15, recovered=841, updated='2021-04-15T10:00:07'}
13:36:13.281 [main] INFO  StringConverter - adding element: Country{location='Philippines', countryCode='ph', latitude=12.879721, longitude=121.774017, confirmed=904285, dead=15594, recovered=705164, updated='2021-04-15T10:15:12'}
13:36:13.281 [main] INFO  StringConverter - adding element: Country{location='Israel', countryCode='il', latitude=31.046051, longitude=34.851612, confirmed=836504, dead=6312, recovered=827184, updated='2021-04-15T10:00:07'}
13:36:13.281 [main] INFO  StringConverter - adding element: Country{location='Northern Cyprus', countryCode='00', latitude=35.2480359, longitude=33.6577243, confirmed=1850, dead=11, recovered=1602, updated='2021-01-17T18:15:05'}
13:36:13.281 [main] INFO  StringConverter - adding element: Country{location='Bangladesh', countryCode='bd', latitude=23.684994, longitude=90.356331, confirmed=703170, dead=9987, recovered=591299, updated='2021-04-15T10:00:07'}
13:36:13.281 [main] INFO  StringConverter - adding element: Country{location='Sweden', countryCode='se', latitude=60.12816100000001, longitude=18.643501, confirmed=885385, dead=13720, recovered=0, updated='2021-04-15T10:00:07'}
13:36:13.281 [main] INFO  StringConverter - adding element: Country{location='Serbia', countryCode='rs', latitude=44.016521, longitude=21.005859, confirmed=651899, dead=5846, recovered=571312, updated='2021-04-15T10:00:07'}
13:36:13.282 [main] INFO  StringConverter - adding element: Country{location='Denmark', countryCode='dk', latitude=56.26392, longitude=9.501785, confirmed=239532, dead=2447, recovered=228685, updated='2021-04-15T10:00:07'}
13:36:13.282 [main] INFO  StringConverter - adding element: Country{location='Switzerland', countryCode='ch', latitude=46.818188, longitude=8.227511999999999, confirmed=627968, dead=10488, recovered=563438, updated='2021-04-15T10:00:07'}
13:36:13.282 [main] INFO  StringConverter - adding element: Country{location='Ireland', countryCode='ie', latitude=53.1423672, longitude=-7.692053599999999, confirmed=242105, dead=4812, recovered=222851, updated='2021-04-15T10:00:07'}
13:36:13.282 [main] INFO  StringConverter - adding element: Country{location='Ethiopia', countryCode='et', latitude=9.145000000000001, longitude=40.489673, confirmed=234405, dead=3252, recovered=174591, updated='2021-04-15T10:00:07'}
13:36:13.283 [main] INFO  StringConverter - adding element: Country{location='Costa Rica', countryCode='cr', latitude=9.748916999999999, longitude=-83.753428, confirmed=225343, dead=3044, recovered=196060, updated='2021-04-15T10:00:07'}
13:36:13.283 [main] INFO  StringConverter - adding element: Country{location='Armenia', countryCode='am', latitude=40.069099, longitude=45.038189, confirmed=206142, dead=3817, recovered=185125, updated='2021-04-15T10:00:07'}
13:36:13.283 [main] INFO  StringConverter - adding element: Country{location='Sri Lanka', countryCode='lk', latitude=7.873053999999999, longitude=80.77179699999999, confirmed=95737, dead=604, recovered=92151, updated='2021-04-15T10:00:07'}
13:36:13.283 [main] INFO  StringConverter - adding element: Country{location='Mozambique', countryCode='mz', latitude=-18.665695, longitude=35.529562, confirmed=68927, dead=794, recovered=59972, updated='2021-04-15T10:00:07'}
13:36:13.283 [main] INFO  StringConverter - adding element: Country{location='Artsakh', countryCode='12', latitude=26.0434384, longitude=-80.2777081, confirmed=1130, dead=30, recovered=337, updated='2021-01-17T18:15:05'}
13:36:13.284 [main] INFO  StringConverter - adding element: Country{location='Ivory Coast', countryCode='ci', latitude=7.539988999999999, longitude=-5.547079999999999, confirmed=45388, dead=271, recovered=44833, updated='2021-04-15T10:00:07'}
13:36:13.284 [main] INFO  StringConverter - adding element: Country{location='Cambodia', countryCode='kh', latitude=12.565679, longitude=104.990963, confirmed=5218, dead=36, recovered=2319, updated='2021-04-15T10:00:07'}
13:36:13.284 [main] INFO  StringConverter - adding element: Country{location='Antigua and Barbuda', countryCode='ag', latitude=17.060816, longitude=-61.796428, confirmed=1209, dead=31, recovered=947, updated='2021-04-15T10:00:07'}
13:36:13.284 [main] INFO  StringConverter - adding element: Country{location='USS Theodore Roosevelt', countryCode='09', latitude=0.0, longitude=0.0, confirmed=1102, dead=1, recovered=751, updated='2021-01-17T18:15:05'}
13:36:13.284 [main] INFO  StringConverter - adding element: Country{location='Northern Mariana Islands ', countryCode='mp', latitude=15.0979, longitude=145.6739, confirmed=122, dead=2, recovered=32, updated='2021-01-17T18:15:05'}
13:36:13.284 [main] INFO  StringConverter - adding element: Country{location='Iraq', countryCode='iq', latitude=33.223191, longitude=43.679291, confirmed=949050, dead=14836, recovered=831519, updated='2021-04-15T10:15:12'}
13:36:13.285 [main] INFO  StringConverter - adding element: Country{location='Zimbabwe', countryCode='zw', latitude=-19.015438, longitude=29.154857, confirmed=37369, dead=1548, recovered=34946, updated='2021-04-15T10:00:07'}
13:36:13.285 [main] INFO  StringConverter - adding element: Country{location='Kosovo', countryCode='xk', latitude=42.6026359, longitude=20.902977, confirmed=55498, dead=1405, recovered=48990, updated='2021-01-17T18:15:05'}
13:36:13.285 [main] INFO  StringConverter - adding element: Country{location='Nicaragua', countryCode='ni', latitude=12.865416, longitude=-85.207229, confirmed=6778, dead=180, recovered=4225, updated='2021-04-15T10:00:07'}
13:36:13.285 [main] INFO  StringConverter - adding element: Country{location='Burkina Faso', countryCode='bf', latitude=12.238333, longitude=-1.561593, confirmed=13050, dead=154, recovered=12689, updated='2021-04-15T10:00:07'}
13:36:13.285 [main] INFO  StringConverter - adding element: Country{location='Eritrea', countryCode='er', latitude=15.179384, longitude=39.782334, confirmed=3479, dead=10, recovered=3273, updated='2021-04-15T10:00:07'}
13:36:13.285 [main] INFO  StringConverter - adding element: Country{location='MS Zaandam', countryCode='03', latitude=0.0, longitude=0.0, confirmed=9, dead=2, recovered=7, updated='2021-04-15T10:00:07'}
13:36:13.285 [main] INFO  StringConverter - adding element: Country{location='Abkhazia', countryCode='06', latitude=43.0015544, longitude=41.023407, confirmed=7504, dead=100, recovered=5545, updated='2021-01-17T18:15:05'}
13:36:13.286 [main] INFO  StringConverter - adding element: Country{location='Guam', countryCode='gu', latitude=13.444304, longitude=144.793731, confirmed=7257, dead=121, recovered=6707, updated='2021-01-17T18:15:05'}
13:36:13.286 [main] INFO  StringConverter - adding element: Country{location='Pakistan', countryCode='pk', latitude=30.375321, longitude=69.34511599999999, confirmed=739818, dead=15872, recovered=646652, updated='2021-04-15T10:00:07'}
13:36:13.286 [main] INFO  StringConverter - adding element: Country{location='Norway', countryCode='no', latitude=60.47202399999999, longitude=8.468945999999999, confirmed=105607, dead=706, recovered=88952, updated='2021-04-15T10:00:07'}
13:36:31.016 [main] INFO  StringConverter - starting to convert elements
13:36:31.026 [main] INFO  StringConverter - starting to convert elements
13:36:31.115 [main] INFO  StringConverter - adding element: Country{location='Iran', countryCode='ir', latitude=32.427908, longitude=53.688046, confirmed=2168872, dead=65680, recovered=1749041, updated='2021-04-15T14:15:07'}
13:36:31.133 [main] INFO  StringConverter - starting to convert elements
13:36:31.135 [main] INFO  StringConverter - adding element: Country{location='Iran', countryCode='ir', latitude=32.427908, longitude=53.688046, confirmed=2168872, dead=65680, recovered=1749041, updated='2021-04-15T14:15:07'}
13:36:31.141 [main] ERROR StringConverter - could not convert element at position 1
java.lang.NullPointerException: null
	at StringConverter.convert(StringConverter.java:43)
	at StringConverterTest.testConvertWithWrongInput(StringConverterTest.java:69)
	at java.base/jdk.internal.reflect.NativeMethodAccessorImpl.invoke0(Native Method)
	at java.base/jdk.internal.reflect.NativeMethodAccessorImpl.invoke(NativeMethodAccessorImpl.java:62)
	at java.base/jdk.internal.reflect.DelegatingMethodAccessorImpl.invoke(DelegatingMethodAccessorImpl.java:43)
	at java.base/java.lang.reflect.Method.invoke(Method.java:566)
	at org.junit.platform.commons.util.ReflectionUtils.invokeMethod(ReflectionUtils.java:436)
	at org.junit.jupiter.engine.execution.ExecutableInvoker.invoke(ExecutableInvoker.java:115)
	at org.junit.jupiter.engine.descriptor.TestMethodTestDescriptor.lambda$invokeTestMethod$6(TestMethodTestDescriptor.java:170)
	at org.junit.jupiter.engine.execution.ThrowableCollector.execute(ThrowableCollector.java:40)
	at org.junit.jupiter.engine.descriptor.TestMethodTestDescriptor.invokeTestMethod(TestMethodTestDescriptor.java:166)
	at org.junit.jupiter.engine.descriptor.TestMethodTestDescriptor.execute(TestMethodTestDescriptor.java:113)
	at org.junit.jupiter.engine.descriptor.TestMethodTestDescriptor.execute(TestMethodTestDescriptor.java:58)
	at org.junit.platform.engine.support.hierarchical.HierarchicalTestExecutor$NodeExecutor.lambda$executeRecursively$3(HierarchicalTestExecutor.java:112)
	at org.junit.platform.engine.support.hierarchical.SingleTestExecutor.executeSafely(SingleTestExecutor.java:66)
	at org.junit.platform.engine.support.hierarchical.HierarchicalTestExecutor$NodeExecutor.executeRecursively(HierarchicalTestExecutor.java:108)
	at org.junit.platform.engine.support.hierarchical.HierarchicalTestExecutor$NodeExecutor.execute(HierarchicalTestExecutor.java:79)
	at org.junit.platform.engine.support.hierarchical.HierarchicalTestExecutor$NodeExecutor.lambda$executeRecursively$2(HierarchicalTestExecutor.java:120)
	at java.base/java.util.stream.ForEachOps$ForEachOp$OfRef.accept(ForEachOps.java:183)
	at java.base/java.util.stream.ReferencePipeline$2$1.accept(ReferencePipeline.java:177)
	at java.base/java.util.Iterator.forEachRemaining(Iterator.java:133)
	at java.base/java.util.Spliterators$IteratorSpliterator.forEachRemaining(Spliterators.java:1801)
	at java.base/java.util.stream.AbstractPipeline.copyInto(AbstractPipeline.java:484)
	at java.base/java.util.stream.AbstractPipeline.wrapAndCopyInto(AbstractPipeline.java:474)
	at java.base/java.util.stream.ForEachOps$ForEachOp.evaluateSequential(ForEachOps.java:150)
	at java.base/java.util.stream.ForEachOps$ForEachOp$OfRef.evaluateSequential(ForEachOps.java:173)
	at java.base/java.util.stream.AbstractPipeline.evaluate(AbstractPipeline.java:234)
	at java.base/java.util.stream.ReferencePipeline.forEach(ReferencePipeline.java:497)
	at org.junit.platform.engine.support.hierarchical.HierarchicalTestExecutor$NodeExecutor.lambda$executeRecursively$3(HierarchicalTestExecutor.java:120)
	at org.junit.platform.engine.support.hierarchical.SingleTestExecutor.executeSafely(SingleTestExecutor.java:66)
	at org.junit.platform.engine.support.hierarchical.HierarchicalTestExecutor$NodeExecutor.executeRecursively(HierarchicalTestExecutor.java:108)
	at org.junit.platform.engine.support.hierarchical.HierarchicalTestExecutor$NodeExecutor.execute(HierarchicalTestExecutor.java:79)
	at org.junit.platform.engine.support.hierarchical.HierarchicalTestExecutor$NodeExecutor.lambda$executeRecursively$2(HierarchicalTestExecutor.java:120)
	at java.base/java.util.stream.ForEachOps$ForEachOp$OfRef.accept(ForEachOps.java:183)
	at java.base/java.util.stream.ReferencePipeline$2$1.accept(ReferencePipeline.java:177)
	at java.base/java.util.Iterator.forEachRemaining(Iterator.java:133)
	at java.base/java.util.Spliterators$IteratorSpliterator.forEachRemaining(Spliterators.java:1801)
	at java.base/java.util.stream.AbstractPipeline.copyInto(AbstractPipeline.java:484)
	at java.base/java.util.stream.AbstractPipeline.wrapAndCopyInto(AbstractPipeline.java:474)
	at java.base/java.util.stream.ForEachOps$ForEachOp.evaluateSequential(ForEachOps.java:150)
	at java.base/java.util.stream.ForEachOps$ForEachOp$OfRef.evaluateSequential(ForEachOps.java:173)
	at java.base/java.util.stream.AbstractPipeline.evaluate(AbstractPipeline.java:234)
	at java.base/java.util.stream.ReferencePipeline.forEach(ReferencePipeline.java:497)
	at org.junit.platform.engine.support.hierarchical.HierarchicalTestExecutor$NodeExecutor.lambda$executeRecursively$3(HierarchicalTestExecutor.java:120)
	at org.junit.platform.engine.support.hierarchical.SingleTestExecutor.executeSafely(SingleTestExecutor.java:66)
	at org.junit.platform.engine.support.hierarchical.HierarchicalTestExecutor$NodeExecutor.executeRecursively(HierarchicalTestExecutor.java:108)
	at org.junit.platform.engine.support.hierarchical.HierarchicalTestExecutor$NodeExecutor.execute(HierarchicalTestExecutor.java:79)
	at org.junit.platform.engine.support.hierarchical.HierarchicalTestExecutor.execute(HierarchicalTestExecutor.java:55)
	at org.junit.platform.engine.support.hierarchical.HierarchicalTestEngine.execute(HierarchicalTestEngine.java:43)
	at org.junit.platform.launcher.core.DefaultLauncher.execute(DefaultLauncher.java:170)
	at org.junit.platform.launcher.core.DefaultLauncher.execute(DefaultLauncher.java:154)
	at org.junit.platform.launcher.core.DefaultLauncher.execute(DefaultLauncher.java:90)
	at com.intellij.junit5.JUnit5IdeaTestRunner.startRunnerWithArgs(JUnit5IdeaTestRunner.java:71)
	at com.intellij.rt.junit.IdeaTestRunner$Repeater.startRunnerWithArgs(IdeaTestRunner.java:33)
	at com.intellij.rt.junit.JUnitStarter.prepareStreamsAndStart(JUnitStarter.java:221)
	at com.intellij.rt.junit.JUnitStarter.main(JUnitStarter.java:54)
13:36:31.142 [main] INFO  StringConverter - adding element: Country{location='Russia', countryCode='ru', latitude=61.52401, longitude=105.318756, confirmed=4675153, dead=104398, recovered=4301448, updated='2021-04-15T14:15:07'}
13:36:49.384 [main] INFO  StringConverter - starting to convert elements
13:36:49.391 [main] INFO  StringConverter - starting to convert elements
13:36:49.452 [main] INFO  StringConverter - adding element: Country{location='Iran', countryCode='ir', latitude=32.427908, longitude=53.688046, confirmed=2168872, dead=65680, recovered=1749041, updated='2021-04-15T14:15:07'}
13:36:49.468 [main] INFO  StringConverter - starting to convert elements
13:36:49.470 [main] INFO  StringConverter - adding element: Country{location='Iran', countryCode='ir', latitude=32.427908, longitude=53.688046, confirmed=2168872, dead=65680, recovered=1749041, updated='2021-04-15T14:15:07'}
13:36:49.477 [main] ERROR StringConverter - could not convert element at position 1
java.lang.NullPointerException: null
	at StringConverter.convert(StringConverter.java:43)
	at StringConverterTest.testConvertWithWrongInput(StringConverterTest.java:69)
	at java.base/jdk.internal.reflect.NativeMethodAccessorImpl.invoke0(Native Method)
	at java.base/jdk.internal.reflect.NativeMethodAccessorImpl.invoke(NativeMethodAccessorImpl.java:62)
	at java.base/jdk.internal.reflect.DelegatingMethodAccessorImpl.invoke(DelegatingMethodAccessorImpl.java:43)
	at java.base/java.lang.reflect.Method.invoke(Method.java:566)
	at org.junit.platform.commons.util.ReflectionUtils.invokeMethod(ReflectionUtils.java:436)
	at org.junit.jupiter.engine.execution.ExecutableInvoker.invoke(ExecutableInvoker.java:115)
	at org.junit.jupiter.engine.descriptor.TestMethodTestDescriptor.lambda$invokeTestMethod$6(TestMethodTestDescriptor.java:170)
	at org.junit.jupiter.engine.execution.ThrowableCollector.execute(ThrowableCollector.java:40)
	at org.junit.jupiter.engine.descriptor.TestMethodTestDescriptor.invokeTestMethod(TestMethodTestDescriptor.java:166)
	at org.junit.jupiter.engine.descriptor.TestMethodTestDescriptor.execute(TestMethodTestDescriptor.java:113)
	at org.junit.jupiter.engine.descriptor.TestMethodTestDescriptor.execute(TestMethodTestDescriptor.java:58)
	at org.junit.platform.engine.support.hierarchical.HierarchicalTestExecutor$NodeExecutor.lambda$executeRecursively$3(HierarchicalTestExecutor.java:112)
	at org.junit.platform.engine.support.hierarchical.SingleTestExecutor.executeSafely(SingleTestExecutor.java:66)
	at org.junit.platform.engine.support.hierarchical.HierarchicalTestExecutor$NodeExecutor.executeRecursively(HierarchicalTestExecutor.java:108)
	at org.junit.platform.engine.support.hierarchical.HierarchicalTestExecutor$NodeExecutor.execute(HierarchicalTestExecutor.java:79)
	at org.junit.platform.engine.support.hierarchical.HierarchicalTestExecutor$NodeExecutor.lambda$executeRecursively$2(HierarchicalTestExecutor.java:120)
	at java.base/java.util.stream.ForEachOps$ForEachOp$OfRef.accept(ForEachOps.java:183)
	at java.base/java.util.stream.ReferencePipeline$2$1.accept(ReferencePipeline.java:177)
	at java.base/java.util.Iterator.forEachRemaining(Iterator.java:133)
	at java.base/java.util.Spliterators$IteratorSpliterator.forEachRemaining(Spliterators.java:1801)
	at java.base/java.util.stream.AbstractPipeline.copyInto(AbstractPipeline.java:484)
	at java.base/java.util.stream.AbstractPipeline.wrapAndCopyInto(AbstractPipeline.java:474)
	at java.base/java.util.stream.ForEachOps$ForEachOp.evaluateSequential(ForEachOps.java:150)
	at java.base/java.util.stream.ForEachOps$ForEachOp$OfRef.evaluateSequential(ForEachOps.java:173)
	at java.base/java.util.stream.AbstractPipeline.evaluate(AbstractPipeline.java:234)
	at java.base/java.util.stream.ReferencePipeline.forEach(ReferencePipeline.java:497)
	at org.junit.platform.engine.support.hierarchical.HierarchicalTestExecutor$NodeExecutor.lambda$executeRecursively$3(HierarchicalTestExecutor.java:120)
	at org.junit.platform.engine.support.hierarchical.SingleTestExecutor.executeSafely(SingleTestExecutor.java:66)
	at org.junit.platform.engine.support.hierarchical.HierarchicalTestExecutor$NodeExecutor.executeRecursively(HierarchicalTestExecutor.java:108)
	at org.junit.platform.engine.support.hierarchical.HierarchicalTestExecutor$NodeExecutor.execute(HierarchicalTestExecutor.java:79)
	at org.junit.platform.engine.support.hierarchical.HierarchicalTestExecutor$NodeExecutor.lambda$executeRecursively$2(HierarchicalTestExecutor.java:120)
	at java.base/java.util.stream.ForEachOps$ForEachOp$OfRef.accept(ForEachOps.java:183)
	at java.base/java.util.stream.ReferencePipeline$2$1.accept(ReferencePipeline.java:177)
	at java.base/java.util.Iterator.forEachRemaining(Iterator.java:133)
	at java.base/java.util.Spliterators$IteratorSpliterator.forEachRemaining(Spliterators.java:1801)
	at java.base/java.util.stream.AbstractPipeline.copyInto(AbstractPipeline.java:484)
	at java.base/java.util.stream.AbstractPipeline.wrapAndCopyInto(AbstractPipeline.java:474)
	at java.base/java.util.stream.ForEachOps$ForEachOp.evaluateSequential(ForEachOps.java:150)
	at java.base/java.util.stream.ForEachOps$ForEachOp$OfRef.evaluateSequential(ForEachOps.java:173)
	at java.base/java.util.stream.AbstractPipeline.evaluate(AbstractPipeline.java:234)
	at java.base/java.util.stream.ReferencePipeline.forEach(ReferencePipeline.java:497)
	at org.junit.platform.engine.support.hierarchical.HierarchicalTestExecutor$NodeExecutor.lambda$executeRecursively$3(HierarchicalTestExecutor.java:120)
	at org.junit.platform.engine.support.hierarchical.SingleTestExecutor.executeSafely(SingleTestExecutor.java:66)
	at org.junit.platform.engine.support.hierarchical.HierarchicalTestExecutor$NodeExecutor.executeRecursively(HierarchicalTestExecutor.java:108)
	at org.junit.platform.engine.support.hierarchical.HierarchicalTestExecutor$NodeExecutor.execute(HierarchicalTestExecutor.java:79)
	at org.junit.platform.engine.support.hierarchical.HierarchicalTestExecutor.execute(HierarchicalTestExecutor.java:55)
	at org.junit.platform.engine.support.hierarchical.HierarchicalTestEngine.execute(HierarchicalTestEngine.java:43)
	at org.junit.platform.launcher.core.DefaultLauncher.execute(DefaultLauncher.java:170)
	at org.junit.platform.launcher.core.DefaultLauncher.execute(DefaultLauncher.java:154)
	at org.junit.platform.launcher.core.DefaultLauncher.execute(DefaultLauncher.java:90)
	at com.intellij.junit5.JUnit5IdeaTestRunner.startRunnerWithArgs(JUnit5IdeaTestRunner.java:71)
	at com.intellij.rt.junit.IdeaTestRunner$Repeater.startRunnerWithArgs(IdeaTestRunner.java:33)
	at com.intellij.rt.junit.JUnitStarter.prepareStreamsAndStart(JUnitStarter.java:221)
	at com.intellij.rt.junit.JUnitStarter.main(JUnitStarter.java:54)
13:36:49.479 [main] INFO  StringConverter - adding element: Country{location='Russia', countryCode='ru', latitude=61.52401, longitude=105.318756, confirmed=4675153, dead=104398, recovered=4301448, updated='2021-04-15T14:15:07'}
13:37:51.244 [main] INFO  StringConverter - starting to convert elements
13:37:51.255 [main] INFO  StringConverter - starting to convert elements
13:37:51.361 [main] INFO  StringConverter - adding element: Country{location='Iran', countryCode='ir', latitude=32.427908, longitude=53.688046, confirmed=2168872, dead=65680, recovered=1749041, updated='2021-04-15T14:15:07'}
13:37:51.365 [main] INFO  StringConverter - starting to convert elements
13:37:51.366 [main] INFO  StringConverter - adding element: Country{location='Iran', countryCode='ir', latitude=32.427908, longitude=53.688046, confirmed=2168872, dead=65680, recovered=1749041, updated='2021-04-15T14:15:07'}
13:37:51.373 [main] ERROR StringConverter - could not convert element at position 1
java.lang.NullPointerException: null
	at StringConverter.convert(StringConverter.java:43)
	at StringConverterTest.testConvertWithWrongInput(StringConverterTest.java:69)
	at java.base/jdk.internal.reflect.NativeMethodAccessorImpl.invoke0(Native Method)
	at java.base/jdk.internal.reflect.NativeMethodAccessorImpl.invoke(NativeMethodAccessorImpl.java:62)
	at java.base/jdk.internal.reflect.DelegatingMethodAccessorImpl.invoke(DelegatingMethodAccessorImpl.java:43)
	at java.base/java.lang.reflect.Method.invoke(Method.java:566)
	at org.junit.platform.commons.util.ReflectionUtils.invokeMethod(ReflectionUtils.java:436)
	at org.junit.jupiter.engine.execution.ExecutableInvoker.invoke(ExecutableInvoker.java:115)
	at org.junit.jupiter.engine.descriptor.TestMethodTestDescriptor.lambda$invokeTestMethod$6(TestMethodTestDescriptor.java:170)
	at org.junit.jupiter.engine.execution.ThrowableCollector.execute(ThrowableCollector.java:40)
	at org.junit.jupiter.engine.descriptor.TestMethodTestDescriptor.invokeTestMethod(TestMethodTestDescriptor.java:166)
	at org.junit.jupiter.engine.descriptor.TestMethodTestDescriptor.execute(TestMethodTestDescriptor.java:113)
	at org.junit.jupiter.engine.descriptor.TestMethodTestDescriptor.execute(TestMethodTestDescriptor.java:58)
	at org.junit.platform.engine.support.hierarchical.HierarchicalTestExecutor$NodeExecutor.lambda$executeRecursively$3(HierarchicalTestExecutor.java:112)
	at org.junit.platform.engine.support.hierarchical.SingleTestExecutor.executeSafely(SingleTestExecutor.java:66)
	at org.junit.platform.engine.support.hierarchical.HierarchicalTestExecutor$NodeExecutor.executeRecursively(HierarchicalTestExecutor.java:108)
	at org.junit.platform.engine.support.hierarchical.HierarchicalTestExecutor$NodeExecutor.execute(HierarchicalTestExecutor.java:79)
	at org.junit.platform.engine.support.hierarchical.HierarchicalTestExecutor$NodeExecutor.lambda$executeRecursively$2(HierarchicalTestExecutor.java:120)
	at java.base/java.util.stream.ForEachOps$ForEachOp$OfRef.accept(ForEachOps.java:183)
	at java.base/java.util.stream.ReferencePipeline$2$1.accept(ReferencePipeline.java:177)
	at java.base/java.util.Iterator.forEachRemaining(Iterator.java:133)
	at java.base/java.util.Spliterators$IteratorSpliterator.forEachRemaining(Spliterators.java:1801)
	at java.base/java.util.stream.AbstractPipeline.copyInto(AbstractPipeline.java:484)
	at java.base/java.util.stream.AbstractPipeline.wrapAndCopyInto(AbstractPipeline.java:474)
	at java.base/java.util.stream.ForEachOps$ForEachOp.evaluateSequential(ForEachOps.java:150)
	at java.base/java.util.stream.ForEachOps$ForEachOp$OfRef.evaluateSequential(ForEachOps.java:173)
	at java.base/java.util.stream.AbstractPipeline.evaluate(AbstractPipeline.java:234)
	at java.base/java.util.stream.ReferencePipeline.forEach(ReferencePipeline.java:497)
	at org.junit.platform.engine.support.hierarchical.HierarchicalTestExecutor$NodeExecutor.lambda$executeRecursively$3(HierarchicalTestExecutor.java:120)
	at org.junit.platform.engine.support.hierarchical.SingleTestExecutor.executeSafely(SingleTestExecutor.java:66)
	at org.junit.platform.engine.support.hierarchical.HierarchicalTestExecutor$NodeExecutor.executeRecursively(HierarchicalTestExecutor.java:108)
	at org.junit.platform.engine.support.hierarchical.HierarchicalTestExecutor$NodeExecutor.execute(HierarchicalTestExecutor.java:79)
	at org.junit.platform.engine.support.hierarchical.HierarchicalTestExecutor$NodeExecutor.lambda$executeRecursively$2(HierarchicalTestExecutor.java:120)
	at java.base/java.util.stream.ForEachOps$ForEachOp$OfRef.accept(ForEachOps.java:183)
	at java.base/java.util.stream.ReferencePipeline$2$1.accept(ReferencePipeline.java:177)
	at java.base/java.util.Iterator.forEachRemaining(Iterator.java:133)
	at java.base/java.util.Spliterators$IteratorSpliterator.forEachRemaining(Spliterators.java:1801)
	at java.base/java.util.stream.AbstractPipeline.copyInto(AbstractPipeline.java:484)
	at java.base/java.util.stream.AbstractPipeline.wrapAndCopyInto(AbstractPipeline.java:474)
	at java.base/java.util.stream.ForEachOps$ForEachOp.evaluateSequential(ForEachOps.java:150)
	at java.base/java.util.stream.ForEachOps$ForEachOp$OfRef.evaluateSequential(ForEachOps.java:173)
	at java.base/java.util.stream.AbstractPipeline.evaluate(AbstractPipeline.java:234)
	at java.base/java.util.stream.ReferencePipeline.forEach(ReferencePipeline.java:497)
	at org.junit.platform.engine.support.hierarchical.HierarchicalTestExecutor$NodeExecutor.lambda$executeRecursively$3(HierarchicalTestExecutor.java:120)
	at org.junit.platform.engine.support.hierarchical.SingleTestExecutor.executeSafely(SingleTestExecutor.java:66)
	at org.junit.platform.engine.support.hierarchical.HierarchicalTestExecutor$NodeExecutor.executeRecursively(HierarchicalTestExecutor.java:108)
	at org.junit.platform.engine.support.hierarchical.HierarchicalTestExecutor$NodeExecutor.execute(HierarchicalTestExecutor.java:79)
	at org.junit.platform.engine.support.hierarchical.HierarchicalTestExecutor.execute(HierarchicalTestExecutor.java:55)
	at org.junit.platform.engine.support.hierarchical.HierarchicalTestEngine.execute(HierarchicalTestEngine.java:43)
	at org.junit.platform.launcher.core.DefaultLauncher.execute(DefaultLauncher.java:170)
	at org.junit.platform.launcher.core.DefaultLauncher.execute(DefaultLauncher.java:154)
	at org.junit.platform.launcher.core.DefaultLauncher.execute(DefaultLauncher.java:90)
	at com.intellij.junit5.JUnit5IdeaTestRunner.startRunnerWithArgs(JUnit5IdeaTestRunner.java:71)
	at com.intellij.rt.junit.IdeaTestRunner$Repeater.startRunnerWithArgs(IdeaTestRunner.java:33)
	at com.intellij.rt.junit.JUnitStarter.prepareStreamsAndStart(JUnitStarter.java:221)
	at com.intellij.rt.junit.JUnitStarter.main(JUnitStarter.java:54)
13:37:51.374 [main] INFO  StringConverter - adding element: Country{location='Russia', countryCode='ru', latitude=61.52401, longitude=105.318756, confirmed=4675153, dead=104398, recovered=4301448, updated='2021-04-15T14:15:07'}
13:45:21.263 [main] ERROR StringConverter - could not convert element at position 1
java.lang.NullPointerException: null
	at StringConverter.convert(StringConverter.java:43)
	at StringConverterTest.testConvertWithWrongInput(StringConverterTest.java:69)
	at java.base/jdk.internal.reflect.NativeMethodAccessorImpl.invoke0(Native Method)
	at java.base/jdk.internal.reflect.NativeMethodAccessorImpl.invoke(NativeMethodAccessorImpl.java:62)
	at java.base/jdk.internal.reflect.DelegatingMethodAccessorImpl.invoke(DelegatingMethodAccessorImpl.java:43)
	at java.base/java.lang.reflect.Method.invoke(Method.java:566)
	at org.junit.platform.commons.util.ReflectionUtils.invokeMethod(ReflectionUtils.java:436)
	at org.junit.jupiter.engine.execution.ExecutableInvoker.invoke(ExecutableInvoker.java:115)
	at org.junit.jupiter.engine.descriptor.TestMethodTestDescriptor.lambda$invokeTestMethod$6(TestMethodTestDescriptor.java:170)
	at org.junit.jupiter.engine.execution.ThrowableCollector.execute(ThrowableCollector.java:40)
	at org.junit.jupiter.engine.descriptor.TestMethodTestDescriptor.invokeTestMethod(TestMethodTestDescriptor.java:166)
	at org.junit.jupiter.engine.descriptor.TestMethodTestDescriptor.execute(TestMethodTestDescriptor.java:113)
	at org.junit.jupiter.engine.descriptor.TestMethodTestDescriptor.execute(TestMethodTestDescriptor.java:58)
	at org.junit.platform.engine.support.hierarchical.HierarchicalTestExecutor$NodeExecutor.lambda$executeRecursively$3(HierarchicalTestExecutor.java:112)
	at org.junit.platform.engine.support.hierarchical.SingleTestExecutor.executeSafely(SingleTestExecutor.java:66)
	at org.junit.platform.engine.support.hierarchical.HierarchicalTestExecutor$NodeExecutor.executeRecursively(HierarchicalTestExecutor.java:108)
	at org.junit.platform.engine.support.hierarchical.HierarchicalTestExecutor$NodeExecutor.execute(HierarchicalTestExecutor.java:79)
	at org.junit.platform.engine.support.hierarchical.HierarchicalTestExecutor$NodeExecutor.lambda$executeRecursively$2(HierarchicalTestExecutor.java:120)
	at java.base/java.util.stream.ForEachOps$ForEachOp$OfRef.accept(ForEachOps.java:183)
	at java.base/java.util.stream.ReferencePipeline$2$1.accept(ReferencePipeline.java:177)
	at java.base/java.util.Iterator.forEachRemaining(Iterator.java:133)
	at java.base/java.util.Spliterators$IteratorSpliterator.forEachRemaining(Spliterators.java:1801)
	at java.base/java.util.stream.AbstractPipeline.copyInto(AbstractPipeline.java:484)
	at java.base/java.util.stream.AbstractPipeline.wrapAndCopyInto(AbstractPipeline.java:474)
	at java.base/java.util.stream.ForEachOps$ForEachOp.evaluateSequential(ForEachOps.java:150)
	at java.base/java.util.stream.ForEachOps$ForEachOp$OfRef.evaluateSequential(ForEachOps.java:173)
	at java.base/java.util.stream.AbstractPipeline.evaluate(AbstractPipeline.java:234)
	at java.base/java.util.stream.ReferencePipeline.forEach(ReferencePipeline.java:497)
	at org.junit.platform.engine.support.hierarchical.HierarchicalTestExecutor$NodeExecutor.lambda$executeRecursively$3(HierarchicalTestExecutor.java:120)
	at org.junit.platform.engine.support.hierarchical.SingleTestExecutor.executeSafely(SingleTestExecutor.java:66)
	at org.junit.platform.engine.support.hierarchical.HierarchicalTestExecutor$NodeExecutor.executeRecursively(HierarchicalTestExecutor.java:108)
	at org.junit.platform.engine.support.hierarchical.HierarchicalTestExecutor$NodeExecutor.execute(HierarchicalTestExecutor.java:79)
	at org.junit.platform.engine.support.hierarchical.HierarchicalTestExecutor$NodeExecutor.lambda$executeRecursively$2(HierarchicalTestExecutor.java:120)
	at java.base/java.util.stream.ForEachOps$ForEachOp$OfRef.accept(ForEachOps.java:183)
	at java.base/java.util.stream.ReferencePipeline$2$1.accept(ReferencePipeline.java:177)
	at java.base/java.util.Iterator.forEachRemaining(Iterator.java:133)
	at java.base/java.util.Spliterators$IteratorSpliterator.forEachRemaining(Spliterators.java:1801)
	at java.base/java.util.stream.AbstractPipeline.copyInto(AbstractPipeline.java:484)
	at java.base/java.util.stream.AbstractPipeline.wrapAndCopyInto(AbstractPipeline.java:474)
	at java.base/java.util.stream.ForEachOps$ForEachOp.evaluateSequential(ForEachOps.java:150)
	at java.base/java.util.stream.ForEachOps$ForEachOp$OfRef.evaluateSequential(ForEachOps.java:173)
	at java.base/java.util.stream.AbstractPipeline.evaluate(AbstractPipeline.java:234)
	at java.base/java.util.stream.ReferencePipeline.forEach(ReferencePipeline.java:497)
	at org.junit.platform.engine.support.hierarchical.HierarchicalTestExecutor$NodeExecutor.lambda$executeRecursively$3(HierarchicalTestExecutor.java:120)
	at org.junit.platform.engine.support.hierarchical.SingleTestExecutor.executeSafely(SingleTestExecutor.java:66)
	at org.junit.platform.engine.support.hierarchical.HierarchicalTestExecutor$NodeExecutor.executeRecursively(HierarchicalTestExecutor.java:108)
	at org.junit.platform.engine.support.hierarchical.HierarchicalTestExecutor$NodeExecutor.execute(HierarchicalTestExecutor.java:79)
	at org.junit.platform.engine.support.hierarchical.HierarchicalTestExecutor.execute(HierarchicalTestExecutor.java:55)
	at org.junit.platform.engine.support.hierarchical.HierarchicalTestEngine.execute(HierarchicalTestEngine.java:43)
	at org.junit.platform.launcher.core.DefaultLauncher.execute(DefaultLauncher.java:170)
	at org.junit.platform.launcher.core.DefaultLauncher.execute(DefaultLauncher.java:154)
	at org.junit.platform.launcher.core.DefaultLauncher.execute(DefaultLauncher.java:90)
	at com.intellij.junit5.JUnit5IdeaTestRunner.startRunnerWithArgs(JUnit5IdeaTestRunner.java:71)
	at com.intellij.rt.junit.IdeaTestRunner$Repeater.startRunnerWithArgs(IdeaTestRunner.java:33)
	at com.intellij.rt.junit.JUnitStarter.prepareStreamsAndStart(JUnitStarter.java:221)
	at com.intellij.rt.junit.JUnitStarter.main(JUnitStarter.java:54)
13:46:16.040 [main] INFO  StringConverter - starting to convert elements
13:46:16.050 [main] INFO  StringConverter - starting to convert elements
13:46:16.135 [main] INFO  StringConverter - adding element: Country{location='Iran', countryCode='ir', latitude=32.427908, longitude=53.688046, confirmed=2168872, dead=65680, recovered=1749041, updated='2021-04-15T14:15:07'}
13:46:16.152 [main] INFO  StringConverter - starting to convert elements
13:46:16.153 [main] INFO  StringConverter - adding element: Country{location='Iran', countryCode='ir', latitude=32.427908, longitude=53.688046, confirmed=2168872, dead=65680, recovered=1749041, updated='2021-04-15T14:15:07'}
13:46:16.161 [main] ERROR StringConverter - could not convert element at position 1
java.lang.NullPointerException: null
	at StringConverter.convert(StringConverter.java:43)
	at StringConverterTest.testConvertWithWrongInput(StringConverterTest.java:69)
	at java.base/jdk.internal.reflect.NativeMethodAccessorImpl.invoke0(Native Method)
	at java.base/jdk.internal.reflect.NativeMethodAccessorImpl.invoke(NativeMethodAccessorImpl.java:62)
	at java.base/jdk.internal.reflect.DelegatingMethodAccessorImpl.invoke(DelegatingMethodAccessorImpl.java:43)
	at java.base/java.lang.reflect.Method.invoke(Method.java:566)
	at org.junit.platform.commons.util.ReflectionUtils.invokeMethod(ReflectionUtils.java:436)
	at org.junit.jupiter.engine.execution.ExecutableInvoker.invoke(ExecutableInvoker.java:115)
	at org.junit.jupiter.engine.descriptor.TestMethodTestDescriptor.lambda$invokeTestMethod$6(TestMethodTestDescriptor.java:170)
	at org.junit.jupiter.engine.execution.ThrowableCollector.execute(ThrowableCollector.java:40)
	at org.junit.jupiter.engine.descriptor.TestMethodTestDescriptor.invokeTestMethod(TestMethodTestDescriptor.java:166)
	at org.junit.jupiter.engine.descriptor.TestMethodTestDescriptor.execute(TestMethodTestDescriptor.java:113)
	at org.junit.jupiter.engine.descriptor.TestMethodTestDescriptor.execute(TestMethodTestDescriptor.java:58)
	at org.junit.platform.engine.support.hierarchical.HierarchicalTestExecutor$NodeExecutor.lambda$executeRecursively$3(HierarchicalTestExecutor.java:112)
	at org.junit.platform.engine.support.hierarchical.SingleTestExecutor.executeSafely(SingleTestExecutor.java:66)
	at org.junit.platform.engine.support.hierarchical.HierarchicalTestExecutor$NodeExecutor.executeRecursively(HierarchicalTestExecutor.java:108)
	at org.junit.platform.engine.support.hierarchical.HierarchicalTestExecutor$NodeExecutor.execute(HierarchicalTestExecutor.java:79)
	at org.junit.platform.engine.support.hierarchical.HierarchicalTestExecutor$NodeExecutor.lambda$executeRecursively$2(HierarchicalTestExecutor.java:120)
	at java.base/java.util.stream.ForEachOps$ForEachOp$OfRef.accept(ForEachOps.java:183)
	at java.base/java.util.stream.ReferencePipeline$2$1.accept(ReferencePipeline.java:177)
	at java.base/java.util.Iterator.forEachRemaining(Iterator.java:133)
	at java.base/java.util.Spliterators$IteratorSpliterator.forEachRemaining(Spliterators.java:1801)
	at java.base/java.util.stream.AbstractPipeline.copyInto(AbstractPipeline.java:484)
	at java.base/java.util.stream.AbstractPipeline.wrapAndCopyInto(AbstractPipeline.java:474)
	at java.base/java.util.stream.ForEachOps$ForEachOp.evaluateSequential(ForEachOps.java:150)
	at java.base/java.util.stream.ForEachOps$ForEachOp$OfRef.evaluateSequential(ForEachOps.java:173)
	at java.base/java.util.stream.AbstractPipeline.evaluate(AbstractPipeline.java:234)
	at java.base/java.util.stream.ReferencePipeline.forEach(ReferencePipeline.java:497)
	at org.junit.platform.engine.support.hierarchical.HierarchicalTestExecutor$NodeExecutor.lambda$executeRecursively$3(HierarchicalTestExecutor.java:120)
	at org.junit.platform.engine.support.hierarchical.SingleTestExecutor.executeSafely(SingleTestExecutor.java:66)
	at org.junit.platform.engine.support.hierarchical.HierarchicalTestExecutor$NodeExecutor.executeRecursively(HierarchicalTestExecutor.java:108)
	at org.junit.platform.engine.support.hierarchical.HierarchicalTestExecutor$NodeExecutor.execute(HierarchicalTestExecutor.java:79)
	at org.junit.platform.engine.support.hierarchical.HierarchicalTestExecutor$NodeExecutor.lambda$executeRecursively$2(HierarchicalTestExecutor.java:120)
	at java.base/java.util.stream.ForEachOps$ForEachOp$OfRef.accept(ForEachOps.java:183)
	at java.base/java.util.stream.ReferencePipeline$2$1.accept(ReferencePipeline.java:177)
	at java.base/java.util.Iterator.forEachRemaining(Iterator.java:133)
	at java.base/java.util.Spliterators$IteratorSpliterator.forEachRemaining(Spliterators.java:1801)
	at java.base/java.util.stream.AbstractPipeline.copyInto(AbstractPipeline.java:484)
	at java.base/java.util.stream.AbstractPipeline.wrapAndCopyInto(AbstractPipeline.java:474)
	at java.base/java.util.stream.ForEachOps$ForEachOp.evaluateSequential(ForEachOps.java:150)
	at java.base/java.util.stream.ForEachOps$ForEachOp$OfRef.evaluateSequential(ForEachOps.java:173)
	at java.base/java.util.stream.AbstractPipeline.evaluate(AbstractPipeline.java:234)
	at java.base/java.util.stream.ReferencePipeline.forEach(ReferencePipeline.java:497)
	at org.junit.platform.engine.support.hierarchical.HierarchicalTestExecutor$NodeExecutor.lambda$executeRecursively$3(HierarchicalTestExecutor.java:120)
	at org.junit.platform.engine.support.hierarchical.SingleTestExecutor.executeSafely(SingleTestExecutor.java:66)
	at org.junit.platform.engine.support.hierarchical.HierarchicalTestExecutor$NodeExecutor.executeRecursively(HierarchicalTestExecutor.java:108)
	at org.junit.platform.engine.support.hierarchical.HierarchicalTestExecutor$NodeExecutor.execute(HierarchicalTestExecutor.java:79)
	at org.junit.platform.engine.support.hierarchical.HierarchicalTestExecutor.execute(HierarchicalTestExecutor.java:55)
	at org.junit.platform.engine.support.hierarchical.HierarchicalTestEngine.execute(HierarchicalTestEngine.java:43)
	at org.junit.platform.launcher.core.DefaultLauncher.execute(DefaultLauncher.java:170)
	at org.junit.platform.launcher.core.DefaultLauncher.execute(DefaultLauncher.java:154)
	at org.junit.platform.launcher.core.DefaultLauncher.execute(DefaultLauncher.java:90)
	at com.intellij.junit5.JUnit5IdeaTestRunner.startRunnerWithArgs(JUnit5IdeaTestRunner.java:71)
	at com.intellij.rt.junit.IdeaTestRunner$Repeater.startRunnerWithArgs(IdeaTestRunner.java:33)
	at com.intellij.rt.junit.JUnitStarter.prepareStreamsAndStart(JUnitStarter.java:221)
	at com.intellij.rt.junit.JUnitStarter.main(JUnitStarter.java:54)
13:46:16.162 [main] INFO  StringConverter - adding element: Country{location='Russia', countryCode='ru', latitude=61.52401, longitude=105.318756, confirmed=4675153, dead=104398, recovered=4301448, updated='2021-04-15T14:15:07'}
13:47:42.818 [main] INFO  StringConverter - starting to convert elements
13:47:42.827 [main] INFO  StringConverter - starting to convert elements
13:47:42.924 [main] INFO  StringConverter - adding element: Country{location='Iran', countryCode='ir', latitude=32.427908, longitude=53.688046, confirmed=2168872, dead=65680, recovered=1749041, updated='2021-04-15T14:15:07'}
13:47:42.946 [main] INFO  StringConverter - starting to convert elements
13:47:42.947 [main] INFO  StringConverter - adding element: Country{location='Iran', countryCode='ir', latitude=32.427908, longitude=53.688046, confirmed=2168872, dead=65680, recovered=1749041, updated='2021-04-15T14:15:07'}
13:47:42.955 [main] ERROR StringConverter - could not convert element at position 1
java.lang.NullPointerException: null
	at StringConverter.convert(StringConverter.java:43)
	at StringConverterTest.testConvertWithWrongInput(StringConverterTest.java:69)
	at java.base/jdk.internal.reflect.NativeMethodAccessorImpl.invoke0(Native Method)
	at java.base/jdk.internal.reflect.NativeMethodAccessorImpl.invoke(NativeMethodAccessorImpl.java:62)
	at java.base/jdk.internal.reflect.DelegatingMethodAccessorImpl.invoke(DelegatingMethodAccessorImpl.java:43)
	at java.base/java.lang.reflect.Method.invoke(Method.java:566)
	at org.junit.platform.commons.util.ReflectionUtils.invokeMethod(ReflectionUtils.java:436)
	at org.junit.jupiter.engine.execution.ExecutableInvoker.invoke(ExecutableInvoker.java:115)
	at org.junit.jupiter.engine.descriptor.TestMethodTestDescriptor.lambda$invokeTestMethod$6(TestMethodTestDescriptor.java:170)
	at org.junit.jupiter.engine.execution.ThrowableCollector.execute(ThrowableCollector.java:40)
	at org.junit.jupiter.engine.descriptor.TestMethodTestDescriptor.invokeTestMethod(TestMethodTestDescriptor.java:166)
	at org.junit.jupiter.engine.descriptor.TestMethodTestDescriptor.execute(TestMethodTestDescriptor.java:113)
	at org.junit.jupiter.engine.descriptor.TestMethodTestDescriptor.execute(TestMethodTestDescriptor.java:58)
	at org.junit.platform.engine.support.hierarchical.HierarchicalTestExecutor$NodeExecutor.lambda$executeRecursively$3(HierarchicalTestExecutor.java:112)
	at org.junit.platform.engine.support.hierarchical.SingleTestExecutor.executeSafely(SingleTestExecutor.java:66)
	at org.junit.platform.engine.support.hierarchical.HierarchicalTestExecutor$NodeExecutor.executeRecursively(HierarchicalTestExecutor.java:108)
	at org.junit.platform.engine.support.hierarchical.HierarchicalTestExecutor$NodeExecutor.execute(HierarchicalTestExecutor.java:79)
	at org.junit.platform.engine.support.hierarchical.HierarchicalTestExecutor$NodeExecutor.lambda$executeRecursively$2(HierarchicalTestExecutor.java:120)
	at java.base/java.util.stream.ForEachOps$ForEachOp$OfRef.accept(ForEachOps.java:183)
	at java.base/java.util.stream.ReferencePipeline$2$1.accept(ReferencePipeline.java:177)
	at java.base/java.util.Iterator.forEachRemaining(Iterator.java:133)
	at java.base/java.util.Spliterators$IteratorSpliterator.forEachRemaining(Spliterators.java:1801)
	at java.base/java.util.stream.AbstractPipeline.copyInto(AbstractPipeline.java:484)
	at java.base/java.util.stream.AbstractPipeline.wrapAndCopyInto(AbstractPipeline.java:474)
	at java.base/java.util.stream.ForEachOps$ForEachOp.evaluateSequential(ForEachOps.java:150)
	at java.base/java.util.stream.ForEachOps$ForEachOp$OfRef.evaluateSequential(ForEachOps.java:173)
	at java.base/java.util.stream.AbstractPipeline.evaluate(AbstractPipeline.java:234)
	at java.base/java.util.stream.ReferencePipeline.forEach(ReferencePipeline.java:497)
	at org.junit.platform.engine.support.hierarchical.HierarchicalTestExecutor$NodeExecutor.lambda$executeRecursively$3(HierarchicalTestExecutor.java:120)
	at org.junit.platform.engine.support.hierarchical.SingleTestExecutor.executeSafely(SingleTestExecutor.java:66)
	at org.junit.platform.engine.support.hierarchical.HierarchicalTestExecutor$NodeExecutor.executeRecursively(HierarchicalTestExecutor.java:108)
	at org.junit.platform.engine.support.hierarchical.HierarchicalTestExecutor$NodeExecutor.execute(HierarchicalTestExecutor.java:79)
	at org.junit.platform.engine.support.hierarchical.HierarchicalTestExecutor$NodeExecutor.lambda$executeRecursively$2(HierarchicalTestExecutor.java:120)
	at java.base/java.util.stream.ForEachOps$ForEachOp$OfRef.accept(ForEachOps.java:183)
	at java.base/java.util.stream.ReferencePipeline$2$1.accept(ReferencePipeline.java:177)
	at java.base/java.util.Iterator.forEachRemaining(Iterator.java:133)
	at java.base/java.util.Spliterators$IteratorSpliterator.forEachRemaining(Spliterators.java:1801)
	at java.base/java.util.stream.AbstractPipeline.copyInto(AbstractPipeline.java:484)
	at java.base/java.util.stream.AbstractPipeline.wrapAndCopyInto(AbstractPipeline.java:474)
	at java.base/java.util.stream.ForEachOps$ForEachOp.evaluateSequential(ForEachOps.java:150)
	at java.base/java.util.stream.ForEachOps$ForEachOp$OfRef.evaluateSequential(ForEachOps.java:173)
	at java.base/java.util.stream.AbstractPipeline.evaluate(AbstractPipeline.java:234)
	at java.base/java.util.stream.ReferencePipeline.forEach(ReferencePipeline.java:497)
	at org.junit.platform.engine.support.hierarchical.HierarchicalTestExecutor$NodeExecutor.lambda$executeRecursively$3(HierarchicalTestExecutor.java:120)
	at org.junit.platform.engine.support.hierarchical.SingleTestExecutor.executeSafely(SingleTestExecutor.java:66)
	at org.junit.platform.engine.support.hierarchical.HierarchicalTestExecutor$NodeExecutor.executeRecursively(HierarchicalTestExecutor.java:108)
	at org.junit.platform.engine.support.hierarchical.HierarchicalTestExecutor$NodeExecutor.execute(HierarchicalTestExecutor.java:79)
	at org.junit.platform.engine.support.hierarchical.HierarchicalTestExecutor.execute(HierarchicalTestExecutor.java:55)
	at org.junit.platform.engine.support.hierarchical.HierarchicalTestEngine.execute(HierarchicalTestEngine.java:43)
	at org.junit.platform.launcher.core.DefaultLauncher.execute(DefaultLauncher.java:170)
	at org.junit.platform.launcher.core.DefaultLauncher.execute(DefaultLauncher.java:154)
	at org.junit.platform.launcher.core.DefaultLauncher.execute(DefaultLauncher.java:90)
	at com.intellij.junit5.JUnit5IdeaTestRunner.startRunnerWithArgs(JUnit5IdeaTestRunner.java:71)
	at com.intellij.rt.junit.IdeaTestRunner$Repeater.startRunnerWithArgs(IdeaTestRunner.java:33)
	at com.intellij.rt.junit.JUnitStarter.prepareStreamsAndStart(JUnitStarter.java:221)
	at com.intellij.rt.junit.JUnitStarter.main(JUnitStarter.java:54)
13:47:42.957 [main] INFO  StringConverter - adding element: Country{location='Russia', countryCode='ru', latitude=61.52401, longitude=105.318756, confirmed=4675153, dead=104398, recovered=4301448, updated='2021-04-15T14:15:07'}
13:48:02.516 [main] INFO  StringConverter - starting to convert elements
13:48:02.522 [main] INFO  StringConverter - starting to convert elements
13:48:02.584 [main] INFO  StringConverter - adding element: Country{location='Iran', countryCode='ir', latitude=32.427908, longitude=53.688046, confirmed=2168872, dead=65680, recovered=1749041, updated='2021-04-15T14:15:07'}
13:48:02.596 [main] INFO  StringConverter - starting to convert elements
13:48:02.602 [main] INFO  StringConverter - adding element: Country{location='Iran', countryCode='ir', latitude=32.427908, longitude=53.688046, confirmed=2168872, dead=65680, recovered=1749041, updated='2021-04-15T14:15:07'}
13:48:02.608 [main] ERROR StringConverter - could not convert element at position 1
java.lang.NullPointerException: null
	at StringConverter.convert(StringConverter.java:43)
	at StringConverterTest.testConvertWithWrongInput(StringConverterTest.java:69)
	at java.base/jdk.internal.reflect.NativeMethodAccessorImpl.invoke0(Native Method)
	at java.base/jdk.internal.reflect.NativeMethodAccessorImpl.invoke(NativeMethodAccessorImpl.java:62)
	at java.base/jdk.internal.reflect.DelegatingMethodAccessorImpl.invoke(DelegatingMethodAccessorImpl.java:43)
	at java.base/java.lang.reflect.Method.invoke(Method.java:566)
	at org.junit.platform.commons.util.ReflectionUtils.invokeMethod(ReflectionUtils.java:436)
	at org.junit.jupiter.engine.execution.ExecutableInvoker.invoke(ExecutableInvoker.java:115)
	at org.junit.jupiter.engine.descriptor.TestMethodTestDescriptor.lambda$invokeTestMethod$6(TestMethodTestDescriptor.java:170)
	at org.junit.jupiter.engine.execution.ThrowableCollector.execute(ThrowableCollector.java:40)
	at org.junit.jupiter.engine.descriptor.TestMethodTestDescriptor.invokeTestMethod(TestMethodTestDescriptor.java:166)
	at org.junit.jupiter.engine.descriptor.TestMethodTestDescriptor.execute(TestMethodTestDescriptor.java:113)
	at org.junit.jupiter.engine.descriptor.TestMethodTestDescriptor.execute(TestMethodTestDescriptor.java:58)
	at org.junit.platform.engine.support.hierarchical.HierarchicalTestExecutor$NodeExecutor.lambda$executeRecursively$3(HierarchicalTestExecutor.java:112)
	at org.junit.platform.engine.support.hierarchical.SingleTestExecutor.executeSafely(SingleTestExecutor.java:66)
	at org.junit.platform.engine.support.hierarchical.HierarchicalTestExecutor$NodeExecutor.executeRecursively(HierarchicalTestExecutor.java:108)
	at org.junit.platform.engine.support.hierarchical.HierarchicalTestExecutor$NodeExecutor.execute(HierarchicalTestExecutor.java:79)
	at org.junit.platform.engine.support.hierarchical.HierarchicalTestExecutor$NodeExecutor.lambda$executeRecursively$2(HierarchicalTestExecutor.java:120)
	at java.base/java.util.stream.ForEachOps$ForEachOp$OfRef.accept(ForEachOps.java:183)
	at java.base/java.util.stream.ReferencePipeline$2$1.accept(ReferencePipeline.java:177)
	at java.base/java.util.Iterator.forEachRemaining(Iterator.java:133)
	at java.base/java.util.Spliterators$IteratorSpliterator.forEachRemaining(Spliterators.java:1801)
	at java.base/java.util.stream.AbstractPipeline.copyInto(AbstractPipeline.java:484)
	at java.base/java.util.stream.AbstractPipeline.wrapAndCopyInto(AbstractPipeline.java:474)
	at java.base/java.util.stream.ForEachOps$ForEachOp.evaluateSequential(ForEachOps.java:150)
	at java.base/java.util.stream.ForEachOps$ForEachOp$OfRef.evaluateSequential(ForEachOps.java:173)
	at java.base/java.util.stream.AbstractPipeline.evaluate(AbstractPipeline.java:234)
	at java.base/java.util.stream.ReferencePipeline.forEach(ReferencePipeline.java:497)
	at org.junit.platform.engine.support.hierarchical.HierarchicalTestExecutor$NodeExecutor.lambda$executeRecursively$3(HierarchicalTestExecutor.java:120)
	at org.junit.platform.engine.support.hierarchical.SingleTestExecutor.executeSafely(SingleTestExecutor.java:66)
	at org.junit.platform.engine.support.hierarchical.HierarchicalTestExecutor$NodeExecutor.executeRecursively(HierarchicalTestExecutor.java:108)
	at org.junit.platform.engine.support.hierarchical.HierarchicalTestExecutor$NodeExecutor.execute(HierarchicalTestExecutor.java:79)
	at org.junit.platform.engine.support.hierarchical.HierarchicalTestExecutor$NodeExecutor.lambda$executeRecursively$2(HierarchicalTestExecutor.java:120)
	at java.base/java.util.stream.ForEachOps$ForEachOp$OfRef.accept(ForEachOps.java:183)
	at java.base/java.util.stream.ReferencePipeline$2$1.accept(ReferencePipeline.java:177)
	at java.base/java.util.Iterator.forEachRemaining(Iterator.java:133)
	at java.base/java.util.Spliterators$IteratorSpliterator.forEachRemaining(Spliterators.java:1801)
	at java.base/java.util.stream.AbstractPipeline.copyInto(AbstractPipeline.java:484)
	at java.base/java.util.stream.AbstractPipeline.wrapAndCopyInto(AbstractPipeline.java:474)
	at java.base/java.util.stream.ForEachOps$ForEachOp.evaluateSequential(ForEachOps.java:150)
	at java.base/java.util.stream.ForEachOps$ForEachOp$OfRef.evaluateSequential(ForEachOps.java:173)
	at java.base/java.util.stream.AbstractPipeline.evaluate(AbstractPipeline.java:234)
	at java.base/java.util.stream.ReferencePipeline.forEach(ReferencePipeline.java:497)
	at org.junit.platform.engine.support.hierarchical.HierarchicalTestExecutor$NodeExecutor.lambda$executeRecursively$3(HierarchicalTestExecutor.java:120)
	at org.junit.platform.engine.support.hierarchical.SingleTestExecutor.executeSafely(SingleTestExecutor.java:66)
	at org.junit.platform.engine.support.hierarchical.HierarchicalTestExecutor$NodeExecutor.executeRecursively(HierarchicalTestExecutor.java:108)
	at org.junit.platform.engine.support.hierarchical.HierarchicalTestExecutor$NodeExecutor.execute(HierarchicalTestExecutor.java:79)
	at org.junit.platform.engine.support.hierarchical.HierarchicalTestExecutor.execute(HierarchicalTestExecutor.java:55)
	at org.junit.platform.engine.support.hierarchical.HierarchicalTestEngine.execute(HierarchicalTestEngine.java:43)
	at org.junit.platform.launcher.core.DefaultLauncher.execute(DefaultLauncher.java:170)
	at org.junit.platform.launcher.core.DefaultLauncher.execute(DefaultLauncher.java:154)
	at org.junit.platform.launcher.core.DefaultLauncher.execute(DefaultLauncher.java:90)
	at com.intellij.junit5.JUnit5IdeaTestRunner.startRunnerWithArgs(JUnit5IdeaTestRunner.java:71)
	at com.intellij.rt.junit.IdeaTestRunner$Repeater.startRunnerWithArgs(IdeaTestRunner.java:33)
	at com.intellij.rt.junit.JUnitStarter.prepareStreamsAndStart(JUnitStarter.java:221)
	at com.intellij.rt.junit.JUnitStarter.main(JUnitStarter.java:54)
13:48:02.610 [main] INFO  StringConverter - adding element: Country{location='Russia', countryCode='ru', latitude=61.52401, longitude=105.318756, confirmed=4675153, dead=104398, recovered=4301448, updated='2021-04-15T14:15:07'}
13:49:31.178 [main] INFO  StringConverter - starting to convert elements
13:49:31.184 [main] INFO  StringConverter - starting to convert elements
13:49:31.256 [main] INFO  StringConverter - adding element: Country{location='Iran', countryCode='ir', latitude=32.427908, longitude=53.688046, confirmed=2168872, dead=65680, recovered=1749041, updated='2021-04-15T14:15:07'}
13:49:31.275 [main] INFO  StringConverter - starting to convert elements
13:49:31.276 [main] INFO  StringConverter - adding element: Country{location='Iran', countryCode='ir', latitude=32.427908, longitude=53.688046, confirmed=2168872, dead=65680, recovered=1749041, updated='2021-04-15T14:15:07'}
13:49:31.284 [main] ERROR StringConverter - could not convert element at position 1
java.lang.NullPointerException: null
	at StringConverter.convert(StringConverter.java:43)
	at StringConverterTest.testConvertWithWrongInput(StringConverterTest.java:69)
	at java.base/jdk.internal.reflect.NativeMethodAccessorImpl.invoke0(Native Method)
	at java.base/jdk.internal.reflect.NativeMethodAccessorImpl.invoke(NativeMethodAccessorImpl.java:62)
	at java.base/jdk.internal.reflect.DelegatingMethodAccessorImpl.invoke(DelegatingMethodAccessorImpl.java:43)
	at java.base/java.lang.reflect.Method.invoke(Method.java:566)
	at org.junit.platform.commons.util.ReflectionUtils.invokeMethod(ReflectionUtils.java:436)
	at org.junit.jupiter.engine.execution.ExecutableInvoker.invoke(ExecutableInvoker.java:115)
	at org.junit.jupiter.engine.descriptor.TestMethodTestDescriptor.lambda$invokeTestMethod$6(TestMethodTestDescriptor.java:170)
	at org.junit.jupiter.engine.execution.ThrowableCollector.execute(ThrowableCollector.java:40)
	at org.junit.jupiter.engine.descriptor.TestMethodTestDescriptor.invokeTestMethod(TestMethodTestDescriptor.java:166)
	at org.junit.jupiter.engine.descriptor.TestMethodTestDescriptor.execute(TestMethodTestDescriptor.java:113)
	at org.junit.jupiter.engine.descriptor.TestMethodTestDescriptor.execute(TestMethodTestDescriptor.java:58)
	at org.junit.platform.engine.support.hierarchical.HierarchicalTestExecutor$NodeExecutor.lambda$executeRecursively$3(HierarchicalTestExecutor.java:112)
	at org.junit.platform.engine.support.hierarchical.SingleTestExecutor.executeSafely(SingleTestExecutor.java:66)
	at org.junit.platform.engine.support.hierarchical.HierarchicalTestExecutor$NodeExecutor.executeRecursively(HierarchicalTestExecutor.java:108)
	at org.junit.platform.engine.support.hierarchical.HierarchicalTestExecutor$NodeExecutor.execute(HierarchicalTestExecutor.java:79)
	at org.junit.platform.engine.support.hierarchical.HierarchicalTestExecutor$NodeExecutor.lambda$executeRecursively$2(HierarchicalTestExecutor.java:120)
	at java.base/java.util.stream.ForEachOps$ForEachOp$OfRef.accept(ForEachOps.java:183)
	at java.base/java.util.stream.ReferencePipeline$2$1.accept(ReferencePipeline.java:177)
	at java.base/java.util.Iterator.forEachRemaining(Iterator.java:133)
	at java.base/java.util.Spliterators$IteratorSpliterator.forEachRemaining(Spliterators.java:1801)
	at java.base/java.util.stream.AbstractPipeline.copyInto(AbstractPipeline.java:484)
	at java.base/java.util.stream.AbstractPipeline.wrapAndCopyInto(AbstractPipeline.java:474)
	at java.base/java.util.stream.ForEachOps$ForEachOp.evaluateSequential(ForEachOps.java:150)
	at java.base/java.util.stream.ForEachOps$ForEachOp$OfRef.evaluateSequential(ForEachOps.java:173)
	at java.base/java.util.stream.AbstractPipeline.evaluate(AbstractPipeline.java:234)
	at java.base/java.util.stream.ReferencePipeline.forEach(ReferencePipeline.java:497)
	at org.junit.platform.engine.support.hierarchical.HierarchicalTestExecutor$NodeExecutor.lambda$executeRecursively$3(HierarchicalTestExecutor.java:120)
	at org.junit.platform.engine.support.hierarchical.SingleTestExecutor.executeSafely(SingleTestExecutor.java:66)
	at org.junit.platform.engine.support.hierarchical.HierarchicalTestExecutor$NodeExecutor.executeRecursively(HierarchicalTestExecutor.java:108)
	at org.junit.platform.engine.support.hierarchical.HierarchicalTestExecutor$NodeExecutor.execute(HierarchicalTestExecutor.java:79)
	at org.junit.platform.engine.support.hierarchical.HierarchicalTestExecutor$NodeExecutor.lambda$executeRecursively$2(HierarchicalTestExecutor.java:120)
	at java.base/java.util.stream.ForEachOps$ForEachOp$OfRef.accept(ForEachOps.java:183)
	at java.base/java.util.stream.ReferencePipeline$2$1.accept(ReferencePipeline.java:177)
	at java.base/java.util.Iterator.forEachRemaining(Iterator.java:133)
	at java.base/java.util.Spliterators$IteratorSpliterator.forEachRemaining(Spliterators.java:1801)
	at java.base/java.util.stream.AbstractPipeline.copyInto(AbstractPipeline.java:484)
	at java.base/java.util.stream.AbstractPipeline.wrapAndCopyInto(AbstractPipeline.java:474)
	at java.base/java.util.stream.ForEachOps$ForEachOp.evaluateSequential(ForEachOps.java:150)
	at java.base/java.util.stream.ForEachOps$ForEachOp$OfRef.evaluateSequential(ForEachOps.java:173)
	at java.base/java.util.stream.AbstractPipeline.evaluate(AbstractPipeline.java:234)
	at java.base/java.util.stream.ReferencePipeline.forEach(ReferencePipeline.java:497)
	at org.junit.platform.engine.support.hierarchical.HierarchicalTestExecutor$NodeExecutor.lambda$executeRecursively$3(HierarchicalTestExecutor.java:120)
	at org.junit.platform.engine.support.hierarchical.SingleTestExecutor.executeSafely(SingleTestExecutor.java:66)
	at org.junit.platform.engine.support.hierarchical.HierarchicalTestExecutor$NodeExecutor.executeRecursively(HierarchicalTestExecutor.java:108)
	at org.junit.platform.engine.support.hierarchical.HierarchicalTestExecutor$NodeExecutor.execute(HierarchicalTestExecutor.java:79)
	at org.junit.platform.engine.support.hierarchical.HierarchicalTestExecutor.execute(HierarchicalTestExecutor.java:55)
	at org.junit.platform.engine.support.hierarchical.HierarchicalTestEngine.execute(HierarchicalTestEngine.java:43)
	at org.junit.platform.launcher.core.DefaultLauncher.execute(DefaultLauncher.java:170)
	at org.junit.platform.launcher.core.DefaultLauncher.execute(DefaultLauncher.java:154)
	at org.junit.platform.launcher.core.DefaultLauncher.execute(DefaultLauncher.java:90)
	at com.intellij.junit5.JUnit5IdeaTestRunner.startRunnerWithArgs(JUnit5IdeaTestRunner.java:71)
	at com.intellij.rt.junit.IdeaTestRunner$Repeater.startRunnerWithArgs(IdeaTestRunner.java:33)
	at com.intellij.rt.junit.JUnitStarter.prepareStreamsAndStart(JUnitStarter.java:221)
	at com.intellij.rt.junit.JUnitStarter.main(JUnitStarter.java:54)
13:49:31.286 [main] INFO  StringConverter - adding element: Country{location='Russia', countryCode='ru', latitude=61.52401, longitude=105.318756, confirmed=4675153, dead=104398, recovered=4301448, updated='2021-04-15T14:15:07'}
14:14:26.140 [main] INFO  StringConverter - starting to convert elements
14:14:26.221 [main] INFO  StringConverter - adding element: Country{location='Iran', countryCode='ir', latitude=32.427908, longitude=53.688046, confirmed=2168872, dead=65680, recovered=1749041, updated='2021-04-15T14:15:07'}
14:14:26.221 [main] INFO  StringConverter - adding element: Country{location='Germany', countryCode='de', latitude=51.165691, longitude=10.451526, confirmed=3064382, dead=79813, recovered=2736100, updated='2021-04-15T14:15:07'}
14:14:26.221 [main] INFO  StringConverter - adding element: Country{location='Russia', countryCode='ru', latitude=61.52401, longitude=105.318756, confirmed=4675153, dead=104398, recovered=4301448, updated='2021-04-15T14:15:07'}
14:14:26.222 [main] INFO  StringConverter - adding element: Country{location='Nepal', countryCode='np', latitude=28.394857, longitude=84.12400799999999, confirmed=281564, dead=3061, recovered=274447, updated='2021-04-15T10:00:07'}
14:14:26.222 [main] INFO  StringConverter - adding element: Country{location='Saudi Arabia', countryCode='sa', latitude=23.885942, longitude=45.079162, confirmed=401157, dead=6781, recovered=385441, updated='2021-04-15T10:00:07'}
14:14:26.222 [main] INFO  StringConverter - adding element: Country{location='Argentina', countryCode='ar', latitude=-38.416097, longitude=-63.61667199999999, confirmed=2604157, dead=58542, recovered=2278486, updated='2021-04-15T14:15:07'}
14:14:26.222 [main] INFO  StringConverter - adding element: Country{location='Austria', countryCode='at', latitude=47.516231, longitude=14.550072, confirmed=586883, dead=9813, recovered=547604, updated='2021-04-15T10:00:07'}
14:14:26.223 [main] INFO  StringConverter - adding element: Country{location='Jordan', countryCode='jo', latitude=36.1500042, longitude=-95.9882368, confirmed=676175, dead=7987, recovered=617096, updated='2021-04-15T10:00:07'}
14:14:26.223 [main] INFO  StringConverter - adding element: Country{location='Angola', countryCode='ao', latitude=-11.202692, longitude=17.873887, confirmed=23841, dead=557, recovered=22144, updated='2021-04-15T10:00:07'}
14:14:26.224 [main] INFO  StringConverter - adding element: Country{location='Netherlands', countryCode='nl', latitude=52.132633, longitude=5.291265999999999, confirmed=1369411, dead=16848, recovered=0, updated='2021-04-15T10:15:12'}
14:14:26.224 [main] INFO  StringConverter - adding element: Country{location='Bulgaria', countryCode='bg', latitude=42.733883, longitude=25.48583, confirmed=380576, dead=14871, recovered=296998, updated='2021-04-15T10:00:07'}
14:14:26.224 [main] INFO  StringConverter - adding element: Country{location='India', countryCode='in', latitude=20.593684, longitude=78.96288, confirmed=20282833, dead=222408, recovered=16613292, updated='2021-05-04T12:00:08'}
14:14:26.225 [main] INFO  StringConverter - adding element: Country{location='South Africa', countryCode='za', latitude=-30.559482, longitude=22.937506, confirmed=1584961, dead=103, recovered=1486873, updated='2021-05-04T12:05:07'}
14:14:26.225 [main] INFO  StringConverter - adding element: Country{location='Italy', countryCode='it', latitude=41.87194, longitude=12.56738, confirmed=3809193, dead=115557, recovered=3178976, updated='2021-04-15T14:15:07'}
14:14:26.225 [main] INFO  StringConverter - adding element: Country{location='France', countryCode='fr', latitude=46.227638, longitude=2.213749, confirmed=5149834, dead=99777, recovered=315152, updated='2021-04-15T14:15:07'}
14:14:26.225 [main] INFO  StringConverter - adding element: Country{location='Belgium', countryCode='be', latitude=50.503887, longitude=4.469936, confirmed=935316, dead=23603, recovered=60320, updated='2021-04-15T10:15:12'}
14:14:26.225 [main] INFO  StringConverter - adding element: Country{location='Peru', countryCode='pe', latitude=-9.189967, longitude=-75.015152, confirmed=1667737, dead=55812, recovered=1592937, updated='2021-04-15T14:15:07'}
14:14:26.226 [main] INFO  StringConverter - adding element: Country{location='Ukraine', countryCode='ua', latitude=48.379433, longitude=31.1655799, confirmed=1903765, dead=38658, recovered=1453766, updated='2021-04-15T14:15:07'}
14:14:26.226 [main] INFO  StringConverter - adding element: Country{location='UK', countryCode='gb', latitude=55.378051, longitude=-3.435973, confirmed=4378305, dead=127161, recovered=4113338, updated='2021-04-15T14:15:07'}
14:14:26.226 [main] INFO  StringConverter - adding element: Country{location='Syria', countryCode='sy', latitude=34.80207499999999, longitude=38.996815, confirmed=20555, dead=1402, recovered=14335, updated='2021-04-15T10:00:07'}
14:14:26.226 [main] INFO  StringConverter - adding element: Country{location='Azerbaijan', countryCode='az', latitude=40.143105, longitude=47.576927, confirmed=291894, dead=4009, recovered=255833, updated='2021-04-15T10:00:07'}
14:14:26.227 [main] INFO  StringConverter - adding element: Country{location='Colombia', countryCode='co', latitude=4.570868, longitude=-74.297333, confirmed=2585801, dead=66819, recovered=2419265, updated='2021-04-15T14:15:07'}
14:14:26.227 [main] INFO  StringConverter - adding element: Country{location='Indonesia', countryCode='id', latitude=-0.789275, longitude=113.921327, confirmed=1589359, dead=43073, recovered=1438254, updated='2021-04-15T14:15:07'}
14:14:26.227 [main] INFO  StringConverter - adding element: Country{location='Chile', countryCode='cl', latitude=-35.675147, longitude=-71.542969, confirmed=1094267, dead=24548, recovered=1026934, updated='2021-04-15T10:15:12'}
14:14:26.227 [main] INFO  StringConverter - adding element: Country{location='Mexico', countryCode='mx', latitude=23.634501, longitude=-102.552784, confirmed=2291246, dead=210812, recovered=1817866, updated='2021-04-15T14:15:07'}
14:14:26.228 [main] INFO  StringConverter - adding element: Country{location='Turkey', countryCode='tr', latitude=38.963745, longitude=35.243322, confirmed=4025557, dead=34734, recovered=3480146, updated='2021-04-15T14:15:07'}
14:14:26.228 [main] INFO  StringConverter - adding element: Country{location='Spain', countryCode='es', latitude=40.46366700000001, longitude=-3.74922, confirmed=3387022, dead=76756, recovered=3118437, updated='2021-04-15T14:15:07'}
14:14:26.228 [main] INFO  StringConverter - adding element: Country{location='Gabon', countryCode='ga', latitude=-0.803689, longitude=11.609444, confirmed=21566, dead=132, recovered=18219, updated='2021-04-15T10:00:07'}
14:14:26.228 [main] INFO  StringConverter - adding element: Country{location='Poland', countryCode='pl', latitude=51.919438, longitude=19.145136, confirmed=2642242, dead=60612, recovered=2238638, updated='2021-04-15T14:15:07'}
14:14:26.228 [main] INFO  StringConverter - adding element: Country{location='UAE', countryCode='ae', latitude=23.424076, longitude=53.847818, confirmed=489495, dead=1541, recovered=473398, updated='2021-04-15T10:00:07'}
14:14:26.229 [main] INFO  StringConverter - adding element: Country{location='Czechia', countryCode='cz', latitude=49.81749199999999, longitude=15.472962, confirmed=1593847, dead=28229, recovered=1483559, updated='2021-04-15T14:15:07'}
14:14:26.229 [main] INFO  StringConverter - adding element: Country{location='Guinea', countryCode='gn', latitude=9.945587, longitude=-9.696645, confirmed=21299, dead=136, recovered=18815, updated='2021-04-15T10:00:07'}
14:14:26.229 [main] INFO  StringConverter - adding element: Country{location='Croatia', countryCode='hr', latitude=45.1, longitude=15.2000001, confirmed=300900, dead=6442, recovered=279151, updated='2021-04-15T10:00:07'}
14:14:26.229 [main] INFO  StringConverter - adding element: Country{location='Portugal', countryCode='pt', latitude=39.39987199999999, longitude=-8.224454, confirmed=828857, dead=16931, recovered=786469, updated='2021-04-15T10:00:07'}
14:14:26.229 [main] INFO  StringConverter - adding element: Country{location='Australia', countryCode='au', latitude=-25.274398, longitude=133.775136, confirmed=29457, dead=910, recovered=26381, updated='2021-04-15T10:00:07'}
14:14:26.230 [main] INFO  StringConverter - adding element: Country{location='Hungary', countryCode='hu', latitude=47.162494, longitude=19.5033041, confirmed=736982, dead=24521, recovered=440498, updated='2021-04-15T10:00:07'}
14:14:26.230 [main] INFO  StringConverter - adding element: Country{location='Panama', countryCode='pa', latitude=8.537981, longitude=-80.782127, confirmed=359516, dead=6177, recovered=349318, updated='2021-04-15T10:00:07'}
14:14:26.230 [main] INFO  StringConverter - adding element: Country{location='Ecuador', countryCode='ec', latitude=-1.831239, longitude=-78.18340599999999, confirmed=350539, dead=17400, recovered=298604, updated='2021-04-15T10:00:07'}
14:14:26.230 [main] INFO  StringConverter - adding element: Country{location='Georgia', countryCode='ge', latitude=32.1656221, longitude=-82.9000751, confirmed=292244, dead=3908, recovered=279389, updated='2021-04-15T10:00:07'}
14:14:26.231 [main] INFO  StringConverter - adding element: Country{location='Brazil', countryCode='br', latitude=-14.235004, longitude=-51.92528, confirmed=14791434, dead=408829, recovered=13336476, updated='2021-05-04T12:00:08'}
14:14:26.231 [main] INFO  StringConverter - adding element: Country{location='Morocco', countryCode='ma', latitude=31.791702, longitude=-7.092619999999999, confirmed=503664, dead=8920, recovered=489928, updated='2021-04-15T10:00:07'}
14:14:26.231 [main] INFO  StringConverter - adding element: Country{location='Slovakia', countryCode='sk', latitude=48.669026, longitude=19.699024, confirmed=373950, dead=10877, recovered=255300, updated='2021-04-15T10:00:07'}
14:14:26.231 [main] INFO  StringConverter - adding element: Country{location='Paraguay', countryCode='py', latitude=-23.442503, longitude=-58.443832, confirmed=242161, dead=5040, recovered=198473, updated='2021-04-15T10:00:07'}
14:14:26.232 [main] INFO  StringConverter - adding element: Country{location='Egypt', countryCode='eg', latitude=26.820553, longitude=30.802498, confirmed=212961, dead=12570, recovered=161031, updated='2021-04-15T10:00:07'}
14:14:26.232 [main] INFO  StringConverter - adding element: Country{location='Qatar', countryCode='qa', latitude=25.354826, longitude=51.183884, confirmed=192963, dead=348, recovered=171388, updated='2021-04-15T10:00:07'}
14:14:26.233 [main] INFO  StringConverter - adding element: Country{location='Bahrain', countryCode='bh', latitude=26.0667, longitude=50.5577, confirmed=159964, dead=569, recovered=148093, updated='2021-04-15T10:00:07'}
14:14:26.233 [main] INFO  StringConverter - adding element: Country{location='South Korea', countryCode='kr', latitude=35.907757, longitude=127.766922, confirmed=112117, dead=1788, recovered=102513, updated='2021-04-15T10:00:07'}
14:14:26.233 [main] INFO  StringConverter - adding element: Country{location='Kyrgyzstan', countryCode='kg', latitude=41.20438, longitude=74.766098, confirmed=91144, dead=1540, recovered=86491, updated='2021-04-15T10:00:07'}
14:14:26.233 [main] INFO  StringConverter - adding element: Country{location='Bolivia', countryCode='bo', latitude=-16.290154, longitude=-63.58865299999999, confirmed=285291, dead=12519, recovered=234596, updated='2021-04-15T10:00:07'}
14:14:26.234 [main] INFO  StringConverter - adding element: Country{location='Oman', countryCode='om', latitude=21.4735329, longitude=55.975413, confirmed=176668, dead=1821, recovered=156845, updated='2021-04-15T10:00:07'}
14:14:26.234 [main] INFO  StringConverter - adding element: Country{location='Puerto Rico', countryCode='pr', latitude=18.220833, longitude=-66.590149, confirmed=80590, dead=1703, recovered=0, updated='2021-01-17T18:15:05'}
14:14:26.234 [main] INFO  StringConverter - adding element: Country{location='Guatemala', countryCode='gt', latitude=15.783471, longitude=-90.23075899999999, confirmed=207127, dead=7089, recovered=187894, updated='2021-04-15T10:00:07'}
14:14:26.234 [main] INFO  StringConverter - adding element: Country{location='Myanmar', countryCode='mm', latitude=21.916221, longitude=95.955974, confirmed=142610, dead=3206, recovered=131879, updated='2021-04-15T10:00:07'}
14:14:26.235 [main] INFO  StringConverter - adding element: Country{location='Singapore', countryCode='sg', latitude=1.352083, longitude=103.819836, confirmed=60735, dead=30, recovered=60392, updated='2021-04-15T10:00:07'}
14:14:26.235 [main] INFO  StringConverter - adding element: Country{location='Palestine', countryCode='ps', latitude=31.952162, longitude=35.233154, confirmed=274690, dead=2923, recovered=239291, updated='2021-04-15T10:00:07'}
14:14:26.235 [main] INFO  StringConverter - adding element: Country{location='Bosnia and Herzegovina', countryCode='ba', latitude=43.915886, longitude=17.679076, confirmed=186372, dead=7642, recovered=143944, updated='2021-04-15T10:00:07'}
14:14:26.235 [main] INFO  StringConverter - adding element: Country{location='Kenya', countryCode='ke', latitude=-0.023559, longitude=37.906193, confirmed=148128, dead=2420, recovered=99580, updated='2021-04-15T10:00:07'}
14:14:26.236 [main] INFO  StringConverter - adding element: Country{location='Montenegro', countryCode='me', latitude=42.708678, longitude=19.37439, confirmed=94859, dead=1405, recovered=89615, updated='2021-04-15T10:00:07'}
14:14:26.236 [main] INFO  StringConverter - adding element: Country{location='Uzbekistan', countryCode='uz', latitude=41.377491, longitude=64.585262, confirmed=85730, dead=634, recovered=83462, updated='2021-04-15T10:00:07'}
14:14:26.236 [main] INFO  StringConverter - adding element: Country{location='Malaysia', countryCode='my', latitude=4.210484, longitude=101.975766, confirmed=367977, dead=1363, recovered=349039, updated='2021-04-15T10:00:07'}
14:14:26.236 [main] INFO  StringConverter - adding element: Country{location='Kazakhstan', countryCode='kz', latitude=48.019573, longitude=66.923684, confirmed=278695, dead=3306, recovered=239448, updated='2021-04-15T10:00:07'}
14:14:26.237 [main] INFO  StringConverter - adding element: Country{location='Albania', countryCode='al', latitude=41.153332, longitude=20.168331, confirmed=128959, dead=2331, recovered=99441, updated='2021-04-15T10:00:07'}
14:14:26.237 [main] INFO  StringConverter - adding element: Country{location='Afghanistan', countryCode='af', latitude=33.93911, longitude=67.709953, confirmed=57612, dead=2535, recovered=52083, updated='2021-04-15T10:00:07'}
14:14:26.237 [main] INFO  StringConverter - adding element: Country{location='Dominican Republic', countryCode='do', latitude=18.735693, longitude=-70.162651, confirmed=259260, dead=3402, recovered=217286, updated='2021-04-15T10:00:07'}
14:14:26.237 [main] INFO  StringConverter - adding element: Country{location='Lithuania', countryCode='lt', latitude=55.169438, longitude=23.881275, confirmed=230462, dead=3730, recovered=208890, updated='2021-04-15T10:00:07'}
14:14:26.237 [main] INFO  StringConverter - adding element: Country{location='Libya', countryCode='ly', latitude=26.3351, longitude=17.228331, confirmed=170045, dead=2834, recovered=155117, updated='2021-04-15T10:00:07'}
14:14:26.238 [main] INFO  StringConverter - adding element: Country{location='Honduras', countryCode='hn', latitude=15.199999, longitude=-86.241905, confirmed=198214, dead=4905, recovered=76130, updated='2021-04-15T10:00:07'}
14:14:26.238 [main] INFO  StringConverter - adding element: Country{location='Nigeria', countryCode='ng', latitude=9.081999, longitude=8.675277, confirmed=164000, dead=2061, recovered=154270, updated='2021-04-15T10:00:07'}
14:14:26.238 [main] INFO  StringConverter - adding element: Country{location='Algeria', countryCode='dz', latitude=28.033886, longitude=1.659626, confirmed=118975, dead=3141, recovered=82929, updated='2021-04-15T10:00:07'}
14:14:26.238 [main] INFO  StringConverter - adding element: Country{location='China', countryCode='cn', latitude=35.86166, longitude=104.195397, confirmed=90457, dead=4636, recovered=85524, updated='2021-04-15T10:00:07'}
14:14:26.238 [main] INFO  StringConverter - adding element: Country{location='Lebanon', countryCode='lb', latitude=33.854721, longitude=35.862285, confirmed=502299, dead=6778, recovered=413175, updated='2021-04-15T10:00:07'}
14:14:26.239 [main] INFO  StringConverter - adding element: Country{location='Kuwait', countryCode='kw', latitude=29.31166, longitude=47.481766, confirmed=251675, dead=1423, recovered=235053, updated='2021-04-15T10:00:07'}
14:14:26.239 [main] INFO  StringConverter - adding element: Country{location='Slovenia', countryCode='si', latitude=46.151241, longitude=14.995463, confirmed=229967, dead=4142, recovered=212815, updated='2021-04-15T10:00:07'}
14:14:26.239 [main] INFO  StringConverter - adding element: Country{location='Venezuela', countryCode='ve', latitude=6.42375, longitude=-66.58973, confirmed=178094, dead=1834, recovered=160620, updated='2021-04-15T10:00:07'}
14:14:26.240 [main] INFO  StringConverter - adding element: Country{location='North Macedonia', countryCode='mk', latitude=41.608635, longitude=21.745275, confirmed=144111, dead=4322, recovered=119683, updated='2021-04-15T10:00:07'}
14:14:26.240 [main] INFO  StringConverter - adding element: Country{location='Ghana', countryCode='gh', latitude=7.946527, longitude=-1.023194, confirmed=91477, dead=763, recovered=89301, updated='2021-04-15T10:00:07'}
14:14:26.240 [main] INFO  StringConverter - adding element: Country{location='El Salvador', countryCode='sv', latitude=13.794185, longitude=-88.89653, confirmed=66956, dead=2060, recovered=63345, updated='2021-04-15T10:00:07'}
14:14:26.240 [main] INFO  StringConverter - adding element: Country{location='Greece', countryCode='gr', latitude=39.074208, longitude=21.824312, confirmed=304184, dead=9135, recovered=261176, updated='2021-04-15T10:00:07'}
14:14:26.240 [main] INFO  StringConverter - adding element: Country{location='Tunisia', countryCode='tn', latitude=33.886917, longitude=9.537499, confirmed=276727, dead=9480, recovered=229754, updated='2021-04-15T10:00:07'}
14:14:26.241 [main] INFO  StringConverter - adding element: Country{location='Mali', countryCode='ml', latitude=17.570692, longitude=-3.996166, confirmed=12467, dead=419, recovered=7238, updated='2021-04-15T10:00:07'}
14:14:26.241 [main] INFO  StringConverter - adding element: Country{location='Trinidad and Tobago', countryCode='tt', latitude=10.691803, longitude=-61.222503, confirmed=8596, dead=148, recovered=7818, updated='2021-04-15T10:00:07'}
14:14:26.241 [main] INFO  StringConverter - adding element: Country{location='Timor-Leste', countryCode='tl', latitude=-8.874217, longitude=125.727539, confirmed=1103, dead=2, recovered=564, updated='2021-04-15T10:00:07'}
14:14:26.242 [main] INFO  StringConverter - adding element: Country{location='Cameroon', countryCode='cm', latitude=7.369721999999999, longitude=12.354722, confirmed=61731, dead=919, recovered=56926, updated='2021-04-15T10:00:07'}
14:14:26.242 [main] INFO  StringConverter - adding element: Country{location='Estonia', countryCode='ee', latitude=58.595272, longitude=25.0136071, confirmed=116200, dead=1064, recovered=99096, updated='2021-04-15T10:00:07'}
14:14:26.242 [main] INFO  StringConverter - adding element: Country{location='Eswatini', countryCode='sz', latitude=-26.522503, longitude=31.465866, confirmed=18407, dead=670, recovered=17682, updated='2021-04-15T10:00:07'}
14:14:26.242 [main] INFO  StringConverter - adding element: Country{location='Cyprus', countryCode='cy', latitude=35.126413, longitude=33.429859, confirmed=53254, dead=277, recovered=39061, updated='2021-04-15T10:00:07'}
14:14:26.242 [main] INFO  StringConverter - adding element: Country{location='Uganda', countryCode='ug', latitude=1.373333, longitude=32.290275, confirmed=41237, dead=338, recovered=40779, updated='2021-04-15T10:00:07'}
14:14:26.242 [main] INFO  StringConverter - adding element: Country{location='Senegal', countryCode='sn', latitude=14.497401, longitude=-14.452362, confirmed=39560, dead=1084, recovered=38290, updated='2021-04-15T10:00:07'}
14:14:26.242 [main] INFO  StringConverter - adding element: Country{location='Hong Kong', countryCode='hk', latitude=22.3193039, longitude=114.1693611, confirmed=11619, dead=209, recovered=11246, updated='2021-04-15T10:00:07'}
14:14:26.242 [main] INFO  StringConverter - adding element: Country{location='Guyana', countryCode='gy', latitude=4.860416, longitude=-58.93018, confirmed=11374, dead=260, recovered=9880, updated='2021-04-15T10:00:07'}
14:14:26.243 [main] INFO  StringConverter - adding element: Country{location='Latvia', countryCode='lv', latitude=56.879635, longitude=24.603189, confirmed=109731, dead=2030, recovered=100464, updated='2021-04-15T10:00:07'}
14:14:26.243 [main] INFO  StringConverter - adding element: Country{location='Zambia', countryCode='zm', latitude=-13.133897, longitude=27.849332, confirmed=90389, dead=1229, recovered=88241, updated='2021-04-15T10:00:07'}
14:14:26.243 [main] INFO  StringConverter - adding element: Country{location='Namibia', countryCode='na', latitude=38.911651, longitude=-77.0412109, confirmed=46051, dead=592, recovered=44162, updated='2021-04-15T10:00:07'}
14:14:26.243 [main] INFO  StringConverter - adding element: Country{location='Thailand', countryCode='th', latitude=15.870032, longitude=100.992541, confirmed=37453, dead=97, recovered=28383, updated='2021-04-15T10:00:07'}
14:14:26.243 [main] INFO  StringConverter - adding element: Country{location='Madagascar', countryCode='mg', latitude=-18.766947, longitude=46.869107, confirmed=29348, dead=520, recovered=24695, updated='2021-04-15T10:00:07'}
14:14:26.243 [main] INFO  StringConverter - adding element: Country{location='DRC', countryCode='cd', latitude=-4.038333, longitude=21.758664, confirmed=28714, dead=745, recovered=25841, updated='2021-04-15T10:00:07'}
14:14:26.244 [main] INFO  StringConverter - adding element: Country{location='Maldives', countryCode='mv', latitude=3.202778, longitude=73.22068, confirmed=25844, dead=67, recovered=23141, updated='2021-04-15T10:00:07'}
14:14:26.244 [main] INFO  StringConverter - adding element: Country{location='Mauritania', countryCode='mr', latitude=21.00789, longitude=-10.940835, confirmed=18066, dead=452, recovered=17428, updated='2021-04-15T10:00:07'}
14:14:26.244 [main] INFO  StringConverter - adding element: Country{location='Haiti', countryCode='ht', latitude=18.971187, longitude=-72.285215, confirmed=12857, dead=251, recovered=11614, updated='2021-04-15T10:00:07'}
14:14:26.244 [main] INFO  StringConverter - adding element: Country{location='Dominica', countryCode='dm', latitude=15.414999, longitude=-61.37097600000001, confirmed=165, dead=0, recovered=159, updated='2021-04-15T10:00:07'}
14:14:26.244 [main] INFO  StringConverter - adding element: Country{location='Malawi', countryCode='mw', latitude=-13.254308, longitude=34.301525, confirmed=33891, dead=1134, recovered=31675, updated='2021-04-15T10:00:07'}
14:14:26.244 [main] INFO  StringConverter - adding element: Country{location='Fiji', countryCode='fj', latitude=-17.713371, longitude=178.065032, confirmed=68, dead=2, recovered=64, updated='2021-04-15T10:00:07'}
14:14:26.245 [main] INFO  StringConverter - adding element: Country{location='Andorra', countryCode='ad', latitude=42.506285, longitude=1.521801, confirmed=12641, dead=121, recovered=11989, updated='2021-04-15T10:00:07'}
14:14:26.245 [main] INFO  StringConverter - adding element: Country{location='Congo', countryCode='cg', latitude=-4.038333, longitude=21.758664, confirmed=10084, dead=139, recovered=8208, updated='2021-04-15T10:00:07'}
14:14:26.245 [main] INFO  StringConverter - adding element: Country{location='Cuba', countryCode='cu', latitude=21.521757, longitude=-77.781167, confirmed=89404, dead=487, recovered=84114, updated='2021-04-15T10:00:07'}
14:14:26.245 [main] INFO  StringConverter - adding element: Country{location='Cabo Verde', countryCode='cv', latitude=16.5388, longitude=-23.0418, confirmed=19525, dead=188, recovered=17645, updated='2021-04-15T10:00:07'}
14:14:26.245 [main] INFO  StringConverter - adding element: Country{location='Botswana', countryCode='bw', latitude=-22.328474, longitude=24.684866, confirmed=43444, dead=663, recovered=38923, updated='2021-04-15T10:00:07'}
14:14:26.245 [main] INFO  StringConverter - adding element: Country{location='Finland', countryCode='fi', latitude=61.92410999999999, longitude=25.7481511, confirmed=83253, dead=881, recovered=46000, updated='2021-04-15T10:00:07'}
14:14:26.245 [main] INFO  StringConverter - adding element: Country{location='French Polynesia', countryCode='pf', latitude=-17.679742, longitude=-149.406843, confirmed=18680, dead=141, recovered=4842, updated='2021-04-15T10:00:07'}
14:14:26.246 [main] INFO  StringConverter - adding element: Country{location='Belize', countryCode='bz', latitude=17.189877, longitude=-88.49765, confirmed=12522, dead=318, recovered=12140, updated='2021-04-15T10:00:07'}
14:14:26.246 [main] INFO  StringConverter - adding element: Country{location='Bahamas', countryCode='bs', latitude=25.03428, longitude=-77.39627999999999, confirmed=9505, dead=190, recovered=8965, updated='2021-04-15T10:00:07'}
14:14:26.246 [main] INFO  StringConverter - adding element: Country{location='Falkland Islands', countryCode='fk', latitude=-51.796253, longitude=-59.523613, confirmed=62, dead=0, recovered=55, updated='2021-04-15T10:00:07'}
14:14:26.246 [main] INFO  StringConverter - adding element: Country{location='Uruguay', countryCode='uy', latitude=-32.522779, longitude=-55.765835, confirmed=152089, dead=1647, recovered=119388, updated='2021-04-15T10:00:07'}
14:14:26.246 [main] INFO  StringConverter - adding element: Country{location='Jamaica', countryCode='jm', latitude=18.109581, longitude=-77.297508, confirmed=43054, dead=692, recovered=19248, updated='2021-04-15T10:00:07'}
14:14:26.246 [main] INFO  StringConverter - adding element: Country{location='Malta', countryCode='mt', latitude=35.937496, longitude=14.375416, confirmed=29778, dead=403, recovered=28797, updated='2021-04-15T10:00:07'}
14:14:26.246 [main] INFO  StringConverter - adding element: Country{location='Djibouti', countryCode='dj', latitude=11.825138, longitude=42.590275, confirmed=10202, dead=106, recovered=8591, updated='2021-04-15T10:00:07'}
14:14:26.247 [main] INFO  StringConverter - adding element: Country{location='Guinea-Bissau', countryCode='gw', latitude=11.803749, longitude=-15.180413, confirmed=3694, dead=66, recovered=3093, updated='2021-04-15T10:00:07'}
14:14:26.247 [main] INFO  StringConverter - adding element: Country{location='U.S. Virgin Islands', countryCode='vi', latitude=18.335765, longitude=-64.896335, confirmed=2260, dead=24, recovered=2120, updated='2021-01-17T18:15:05'}
14:14:26.247 [main] INFO  StringConverter - adding element: Country{location='Liechtenstein', countryCode='li', latitude=47.166, longitude=9.555373, confirmed=2770, dead=56, recovered=2646, updated='2021-04-15T10:00:07'}
14:14:26.248 [main] INFO  StringConverter - adding element: Country{location='Sint Maarten', countryCode='sx', latitude=18.04248, longitude=-63.05483, confirmed=2196, dead=27, recovered=2133, updated='2021-04-15T10:00:07'}
14:14:26.248 [main] INFO  StringConverter - adding element: Country{location='Bermuda', countryCode='bm', latitude=32.3078, longitude=-64.7505, confirmed=1935, dead=16, recovered=1051, updated='2021-04-15T10:00:07'}
14:14:26.248 [main] INFO  StringConverter - adding element: Country{location='Benin', countryCode='bj', latitude=9.30769, longitude=2.315834, confirmed=7611, dead=95, recovered=6728, updated='2021-04-15T10:00:07'}
14:14:26.248 [main] INFO  StringConverter - adding element: Country{location='Iceland', countryCode='is', latitude=64.963051, longitude=-19.020835, confirmed=6275, dead=29, recovered=6163, updated='2021-04-15T10:00:07'}
14:14:26.248 [main] INFO  StringConverter - adding element: Country{location='Yemen', countryCode='ye', latitude=15.552727, longitude=48.516388, confirmed=5582, dead=1083, recovered=2128, updated='2021-04-15T10:00:07'}
14:14:26.249 [main] INFO  StringConverter - adding element: Country{location='Gibraltar', countryCode='gi', latitude=36.140751, longitude=-5.353585, confirmed=4290, dead=94, recovered=4181, updated='2021-04-15T10:00:07'}
14:14:26.249 [main] INFO  StringConverter - adding element: Country{location='New Zealand', countryCode='nz', latitude=-40.900557, longitude=174.885971, confirmed=2591, dead=26, recovered=2464, updated='2021-04-15T10:00:07'}
14:14:26.250 [main] INFO  StringConverter - adding element: Country{location='Bhutan', countryCode='bt', latitude=27.514162, longitude=90.433601, confirmed=929, dead=1, recovered=876, updated='2021-04-15T10:00:07'}
14:14:26.250 [main] INFO  StringConverter - adding element: Country{location='Faeroe Islands', countryCode='fo', latitude=61.89263500000001, longitude=-6.9118061, confirmed=662, dead=1, recovered=660, updated='2021-04-15T10:00:07'}
14:14:26.251 [main] INFO  StringConverter - adding element: Country{location='Belarus', countryCode='by', latitude=53.709807, longitude=27.953389, confirmed=338801, dead=2383, recovered=329135, updated='2021-04-15T10:00:07'}
14:14:26.251 [main] INFO  StringConverter - adding element: Country{location='Somaliland', countryCode='05', latitude=9.411743399999999, longitude=46.8252838, confirmed=1354, dead=47, recovered=1200, updated='2021-01-17T18:15:05'}
14:14:26.251 [main] INFO  StringConverter - adding element: Country{location='Togo', countryCode='tg', latitude=8.619543, longitude=0.824782, confirmed=12214, dead=117, recovered=9543, updated='2021-04-15T10:00:07'}
14:14:26.251 [main] INFO  StringConverter - adding element: Country{location='Lesotho', countryCode='ls', latitude=-29.609988, longitude=28.233608, confirmed=10709, dead=315, recovered=5028, updated='2021-04-15T10:00:07'}
14:14:26.251 [main] INFO  StringConverter - adding element: Country{location='San Marino', countryCode='sm', latitude=43.94236, longitude=12.457777, confirmed=5004, dead=86, recovered=4625, updated='2021-04-15T10:00:07'}
14:14:26.252 [main] INFO  StringConverter - adding element: Country{location='Rwanda', countryCode='rw', latitude=-1.940278, longitude=29.873888, confirmed=23672, dead=317, recovered=21594, updated='2021-04-15T10:00:07'}
14:14:26.252 [main] INFO  StringConverter - adding element: Country{location='Suriname', countryCode='sr', latitude=3.919305, longitude=-56.027783, confirmed=9417, dead=184, recovered=8725, updated='2021-04-15T10:00:07'}
14:14:26.252 [main] INFO  StringConverter - adding element: Country{location='Liberia', countryCode='lr', latitude=6.428055, longitude=-9.429499000000002, confirmed=2042, dead=85, recovered=1899, updated='2021-04-15T10:00:07'}
14:14:26.252 [main] INFO  StringConverter - adding element: Country{location='Somalia', countryCode='so', latitude=5.152149, longitude=46.199616, confirmed=12837, dead=656, recovered=5346, updated='2021-04-15T10:00:07'}
14:14:26.252 [main] INFO  StringConverter - adding element: Country{location='South Sudan', countryCode='ss', latitude=6.876991899999999, longitude=31.3069788, confirmed=10416, dead=114, recovered=10148, updated='2021-04-15T10:00:07'}
14:14:26.252 [main] INFO  StringConverter - adding element: Country{location='Papua New Guinea', countryCode='pg', latitude=-6.314992999999999, longitude=143.95555, confirmed=8984, dead=71, recovered=846, updated='2021-04-15T10:00:07'}
14:14:26.252 [main] INFO  StringConverter - adding element: Country{location='Equatorial Guinea', countryCode='gq', latitude=1.650801, longitude=10.267895, confirmed=7259, dead=106, recovered=6885, updated='2021-04-15T10:00:07'}
14:14:26.253 [main] INFO  StringConverter - adding element: Country{location='CAR', countryCode='cf', latitude=6.611110999999999, longitude=20.939444, confirmed=5682, dead=75, recovered=5112, updated='2021-04-15T10:00:07'}
14:14:26.253 [main] INFO  StringConverter - adding element: Country{location='Chad', countryCode='td', latitude=15.454166, longitude=18.732207, confirmed=4662, dead=167, recovered=4312, updated='2021-04-15T10:00:07'}
14:14:26.253 [main] INFO  StringConverter - adding element: Country{location='Vietnam', countryCode='vn', latitude=14.058324, longitude=108.277199, confirmed=2737, dead=35, recovered=2445, updated='2021-04-15T10:00:07'}
14:14:26.253 [main] INFO  StringConverter - adding element: Country{location='Monaco', countryCode='mc', latitude=43.73841760000001, longitude=7.424615799999999, confirmed=2384, dead=31, recovered=2266, updated='2021-04-15T10:00:07'}
14:14:26.253 [main] INFO  StringConverter - adding element: Country{location='Curaçao', countryCode='cw', latitude=12.16957, longitude=-68.99002, confirmed=11581, dead=78, recovered=7666, updated='2021-04-15T10:00:07'}
14:14:26.253 [main] INFO  StringConverter - adding element: Country{location='Taiwan', countryCode='tw', latitude=23.69781, longitude=120.960515, confirmed=1068, dead=11, recovered=1031, updated='2021-04-15T10:00:07'}
14:14:26.254 [main] INFO  StringConverter - adding element: Country{location='Jersey', countryCode='je', latitude=49.2137711, longitude=-2.1357662, confirmed=2908, dead=56, recovered=2561, updated='2021-01-17T18:15:05'}
14:14:26.254 [main] INFO  StringConverter - adding element: Country{location='Luxembourg', countryCode='lu', latitude=49.815273, longitude=6.129582999999999, confirmed=64334, dead=784, recovered=60203, updated='2021-04-15T10:00:07'}
14:14:26.254 [main] INFO  StringConverter - adding element: Country{location='Aruba', countryCode='aw', latitude=12.52111, longitude=-69.968338, confirmed=10159, dead=92, recovered=9573, updated='2021-04-15T10:00:07'}
14:14:26.254 [main] INFO  StringConverter - adding element: Country{location='Niger', countryCode='ne', latitude=17.607789, longitude=8.081666, confirmed=5081, dead=189, recovered=4760, updated='2021-04-15T10:00:07'}
14:14:26.254 [main] INFO  StringConverter - adding element: Country{location='Diamond Princess', countryCode='01', latitude=40.86429589999999, longitude=-73.9614914, confirmed=712, dead=13, recovered=699, updated='2021-04-15T10:00:07'}
14:14:26.254 [main] INFO  StringConverter - adding element: Country{location='Sierra Leone', countryCode='sl', latitude=8.460555, longitude=-11.779889, confirmed=4013, dead=79, recovered=2832, updated='2021-04-15T10:00:07'}
14:14:26.254 [main] INFO  StringConverter - adding element: Country{location='Burundi', countryCode='bi', latitude=-3.373056, longitude=29.918886, confirmed=3333, dead=6, recovered=773, updated='2021-04-15T10:00:07'}
14:14:26.254 [main] INFO  StringConverter - adding element: Country{location='Seychelles', countryCode='sc', latitude=-4.679574, longitude=55.491977, confirmed=4633, dead=25, recovered=4310, updated='2021-04-15T10:00:07'}
14:14:26.255 [main] INFO  StringConverter - adding element: Country{location='Saint Pierre Miquelon', countryCode='pm', latitude=46.8852, longitude=-56.3159, confirmed=24, dead=0, recovered=24, updated='2021-04-15T10:00:07'}
14:14:26.255 [main] INFO  StringConverter - adding element: Country{location='United States', countryCode='us', latitude=37.09024, longitude=-95.712891, confirmed=33230992, dead=591514, recovered=25908684, updated='2021-05-04T12:00:08'}
14:14:26.255 [main] INFO  StringConverter - adding element: Country{location='Laos', countryCode='la', latitude=19.85627, longitude=102.495496, confirmed=53, dead=0, recovered=49, updated='2021-04-15T10:00:07'}
14:14:26.255 [main] INFO  StringConverter - adding element: Country{location='Saint Kitts and Nevis', countryCode='kn', latitude=17.357822, longitude=-62.782998, confirmed=44, dead=0, recovered=44, updated='2021-04-15T10:00:07'}
14:14:26.255 [main] INFO  StringConverter - adding element: Country{location='Romania', countryCode='ro', latitude=45.943161, longitude=24.96676, confirmed=1016449, dead=25605, recovered=920653, updated='2021-04-15T10:15:12'}
14:14:26.257 [main] INFO  StringConverter - adding element: Country{location='French Guiana', countryCode='gf', latitude=3.933889, longitude=-53.125782, confirmed=17883, dead=95, recovered=9995, updated='2021-04-15T10:00:07'}
14:14:26.257 [main] INFO  StringConverter - adding element: Country{location='Barbados', countryCode='bb', latitude=13.193887, longitude=-59.543198, confirmed=3744, dead=44, recovered=3634, updated='2021-04-15T10:00:07'}
14:14:26.257 [main] INFO  StringConverter - adding element: Country{location='Sao Tome and Principe', countryCode='st', latitude=0.18636, longitude=6.613080999999999, confirmed=2269, dead=35, recovered=2196, updated='2021-04-15T10:00:07'}
14:14:26.257 [main] INFO  StringConverter - adding element: Country{location='Macao', countryCode='mo', latitude=22.198745, longitude=113.543873, confirmed=49, dead=0, recovered=48, updated='2021-04-15T10:00:07'}
14:14:26.258 [main] INFO  StringConverter - adding element: Country{location='Montserrat', countryCode='ms', latitude=16.742498, longitude=-62.187366, confirmed=20, dead=1, recovered=19, updated='2021-04-15T10:00:07'}
14:14:26.258 [main] INFO  StringConverter - adding element: Country{location='Saint Martin', countryCode='mf', latitude=18.0708298, longitude=-63.0500809, confirmed=1693, dead=12, recovered=1399, updated='2021-04-15T10:00:07'}
14:14:26.258 [main] INFO  StringConverter - adding element: Country{location='Sint Eustatius', countryCode='bq', latitude=17.4890306, longitude=-62.973555, confirmed=18, dead=0, recovered=18, updated='2021-01-17T18:15:05'}
14:14:26.258 [main] INFO  StringConverter - adding element: Country{location='Isle of Man', countryCode='im', latitude=54.236107, longitude=-4.548056, confirmed=1575, dead=29, recovered=1445, updated='2021-04-15T10:00:07'}
14:14:26.258 [main] INFO  StringConverter - adding element: Country{location='Tanzania', countryCode='tz', latitude=-6.369028, longitude=34.888822, confirmed=509, dead=21, recovered=183, updated='2021-04-15T10:00:07'}
14:14:26.258 [main] INFO  StringConverter - adding element: Country{location='Samoa', countryCode='ws', latitude=-13.759029, longitude=-172.104629, confirmed=3, dead=0, recovered=2, updated='2021-04-15T10:00:07'}
14:14:26.259 [main] INFO  StringConverter - adding element: Country{location='Coral Princess', countryCode='11', latitude=20.5331399, longitude=-86.9387546, confirmed=12, dead=3, recovered=0, updated='2021-01-17T18:15:05'}
14:14:26.259 [main] INFO  StringConverter - adding element: Country{location='Brunei ', countryCode='bn', latitude=4.535277, longitude=114.727669, confirmed=221, dead=3, recovered=206, updated='2021-04-15T10:00:07'}
14:14:26.259 [main] INFO  StringConverter - adding element: Country{location='Japan', countryCode='jp', latitude=36.204824, longitude=138.252924, confirmed=512169, dead=9469, recovered=471007, updated='2021-04-15T10:00:07'}
14:14:26.259 [main] INFO  StringConverter - adding element: Country{location='St. Barth', countryCode='bl', latitude=17.9, longitude=-62.833333, confirmed=907, dead=1, recovered=462, updated='2021-04-15T10:00:07'}
14:14:26.259 [main] INFO  StringConverter - adding element: Country{location='Moldova', countryCode='md', latitude=47.411631, longitude=28.369885, confirmed=243365, dead=5466, recovered=226325, updated='2021-04-15T10:00:07'}
14:14:26.260 [main] INFO  StringConverter - adding element: Country{location='British Virgin Islands', countryCode='vg', latitude=18.420695, longitude=-64.639968, confirmed=178, dead=1, recovered=159, updated='2021-04-15T10:00:07'}
14:14:26.260 [main] INFO  StringConverter - adding element: Country{location='Grenada', countryCode='gd', latitude=12.1165, longitude=-61.67899999999999, confirmed=155, dead=1, recovered=152, updated='2021-04-15T10:00:07'}
14:14:26.260 [main] INFO  StringConverter - adding element: Country{location='Anguilla', countryCode='ai', latitude=18.220554, longitude=-63.06861499999999, confirmed=25, dead=0, recovered=22, updated='2021-04-15T10:00:07'}
14:14:26.260 [main] INFO  StringConverter - adding element: Country{location='New Caledonia', countryCode='nc', latitude=-20.904305, longitude=165.618042, confirmed=121, dead=0, recovered=58, updated='2021-04-15T10:00:07'}
14:14:26.260 [main] INFO  StringConverter - adding element: Country{location='Marshall Islands', countryCode='mh', latitude=7.131474, longitude=171.184478, confirmed=4, dead=0, recovered=4, updated='2021-04-15T10:00:07'}
14:14:26.260 [main] INFO  StringConverter - adding element: Country{location='Canada', countryCode='ca', latitude=56.130366, longitude=-106.346771, confirmed=1087152, dead=23445, recovered=983506, updated='2021-04-15T10:15:12'}
14:14:26.260 [main] INFO  StringConverter - adding element: Country{location='Mayotte', countryCode='yt', latitude=-12.8275, longitude=45.166244, confirmed=19757, dead=168, recovered=2964, updated='2021-04-15T10:00:07'}
14:14:26.260 [main] INFO  StringConverter - adding element: Country{location='Greenland', countryCode='gl', latitude=71.706936, longitude=-42.604303, confirmed=31, dead=0, recovered=31, updated='2021-04-15T10:00:07'}
14:14:26.261 [main] INFO  StringConverter - adding element: Country{location='Vatican City', countryCode='va', latitude=41.902916, longitude=12.453389, confirmed=27, dead=0, recovered=15, updated='2021-04-15T10:00:07'}
14:14:26.261 [main] INFO  StringConverter - adding element: Country{location='Solomon Islands', countryCode='sb', latitude=-9.64571, longitude=160.156194, confirmed=19, dead=0, recovered=18, updated='2021-04-15T10:00:07'}
14:14:26.261 [main] INFO  StringConverter - adding element: Country{location='Réunion', countryCode='re', latitude=-21.115141, longitude=55.536384, confirmed=18425, dead=135, recovered=16794, updated='2021-04-15T10:00:07'}
14:14:26.261 [main] INFO  StringConverter - adding element: Country{location='Guadeloupe', countryCode='gp', latitude=16.265, longitude=-61.55099999999999, confirmed=12717, dead=176, recovered=2242, updated='2021-04-15T10:00:07'}
14:14:26.261 [main] INFO  StringConverter - adding element: Country{location='Gambia', countryCode='gm', latitude=13.443182, longitude=-15.310139, confirmed=5682, dead=170, recovered=5165, updated='2021-04-15T10:00:07'}
14:14:26.261 [main] INFO  StringConverter - adding element: Country{location='Guernsey', countryCode='gg', latitude=49.4481982, longitude=-2.58949, confirmed=309, dead=13, recovered=288, updated='2021-01-17T18:15:05'}
14:14:26.261 [main] INFO  StringConverter - adding element: Country{location='Saint Lucia', countryCode='lc', latitude=13.909444, longitude=-60.978893, confirmed=4355, dead=64, recovered=4208, updated='2021-04-15T10:00:07'}
14:14:26.261 [main] INFO  StringConverter - adding element: Country{location='St. Vincent Grenadines', countryCode='vc', latitude=12.984305, longitude=-61.287228, confirmed=1812, dead=10, recovered=1677, updated='2021-04-15T10:00:07'}
14:14:26.262 [main] INFO  StringConverter - adding element: Country{location='Vanuatu', countryCode='vu', latitude=-15.376706, longitude=166.959158, confirmed=3, dead=0, recovered=1, updated='2021-04-15T10:00:07'}
14:14:26.262 [main] INFO  StringConverter - adding element: Country{location='Martinique', countryCode='mq', latitude=14.641528, longitude=-61.024174, confirmed=9890, dead=64, recovered=98, updated='2021-04-15T10:00:07'}
14:14:26.262 [main] INFO  StringConverter - adding element: Country{location='Cayman Islands', countryCode='ky', latitude=19.3133, longitude=-81.2546, confirmed=523, dead=2, recovered=498, updated='2021-04-15T10:00:07'}
14:14:26.262 [main] INFO  StringConverter - adding element: Country{location='Mongolia', countryCode='mn', latitude=46.862496, longitude=103.846656, confirmed=18565, dead=31, recovered=10638, updated='2021-04-15T10:00:07'}
14:14:26.262 [main] INFO  StringConverter - adding element: Country{location='Sudan', countryCode='sd', latitude=12.862807, longitude=30.217636, confirmed=31790, dead=2208, recovered=25539, updated='2021-04-15T10:00:07'}
14:14:26.262 [main] INFO  StringConverter - adding element: Country{location='Tajikistan', countryCode='tj', latitude=38.861034, longitude=71.276093, confirmed=13308, dead=90, recovered=13218, updated='2021-04-15T10:00:07'}
14:14:26.262 [main] INFO  StringConverter - adding element: Country{location='Comoros', countryCode='km', latitude=-11.6455, longitude=43.3333, confirmed=3803, dead=146, recovered=3582, updated='2021-04-15T10:00:07'}
14:14:26.262 [main] INFO  StringConverter - adding element: Country{location='Turks and Caicos', countryCode='tc', latitude=21.694025, longitude=-71.797928, confirmed=2360, dead=17, recovered=2285, updated='2021-04-15T10:00:07'}
14:14:26.263 [main] INFO  StringConverter - adding element: Country{location='Mauritius', countryCode='mu', latitude=-20.348404, longitude=57.55215200000001, confirmed=1201, dead=15, recovered=841, updated='2021-04-15T10:00:07'}
14:14:26.263 [main] INFO  StringConverter - adding element: Country{location='Philippines', countryCode='ph', latitude=12.879721, longitude=121.774017, confirmed=904285, dead=15594, recovered=705164, updated='2021-04-15T10:15:12'}
14:14:26.263 [main] INFO  StringConverter - adding element: Country{location='Israel', countryCode='il', latitude=31.046051, longitude=34.851612, confirmed=836504, dead=6312, recovered=827184, updated='2021-04-15T10:00:07'}
14:14:26.264 [main] INFO  StringConverter - adding element: Country{location='Northern Cyprus', countryCode='00', latitude=35.2480359, longitude=33.6577243, confirmed=1850, dead=11, recovered=1602, updated='2021-01-17T18:15:05'}
14:14:26.264 [main] INFO  StringConverter - adding element: Country{location='Bangladesh', countryCode='bd', latitude=23.684994, longitude=90.356331, confirmed=703170, dead=9987, recovered=591299, updated='2021-04-15T10:00:07'}
14:14:26.264 [main] INFO  StringConverter - adding element: Country{location='Sweden', countryCode='se', latitude=60.12816100000001, longitude=18.643501, confirmed=885385, dead=13720, recovered=0, updated='2021-04-15T10:00:07'}
14:14:26.264 [main] INFO  StringConverter - adding element: Country{location='Serbia', countryCode='rs', latitude=44.016521, longitude=21.005859, confirmed=651899, dead=5846, recovered=571312, updated='2021-04-15T10:00:07'}
14:14:26.264 [main] INFO  StringConverter - adding element: Country{location='Denmark', countryCode='dk', latitude=56.26392, longitude=9.501785, confirmed=239532, dead=2447, recovered=228685, updated='2021-04-15T10:00:07'}
14:14:26.265 [main] INFO  StringConverter - adding element: Country{location='Switzerland', countryCode='ch', latitude=46.818188, longitude=8.227511999999999, confirmed=627968, dead=10488, recovered=563438, updated='2021-04-15T10:00:07'}
14:14:26.265 [main] INFO  StringConverter - adding element: Country{location='Ireland', countryCode='ie', latitude=53.1423672, longitude=-7.692053599999999, confirmed=242105, dead=4812, recovered=222851, updated='2021-04-15T10:00:07'}
14:14:26.265 [main] INFO  StringConverter - adding element: Country{location='Ethiopia', countryCode='et', latitude=9.145000000000001, longitude=40.489673, confirmed=234405, dead=3252, recovered=174591, updated='2021-04-15T10:00:07'}
14:14:26.265 [main] INFO  StringConverter - adding element: Country{location='Costa Rica', countryCode='cr', latitude=9.748916999999999, longitude=-83.753428, confirmed=225343, dead=3044, recovered=196060, updated='2021-04-15T10:00:07'}
14:14:26.265 [main] INFO  StringConverter - adding element: Country{location='Armenia', countryCode='am', latitude=40.069099, longitude=45.038189, confirmed=206142, dead=3817, recovered=185125, updated='2021-04-15T10:00:07'}
14:14:26.265 [main] INFO  StringConverter - adding element: Country{location='Sri Lanka', countryCode='lk', latitude=7.873053999999999, longitude=80.77179699999999, confirmed=95737, dead=604, recovered=92151, updated='2021-04-15T10:00:07'}
14:14:26.266 [main] INFO  StringConverter - adding element: Country{location='Mozambique', countryCode='mz', latitude=-18.665695, longitude=35.529562, confirmed=68927, dead=794, recovered=59972, updated='2021-04-15T10:00:07'}
14:14:26.266 [main] INFO  StringConverter - adding element: Country{location='Artsakh', countryCode='12', latitude=26.0434384, longitude=-80.2777081, confirmed=1130, dead=30, recovered=337, updated='2021-01-17T18:15:05'}
14:14:26.266 [main] INFO  StringConverter - adding element: Country{location='Ivory Coast', countryCode='ci', latitude=7.539988999999999, longitude=-5.547079999999999, confirmed=45388, dead=271, recovered=44833, updated='2021-04-15T10:00:07'}
14:14:26.266 [main] INFO  StringConverter - adding element: Country{location='Cambodia', countryCode='kh', latitude=12.565679, longitude=104.990963, confirmed=5218, dead=36, recovered=2319, updated='2021-04-15T10:00:07'}
14:14:26.266 [main] INFO  StringConverter - adding element: Country{location='Antigua and Barbuda', countryCode='ag', latitude=17.060816, longitude=-61.796428, confirmed=1209, dead=31, recovered=947, updated='2021-04-15T10:00:07'}
14:14:26.267 [main] INFO  StringConverter - adding element: Country{location='USS Theodore Roosevelt', countryCode='09', latitude=0.0, longitude=0.0, confirmed=1102, dead=1, recovered=751, updated='2021-01-17T18:15:05'}
14:14:26.267 [main] INFO  StringConverter - adding element: Country{location='Northern Mariana Islands ', countryCode='mp', latitude=15.0979, longitude=145.6739, confirmed=122, dead=2, recovered=32, updated='2021-01-17T18:15:05'}
14:14:26.267 [main] INFO  StringConverter - adding element: Country{location='Iraq', countryCode='iq', latitude=33.223191, longitude=43.679291, confirmed=949050, dead=14836, recovered=831519, updated='2021-04-15T10:15:12'}
14:14:26.267 [main] INFO  StringConverter - adding element: Country{location='Zimbabwe', countryCode='zw', latitude=-19.015438, longitude=29.154857, confirmed=37369, dead=1548, recovered=34946, updated='2021-04-15T10:00:07'}
14:14:26.267 [main] INFO  StringConverter - adding element: Country{location='Kosovo', countryCode='xk', latitude=42.6026359, longitude=20.902977, confirmed=55498, dead=1405, recovered=48990, updated='2021-01-17T18:15:05'}
14:14:26.267 [main] INFO  StringConverter - adding element: Country{location='Nicaragua', countryCode='ni', latitude=12.865416, longitude=-85.207229, confirmed=6778, dead=180, recovered=4225, updated='2021-04-15T10:00:07'}
14:14:26.267 [main] INFO  StringConverter - adding element: Country{location='Burkina Faso', countryCode='bf', latitude=12.238333, longitude=-1.561593, confirmed=13050, dead=154, recovered=12689, updated='2021-04-15T10:00:07'}
14:14:26.267 [main] INFO  StringConverter - adding element: Country{location='Eritrea', countryCode='er', latitude=15.179384, longitude=39.782334, confirmed=3479, dead=10, recovered=3273, updated='2021-04-15T10:00:07'}
14:14:26.267 [main] INFO  StringConverter - adding element: Country{location='MS Zaandam', countryCode='03', latitude=0.0, longitude=0.0, confirmed=9, dead=2, recovered=7, updated='2021-04-15T10:00:07'}
14:14:26.268 [main] INFO  StringConverter - adding element: Country{location='Abkhazia', countryCode='06', latitude=43.0015544, longitude=41.023407, confirmed=7504, dead=100, recovered=5545, updated='2021-01-17T18:15:05'}
14:14:26.268 [main] INFO  StringConverter - adding element: Country{location='Guam', countryCode='gu', latitude=13.444304, longitude=144.793731, confirmed=7257, dead=121, recovered=6707, updated='2021-01-17T18:15:05'}
14:14:26.268 [main] INFO  StringConverter - adding element: Country{location='Pakistan', countryCode='pk', latitude=30.375321, longitude=69.34511599999999, confirmed=739818, dead=15872, recovered=646652, updated='2021-04-15T10:00:07'}
14:14:26.268 [main] INFO  StringConverter - adding element: Country{location='Norway', countryCode='no', latitude=60.47202399999999, longitude=8.468945999999999, confirmed=105607, dead=706, recovered=88952, updated='2021-04-15T10:00:07'}
14:16:27.887 [main] INFO  StringConverter - starting to convert elements
14:16:27.974 [main] INFO  StringConverter - adding element: Country{location='Iran', countryCode='ir', latitude=32.427908, longitude=53.688046, confirmed=2168872, dead=65680, recovered=1749041, updated='2021-04-15T14:15:07'}
14:16:27.975 [main] INFO  StringConverter - adding element: Country{location='Germany', countryCode='de', latitude=51.165691, longitude=10.451526, confirmed=3064382, dead=79813, recovered=2736100, updated='2021-04-15T14:15:07'}
14:16:27.975 [main] INFO  StringConverter - adding element: Country{location='Russia', countryCode='ru', latitude=61.52401, longitude=105.318756, confirmed=4675153, dead=104398, recovered=4301448, updated='2021-04-15T14:15:07'}
14:16:27.975 [main] INFO  StringConverter - adding element: Country{location='Nepal', countryCode='np', latitude=28.394857, longitude=84.12400799999999, confirmed=281564, dead=3061, recovered=274447, updated='2021-04-15T10:00:07'}
14:16:27.976 [main] INFO  StringConverter - adding element: Country{location='Saudi Arabia', countryCode='sa', latitude=23.885942, longitude=45.079162, confirmed=401157, dead=6781, recovered=385441, updated='2021-04-15T10:00:07'}
14:16:27.976 [main] INFO  StringConverter - adding element: Country{location='Argentina', countryCode='ar', latitude=-38.416097, longitude=-63.61667199999999, confirmed=2604157, dead=58542, recovered=2278486, updated='2021-04-15T14:15:07'}
14:16:27.976 [main] INFO  StringConverter - adding element: Country{location='Austria', countryCode='at', latitude=47.516231, longitude=14.550072, confirmed=586883, dead=9813, recovered=547604, updated='2021-04-15T10:00:07'}
14:16:27.977 [main] INFO  StringConverter - adding element: Country{location='Jordan', countryCode='jo', latitude=36.1500042, longitude=-95.9882368, confirmed=676175, dead=7987, recovered=617096, updated='2021-04-15T10:00:07'}
14:16:27.977 [main] INFO  StringConverter - adding element: Country{location='Angola', countryCode='ao', latitude=-11.202692, longitude=17.873887, confirmed=23841, dead=557, recovered=22144, updated='2021-04-15T10:00:07'}
14:16:27.977 [main] INFO  StringConverter - adding element: Country{location='Netherlands', countryCode='nl', latitude=52.132633, longitude=5.291265999999999, confirmed=1369411, dead=16848, recovered=0, updated='2021-04-15T10:15:12'}
14:16:27.977 [main] INFO  StringConverter - adding element: Country{location='Bulgaria', countryCode='bg', latitude=42.733883, longitude=25.48583, confirmed=380576, dead=14871, recovered=296998, updated='2021-04-15T10:00:07'}
14:16:27.978 [main] INFO  StringConverter - adding element: Country{location='India', countryCode='in', latitude=20.593684, longitude=78.96288, confirmed=20282833, dead=222408, recovered=16613292, updated='2021-05-04T12:00:08'}
14:16:27.978 [main] INFO  StringConverter - adding element: Country{location='South Africa', countryCode='za', latitude=-30.559482, longitude=22.937506, confirmed=1584961, dead=103, recovered=1486873, updated='2021-05-04T12:05:07'}
14:16:27.979 [main] INFO  StringConverter - adding element: Country{location='Italy', countryCode='it', latitude=41.87194, longitude=12.56738, confirmed=3809193, dead=115557, recovered=3178976, updated='2021-04-15T14:15:07'}
14:16:27.979 [main] INFO  StringConverter - adding element: Country{location='France', countryCode='fr', latitude=46.227638, longitude=2.213749, confirmed=5149834, dead=99777, recovered=315152, updated='2021-04-15T14:15:07'}
14:16:27.980 [main] INFO  StringConverter - adding element: Country{location='Belgium', countryCode='be', latitude=50.503887, longitude=4.469936, confirmed=935316, dead=23603, recovered=60320, updated='2021-04-15T10:15:12'}
14:16:27.981 [main] INFO  StringConverter - adding element: Country{location='Peru', countryCode='pe', latitude=-9.189967, longitude=-75.015152, confirmed=1667737, dead=55812, recovered=1592937, updated='2021-04-15T14:15:07'}
14:16:27.982 [main] INFO  StringConverter - adding element: Country{location='Ukraine', countryCode='ua', latitude=48.379433, longitude=31.1655799, confirmed=1903765, dead=38658, recovered=1453766, updated='2021-04-15T14:15:07'}
14:16:27.983 [main] INFO  StringConverter - adding element: Country{location='UK', countryCode='gb', latitude=55.378051, longitude=-3.435973, confirmed=4378305, dead=127161, recovered=4113338, updated='2021-04-15T14:15:07'}
14:16:27.987 [main] INFO  StringConverter - adding element: Country{location='Syria', countryCode='sy', latitude=34.80207499999999, longitude=38.996815, confirmed=20555, dead=1402, recovered=14335, updated='2021-04-15T10:00:07'}
14:16:27.987 [main] INFO  StringConverter - adding element: Country{location='Azerbaijan', countryCode='az', latitude=40.143105, longitude=47.576927, confirmed=291894, dead=4009, recovered=255833, updated='2021-04-15T10:00:07'}
14:16:27.988 [main] INFO  StringConverter - adding element: Country{location='Colombia', countryCode='co', latitude=4.570868, longitude=-74.297333, confirmed=2585801, dead=66819, recovered=2419265, updated='2021-04-15T14:15:07'}
14:16:27.989 [main] INFO  StringConverter - adding element: Country{location='Indonesia', countryCode='id', latitude=-0.789275, longitude=113.921327, confirmed=1589359, dead=43073, recovered=1438254, updated='2021-04-15T14:15:07'}
14:16:27.990 [main] INFO  StringConverter - adding element: Country{location='Chile', countryCode='cl', latitude=-35.675147, longitude=-71.542969, confirmed=1094267, dead=24548, recovered=1026934, updated='2021-04-15T10:15:12'}
14:16:27.991 [main] INFO  StringConverter - adding element: Country{location='Mexico', countryCode='mx', latitude=23.634501, longitude=-102.552784, confirmed=2291246, dead=210812, recovered=1817866, updated='2021-04-15T14:15:07'}
14:16:27.991 [main] INFO  StringConverter - adding element: Country{location='Turkey', countryCode='tr', latitude=38.963745, longitude=35.243322, confirmed=4025557, dead=34734, recovered=3480146, updated='2021-04-15T14:15:07'}
14:16:27.992 [main] INFO  StringConverter - adding element: Country{location='Spain', countryCode='es', latitude=40.46366700000001, longitude=-3.74922, confirmed=3387022, dead=76756, recovered=3118437, updated='2021-04-15T14:15:07'}
14:16:27.994 [main] INFO  StringConverter - adding element: Country{location='Gabon', countryCode='ga', latitude=-0.803689, longitude=11.609444, confirmed=21566, dead=132, recovered=18219, updated='2021-04-15T10:00:07'}
14:16:27.995 [main] INFO  StringConverter - adding element: Country{location='Poland', countryCode='pl', latitude=51.919438, longitude=19.145136, confirmed=2642242, dead=60612, recovered=2238638, updated='2021-04-15T14:15:07'}
14:16:27.995 [main] INFO  StringConverter - adding element: Country{location='UAE', countryCode='ae', latitude=23.424076, longitude=53.847818, confirmed=489495, dead=1541, recovered=473398, updated='2021-04-15T10:00:07'}
14:16:27.995 [main] INFO  StringConverter - adding element: Country{location='Czechia', countryCode='cz', latitude=49.81749199999999, longitude=15.472962, confirmed=1593847, dead=28229, recovered=1483559, updated='2021-04-15T14:15:07'}
14:16:27.996 [main] INFO  StringConverter - adding element: Country{location='Guinea', countryCode='gn', latitude=9.945587, longitude=-9.696645, confirmed=21299, dead=136, recovered=18815, updated='2021-04-15T10:00:07'}
14:16:27.996 [main] INFO  StringConverter - adding element: Country{location='Croatia', countryCode='hr', latitude=45.1, longitude=15.2000001, confirmed=300900, dead=6442, recovered=279151, updated='2021-04-15T10:00:07'}
14:16:27.996 [main] INFO  StringConverter - adding element: Country{location='Portugal', countryCode='pt', latitude=39.39987199999999, longitude=-8.224454, confirmed=828857, dead=16931, recovered=786469, updated='2021-04-15T10:00:07'}
14:16:27.997 [main] INFO  StringConverter - adding element: Country{location='Australia', countryCode='au', latitude=-25.274398, longitude=133.775136, confirmed=29457, dead=910, recovered=26381, updated='2021-04-15T10:00:07'}
14:16:27.997 [main] INFO  StringConverter - adding element: Country{location='Hungary', countryCode='hu', latitude=47.162494, longitude=19.5033041, confirmed=736982, dead=24521, recovered=440498, updated='2021-04-15T10:00:07'}
14:16:27.997 [main] INFO  StringConverter - adding element: Country{location='Panama', countryCode='pa', latitude=8.537981, longitude=-80.782127, confirmed=359516, dead=6177, recovered=349318, updated='2021-04-15T10:00:07'}
14:16:27.997 [main] INFO  StringConverter - adding element: Country{location='Ecuador', countryCode='ec', latitude=-1.831239, longitude=-78.18340599999999, confirmed=350539, dead=17400, recovered=298604, updated='2021-04-15T10:00:07'}
14:16:27.998 [main] INFO  StringConverter - adding element: Country{location='Georgia', countryCode='ge', latitude=32.1656221, longitude=-82.9000751, confirmed=292244, dead=3908, recovered=279389, updated='2021-04-15T10:00:07'}
14:16:27.998 [main] INFO  StringConverter - adding element: Country{location='Brazil', countryCode='br', latitude=-14.235004, longitude=-51.92528, confirmed=14791434, dead=408829, recovered=13336476, updated='2021-05-04T12:00:08'}
14:16:27.998 [main] INFO  StringConverter - adding element: Country{location='Morocco', countryCode='ma', latitude=31.791702, longitude=-7.092619999999999, confirmed=503664, dead=8920, recovered=489928, updated='2021-04-15T10:00:07'}
14:16:27.998 [main] INFO  StringConverter - adding element: Country{location='Slovakia', countryCode='sk', latitude=48.669026, longitude=19.699024, confirmed=373950, dead=10877, recovered=255300, updated='2021-04-15T10:00:07'}
14:16:27.998 [main] INFO  StringConverter - adding element: Country{location='Paraguay', countryCode='py', latitude=-23.442503, longitude=-58.443832, confirmed=242161, dead=5040, recovered=198473, updated='2021-04-15T10:00:07'}
14:16:27.999 [main] INFO  StringConverter - adding element: Country{location='Egypt', countryCode='eg', latitude=26.820553, longitude=30.802498, confirmed=212961, dead=12570, recovered=161031, updated='2021-04-15T10:00:07'}
14:16:27.999 [main] INFO  StringConverter - adding element: Country{location='Qatar', countryCode='qa', latitude=25.354826, longitude=51.183884, confirmed=192963, dead=348, recovered=171388, updated='2021-04-15T10:00:07'}
14:16:27.999 [main] INFO  StringConverter - adding element: Country{location='Bahrain', countryCode='bh', latitude=26.0667, longitude=50.5577, confirmed=159964, dead=569, recovered=148093, updated='2021-04-15T10:00:07'}
14:16:28.000 [main] INFO  StringConverter - adding element: Country{location='South Korea', countryCode='kr', latitude=35.907757, longitude=127.766922, confirmed=112117, dead=1788, recovered=102513, updated='2021-04-15T10:00:07'}
14:16:28.000 [main] INFO  StringConverter - adding element: Country{location='Kyrgyzstan', countryCode='kg', latitude=41.20438, longitude=74.766098, confirmed=91144, dead=1540, recovered=86491, updated='2021-04-15T10:00:07'}
14:16:28.000 [main] INFO  StringConverter - adding element: Country{location='Bolivia', countryCode='bo', latitude=-16.290154, longitude=-63.58865299999999, confirmed=285291, dead=12519, recovered=234596, updated='2021-04-15T10:00:07'}
14:16:28.000 [main] INFO  StringConverter - adding element: Country{location='Oman', countryCode='om', latitude=21.4735329, longitude=55.975413, confirmed=176668, dead=1821, recovered=156845, updated='2021-04-15T10:00:07'}
14:16:28.001 [main] INFO  StringConverter - adding element: Country{location='Puerto Rico', countryCode='pr', latitude=18.220833, longitude=-66.590149, confirmed=80590, dead=1703, recovered=0, updated='2021-01-17T18:15:05'}
14:16:28.001 [main] INFO  StringConverter - adding element: Country{location='Guatemala', countryCode='gt', latitude=15.783471, longitude=-90.23075899999999, confirmed=207127, dead=7089, recovered=187894, updated='2021-04-15T10:00:07'}
14:16:28.001 [main] INFO  StringConverter - adding element: Country{location='Myanmar', countryCode='mm', latitude=21.916221, longitude=95.955974, confirmed=142610, dead=3206, recovered=131879, updated='2021-04-15T10:00:07'}
14:16:28.001 [main] INFO  StringConverter - adding element: Country{location='Singapore', countryCode='sg', latitude=1.352083, longitude=103.819836, confirmed=60735, dead=30, recovered=60392, updated='2021-04-15T10:00:07'}
14:16:28.002 [main] INFO  StringConverter - adding element: Country{location='Palestine', countryCode='ps', latitude=31.952162, longitude=35.233154, confirmed=274690, dead=2923, recovered=239291, updated='2021-04-15T10:00:07'}
14:16:28.002 [main] INFO  StringConverter - adding element: Country{location='Bosnia and Herzegovina', countryCode='ba', latitude=43.915886, longitude=17.679076, confirmed=186372, dead=7642, recovered=143944, updated='2021-04-15T10:00:07'}
14:16:28.002 [main] INFO  StringConverter - adding element: Country{location='Kenya', countryCode='ke', latitude=-0.023559, longitude=37.906193, confirmed=148128, dead=2420, recovered=99580, updated='2021-04-15T10:00:07'}
14:16:28.003 [main] INFO  StringConverter - adding element: Country{location='Montenegro', countryCode='me', latitude=42.708678, longitude=19.37439, confirmed=94859, dead=1405, recovered=89615, updated='2021-04-15T10:00:07'}
14:16:28.003 [main] INFO  StringConverter - adding element: Country{location='Uzbekistan', countryCode='uz', latitude=41.377491, longitude=64.585262, confirmed=85730, dead=634, recovered=83462, updated='2021-04-15T10:00:07'}
14:16:28.003 [main] INFO  StringConverter - adding element: Country{location='Malaysia', countryCode='my', latitude=4.210484, longitude=101.975766, confirmed=367977, dead=1363, recovered=349039, updated='2021-04-15T10:00:07'}
14:16:28.004 [main] INFO  StringConverter - adding element: Country{location='Kazakhstan', countryCode='kz', latitude=48.019573, longitude=66.923684, confirmed=278695, dead=3306, recovered=239448, updated='2021-04-15T10:00:07'}
14:16:28.004 [main] INFO  StringConverter - adding element: Country{location='Albania', countryCode='al', latitude=41.153332, longitude=20.168331, confirmed=128959, dead=2331, recovered=99441, updated='2021-04-15T10:00:07'}
14:16:28.004 [main] INFO  StringConverter - adding element: Country{location='Afghanistan', countryCode='af', latitude=33.93911, longitude=67.709953, confirmed=57612, dead=2535, recovered=52083, updated='2021-04-15T10:00:07'}
14:16:28.005 [main] INFO  StringConverter - adding element: Country{location='Dominican Republic', countryCode='do', latitude=18.735693, longitude=-70.162651, confirmed=259260, dead=3402, recovered=217286, updated='2021-04-15T10:00:07'}
14:16:28.005 [main] INFO  StringConverter - adding element: Country{location='Lithuania', countryCode='lt', latitude=55.169438, longitude=23.881275, confirmed=230462, dead=3730, recovered=208890, updated='2021-04-15T10:00:07'}
14:16:28.005 [main] INFO  StringConverter - adding element: Country{location='Libya', countryCode='ly', latitude=26.3351, longitude=17.228331, confirmed=170045, dead=2834, recovered=155117, updated='2021-04-15T10:00:07'}
14:16:28.006 [main] INFO  StringConverter - adding element: Country{location='Honduras', countryCode='hn', latitude=15.199999, longitude=-86.241905, confirmed=198214, dead=4905, recovered=76130, updated='2021-04-15T10:00:07'}
14:16:28.006 [main] INFO  StringConverter - adding element: Country{location='Nigeria', countryCode='ng', latitude=9.081999, longitude=8.675277, confirmed=164000, dead=2061, recovered=154270, updated='2021-04-15T10:00:07'}
14:16:28.006 [main] INFO  StringConverter - adding element: Country{location='Algeria', countryCode='dz', latitude=28.033886, longitude=1.659626, confirmed=118975, dead=3141, recovered=82929, updated='2021-04-15T10:00:07'}
14:16:28.007 [main] INFO  StringConverter - adding element: Country{location='China', countryCode='cn', latitude=35.86166, longitude=104.195397, confirmed=90457, dead=4636, recovered=85524, updated='2021-04-15T10:00:07'}
14:16:28.007 [main] INFO  StringConverter - adding element: Country{location='Lebanon', countryCode='lb', latitude=33.854721, longitude=35.862285, confirmed=502299, dead=6778, recovered=413175, updated='2021-04-15T10:00:07'}
14:16:28.007 [main] INFO  StringConverter - adding element: Country{location='Kuwait', countryCode='kw', latitude=29.31166, longitude=47.481766, confirmed=251675, dead=1423, recovered=235053, updated='2021-04-15T10:00:07'}
14:16:28.008 [main] INFO  StringConverter - adding element: Country{location='Slovenia', countryCode='si', latitude=46.151241, longitude=14.995463, confirmed=229967, dead=4142, recovered=212815, updated='2021-04-15T10:00:07'}
14:16:28.008 [main] INFO  StringConverter - adding element: Country{location='Venezuela', countryCode='ve', latitude=6.42375, longitude=-66.58973, confirmed=178094, dead=1834, recovered=160620, updated='2021-04-15T10:00:07'}
14:16:28.008 [main] INFO  StringConverter - adding element: Country{location='North Macedonia', countryCode='mk', latitude=41.608635, longitude=21.745275, confirmed=144111, dead=4322, recovered=119683, updated='2021-04-15T10:00:07'}
14:16:28.008 [main] INFO  StringConverter - adding element: Country{location='Ghana', countryCode='gh', latitude=7.946527, longitude=-1.023194, confirmed=91477, dead=763, recovered=89301, updated='2021-04-15T10:00:07'}
14:16:28.009 [main] INFO  StringConverter - adding element: Country{location='El Salvador', countryCode='sv', latitude=13.794185, longitude=-88.89653, confirmed=66956, dead=2060, recovered=63345, updated='2021-04-15T10:00:07'}
14:16:28.009 [main] INFO  StringConverter - adding element: Country{location='Greece', countryCode='gr', latitude=39.074208, longitude=21.824312, confirmed=304184, dead=9135, recovered=261176, updated='2021-04-15T10:00:07'}
14:16:28.009 [main] INFO  StringConverter - adding element: Country{location='Tunisia', countryCode='tn', latitude=33.886917, longitude=9.537499, confirmed=276727, dead=9480, recovered=229754, updated='2021-04-15T10:00:07'}
14:16:28.009 [main] INFO  StringConverter - adding element: Country{location='Mali', countryCode='ml', latitude=17.570692, longitude=-3.996166, confirmed=12467, dead=419, recovered=7238, updated='2021-04-15T10:00:07'}
14:16:28.010 [main] INFO  StringConverter - adding element: Country{location='Trinidad and Tobago', countryCode='tt', latitude=10.691803, longitude=-61.222503, confirmed=8596, dead=148, recovered=7818, updated='2021-04-15T10:00:07'}
14:16:28.010 [main] INFO  StringConverter - adding element: Country{location='Timor-Leste', countryCode='tl', latitude=-8.874217, longitude=125.727539, confirmed=1103, dead=2, recovered=564, updated='2021-04-15T10:00:07'}
14:16:28.010 [main] INFO  StringConverter - adding element: Country{location='Cameroon', countryCode='cm', latitude=7.369721999999999, longitude=12.354722, confirmed=61731, dead=919, recovered=56926, updated='2021-04-15T10:00:07'}
14:16:28.010 [main] INFO  StringConverter - adding element: Country{location='Estonia', countryCode='ee', latitude=58.595272, longitude=25.0136071, confirmed=116200, dead=1064, recovered=99096, updated='2021-04-15T10:00:07'}
14:16:28.011 [main] INFO  StringConverter - adding element: Country{location='Eswatini', countryCode='sz', latitude=-26.522503, longitude=31.465866, confirmed=18407, dead=670, recovered=17682, updated='2021-04-15T10:00:07'}
14:16:28.011 [main] INFO  StringConverter - adding element: Country{location='Cyprus', countryCode='cy', latitude=35.126413, longitude=33.429859, confirmed=53254, dead=277, recovered=39061, updated='2021-04-15T10:00:07'}
14:16:28.012 [main] INFO  StringConverter - adding element: Country{location='Uganda', countryCode='ug', latitude=1.373333, longitude=32.290275, confirmed=41237, dead=338, recovered=40779, updated='2021-04-15T10:00:07'}
14:16:28.012 [main] INFO  StringConverter - adding element: Country{location='Senegal', countryCode='sn', latitude=14.497401, longitude=-14.452362, confirmed=39560, dead=1084, recovered=38290, updated='2021-04-15T10:00:07'}
14:16:28.012 [main] INFO  StringConverter - adding element: Country{location='Hong Kong', countryCode='hk', latitude=22.3193039, longitude=114.1693611, confirmed=11619, dead=209, recovered=11246, updated='2021-04-15T10:00:07'}
14:16:28.012 [main] INFO  StringConverter - adding element: Country{location='Guyana', countryCode='gy', latitude=4.860416, longitude=-58.93018, confirmed=11374, dead=260, recovered=9880, updated='2021-04-15T10:00:07'}
14:16:28.013 [main] INFO  StringConverter - adding element: Country{location='Latvia', countryCode='lv', latitude=56.879635, longitude=24.603189, confirmed=109731, dead=2030, recovered=100464, updated='2021-04-15T10:00:07'}
14:16:28.013 [main] INFO  StringConverter - adding element: Country{location='Zambia', countryCode='zm', latitude=-13.133897, longitude=27.849332, confirmed=90389, dead=1229, recovered=88241, updated='2021-04-15T10:00:07'}
14:16:28.013 [main] INFO  StringConverter - adding element: Country{location='Namibia', countryCode='na', latitude=38.911651, longitude=-77.0412109, confirmed=46051, dead=592, recovered=44162, updated='2021-04-15T10:00:07'}
14:16:28.013 [main] INFO  StringConverter - adding element: Country{location='Thailand', countryCode='th', latitude=15.870032, longitude=100.992541, confirmed=37453, dead=97, recovered=28383, updated='2021-04-15T10:00:07'}
14:16:28.014 [main] INFO  StringConverter - adding element: Country{location='Madagascar', countryCode='mg', latitude=-18.766947, longitude=46.869107, confirmed=29348, dead=520, recovered=24695, updated='2021-04-15T10:00:07'}
14:16:28.014 [main] INFO  StringConverter - adding element: Country{location='DRC', countryCode='cd', latitude=-4.038333, longitude=21.758664, confirmed=28714, dead=745, recovered=25841, updated='2021-04-15T10:00:07'}
14:16:28.014 [main] INFO  StringConverter - adding element: Country{location='Maldives', countryCode='mv', latitude=3.202778, longitude=73.22068, confirmed=25844, dead=67, recovered=23141, updated='2021-04-15T10:00:07'}
14:16:28.014 [main] INFO  StringConverter - adding element: Country{location='Mauritania', countryCode='mr', latitude=21.00789, longitude=-10.940835, confirmed=18066, dead=452, recovered=17428, updated='2021-04-15T10:00:07'}
14:16:28.015 [main] INFO  StringConverter - adding element: Country{location='Haiti', countryCode='ht', latitude=18.971187, longitude=-72.285215, confirmed=12857, dead=251, recovered=11614, updated='2021-04-15T10:00:07'}
14:16:28.015 [main] INFO  StringConverter - adding element: Country{location='Dominica', countryCode='dm', latitude=15.414999, longitude=-61.37097600000001, confirmed=165, dead=0, recovered=159, updated='2021-04-15T10:00:07'}
14:16:28.015 [main] INFO  StringConverter - adding element: Country{location='Malawi', countryCode='mw', latitude=-13.254308, longitude=34.301525, confirmed=33891, dead=1134, recovered=31675, updated='2021-04-15T10:00:07'}
14:16:28.015 [main] INFO  StringConverter - adding element: Country{location='Fiji', countryCode='fj', latitude=-17.713371, longitude=178.065032, confirmed=68, dead=2, recovered=64, updated='2021-04-15T10:00:07'}
14:16:28.016 [main] INFO  StringConverter - adding element: Country{location='Andorra', countryCode='ad', latitude=42.506285, longitude=1.521801, confirmed=12641, dead=121, recovered=11989, updated='2021-04-15T10:00:07'}
14:16:28.016 [main] INFO  StringConverter - adding element: Country{location='Congo', countryCode='cg', latitude=-4.038333, longitude=21.758664, confirmed=10084, dead=139, recovered=8208, updated='2021-04-15T10:00:07'}
14:16:28.016 [main] INFO  StringConverter - adding element: Country{location='Cuba', countryCode='cu', latitude=21.521757, longitude=-77.781167, confirmed=89404, dead=487, recovered=84114, updated='2021-04-15T10:00:07'}
14:16:28.017 [main] INFO  StringConverter - adding element: Country{location='Cabo Verde', countryCode='cv', latitude=16.5388, longitude=-23.0418, confirmed=19525, dead=188, recovered=17645, updated='2021-04-15T10:00:07'}
14:16:28.017 [main] INFO  StringConverter - adding element: Country{location='Botswana', countryCode='bw', latitude=-22.328474, longitude=24.684866, confirmed=43444, dead=663, recovered=38923, updated='2021-04-15T10:00:07'}
14:16:28.017 [main] INFO  StringConverter - adding element: Country{location='Finland', countryCode='fi', latitude=61.92410999999999, longitude=25.7481511, confirmed=83253, dead=881, recovered=46000, updated='2021-04-15T10:00:07'}
14:16:28.017 [main] INFO  StringConverter - adding element: Country{location='French Polynesia', countryCode='pf', latitude=-17.679742, longitude=-149.406843, confirmed=18680, dead=141, recovered=4842, updated='2021-04-15T10:00:07'}
14:16:28.017 [main] INFO  StringConverter - adding element: Country{location='Belize', countryCode='bz', latitude=17.189877, longitude=-88.49765, confirmed=12522, dead=318, recovered=12140, updated='2021-04-15T10:00:07'}
14:16:28.018 [main] INFO  StringConverter - adding element: Country{location='Bahamas', countryCode='bs', latitude=25.03428, longitude=-77.39627999999999, confirmed=9505, dead=190, recovered=8965, updated='2021-04-15T10:00:07'}
14:16:28.018 [main] INFO  StringConverter - adding element: Country{location='Falkland Islands', countryCode='fk', latitude=-51.796253, longitude=-59.523613, confirmed=62, dead=0, recovered=55, updated='2021-04-15T10:00:07'}
14:16:28.018 [main] INFO  StringConverter - adding element: Country{location='Uruguay', countryCode='uy', latitude=-32.522779, longitude=-55.765835, confirmed=152089, dead=1647, recovered=119388, updated='2021-04-15T10:00:07'}
14:16:28.018 [main] INFO  StringConverter - adding element: Country{location='Jamaica', countryCode='jm', latitude=18.109581, longitude=-77.297508, confirmed=43054, dead=692, recovered=19248, updated='2021-04-15T10:00:07'}
14:16:28.018 [main] INFO  StringConverter - adding element: Country{location='Malta', countryCode='mt', latitude=35.937496, longitude=14.375416, confirmed=29778, dead=403, recovered=28797, updated='2021-04-15T10:00:07'}
14:16:28.019 [main] INFO  StringConverter - adding element: Country{location='Djibouti', countryCode='dj', latitude=11.825138, longitude=42.590275, confirmed=10202, dead=106, recovered=8591, updated='2021-04-15T10:00:07'}
14:16:28.019 [main] INFO  StringConverter - adding element: Country{location='Guinea-Bissau', countryCode='gw', latitude=11.803749, longitude=-15.180413, confirmed=3694, dead=66, recovered=3093, updated='2021-04-15T10:00:07'}
14:16:28.019 [main] INFO  StringConverter - adding element: Country{location='U.S. Virgin Islands', countryCode='vi', latitude=18.335765, longitude=-64.896335, confirmed=2260, dead=24, recovered=2120, updated='2021-01-17T18:15:05'}
14:16:28.019 [main] INFO  StringConverter - adding element: Country{location='Liechtenstein', countryCode='li', latitude=47.166, longitude=9.555373, confirmed=2770, dead=56, recovered=2646, updated='2021-04-15T10:00:07'}
14:16:28.019 [main] INFO  StringConverter - adding element: Country{location='Sint Maarten', countryCode='sx', latitude=18.04248, longitude=-63.05483, confirmed=2196, dead=27, recovered=2133, updated='2021-04-15T10:00:07'}
14:16:28.019 [main] INFO  StringConverter - adding element: Country{location='Bermuda', countryCode='bm', latitude=32.3078, longitude=-64.7505, confirmed=1935, dead=16, recovered=1051, updated='2021-04-15T10:00:07'}
14:16:28.020 [main] INFO  StringConverter - adding element: Country{location='Benin', countryCode='bj', latitude=9.30769, longitude=2.315834, confirmed=7611, dead=95, recovered=6728, updated='2021-04-15T10:00:07'}
14:16:28.020 [main] INFO  StringConverter - adding element: Country{location='Iceland', countryCode='is', latitude=64.963051, longitude=-19.020835, confirmed=6275, dead=29, recovered=6163, updated='2021-04-15T10:00:07'}
14:16:28.020 [main] INFO  StringConverter - adding element: Country{location='Yemen', countryCode='ye', latitude=15.552727, longitude=48.516388, confirmed=5582, dead=1083, recovered=2128, updated='2021-04-15T10:00:07'}
14:16:28.020 [main] INFO  StringConverter - adding element: Country{location='Gibraltar', countryCode='gi', latitude=36.140751, longitude=-5.353585, confirmed=4290, dead=94, recovered=4181, updated='2021-04-15T10:00:07'}
14:16:28.020 [main] INFO  StringConverter - adding element: Country{location='New Zealand', countryCode='nz', latitude=-40.900557, longitude=174.885971, confirmed=2591, dead=26, recovered=2464, updated='2021-04-15T10:00:07'}
14:16:28.021 [main] INFO  StringConverter - adding element: Country{location='Bhutan', countryCode='bt', latitude=27.514162, longitude=90.433601, confirmed=929, dead=1, recovered=876, updated='2021-04-15T10:00:07'}
14:16:28.021 [main] INFO  StringConverter - adding element: Country{location='Faeroe Islands', countryCode='fo', latitude=61.89263500000001, longitude=-6.9118061, confirmed=662, dead=1, recovered=660, updated='2021-04-15T10:00:07'}
14:16:28.021 [main] INFO  StringConverter - adding element: Country{location='Belarus', countryCode='by', latitude=53.709807, longitude=27.953389, confirmed=338801, dead=2383, recovered=329135, updated='2021-04-15T10:00:07'}
14:16:28.021 [main] INFO  StringConverter - adding element: Country{location='Somaliland', countryCode='05', latitude=9.411743399999999, longitude=46.8252838, confirmed=1354, dead=47, recovered=1200, updated='2021-01-17T18:15:05'}
14:16:28.021 [main] INFO  StringConverter - adding element: Country{location='Togo', countryCode='tg', latitude=8.619543, longitude=0.824782, confirmed=12214, dead=117, recovered=9543, updated='2021-04-15T10:00:07'}
14:16:28.021 [main] INFO  StringConverter - adding element: Country{location='Lesotho', countryCode='ls', latitude=-29.609988, longitude=28.233608, confirmed=10709, dead=315, recovered=5028, updated='2021-04-15T10:00:07'}
14:16:28.022 [main] INFO  StringConverter - adding element: Country{location='San Marino', countryCode='sm', latitude=43.94236, longitude=12.457777, confirmed=5004, dead=86, recovered=4625, updated='2021-04-15T10:00:07'}
14:16:28.022 [main] INFO  StringConverter - adding element: Country{location='Rwanda', countryCode='rw', latitude=-1.940278, longitude=29.873888, confirmed=23672, dead=317, recovered=21594, updated='2021-04-15T10:00:07'}
14:16:28.022 [main] INFO  StringConverter - adding element: Country{location='Suriname', countryCode='sr', latitude=3.919305, longitude=-56.027783, confirmed=9417, dead=184, recovered=8725, updated='2021-04-15T10:00:07'}
14:16:28.022 [main] INFO  StringConverter - adding element: Country{location='Liberia', countryCode='lr', latitude=6.428055, longitude=-9.429499000000002, confirmed=2042, dead=85, recovered=1899, updated='2021-04-15T10:00:07'}
14:16:28.022 [main] INFO  StringConverter - adding element: Country{location='Somalia', countryCode='so', latitude=5.152149, longitude=46.199616, confirmed=12837, dead=656, recovered=5346, updated='2021-04-15T10:00:07'}
14:16:28.022 [main] INFO  StringConverter - adding element: Country{location='South Sudan', countryCode='ss', latitude=6.876991899999999, longitude=31.3069788, confirmed=10416, dead=114, recovered=10148, updated='2021-04-15T10:00:07'}
14:16:28.022 [main] INFO  StringConverter - adding element: Country{location='Papua New Guinea', countryCode='pg', latitude=-6.314992999999999, longitude=143.95555, confirmed=8984, dead=71, recovered=846, updated='2021-04-15T10:00:07'}
14:16:28.023 [main] INFO  StringConverter - adding element: Country{location='Equatorial Guinea', countryCode='gq', latitude=1.650801, longitude=10.267895, confirmed=7259, dead=106, recovered=6885, updated='2021-04-15T10:00:07'}
14:16:28.023 [main] INFO  StringConverter - adding element: Country{location='CAR', countryCode='cf', latitude=6.611110999999999, longitude=20.939444, confirmed=5682, dead=75, recovered=5112, updated='2021-04-15T10:00:07'}
14:16:28.023 [main] INFO  StringConverter - adding element: Country{location='Chad', countryCode='td', latitude=15.454166, longitude=18.732207, confirmed=4662, dead=167, recovered=4312, updated='2021-04-15T10:00:07'}
14:16:28.024 [main] INFO  StringConverter - adding element: Country{location='Vietnam', countryCode='vn', latitude=14.058324, longitude=108.277199, confirmed=2737, dead=35, recovered=2445, updated='2021-04-15T10:00:07'}
14:16:28.024 [main] INFO  StringConverter - adding element: Country{location='Monaco', countryCode='mc', latitude=43.73841760000001, longitude=7.424615799999999, confirmed=2384, dead=31, recovered=2266, updated='2021-04-15T10:00:07'}
14:16:28.024 [main] INFO  StringConverter - adding element: Country{location='Curaçao', countryCode='cw', latitude=12.16957, longitude=-68.99002, confirmed=11581, dead=78, recovered=7666, updated='2021-04-15T10:00:07'}
14:16:28.024 [main] INFO  StringConverter - adding element: Country{location='Taiwan', countryCode='tw', latitude=23.69781, longitude=120.960515, confirmed=1068, dead=11, recovered=1031, updated='2021-04-15T10:00:07'}
14:16:28.024 [main] INFO  StringConverter - adding element: Country{location='Jersey', countryCode='je', latitude=49.2137711, longitude=-2.1357662, confirmed=2908, dead=56, recovered=2561, updated='2021-01-17T18:15:05'}
14:16:28.025 [main] INFO  StringConverter - adding element: Country{location='Luxembourg', countryCode='lu', latitude=49.815273, longitude=6.129582999999999, confirmed=64334, dead=784, recovered=60203, updated='2021-04-15T10:00:07'}
14:16:28.025 [main] INFO  StringConverter - adding element: Country{location='Aruba', countryCode='aw', latitude=12.52111, longitude=-69.968338, confirmed=10159, dead=92, recovered=9573, updated='2021-04-15T10:00:07'}
14:16:28.025 [main] INFO  StringConverter - adding element: Country{location='Niger', countryCode='ne', latitude=17.607789, longitude=8.081666, confirmed=5081, dead=189, recovered=4760, updated='2021-04-15T10:00:07'}
14:16:28.025 [main] INFO  StringConverter - adding element: Country{location='Diamond Princess', countryCode='01', latitude=40.86429589999999, longitude=-73.9614914, confirmed=712, dead=13, recovered=699, updated='2021-04-15T10:00:07'}
14:16:28.025 [main] INFO  StringConverter - adding element: Country{location='Sierra Leone', countryCode='sl', latitude=8.460555, longitude=-11.779889, confirmed=4013, dead=79, recovered=2832, updated='2021-04-15T10:00:07'}
14:16:28.025 [main] INFO  StringConverter - adding element: Country{location='Burundi', countryCode='bi', latitude=-3.373056, longitude=29.918886, confirmed=3333, dead=6, recovered=773, updated='2021-04-15T10:00:07'}
14:16:28.026 [main] INFO  StringConverter - adding element: Country{location='Seychelles', countryCode='sc', latitude=-4.679574, longitude=55.491977, confirmed=4633, dead=25, recovered=4310, updated='2021-04-15T10:00:07'}
14:16:28.026 [main] INFO  StringConverter - adding element: Country{location='Saint Pierre Miquelon', countryCode='pm', latitude=46.8852, longitude=-56.3159, confirmed=24, dead=0, recovered=24, updated='2021-04-15T10:00:07'}
14:16:28.026 [main] INFO  StringConverter - adding element: Country{location='United States', countryCode='us', latitude=37.09024, longitude=-95.712891, confirmed=33230992, dead=591514, recovered=25908684, updated='2021-05-04T12:00:08'}
14:16:28.026 [main] INFO  StringConverter - adding element: Country{location='Laos', countryCode='la', latitude=19.85627, longitude=102.495496, confirmed=53, dead=0, recovered=49, updated='2021-04-15T10:00:07'}
14:16:28.026 [main] INFO  StringConverter - adding element: Country{location='Saint Kitts and Nevis', countryCode='kn', latitude=17.357822, longitude=-62.782998, confirmed=44, dead=0, recovered=44, updated='2021-04-15T10:00:07'}
14:16:28.026 [main] INFO  StringConverter - adding element: Country{location='Romania', countryCode='ro', latitude=45.943161, longitude=24.96676, confirmed=1016449, dead=25605, recovered=920653, updated='2021-04-15T10:15:12'}
14:16:28.027 [main] INFO  StringConverter - adding element: Country{location='French Guiana', countryCode='gf', latitude=3.933889, longitude=-53.125782, confirmed=17883, dead=95, recovered=9995, updated='2021-04-15T10:00:07'}
14:16:28.027 [main] INFO  StringConverter - adding element: Country{location='Barbados', countryCode='bb', latitude=13.193887, longitude=-59.543198, confirmed=3744, dead=44, recovered=3634, updated='2021-04-15T10:00:07'}
14:16:28.027 [main] INFO  StringConverter - adding element: Country{location='Sao Tome and Principe', countryCode='st', latitude=0.18636, longitude=6.613080999999999, confirmed=2269, dead=35, recovered=2196, updated='2021-04-15T10:00:07'}
14:16:28.027 [main] INFO  StringConverter - adding element: Country{location='Macao', countryCode='mo', latitude=22.198745, longitude=113.543873, confirmed=49, dead=0, recovered=48, updated='2021-04-15T10:00:07'}
14:16:28.027 [main] INFO  StringConverter - adding element: Country{location='Montserrat', countryCode='ms', latitude=16.742498, longitude=-62.187366, confirmed=20, dead=1, recovered=19, updated='2021-04-15T10:00:07'}
14:16:28.027 [main] INFO  StringConverter - adding element: Country{location='Saint Martin', countryCode='mf', latitude=18.0708298, longitude=-63.0500809, confirmed=1693, dead=12, recovered=1399, updated='2021-04-15T10:00:07'}
14:16:28.027 [main] INFO  StringConverter - adding element: Country{location='Sint Eustatius', countryCode='bq', latitude=17.4890306, longitude=-62.973555, confirmed=18, dead=0, recovered=18, updated='2021-01-17T18:15:05'}
14:16:28.028 [main] INFO  StringConverter - adding element: Country{location='Isle of Man', countryCode='im', latitude=54.236107, longitude=-4.548056, confirmed=1575, dead=29, recovered=1445, updated='2021-04-15T10:00:07'}
14:16:28.028 [main] INFO  StringConverter - adding element: Country{location='Tanzania', countryCode='tz', latitude=-6.369028, longitude=34.888822, confirmed=509, dead=21, recovered=183, updated='2021-04-15T10:00:07'}
14:16:28.028 [main] INFO  StringConverter - adding element: Country{location='Samoa', countryCode='ws', latitude=-13.759029, longitude=-172.104629, confirmed=3, dead=0, recovered=2, updated='2021-04-15T10:00:07'}
14:16:28.028 [main] INFO  StringConverter - adding element: Country{location='Coral Princess', countryCode='11', latitude=20.5331399, longitude=-86.9387546, confirmed=12, dead=3, recovered=0, updated='2021-01-17T18:15:05'}
14:16:28.028 [main] INFO  StringConverter - adding element: Country{location='Brunei ', countryCode='bn', latitude=4.535277, longitude=114.727669, confirmed=221, dead=3, recovered=206, updated='2021-04-15T10:00:07'}
14:16:28.028 [main] INFO  StringConverter - adding element: Country{location='Japan', countryCode='jp', latitude=36.204824, longitude=138.252924, confirmed=512169, dead=9469, recovered=471007, updated='2021-04-15T10:00:07'}
14:16:28.029 [main] INFO  StringConverter - adding element: Country{location='St. Barth', countryCode='bl', latitude=17.9, longitude=-62.833333, confirmed=907, dead=1, recovered=462, updated='2021-04-15T10:00:07'}
14:16:28.029 [main] INFO  StringConverter - adding element: Country{location='Moldova', countryCode='md', latitude=47.411631, longitude=28.369885, confirmed=243365, dead=5466, recovered=226325, updated='2021-04-15T10:00:07'}
14:16:28.029 [main] INFO  StringConverter - adding element: Country{location='British Virgin Islands', countryCode='vg', latitude=18.420695, longitude=-64.639968, confirmed=178, dead=1, recovered=159, updated='2021-04-15T10:00:07'}
14:16:28.029 [main] INFO  StringConverter - adding element: Country{location='Grenada', countryCode='gd', latitude=12.1165, longitude=-61.67899999999999, confirmed=155, dead=1, recovered=152, updated='2021-04-15T10:00:07'}
14:16:28.029 [main] INFO  StringConverter - adding element: Country{location='Anguilla', countryCode='ai', latitude=18.220554, longitude=-63.06861499999999, confirmed=25, dead=0, recovered=22, updated='2021-04-15T10:00:07'}
14:16:28.029 [main] INFO  StringConverter - adding element: Country{location='New Caledonia', countryCode='nc', latitude=-20.904305, longitude=165.618042, confirmed=121, dead=0, recovered=58, updated='2021-04-15T10:00:07'}
14:16:28.030 [main] INFO  StringConverter - adding element: Country{location='Marshall Islands', countryCode='mh', latitude=7.131474, longitude=171.184478, confirmed=4, dead=0, recovered=4, updated='2021-04-15T10:00:07'}
14:16:28.030 [main] INFO  StringConverter - adding element: Country{location='Canada', countryCode='ca', latitude=56.130366, longitude=-106.346771, confirmed=1087152, dead=23445, recovered=983506, updated='2021-04-15T10:15:12'}
14:16:28.030 [main] INFO  StringConverter - adding element: Country{location='Mayotte', countryCode='yt', latitude=-12.8275, longitude=45.166244, confirmed=19757, dead=168, recovered=2964, updated='2021-04-15T10:00:07'}
14:16:28.030 [main] INFO  StringConverter - adding element: Country{location='Greenland', countryCode='gl', latitude=71.706936, longitude=-42.604303, confirmed=31, dead=0, recovered=31, updated='2021-04-15T10:00:07'}
14:16:28.030 [main] INFO  StringConverter - adding element: Country{location='Vatican City', countryCode='va', latitude=41.902916, longitude=12.453389, confirmed=27, dead=0, recovered=15, updated='2021-04-15T10:00:07'}
14:16:28.031 [main] INFO  StringConverter - adding element: Country{location='Solomon Islands', countryCode='sb', latitude=-9.64571, longitude=160.156194, confirmed=19, dead=0, recovered=18, updated='2021-04-15T10:00:07'}
14:16:28.031 [main] INFO  StringConverter - adding element: Country{location='Réunion', countryCode='re', latitude=-21.115141, longitude=55.536384, confirmed=18425, dead=135, recovered=16794, updated='2021-04-15T10:00:07'}
14:16:28.031 [main] INFO  StringConverter - adding element: Country{location='Guadeloupe', countryCode='gp', latitude=16.265, longitude=-61.55099999999999, confirmed=12717, dead=176, recovered=2242, updated='2021-04-15T10:00:07'}
14:16:28.031 [main] INFO  StringConverter - adding element: Country{location='Gambia', countryCode='gm', latitude=13.443182, longitude=-15.310139, confirmed=5682, dead=170, recovered=5165, updated='2021-04-15T10:00:07'}
14:16:28.031 [main] INFO  StringConverter - adding element: Country{location='Guernsey', countryCode='gg', latitude=49.4481982, longitude=-2.58949, confirmed=309, dead=13, recovered=288, updated='2021-01-17T18:15:05'}
14:16:28.031 [main] INFO  StringConverter - adding element: Country{location='Saint Lucia', countryCode='lc', latitude=13.909444, longitude=-60.978893, confirmed=4355, dead=64, recovered=4208, updated='2021-04-15T10:00:07'}
14:16:28.032 [main] INFO  StringConverter - adding element: Country{location='St. Vincent Grenadines', countryCode='vc', latitude=12.984305, longitude=-61.287228, confirmed=1812, dead=10, recovered=1677, updated='2021-04-15T10:00:07'}
14:16:28.032 [main] INFO  StringConverter - adding element: Country{location='Vanuatu', countryCode='vu', latitude=-15.376706, longitude=166.959158, confirmed=3, dead=0, recovered=1, updated='2021-04-15T10:00:07'}
14:16:28.032 [main] INFO  StringConverter - adding element: Country{location='Martinique', countryCode='mq', latitude=14.641528, longitude=-61.024174, confirmed=9890, dead=64, recovered=98, updated='2021-04-15T10:00:07'}
14:16:28.032 [main] INFO  StringConverter - adding element: Country{location='Cayman Islands', countryCode='ky', latitude=19.3133, longitude=-81.2546, confirmed=523, dead=2, recovered=498, updated='2021-04-15T10:00:07'}
14:16:28.032 [main] INFO  StringConverter - adding element: Country{location='Mongolia', countryCode='mn', latitude=46.862496, longitude=103.846656, confirmed=18565, dead=31, recovered=10638, updated='2021-04-15T10:00:07'}
14:16:28.033 [main] INFO  StringConverter - adding element: Country{location='Sudan', countryCode='sd', latitude=12.862807, longitude=30.217636, confirmed=31790, dead=2208, recovered=25539, updated='2021-04-15T10:00:07'}
14:16:28.033 [main] INFO  StringConverter - adding element: Country{location='Tajikistan', countryCode='tj', latitude=38.861034, longitude=71.276093, confirmed=13308, dead=90, recovered=13218, updated='2021-04-15T10:00:07'}
14:16:28.033 [main] INFO  StringConverter - adding element: Country{location='Comoros', countryCode='km', latitude=-11.6455, longitude=43.3333, confirmed=3803, dead=146, recovered=3582, updated='2021-04-15T10:00:07'}
14:16:28.033 [main] INFO  StringConverter - adding element: Country{location='Turks and Caicos', countryCode='tc', latitude=21.694025, longitude=-71.797928, confirmed=2360, dead=17, recovered=2285, updated='2021-04-15T10:00:07'}
14:16:28.033 [main] INFO  StringConverter - adding element: Country{location='Mauritius', countryCode='mu', latitude=-20.348404, longitude=57.55215200000001, confirmed=1201, dead=15, recovered=841, updated='2021-04-15T10:00:07'}
14:16:28.034 [main] INFO  StringConverter - adding element: Country{location='Philippines', countryCode='ph', latitude=12.879721, longitude=121.774017, confirmed=904285, dead=15594, recovered=705164, updated='2021-04-15T10:15:12'}
14:16:28.034 [main] INFO  StringConverter - adding element: Country{location='Israel', countryCode='il', latitude=31.046051, longitude=34.851612, confirmed=836504, dead=6312, recovered=827184, updated='2021-04-15T10:00:07'}
14:16:28.034 [main] INFO  StringConverter - adding element: Country{location='Northern Cyprus', countryCode='00', latitude=35.2480359, longitude=33.6577243, confirmed=1850, dead=11, recovered=1602, updated='2021-01-17T18:15:05'}
14:16:28.034 [main] INFO  StringConverter - adding element: Country{location='Bangladesh', countryCode='bd', latitude=23.684994, longitude=90.356331, confirmed=703170, dead=9987, recovered=591299, updated='2021-04-15T10:00:07'}
14:16:28.035 [main] INFO  StringConverter - adding element: Country{location='Sweden', countryCode='se', latitude=60.12816100000001, longitude=18.643501, confirmed=885385, dead=13720, recovered=0, updated='2021-04-15T10:00:07'}
14:16:28.035 [main] INFO  StringConverter - adding element: Country{location='Serbia', countryCode='rs', latitude=44.016521, longitude=21.005859, confirmed=651899, dead=5846, recovered=571312, updated='2021-04-15T10:00:07'}
14:16:28.035 [main] INFO  StringConverter - adding element: Country{location='Denmark', countryCode='dk', latitude=56.26392, longitude=9.501785, confirmed=239532, dead=2447, recovered=228685, updated='2021-04-15T10:00:07'}
14:16:28.036 [main] INFO  StringConverter - adding element: Country{location='Switzerland', countryCode='ch', latitude=46.818188, longitude=8.227511999999999, confirmed=627968, dead=10488, recovered=563438, updated='2021-04-15T10:00:07'}
14:16:28.036 [main] INFO  StringConverter - adding element: Country{location='Ireland', countryCode='ie', latitude=53.1423672, longitude=-7.692053599999999, confirmed=242105, dead=4812, recovered=222851, updated='2021-04-15T10:00:07'}
14:16:28.036 [main] INFO  StringConverter - adding element: Country{location='Ethiopia', countryCode='et', latitude=9.145000000000001, longitude=40.489673, confirmed=234405, dead=3252, recovered=174591, updated='2021-04-15T10:00:07'}
14:16:28.036 [main] INFO  StringConverter - adding element: Country{location='Costa Rica', countryCode='cr', latitude=9.748916999999999, longitude=-83.753428, confirmed=225343, dead=3044, recovered=196060, updated='2021-04-15T10:00:07'}
14:16:28.036 [main] INFO  StringConverter - adding element: Country{location='Armenia', countryCode='am', latitude=40.069099, longitude=45.038189, confirmed=206142, dead=3817, recovered=185125, updated='2021-04-15T10:00:07'}
14:16:28.037 [main] INFO  StringConverter - adding element: Country{location='Sri Lanka', countryCode='lk', latitude=7.873053999999999, longitude=80.77179699999999, confirmed=95737, dead=604, recovered=92151, updated='2021-04-15T10:00:07'}
14:16:28.037 [main] INFO  StringConverter - adding element: Country{location='Mozambique', countryCode='mz', latitude=-18.665695, longitude=35.529562, confirmed=68927, dead=794, recovered=59972, updated='2021-04-15T10:00:07'}
14:16:28.037 [main] INFO  StringConverter - adding element: Country{location='Artsakh', countryCode='12', latitude=26.0434384, longitude=-80.2777081, confirmed=1130, dead=30, recovered=337, updated='2021-01-17T18:15:05'}
14:16:28.037 [main] INFO  StringConverter - adding element: Country{location='Ivory Coast', countryCode='ci', latitude=7.539988999999999, longitude=-5.547079999999999, confirmed=45388, dead=271, recovered=44833, updated='2021-04-15T10:00:07'}
14:16:28.038 [main] INFO  StringConverter - adding element: Country{location='Cambodia', countryCode='kh', latitude=12.565679, longitude=104.990963, confirmed=5218, dead=36, recovered=2319, updated='2021-04-15T10:00:07'}
14:16:28.038 [main] INFO  StringConverter - adding element: Country{location='Antigua and Barbuda', countryCode='ag', latitude=17.060816, longitude=-61.796428, confirmed=1209, dead=31, recovered=947, updated='2021-04-15T10:00:07'}
14:16:28.038 [main] INFO  StringConverter - adding element: Country{location='USS Theodore Roosevelt', countryCode='09', latitude=0.0, longitude=0.0, confirmed=1102, dead=1, recovered=751, updated='2021-01-17T18:15:05'}
14:16:28.038 [main] INFO  StringConverter - adding element: Country{location='Northern Mariana Islands ', countryCode='mp', latitude=15.0979, longitude=145.6739, confirmed=122, dead=2, recovered=32, updated='2021-01-17T18:15:05'}
14:16:28.039 [main] INFO  StringConverter - adding element: Country{location='Iraq', countryCode='iq', latitude=33.223191, longitude=43.679291, confirmed=949050, dead=14836, recovered=831519, updated='2021-04-15T10:15:12'}
14:16:28.039 [main] INFO  StringConverter - adding element: Country{location='Zimbabwe', countryCode='zw', latitude=-19.015438, longitude=29.154857, confirmed=37369, dead=1548, recovered=34946, updated='2021-04-15T10:00:07'}
14:16:28.039 [main] INFO  StringConverter - adding element: Country{location='Kosovo', countryCode='xk', latitude=42.6026359, longitude=20.902977, confirmed=55498, dead=1405, recovered=48990, updated='2021-01-17T18:15:05'}
14:16:28.039 [main] INFO  StringConverter - adding element: Country{location='Nicaragua', countryCode='ni', latitude=12.865416, longitude=-85.207229, confirmed=6778, dead=180, recovered=4225, updated='2021-04-15T10:00:07'}
14:16:28.039 [main] INFO  StringConverter - adding element: Country{location='Burkina Faso', countryCode='bf', latitude=12.238333, longitude=-1.561593, confirmed=13050, dead=154, recovered=12689, updated='2021-04-15T10:00:07'}
14:16:28.042 [main] INFO  StringConverter - adding element: Country{location='Eritrea', countryCode='er', latitude=15.179384, longitude=39.782334, confirmed=3479, dead=10, recovered=3273, updated='2021-04-15T10:00:07'}
14:16:28.042 [main] INFO  StringConverter - adding element: Country{location='MS Zaandam', countryCode='03', latitude=0.0, longitude=0.0, confirmed=9, dead=2, recovered=7, updated='2021-04-15T10:00:07'}
14:16:28.043 [main] INFO  StringConverter - adding element: Country{location='Abkhazia', countryCode='06', latitude=43.0015544, longitude=41.023407, confirmed=7504, dead=100, recovered=5545, updated='2021-01-17T18:15:05'}
14:16:28.043 [main] INFO  StringConverter - adding element: Country{location='Guam', countryCode='gu', latitude=13.444304, longitude=144.793731, confirmed=7257, dead=121, recovered=6707, updated='2021-01-17T18:15:05'}
14:16:28.043 [main] INFO  StringConverter - adding element: Country{location='Pakistan', countryCode='pk', latitude=30.375321, longitude=69.34511599999999, confirmed=739818, dead=15872, recovered=646652, updated='2021-04-15T10:00:07'}
14:16:28.043 [main] INFO  StringConverter - adding element: Country{location='Norway', countryCode='no', latitude=60.47202399999999, longitude=8.468945999999999, confirmed=105607, dead=706, recovered=88952, updated='2021-04-15T10:00:07'}
14:16:39.576 [main] INFO  StringConverter - starting to convert elements
14:16:39.657 [main] INFO  StringConverter - adding element: Country{location='Iran', countryCode='ir', latitude=32.427908, longitude=53.688046, confirmed=2168872, dead=65680, recovered=1749041, updated='2021-04-15T14:15:07'}
14:16:39.657 [main] INFO  StringConverter - adding element: Country{location='Germany', countryCode='de', latitude=51.165691, longitude=10.451526, confirmed=3064382, dead=79813, recovered=2736100, updated='2021-04-15T14:15:07'}
14:16:39.657 [main] INFO  StringConverter - adding element: Country{location='Russia', countryCode='ru', latitude=61.52401, longitude=105.318756, confirmed=4675153, dead=104398, recovered=4301448, updated='2021-04-15T14:15:07'}
14:16:39.657 [main] INFO  StringConverter - adding element: Country{location='Nepal', countryCode='np', latitude=28.394857, longitude=84.12400799999999, confirmed=281564, dead=3061, recovered=274447, updated='2021-04-15T10:00:07'}
14:16:39.658 [main] INFO  StringConverter - adding element: Country{location='Saudi Arabia', countryCode='sa', latitude=23.885942, longitude=45.079162, confirmed=401157, dead=6781, recovered=385441, updated='2021-04-15T10:00:07'}
14:16:39.658 [main] INFO  StringConverter - adding element: Country{location='Argentina', countryCode='ar', latitude=-38.416097, longitude=-63.61667199999999, confirmed=2604157, dead=58542, recovered=2278486, updated='2021-04-15T14:15:07'}
14:16:39.658 [main] INFO  StringConverter - adding element: Country{location='Austria', countryCode='at', latitude=47.516231, longitude=14.550072, confirmed=586883, dead=9813, recovered=547604, updated='2021-04-15T10:00:07'}
14:16:39.658 [main] INFO  StringConverter - adding element: Country{location='Jordan', countryCode='jo', latitude=36.1500042, longitude=-95.9882368, confirmed=676175, dead=7987, recovered=617096, updated='2021-04-15T10:00:07'}
14:16:39.658 [main] INFO  StringConverter - adding element: Country{location='Angola', countryCode='ao', latitude=-11.202692, longitude=17.873887, confirmed=23841, dead=557, recovered=22144, updated='2021-04-15T10:00:07'}
14:16:39.658 [main] INFO  StringConverter - adding element: Country{location='Netherlands', countryCode='nl', latitude=52.132633, longitude=5.291265999999999, confirmed=1369411, dead=16848, recovered=0, updated='2021-04-15T10:15:12'}
14:16:39.659 [main] INFO  StringConverter - adding element: Country{location='Bulgaria', countryCode='bg', latitude=42.733883, longitude=25.48583, confirmed=380576, dead=14871, recovered=296998, updated='2021-04-15T10:00:07'}
14:16:39.659 [main] INFO  StringConverter - adding element: Country{location='India', countryCode='in', latitude=20.593684, longitude=78.96288, confirmed=20282833, dead=222408, recovered=16613292, updated='2021-05-04T12:00:08'}
14:16:39.659 [main] INFO  StringConverter - adding element: Country{location='South Africa', countryCode='za', latitude=-30.559482, longitude=22.937506, confirmed=1584961, dead=103, recovered=1486873, updated='2021-05-04T12:05:07'}
14:16:39.659 [main] INFO  StringConverter - adding element: Country{location='Italy', countryCode='it', latitude=41.87194, longitude=12.56738, confirmed=3809193, dead=115557, recovered=3178976, updated='2021-04-15T14:15:07'}
14:16:39.659 [main] INFO  StringConverter - adding element: Country{location='France', countryCode='fr', latitude=46.227638, longitude=2.213749, confirmed=5149834, dead=99777, recovered=315152, updated='2021-04-15T14:15:07'}
14:16:39.659 [main] INFO  StringConverter - adding element: Country{location='Belgium', countryCode='be', latitude=50.503887, longitude=4.469936, confirmed=935316, dead=23603, recovered=60320, updated='2021-04-15T10:15:12'}
14:16:39.659 [main] INFO  StringConverter - adding element: Country{location='Peru', countryCode='pe', latitude=-9.189967, longitude=-75.015152, confirmed=1667737, dead=55812, recovered=1592937, updated='2021-04-15T14:15:07'}
14:16:39.660 [main] INFO  StringConverter - adding element: Country{location='Ukraine', countryCode='ua', latitude=48.379433, longitude=31.1655799, confirmed=1903765, dead=38658, recovered=1453766, updated='2021-04-15T14:15:07'}
14:16:39.660 [main] INFO  StringConverter - adding element: Country{location='UK', countryCode='gb', latitude=55.378051, longitude=-3.435973, confirmed=4378305, dead=127161, recovered=4113338, updated='2021-04-15T14:15:07'}
14:16:39.660 [main] INFO  StringConverter - adding element: Country{location='Syria', countryCode='sy', latitude=34.80207499999999, longitude=38.996815, confirmed=20555, dead=1402, recovered=14335, updated='2021-04-15T10:00:07'}
14:16:39.660 [main] INFO  StringConverter - adding element: Country{location='Azerbaijan', countryCode='az', latitude=40.143105, longitude=47.576927, confirmed=291894, dead=4009, recovered=255833, updated='2021-04-15T10:00:07'}
14:16:39.661 [main] INFO  StringConverter - adding element: Country{location='Colombia', countryCode='co', latitude=4.570868, longitude=-74.297333, confirmed=2585801, dead=66819, recovered=2419265, updated='2021-04-15T14:15:07'}
14:16:39.661 [main] INFO  StringConverter - adding element: Country{location='Indonesia', countryCode='id', latitude=-0.789275, longitude=113.921327, confirmed=1589359, dead=43073, recovered=1438254, updated='2021-04-15T14:15:07'}
14:16:39.661 [main] INFO  StringConverter - adding element: Country{location='Chile', countryCode='cl', latitude=-35.675147, longitude=-71.542969, confirmed=1094267, dead=24548, recovered=1026934, updated='2021-04-15T10:15:12'}
14:16:39.661 [main] INFO  StringConverter - adding element: Country{location='Mexico', countryCode='mx', latitude=23.634501, longitude=-102.552784, confirmed=2291246, dead=210812, recovered=1817866, updated='2021-04-15T14:15:07'}
14:16:39.661 [main] INFO  StringConverter - adding element: Country{location='Turkey', countryCode='tr', latitude=38.963745, longitude=35.243322, confirmed=4025557, dead=34734, recovered=3480146, updated='2021-04-15T14:15:07'}
14:16:39.661 [main] INFO  StringConverter - adding element: Country{location='Spain', countryCode='es', latitude=40.46366700000001, longitude=-3.74922, confirmed=3387022, dead=76756, recovered=3118437, updated='2021-04-15T14:15:07'}
14:16:39.662 [main] INFO  StringConverter - adding element: Country{location='Gabon', countryCode='ga', latitude=-0.803689, longitude=11.609444, confirmed=21566, dead=132, recovered=18219, updated='2021-04-15T10:00:07'}
14:16:39.662 [main] INFO  StringConverter - adding element: Country{location='Poland', countryCode='pl', latitude=51.919438, longitude=19.145136, confirmed=2642242, dead=60612, recovered=2238638, updated='2021-04-15T14:15:07'}
14:16:39.662 [main] INFO  StringConverter - adding element: Country{location='UAE', countryCode='ae', latitude=23.424076, longitude=53.847818, confirmed=489495, dead=1541, recovered=473398, updated='2021-04-15T10:00:07'}
14:16:39.662 [main] INFO  StringConverter - adding element: Country{location='Czechia', countryCode='cz', latitude=49.81749199999999, longitude=15.472962, confirmed=1593847, dead=28229, recovered=1483559, updated='2021-04-15T14:15:07'}
14:16:39.663 [main] INFO  StringConverter - adding element: Country{location='Guinea', countryCode='gn', latitude=9.945587, longitude=-9.696645, confirmed=21299, dead=136, recovered=18815, updated='2021-04-15T10:00:07'}
14:16:39.663 [main] INFO  StringConverter - adding element: Country{location='Croatia', countryCode='hr', latitude=45.1, longitude=15.2000001, confirmed=300900, dead=6442, recovered=279151, updated='2021-04-15T10:00:07'}
14:16:39.663 [main] INFO  StringConverter - adding element: Country{location='Portugal', countryCode='pt', latitude=39.39987199999999, longitude=-8.224454, confirmed=828857, dead=16931, recovered=786469, updated='2021-04-15T10:00:07'}
14:16:39.663 [main] INFO  StringConverter - adding element: Country{location='Australia', countryCode='au', latitude=-25.274398, longitude=133.775136, confirmed=29457, dead=910, recovered=26381, updated='2021-04-15T10:00:07'}
14:16:39.664 [main] INFO  StringConverter - adding element: Country{location='Hungary', countryCode='hu', latitude=47.162494, longitude=19.5033041, confirmed=736982, dead=24521, recovered=440498, updated='2021-04-15T10:00:07'}
14:16:39.664 [main] INFO  StringConverter - adding element: Country{location='Panama', countryCode='pa', latitude=8.537981, longitude=-80.782127, confirmed=359516, dead=6177, recovered=349318, updated='2021-04-15T10:00:07'}
14:16:39.664 [main] INFO  StringConverter - adding element: Country{location='Ecuador', countryCode='ec', latitude=-1.831239, longitude=-78.18340599999999, confirmed=350539, dead=17400, recovered=298604, updated='2021-04-15T10:00:07'}
14:16:39.664 [main] INFO  StringConverter - adding element: Country{location='Georgia', countryCode='ge', latitude=32.1656221, longitude=-82.9000751, confirmed=292244, dead=3908, recovered=279389, updated='2021-04-15T10:00:07'}
14:16:39.664 [main] INFO  StringConverter - adding element: Country{location='Brazil', countryCode='br', latitude=-14.235004, longitude=-51.92528, confirmed=14791434, dead=408829, recovered=13336476, updated='2021-05-04T12:00:08'}
14:16:39.665 [main] INFO  StringConverter - adding element: Country{location='Morocco', countryCode='ma', latitude=31.791702, longitude=-7.092619999999999, confirmed=503664, dead=8920, recovered=489928, updated='2021-04-15T10:00:07'}
14:16:39.665 [main] INFO  StringConverter - adding element: Country{location='Slovakia', countryCode='sk', latitude=48.669026, longitude=19.699024, confirmed=373950, dead=10877, recovered=255300, updated='2021-04-15T10:00:07'}
14:16:39.665 [main] INFO  StringConverter - adding element: Country{location='Paraguay', countryCode='py', latitude=-23.442503, longitude=-58.443832, confirmed=242161, dead=5040, recovered=198473, updated='2021-04-15T10:00:07'}
14:16:39.665 [main] INFO  StringConverter - adding element: Country{location='Egypt', countryCode='eg', latitude=26.820553, longitude=30.802498, confirmed=212961, dead=12570, recovered=161031, updated='2021-04-15T10:00:07'}
14:16:39.665 [main] INFO  StringConverter - adding element: Country{location='Qatar', countryCode='qa', latitude=25.354826, longitude=51.183884, confirmed=192963, dead=348, recovered=171388, updated='2021-04-15T10:00:07'}
14:16:39.665 [main] INFO  StringConverter - adding element: Country{location='Bahrain', countryCode='bh', latitude=26.0667, longitude=50.5577, confirmed=159964, dead=569, recovered=148093, updated='2021-04-15T10:00:07'}
14:16:39.665 [main] INFO  StringConverter - adding element: Country{location='South Korea', countryCode='kr', latitude=35.907757, longitude=127.766922, confirmed=112117, dead=1788, recovered=102513, updated='2021-04-15T10:00:07'}
14:16:39.666 [main] INFO  StringConverter - adding element: Country{location='Kyrgyzstan', countryCode='kg', latitude=41.20438, longitude=74.766098, confirmed=91144, dead=1540, recovered=86491, updated='2021-04-15T10:00:07'}
14:16:39.666 [main] INFO  StringConverter - adding element: Country{location='Bolivia', countryCode='bo', latitude=-16.290154, longitude=-63.58865299999999, confirmed=285291, dead=12519, recovered=234596, updated='2021-04-15T10:00:07'}
14:16:39.666 [main] INFO  StringConverter - adding element: Country{location='Oman', countryCode='om', latitude=21.4735329, longitude=55.975413, confirmed=176668, dead=1821, recovered=156845, updated='2021-04-15T10:00:07'}
14:16:39.666 [main] INFO  StringConverter - adding element: Country{location='Puerto Rico', countryCode='pr', latitude=18.220833, longitude=-66.590149, confirmed=80590, dead=1703, recovered=0, updated='2021-01-17T18:15:05'}
14:16:39.666 [main] INFO  StringConverter - adding element: Country{location='Guatemala', countryCode='gt', latitude=15.783471, longitude=-90.23075899999999, confirmed=207127, dead=7089, recovered=187894, updated='2021-04-15T10:00:07'}
14:16:39.666 [main] INFO  StringConverter - adding element: Country{location='Myanmar', countryCode='mm', latitude=21.916221, longitude=95.955974, confirmed=142610, dead=3206, recovered=131879, updated='2021-04-15T10:00:07'}
14:16:39.667 [main] INFO  StringConverter - adding element: Country{location='Singapore', countryCode='sg', latitude=1.352083, longitude=103.819836, confirmed=60735, dead=30, recovered=60392, updated='2021-04-15T10:00:07'}
14:16:39.667 [main] INFO  StringConverter - adding element: Country{location='Palestine', countryCode='ps', latitude=31.952162, longitude=35.233154, confirmed=274690, dead=2923, recovered=239291, updated='2021-04-15T10:00:07'}
14:16:39.667 [main] INFO  StringConverter - adding element: Country{location='Bosnia and Herzegovina', countryCode='ba', latitude=43.915886, longitude=17.679076, confirmed=186372, dead=7642, recovered=143944, updated='2021-04-15T10:00:07'}
14:16:39.667 [main] INFO  StringConverter - adding element: Country{location='Kenya', countryCode='ke', latitude=-0.023559, longitude=37.906193, confirmed=148128, dead=2420, recovered=99580, updated='2021-04-15T10:00:07'}
14:16:39.667 [main] INFO  StringConverter - adding element: Country{location='Montenegro', countryCode='me', latitude=42.708678, longitude=19.37439, confirmed=94859, dead=1405, recovered=89615, updated='2021-04-15T10:00:07'}
14:16:39.667 [main] INFO  StringConverter - adding element: Country{location='Uzbekistan', countryCode='uz', latitude=41.377491, longitude=64.585262, confirmed=85730, dead=634, recovered=83462, updated='2021-04-15T10:00:07'}
14:16:39.668 [main] INFO  StringConverter - adding element: Country{location='Malaysia', countryCode='my', latitude=4.210484, longitude=101.975766, confirmed=367977, dead=1363, recovered=349039, updated='2021-04-15T10:00:07'}
14:16:39.668 [main] INFO  StringConverter - adding element: Country{location='Kazakhstan', countryCode='kz', latitude=48.019573, longitude=66.923684, confirmed=278695, dead=3306, recovered=239448, updated='2021-04-15T10:00:07'}
14:16:39.668 [main] INFO  StringConverter - adding element: Country{location='Albania', countryCode='al', latitude=41.153332, longitude=20.168331, confirmed=128959, dead=2331, recovered=99441, updated='2021-04-15T10:00:07'}
14:16:39.668 [main] INFO  StringConverter - adding element: Country{location='Afghanistan', countryCode='af', latitude=33.93911, longitude=67.709953, confirmed=57612, dead=2535, recovered=52083, updated='2021-04-15T10:00:07'}
14:16:39.668 [main] INFO  StringConverter - adding element: Country{location='Dominican Republic', countryCode='do', latitude=18.735693, longitude=-70.162651, confirmed=259260, dead=3402, recovered=217286, updated='2021-04-15T10:00:07'}
14:16:39.668 [main] INFO  StringConverter - adding element: Country{location='Lithuania', countryCode='lt', latitude=55.169438, longitude=23.881275, confirmed=230462, dead=3730, recovered=208890, updated='2021-04-15T10:00:07'}
14:16:39.668 [main] INFO  StringConverter - adding element: Country{location='Libya', countryCode='ly', latitude=26.3351, longitude=17.228331, confirmed=170045, dead=2834, recovered=155117, updated='2021-04-15T10:00:07'}
14:16:39.669 [main] INFO  StringConverter - adding element: Country{location='Honduras', countryCode='hn', latitude=15.199999, longitude=-86.241905, confirmed=198214, dead=4905, recovered=76130, updated='2021-04-15T10:00:07'}
14:16:39.669 [main] INFO  StringConverter - adding element: Country{location='Nigeria', countryCode='ng', latitude=9.081999, longitude=8.675277, confirmed=164000, dead=2061, recovered=154270, updated='2021-04-15T10:00:07'}
14:16:39.669 [main] INFO  StringConverter - adding element: Country{location='Algeria', countryCode='dz', latitude=28.033886, longitude=1.659626, confirmed=118975, dead=3141, recovered=82929, updated='2021-04-15T10:00:07'}
14:16:39.669 [main] INFO  StringConverter - adding element: Country{location='China', countryCode='cn', latitude=35.86166, longitude=104.195397, confirmed=90457, dead=4636, recovered=85524, updated='2021-04-15T10:00:07'}
14:16:39.669 [main] INFO  StringConverter - adding element: Country{location='Lebanon', countryCode='lb', latitude=33.854721, longitude=35.862285, confirmed=502299, dead=6778, recovered=413175, updated='2021-04-15T10:00:07'}
14:16:39.669 [main] INFO  StringConverter - adding element: Country{location='Kuwait', countryCode='kw', latitude=29.31166, longitude=47.481766, confirmed=251675, dead=1423, recovered=235053, updated='2021-04-15T10:00:07'}
14:16:39.670 [main] INFO  StringConverter - adding element: Country{location='Slovenia', countryCode='si', latitude=46.151241, longitude=14.995463, confirmed=229967, dead=4142, recovered=212815, updated='2021-04-15T10:00:07'}
14:16:39.670 [main] INFO  StringConverter - adding element: Country{location='Venezuela', countryCode='ve', latitude=6.42375, longitude=-66.58973, confirmed=178094, dead=1834, recovered=160620, updated='2021-04-15T10:00:07'}
14:16:39.670 [main] INFO  StringConverter - adding element: Country{location='North Macedonia', countryCode='mk', latitude=41.608635, longitude=21.745275, confirmed=144111, dead=4322, recovered=119683, updated='2021-04-15T10:00:07'}
14:16:39.670 [main] INFO  StringConverter - adding element: Country{location='Ghana', countryCode='gh', latitude=7.946527, longitude=-1.023194, confirmed=91477, dead=763, recovered=89301, updated='2021-04-15T10:00:07'}
14:16:39.670 [main] INFO  StringConverter - adding element: Country{location='El Salvador', countryCode='sv', latitude=13.794185, longitude=-88.89653, confirmed=66956, dead=2060, recovered=63345, updated='2021-04-15T10:00:07'}
14:16:39.670 [main] INFO  StringConverter - adding element: Country{location='Greece', countryCode='gr', latitude=39.074208, longitude=21.824312, confirmed=304184, dead=9135, recovered=261176, updated='2021-04-15T10:00:07'}
14:16:39.671 [main] INFO  StringConverter - adding element: Country{location='Tunisia', countryCode='tn', latitude=33.886917, longitude=9.537499, confirmed=276727, dead=9480, recovered=229754, updated='2021-04-15T10:00:07'}
14:16:39.671 [main] INFO  StringConverter - adding element: Country{location='Mali', countryCode='ml', latitude=17.570692, longitude=-3.996166, confirmed=12467, dead=419, recovered=7238, updated='2021-04-15T10:00:07'}
14:16:39.671 [main] INFO  StringConverter - adding element: Country{location='Trinidad and Tobago', countryCode='tt', latitude=10.691803, longitude=-61.222503, confirmed=8596, dead=148, recovered=7818, updated='2021-04-15T10:00:07'}
14:16:39.671 [main] INFO  StringConverter - adding element: Country{location='Timor-Leste', countryCode='tl', latitude=-8.874217, longitude=125.727539, confirmed=1103, dead=2, recovered=564, updated='2021-04-15T10:00:07'}
14:16:39.671 [main] INFO  StringConverter - adding element: Country{location='Cameroon', countryCode='cm', latitude=7.369721999999999, longitude=12.354722, confirmed=61731, dead=919, recovered=56926, updated='2021-04-15T10:00:07'}
14:16:39.671 [main] INFO  StringConverter - adding element: Country{location='Estonia', countryCode='ee', latitude=58.595272, longitude=25.0136071, confirmed=116200, dead=1064, recovered=99096, updated='2021-04-15T10:00:07'}
14:16:39.671 [main] INFO  StringConverter - adding element: Country{location='Eswatini', countryCode='sz', latitude=-26.522503, longitude=31.465866, confirmed=18407, dead=670, recovered=17682, updated='2021-04-15T10:00:07'}
14:16:39.673 [main] INFO  StringConverter - adding element: Country{location='Cyprus', countryCode='cy', latitude=35.126413, longitude=33.429859, confirmed=53254, dead=277, recovered=39061, updated='2021-04-15T10:00:07'}
14:16:39.673 [main] INFO  StringConverter - adding element: Country{location='Uganda', countryCode='ug', latitude=1.373333, longitude=32.290275, confirmed=41237, dead=338, recovered=40779, updated='2021-04-15T10:00:07'}
14:16:39.673 [main] INFO  StringConverter - adding element: Country{location='Senegal', countryCode='sn', latitude=14.497401, longitude=-14.452362, confirmed=39560, dead=1084, recovered=38290, updated='2021-04-15T10:00:07'}
14:16:39.673 [main] INFO  StringConverter - adding element: Country{location='Hong Kong', countryCode='hk', latitude=22.3193039, longitude=114.1693611, confirmed=11619, dead=209, recovered=11246, updated='2021-04-15T10:00:07'}
14:16:39.674 [main] INFO  StringConverter - adding element: Country{location='Guyana', countryCode='gy', latitude=4.860416, longitude=-58.93018, confirmed=11374, dead=260, recovered=9880, updated='2021-04-15T10:00:07'}
14:16:39.674 [main] INFO  StringConverter - adding element: Country{location='Latvia', countryCode='lv', latitude=56.879635, longitude=24.603189, confirmed=109731, dead=2030, recovered=100464, updated='2021-04-15T10:00:07'}
14:16:39.674 [main] INFO  StringConverter - adding element: Country{location='Zambia', countryCode='zm', latitude=-13.133897, longitude=27.849332, confirmed=90389, dead=1229, recovered=88241, updated='2021-04-15T10:00:07'}
14:16:39.674 [main] INFO  StringConverter - adding element: Country{location='Namibia', countryCode='na', latitude=38.911651, longitude=-77.0412109, confirmed=46051, dead=592, recovered=44162, updated='2021-04-15T10:00:07'}
14:16:39.675 [main] INFO  StringConverter - adding element: Country{location='Thailand', countryCode='th', latitude=15.870032, longitude=100.992541, confirmed=37453, dead=97, recovered=28383, updated='2021-04-15T10:00:07'}
14:16:39.675 [main] INFO  StringConverter - adding element: Country{location='Madagascar', countryCode='mg', latitude=-18.766947, longitude=46.869107, confirmed=29348, dead=520, recovered=24695, updated='2021-04-15T10:00:07'}
14:16:39.675 [main] INFO  StringConverter - adding element: Country{location='DRC', countryCode='cd', latitude=-4.038333, longitude=21.758664, confirmed=28714, dead=745, recovered=25841, updated='2021-04-15T10:00:07'}
14:16:39.675 [main] INFO  StringConverter - adding element: Country{location='Maldives', countryCode='mv', latitude=3.202778, longitude=73.22068, confirmed=25844, dead=67, recovered=23141, updated='2021-04-15T10:00:07'}
14:16:39.678 [main] INFO  StringConverter - adding element: Country{location='Mauritania', countryCode='mr', latitude=21.00789, longitude=-10.940835, confirmed=18066, dead=452, recovered=17428, updated='2021-04-15T10:00:07'}
14:16:39.679 [main] INFO  StringConverter - adding element: Country{location='Haiti', countryCode='ht', latitude=18.971187, longitude=-72.285215, confirmed=12857, dead=251, recovered=11614, updated='2021-04-15T10:00:07'}
14:16:39.679 [main] INFO  StringConverter - adding element: Country{location='Dominica', countryCode='dm', latitude=15.414999, longitude=-61.37097600000001, confirmed=165, dead=0, recovered=159, updated='2021-04-15T10:00:07'}
14:16:39.679 [main] INFO  StringConverter - adding element: Country{location='Malawi', countryCode='mw', latitude=-13.254308, longitude=34.301525, confirmed=33891, dead=1134, recovered=31675, updated='2021-04-15T10:00:07'}
14:16:39.679 [main] INFO  StringConverter - adding element: Country{location='Fiji', countryCode='fj', latitude=-17.713371, longitude=178.065032, confirmed=68, dead=2, recovered=64, updated='2021-04-15T10:00:07'}
14:16:39.679 [main] INFO  StringConverter - adding element: Country{location='Andorra', countryCode='ad', latitude=42.506285, longitude=1.521801, confirmed=12641, dead=121, recovered=11989, updated='2021-04-15T10:00:07'}
14:16:39.680 [main] INFO  StringConverter - adding element: Country{location='Congo', countryCode='cg', latitude=-4.038333, longitude=21.758664, confirmed=10084, dead=139, recovered=8208, updated='2021-04-15T10:00:07'}
14:16:39.680 [main] INFO  StringConverter - adding element: Country{location='Cuba', countryCode='cu', latitude=21.521757, longitude=-77.781167, confirmed=89404, dead=487, recovered=84114, updated='2021-04-15T10:00:07'}
14:16:39.680 [main] INFO  StringConverter - adding element: Country{location='Cabo Verde', countryCode='cv', latitude=16.5388, longitude=-23.0418, confirmed=19525, dead=188, recovered=17645, updated='2021-04-15T10:00:07'}
14:16:39.680 [main] INFO  StringConverter - adding element: Country{location='Botswana', countryCode='bw', latitude=-22.328474, longitude=24.684866, confirmed=43444, dead=663, recovered=38923, updated='2021-04-15T10:00:07'}
14:16:39.680 [main] INFO  StringConverter - adding element: Country{location='Finland', countryCode='fi', latitude=61.92410999999999, longitude=25.7481511, confirmed=83253, dead=881, recovered=46000, updated='2021-04-15T10:00:07'}
14:16:39.681 [main] INFO  StringConverter - adding element: Country{location='French Polynesia', countryCode='pf', latitude=-17.679742, longitude=-149.406843, confirmed=18680, dead=141, recovered=4842, updated='2021-04-15T10:00:07'}
14:16:39.681 [main] INFO  StringConverter - adding element: Country{location='Belize', countryCode='bz', latitude=17.189877, longitude=-88.49765, confirmed=12522, dead=318, recovered=12140, updated='2021-04-15T10:00:07'}
14:16:39.681 [main] INFO  StringConverter - adding element: Country{location='Bahamas', countryCode='bs', latitude=25.03428, longitude=-77.39627999999999, confirmed=9505, dead=190, recovered=8965, updated='2021-04-15T10:00:07'}
14:16:39.681 [main] INFO  StringConverter - adding element: Country{location='Falkland Islands', countryCode='fk', latitude=-51.796253, longitude=-59.523613, confirmed=62, dead=0, recovered=55, updated='2021-04-15T10:00:07'}
14:16:39.682 [main] INFO  StringConverter - adding element: Country{location='Uruguay', countryCode='uy', latitude=-32.522779, longitude=-55.765835, confirmed=152089, dead=1647, recovered=119388, updated='2021-04-15T10:00:07'}
14:16:39.682 [main] INFO  StringConverter - adding element: Country{location='Jamaica', countryCode='jm', latitude=18.109581, longitude=-77.297508, confirmed=43054, dead=692, recovered=19248, updated='2021-04-15T10:00:07'}
14:16:39.682 [main] INFO  StringConverter - adding element: Country{location='Malta', countryCode='mt', latitude=35.937496, longitude=14.375416, confirmed=29778, dead=403, recovered=28797, updated='2021-04-15T10:00:07'}
14:16:39.682 [main] INFO  StringConverter - adding element: Country{location='Djibouti', countryCode='dj', latitude=11.825138, longitude=42.590275, confirmed=10202, dead=106, recovered=8591, updated='2021-04-15T10:00:07'}
14:16:39.682 [main] INFO  StringConverter - adding element: Country{location='Guinea-Bissau', countryCode='gw', latitude=11.803749, longitude=-15.180413, confirmed=3694, dead=66, recovered=3093, updated='2021-04-15T10:00:07'}
14:16:39.683 [main] INFO  StringConverter - adding element: Country{location='U.S. Virgin Islands', countryCode='vi', latitude=18.335765, longitude=-64.896335, confirmed=2260, dead=24, recovered=2120, updated='2021-01-17T18:15:05'}
14:16:39.683 [main] INFO  StringConverter - adding element: Country{location='Liechtenstein', countryCode='li', latitude=47.166, longitude=9.555373, confirmed=2770, dead=56, recovered=2646, updated='2021-04-15T10:00:07'}
14:16:39.683 [main] INFO  StringConverter - adding element: Country{location='Sint Maarten', countryCode='sx', latitude=18.04248, longitude=-63.05483, confirmed=2196, dead=27, recovered=2133, updated='2021-04-15T10:00:07'}
14:16:39.683 [main] INFO  StringConverter - adding element: Country{location='Bermuda', countryCode='bm', latitude=32.3078, longitude=-64.7505, confirmed=1935, dead=16, recovered=1051, updated='2021-04-15T10:00:07'}
14:16:39.684 [main] INFO  StringConverter - adding element: Country{location='Benin', countryCode='bj', latitude=9.30769, longitude=2.315834, confirmed=7611, dead=95, recovered=6728, updated='2021-04-15T10:00:07'}
14:16:39.684 [main] INFO  StringConverter - adding element: Country{location='Iceland', countryCode='is', latitude=64.963051, longitude=-19.020835, confirmed=6275, dead=29, recovered=6163, updated='2021-04-15T10:00:07'}
14:16:39.684 [main] INFO  StringConverter - adding element: Country{location='Yemen', countryCode='ye', latitude=15.552727, longitude=48.516388, confirmed=5582, dead=1083, recovered=2128, updated='2021-04-15T10:00:07'}
14:16:39.684 [main] INFO  StringConverter - adding element: Country{location='Gibraltar', countryCode='gi', latitude=36.140751, longitude=-5.353585, confirmed=4290, dead=94, recovered=4181, updated='2021-04-15T10:00:07'}
14:16:39.685 [main] INFO  StringConverter - adding element: Country{location='New Zealand', countryCode='nz', latitude=-40.900557, longitude=174.885971, confirmed=2591, dead=26, recovered=2464, updated='2021-04-15T10:00:07'}
14:16:39.685 [main] INFO  StringConverter - adding element: Country{location='Bhutan', countryCode='bt', latitude=27.514162, longitude=90.433601, confirmed=929, dead=1, recovered=876, updated='2021-04-15T10:00:07'}
14:16:39.685 [main] INFO  StringConverter - adding element: Country{location='Faeroe Islands', countryCode='fo', latitude=61.89263500000001, longitude=-6.9118061, confirmed=662, dead=1, recovered=660, updated='2021-04-15T10:00:07'}
14:16:39.685 [main] INFO  StringConverter - adding element: Country{location='Belarus', countryCode='by', latitude=53.709807, longitude=27.953389, confirmed=338801, dead=2383, recovered=329135, updated='2021-04-15T10:00:07'}
14:16:39.686 [main] INFO  StringConverter - adding element: Country{location='Somaliland', countryCode='05', latitude=9.411743399999999, longitude=46.8252838, confirmed=1354, dead=47, recovered=1200, updated='2021-01-17T18:15:05'}
14:16:39.686 [main] INFO  StringConverter - adding element: Country{location='Togo', countryCode='tg', latitude=8.619543, longitude=0.824782, confirmed=12214, dead=117, recovered=9543, updated='2021-04-15T10:00:07'}
14:16:39.686 [main] INFO  StringConverter - adding element: Country{location='Lesotho', countryCode='ls', latitude=-29.609988, longitude=28.233608, confirmed=10709, dead=315, recovered=5028, updated='2021-04-15T10:00:07'}
14:16:39.686 [main] INFO  StringConverter - adding element: Country{location='San Marino', countryCode='sm', latitude=43.94236, longitude=12.457777, confirmed=5004, dead=86, recovered=4625, updated='2021-04-15T10:00:07'}
14:16:39.686 [main] INFO  StringConverter - adding element: Country{location='Rwanda', countryCode='rw', latitude=-1.940278, longitude=29.873888, confirmed=23672, dead=317, recovered=21594, updated='2021-04-15T10:00:07'}
14:16:39.686 [main] INFO  StringConverter - adding element: Country{location='Suriname', countryCode='sr', latitude=3.919305, longitude=-56.027783, confirmed=9417, dead=184, recovered=8725, updated='2021-04-15T10:00:07'}
14:16:39.687 [main] INFO  StringConverter - adding element: Country{location='Liberia', countryCode='lr', latitude=6.428055, longitude=-9.429499000000002, confirmed=2042, dead=85, recovered=1899, updated='2021-04-15T10:00:07'}
14:16:39.687 [main] INFO  StringConverter - adding element: Country{location='Somalia', countryCode='so', latitude=5.152149, longitude=46.199616, confirmed=12837, dead=656, recovered=5346, updated='2021-04-15T10:00:07'}
14:16:39.687 [main] INFO  StringConverter - adding element: Country{location='South Sudan', countryCode='ss', latitude=6.876991899999999, longitude=31.3069788, confirmed=10416, dead=114, recovered=10148, updated='2021-04-15T10:00:07'}
14:16:39.687 [main] INFO  StringConverter - adding element: Country{location='Papua New Guinea', countryCode='pg', latitude=-6.314992999999999, longitude=143.95555, confirmed=8984, dead=71, recovered=846, updated='2021-04-15T10:00:07'}
14:16:39.687 [main] INFO  StringConverter - adding element: Country{location='Equatorial Guinea', countryCode='gq', latitude=1.650801, longitude=10.267895, confirmed=7259, dead=106, recovered=6885, updated='2021-04-15T10:00:07'}
14:16:39.687 [main] INFO  StringConverter - adding element: Country{location='CAR', countryCode='cf', latitude=6.611110999999999, longitude=20.939444, confirmed=5682, dead=75, recovered=5112, updated='2021-04-15T10:00:07'}
14:16:39.688 [main] INFO  StringConverter - adding element: Country{location='Chad', countryCode='td', latitude=15.454166, longitude=18.732207, confirmed=4662, dead=167, recovered=4312, updated='2021-04-15T10:00:07'}
14:16:39.688 [main] INFO  StringConverter - adding element: Country{location='Vietnam', countryCode='vn', latitude=14.058324, longitude=108.277199, confirmed=2737, dead=35, recovered=2445, updated='2021-04-15T10:00:07'}
14:16:39.688 [main] INFO  StringConverter - adding element: Country{location='Monaco', countryCode='mc', latitude=43.73841760000001, longitude=7.424615799999999, confirmed=2384, dead=31, recovered=2266, updated='2021-04-15T10:00:07'}
14:16:39.688 [main] INFO  StringConverter - adding element: Country{location='Curaçao', countryCode='cw', latitude=12.16957, longitude=-68.99002, confirmed=11581, dead=78, recovered=7666, updated='2021-04-15T10:00:07'}
14:16:39.688 [main] INFO  StringConverter - adding element: Country{location='Taiwan', countryCode='tw', latitude=23.69781, longitude=120.960515, confirmed=1068, dead=11, recovered=1031, updated='2021-04-15T10:00:07'}
14:16:39.688 [main] INFO  StringConverter - adding element: Country{location='Jersey', countryCode='je', latitude=49.2137711, longitude=-2.1357662, confirmed=2908, dead=56, recovered=2561, updated='2021-01-17T18:15:05'}
14:16:39.688 [main] INFO  StringConverter - adding element: Country{location='Luxembourg', countryCode='lu', latitude=49.815273, longitude=6.129582999999999, confirmed=64334, dead=784, recovered=60203, updated='2021-04-15T10:00:07'}
14:16:39.689 [main] INFO  StringConverter - adding element: Country{location='Aruba', countryCode='aw', latitude=12.52111, longitude=-69.968338, confirmed=10159, dead=92, recovered=9573, updated='2021-04-15T10:00:07'}
14:16:39.689 [main] INFO  StringConverter - adding element: Country{location='Niger', countryCode='ne', latitude=17.607789, longitude=8.081666, confirmed=5081, dead=189, recovered=4760, updated='2021-04-15T10:00:07'}
14:16:39.689 [main] INFO  StringConverter - adding element: Country{location='Diamond Princess', countryCode='01', latitude=40.86429589999999, longitude=-73.9614914, confirmed=712, dead=13, recovered=699, updated='2021-04-15T10:00:07'}
14:16:39.689 [main] INFO  StringConverter - adding element: Country{location='Sierra Leone', countryCode='sl', latitude=8.460555, longitude=-11.779889, confirmed=4013, dead=79, recovered=2832, updated='2021-04-15T10:00:07'}
14:16:39.689 [main] INFO  StringConverter - adding element: Country{location='Burundi', countryCode='bi', latitude=-3.373056, longitude=29.918886, confirmed=3333, dead=6, recovered=773, updated='2021-04-15T10:00:07'}
14:16:39.689 [main] INFO  StringConverter - adding element: Country{location='Seychelles', countryCode='sc', latitude=-4.679574, longitude=55.491977, confirmed=4633, dead=25, recovered=4310, updated='2021-04-15T10:00:07'}
14:16:39.689 [main] INFO  StringConverter - adding element: Country{location='Saint Pierre Miquelon', countryCode='pm', latitude=46.8852, longitude=-56.3159, confirmed=24, dead=0, recovered=24, updated='2021-04-15T10:00:07'}
14:16:39.690 [main] INFO  StringConverter - adding element: Country{location='United States', countryCode='us', latitude=37.09024, longitude=-95.712891, confirmed=33230992, dead=591514, recovered=25908684, updated='2021-05-04T12:00:08'}
14:16:39.690 [main] INFO  StringConverter - adding element: Country{location='Laos', countryCode='la', latitude=19.85627, longitude=102.495496, confirmed=53, dead=0, recovered=49, updated='2021-04-15T10:00:07'}
14:16:39.690 [main] INFO  StringConverter - adding element: Country{location='Saint Kitts and Nevis', countryCode='kn', latitude=17.357822, longitude=-62.782998, confirmed=44, dead=0, recovered=44, updated='2021-04-15T10:00:07'}
14:16:39.690 [main] INFO  StringConverter - adding element: Country{location='Romania', countryCode='ro', latitude=45.943161, longitude=24.96676, confirmed=1016449, dead=25605, recovered=920653, updated='2021-04-15T10:15:12'}
14:16:39.690 [main] INFO  StringConverter - adding element: Country{location='French Guiana', countryCode='gf', latitude=3.933889, longitude=-53.125782, confirmed=17883, dead=95, recovered=9995, updated='2021-04-15T10:00:07'}
14:16:39.690 [main] INFO  StringConverter - adding element: Country{location='Barbados', countryCode='bb', latitude=13.193887, longitude=-59.543198, confirmed=3744, dead=44, recovered=3634, updated='2021-04-15T10:00:07'}
14:16:39.690 [main] INFO  StringConverter - adding element: Country{location='Sao Tome and Principe', countryCode='st', latitude=0.18636, longitude=6.613080999999999, confirmed=2269, dead=35, recovered=2196, updated='2021-04-15T10:00:07'}
14:16:39.690 [main] INFO  StringConverter - adding element: Country{location='Macao', countryCode='mo', latitude=22.198745, longitude=113.543873, confirmed=49, dead=0, recovered=48, updated='2021-04-15T10:00:07'}
14:16:39.691 [main] INFO  StringConverter - adding element: Country{location='Montserrat', countryCode='ms', latitude=16.742498, longitude=-62.187366, confirmed=20, dead=1, recovered=19, updated='2021-04-15T10:00:07'}
14:16:39.691 [main] INFO  StringConverter - adding element: Country{location='Saint Martin', countryCode='mf', latitude=18.0708298, longitude=-63.0500809, confirmed=1693, dead=12, recovered=1399, updated='2021-04-15T10:00:07'}
14:16:39.691 [main] INFO  StringConverter - adding element: Country{location='Sint Eustatius', countryCode='bq', latitude=17.4890306, longitude=-62.973555, confirmed=18, dead=0, recovered=18, updated='2021-01-17T18:15:05'}
14:16:39.691 [main] INFO  StringConverter - adding element: Country{location='Isle of Man', countryCode='im', latitude=54.236107, longitude=-4.548056, confirmed=1575, dead=29, recovered=1445, updated='2021-04-15T10:00:07'}
14:16:39.691 [main] INFO  StringConverter - adding element: Country{location='Tanzania', countryCode='tz', latitude=-6.369028, longitude=34.888822, confirmed=509, dead=21, recovered=183, updated='2021-04-15T10:00:07'}
14:16:39.691 [main] INFO  StringConverter - adding element: Country{location='Samoa', countryCode='ws', latitude=-13.759029, longitude=-172.104629, confirmed=3, dead=0, recovered=2, updated='2021-04-15T10:00:07'}
14:16:39.691 [main] INFO  StringConverter - adding element: Country{location='Coral Princess', countryCode='11', latitude=20.5331399, longitude=-86.9387546, confirmed=12, dead=3, recovered=0, updated='2021-01-17T18:15:05'}
14:16:39.692 [main] INFO  StringConverter - adding element: Country{location='Brunei ', countryCode='bn', latitude=4.535277, longitude=114.727669, confirmed=221, dead=3, recovered=206, updated='2021-04-15T10:00:07'}
14:16:39.692 [main] INFO  StringConverter - adding element: Country{location='Japan', countryCode='jp', latitude=36.204824, longitude=138.252924, confirmed=512169, dead=9469, recovered=471007, updated='2021-04-15T10:00:07'}
14:16:39.692 [main] INFO  StringConverter - adding element: Country{location='St. Barth', countryCode='bl', latitude=17.9, longitude=-62.833333, confirmed=907, dead=1, recovered=462, updated='2021-04-15T10:00:07'}
14:16:39.692 [main] INFO  StringConverter - adding element: Country{location='Moldova', countryCode='md', latitude=47.411631, longitude=28.369885, confirmed=243365, dead=5466, recovered=226325, updated='2021-04-15T10:00:07'}
14:16:39.692 [main] INFO  StringConverter - adding element: Country{location='British Virgin Islands', countryCode='vg', latitude=18.420695, longitude=-64.639968, confirmed=178, dead=1, recovered=159, updated='2021-04-15T10:00:07'}
14:16:39.692 [main] INFO  StringConverter - adding element: Country{location='Grenada', countryCode='gd', latitude=12.1165, longitude=-61.67899999999999, confirmed=155, dead=1, recovered=152, updated='2021-04-15T10:00:07'}
14:16:39.692 [main] INFO  StringConverter - adding element: Country{location='Anguilla', countryCode='ai', latitude=18.220554, longitude=-63.06861499999999, confirmed=25, dead=0, recovered=22, updated='2021-04-15T10:00:07'}
14:16:39.692 [main] INFO  StringConverter - adding element: Country{location='New Caledonia', countryCode='nc', latitude=-20.904305, longitude=165.618042, confirmed=121, dead=0, recovered=58, updated='2021-04-15T10:00:07'}
14:16:39.693 [main] INFO  StringConverter - adding element: Country{location='Marshall Islands', countryCode='mh', latitude=7.131474, longitude=171.184478, confirmed=4, dead=0, recovered=4, updated='2021-04-15T10:00:07'}
14:16:39.693 [main] INFO  StringConverter - adding element: Country{location='Canada', countryCode='ca', latitude=56.130366, longitude=-106.346771, confirmed=1087152, dead=23445, recovered=983506, updated='2021-04-15T10:15:12'}
14:16:39.693 [main] INFO  StringConverter - adding element: Country{location='Mayotte', countryCode='yt', latitude=-12.8275, longitude=45.166244, confirmed=19757, dead=168, recovered=2964, updated='2021-04-15T10:00:07'}
14:16:39.694 [main] INFO  StringConverter - adding element: Country{location='Greenland', countryCode='gl', latitude=71.706936, longitude=-42.604303, confirmed=31, dead=0, recovered=31, updated='2021-04-15T10:00:07'}
14:16:39.694 [main] INFO  StringConverter - adding element: Country{location='Vatican City', countryCode='va', latitude=41.902916, longitude=12.453389, confirmed=27, dead=0, recovered=15, updated='2021-04-15T10:00:07'}
14:16:39.694 [main] INFO  StringConverter - adding element: Country{location='Solomon Islands', countryCode='sb', latitude=-9.64571, longitude=160.156194, confirmed=19, dead=0, recovered=18, updated='2021-04-15T10:00:07'}
14:16:39.694 [main] INFO  StringConverter - adding element: Country{location='Réunion', countryCode='re', latitude=-21.115141, longitude=55.536384, confirmed=18425, dead=135, recovered=16794, updated='2021-04-15T10:00:07'}
14:16:39.695 [main] INFO  StringConverter - adding element: Country{location='Guadeloupe', countryCode='gp', latitude=16.265, longitude=-61.55099999999999, confirmed=12717, dead=176, recovered=2242, updated='2021-04-15T10:00:07'}
14:16:39.695 [main] INFO  StringConverter - adding element: Country{location='Gambia', countryCode='gm', latitude=13.443182, longitude=-15.310139, confirmed=5682, dead=170, recovered=5165, updated='2021-04-15T10:00:07'}
14:16:39.695 [main] INFO  StringConverter - adding element: Country{location='Guernsey', countryCode='gg', latitude=49.4481982, longitude=-2.58949, confirmed=309, dead=13, recovered=288, updated='2021-01-17T18:15:05'}
14:16:39.695 [main] INFO  StringConverter - adding element: Country{location='Saint Lucia', countryCode='lc', latitude=13.909444, longitude=-60.978893, confirmed=4355, dead=64, recovered=4208, updated='2021-04-15T10:00:07'}
14:16:39.695 [main] INFO  StringConverter - adding element: Country{location='St. Vincent Grenadines', countryCode='vc', latitude=12.984305, longitude=-61.287228, confirmed=1812, dead=10, recovered=1677, updated='2021-04-15T10:00:07'}
14:16:39.696 [main] INFO  StringConverter - adding element: Country{location='Vanuatu', countryCode='vu', latitude=-15.376706, longitude=166.959158, confirmed=3, dead=0, recovered=1, updated='2021-04-15T10:00:07'}
14:16:39.696 [main] INFO  StringConverter - adding element: Country{location='Martinique', countryCode='mq', latitude=14.641528, longitude=-61.024174, confirmed=9890, dead=64, recovered=98, updated='2021-04-15T10:00:07'}
14:16:39.696 [main] INFO  StringConverter - adding element: Country{location='Cayman Islands', countryCode='ky', latitude=19.3133, longitude=-81.2546, confirmed=523, dead=2, recovered=498, updated='2021-04-15T10:00:07'}
14:16:39.697 [main] INFO  StringConverter - adding element: Country{location='Mongolia', countryCode='mn', latitude=46.862496, longitude=103.846656, confirmed=18565, dead=31, recovered=10638, updated='2021-04-15T10:00:07'}
14:16:39.697 [main] INFO  StringConverter - adding element: Country{location='Sudan', countryCode='sd', latitude=12.862807, longitude=30.217636, confirmed=31790, dead=2208, recovered=25539, updated='2021-04-15T10:00:07'}
14:16:39.697 [main] INFO  StringConverter - adding element: Country{location='Tajikistan', countryCode='tj', latitude=38.861034, longitude=71.276093, confirmed=13308, dead=90, recovered=13218, updated='2021-04-15T10:00:07'}
14:16:39.697 [main] INFO  StringConverter - adding element: Country{location='Comoros', countryCode='km', latitude=-11.6455, longitude=43.3333, confirmed=3803, dead=146, recovered=3582, updated='2021-04-15T10:00:07'}
14:16:39.698 [main] INFO  StringConverter - adding element: Country{location='Turks and Caicos', countryCode='tc', latitude=21.694025, longitude=-71.797928, confirmed=2360, dead=17, recovered=2285, updated='2021-04-15T10:00:07'}
14:16:39.698 [main] INFO  StringConverter - adding element: Country{location='Mauritius', countryCode='mu', latitude=-20.348404, longitude=57.55215200000001, confirmed=1201, dead=15, recovered=841, updated='2021-04-15T10:00:07'}
14:16:39.698 [main] INFO  StringConverter - adding element: Country{location='Philippines', countryCode='ph', latitude=12.879721, longitude=121.774017, confirmed=904285, dead=15594, recovered=705164, updated='2021-04-15T10:15:12'}
14:16:39.699 [main] INFO  StringConverter - adding element: Country{location='Israel', countryCode='il', latitude=31.046051, longitude=34.851612, confirmed=836504, dead=6312, recovered=827184, updated='2021-04-15T10:00:07'}
14:16:39.699 [main] INFO  StringConverter - adding element: Country{location='Northern Cyprus', countryCode='00', latitude=35.2480359, longitude=33.6577243, confirmed=1850, dead=11, recovered=1602, updated='2021-01-17T18:15:05'}
14:16:39.699 [main] INFO  StringConverter - adding element: Country{location='Bangladesh', countryCode='bd', latitude=23.684994, longitude=90.356331, confirmed=703170, dead=9987, recovered=591299, updated='2021-04-15T10:00:07'}
14:16:39.700 [main] INFO  StringConverter - adding element: Country{location='Sweden', countryCode='se', latitude=60.12816100000001, longitude=18.643501, confirmed=885385, dead=13720, recovered=0, updated='2021-04-15T10:00:07'}
14:16:39.700 [main] INFO  StringConverter - adding element: Country{location='Serbia', countryCode='rs', latitude=44.016521, longitude=21.005859, confirmed=651899, dead=5846, recovered=571312, updated='2021-04-15T10:00:07'}
14:16:39.700 [main] INFO  StringConverter - adding element: Country{location='Denmark', countryCode='dk', latitude=56.26392, longitude=9.501785, confirmed=239532, dead=2447, recovered=228685, updated='2021-04-15T10:00:07'}
14:16:39.700 [main] INFO  StringConverter - adding element: Country{location='Switzerland', countryCode='ch', latitude=46.818188, longitude=8.227511999999999, confirmed=627968, dead=10488, recovered=563438, updated='2021-04-15T10:00:07'}
14:16:39.701 [main] INFO  StringConverter - adding element: Country{location='Ireland', countryCode='ie', latitude=53.1423672, longitude=-7.692053599999999, confirmed=242105, dead=4812, recovered=222851, updated='2021-04-15T10:00:07'}
14:16:39.701 [main] INFO  StringConverter - adding element: Country{location='Ethiopia', countryCode='et', latitude=9.145000000000001, longitude=40.489673, confirmed=234405, dead=3252, recovered=174591, updated='2021-04-15T10:00:07'}
14:16:39.701 [main] INFO  StringConverter - adding element: Country{location='Costa Rica', countryCode='cr', latitude=9.748916999999999, longitude=-83.753428, confirmed=225343, dead=3044, recovered=196060, updated='2021-04-15T10:00:07'}
14:16:39.701 [main] INFO  StringConverter - adding element: Country{location='Armenia', countryCode='am', latitude=40.069099, longitude=45.038189, confirmed=206142, dead=3817, recovered=185125, updated='2021-04-15T10:00:07'}
14:16:39.701 [main] INFO  StringConverter - adding element: Country{location='Sri Lanka', countryCode='lk', latitude=7.873053999999999, longitude=80.77179699999999, confirmed=95737, dead=604, recovered=92151, updated='2021-04-15T10:00:07'}
14:16:39.701 [main] INFO  StringConverter - adding element: Country{location='Mozambique', countryCode='mz', latitude=-18.665695, longitude=35.529562, confirmed=68927, dead=794, recovered=59972, updated='2021-04-15T10:00:07'}
14:16:39.701 [main] INFO  StringConverter - adding element: Country{location='Artsakh', countryCode='12', latitude=26.0434384, longitude=-80.2777081, confirmed=1130, dead=30, recovered=337, updated='2021-01-17T18:15:05'}
14:16:39.702 [main] INFO  StringConverter - adding element: Country{location='Ivory Coast', countryCode='ci', latitude=7.539988999999999, longitude=-5.547079999999999, confirmed=45388, dead=271, recovered=44833, updated='2021-04-15T10:00:07'}
14:16:39.702 [main] INFO  StringConverter - adding element: Country{location='Cambodia', countryCode='kh', latitude=12.565679, longitude=104.990963, confirmed=5218, dead=36, recovered=2319, updated='2021-04-15T10:00:07'}
14:16:39.702 [main] INFO  StringConverter - adding element: Country{location='Antigua and Barbuda', countryCode='ag', latitude=17.060816, longitude=-61.796428, confirmed=1209, dead=31, recovered=947, updated='2021-04-15T10:00:07'}
14:16:39.702 [main] INFO  StringConverter - adding element: Country{location='USS Theodore Roosevelt', countryCode='09', latitude=0.0, longitude=0.0, confirmed=1102, dead=1, recovered=751, updated='2021-01-17T18:15:05'}
14:16:39.702 [main] INFO  StringConverter - adding element: Country{location='Northern Mariana Islands ', countryCode='mp', latitude=15.0979, longitude=145.6739, confirmed=122, dead=2, recovered=32, updated='2021-01-17T18:15:05'}
14:16:39.702 [main] INFO  StringConverter - adding element: Country{location='Iraq', countryCode='iq', latitude=33.223191, longitude=43.679291, confirmed=949050, dead=14836, recovered=831519, updated='2021-04-15T10:15:12'}
14:16:39.702 [main] INFO  StringConverter - adding element: Country{location='Zimbabwe', countryCode='zw', latitude=-19.015438, longitude=29.154857, confirmed=37369, dead=1548, recovered=34946, updated='2021-04-15T10:00:07'}
14:16:39.703 [main] INFO  StringConverter - adding element: Country{location='Kosovo', countryCode='xk', latitude=42.6026359, longitude=20.902977, confirmed=55498, dead=1405, recovered=48990, updated='2021-01-17T18:15:05'}
14:16:39.703 [main] INFO  StringConverter - adding element: Country{location='Nicaragua', countryCode='ni', latitude=12.865416, longitude=-85.207229, confirmed=6778, dead=180, recovered=4225, updated='2021-04-15T10:00:07'}
14:16:39.703 [main] INFO  StringConverter - adding element: Country{location='Burkina Faso', countryCode='bf', latitude=12.238333, longitude=-1.561593, confirmed=13050, dead=154, recovered=12689, updated='2021-04-15T10:00:07'}
14:16:39.703 [main] INFO  StringConverter - adding element: Country{location='Eritrea', countryCode='er', latitude=15.179384, longitude=39.782334, confirmed=3479, dead=10, recovered=3273, updated='2021-04-15T10:00:07'}
14:16:39.704 [main] INFO  StringConverter - adding element: Country{location='MS Zaandam', countryCode='03', latitude=0.0, longitude=0.0, confirmed=9, dead=2, recovered=7, updated='2021-04-15T10:00:07'}
14:16:39.704 [main] INFO  StringConverter - adding element: Country{location='Abkhazia', countryCode='06', latitude=43.0015544, longitude=41.023407, confirmed=7504, dead=100, recovered=5545, updated='2021-01-17T18:15:05'}
14:16:39.704 [main] INFO  StringConverter - adding element: Country{location='Guam', countryCode='gu', latitude=13.444304, longitude=144.793731, confirmed=7257, dead=121, recovered=6707, updated='2021-01-17T18:15:05'}
14:16:39.704 [main] INFO  StringConverter - adding element: Country{location='Pakistan', countryCode='pk', latitude=30.375321, longitude=69.34511599999999, confirmed=739818, dead=15872, recovered=646652, updated='2021-04-15T10:00:07'}
14:16:39.704 [main] INFO  StringConverter - adding element: Country{location='Norway', countryCode='no', latitude=60.47202399999999, longitude=8.468945999999999, confirmed=105607, dead=706, recovered=88952, updated='2021-04-15T10:00:07'}
14:17:20.616 [main] INFO  StringConverter - starting to convert elements
14:17:20.740 [main] INFO  StringConverter - adding element: Country{location='Iran', countryCode='ir', latitude=32.427908, longitude=53.688046, confirmed=2168872, dead=65680, recovered=1749041, updated='2021-04-15T14:15:07'}
14:17:20.741 [main] INFO  StringConverter - adding element: Country{location='Germany', countryCode='de', latitude=51.165691, longitude=10.451526, confirmed=3064382, dead=79813, recovered=2736100, updated='2021-04-15T14:15:07'}
14:17:20.742 [main] INFO  StringConverter - adding element: Country{location='Russia', countryCode='ru', latitude=61.52401, longitude=105.318756, confirmed=4675153, dead=104398, recovered=4301448, updated='2021-04-15T14:15:07'}
14:17:20.744 [main] INFO  StringConverter - adding element: Country{location='Nepal', countryCode='np', latitude=28.394857, longitude=84.12400799999999, confirmed=281564, dead=3061, recovered=274447, updated='2021-04-15T10:00:07'}
14:17:20.745 [main] INFO  StringConverter - adding element: Country{location='Saudi Arabia', countryCode='sa', latitude=23.885942, longitude=45.079162, confirmed=401157, dead=6781, recovered=385441, updated='2021-04-15T10:00:07'}
14:17:20.746 [main] INFO  StringConverter - adding element: Country{location='Argentina', countryCode='ar', latitude=-38.416097, longitude=-63.61667199999999, confirmed=2604157, dead=58542, recovered=2278486, updated='2021-04-15T14:15:07'}
14:17:20.746 [main] INFO  StringConverter - adding element: Country{location='Austria', countryCode='at', latitude=47.516231, longitude=14.550072, confirmed=586883, dead=9813, recovered=547604, updated='2021-04-15T10:00:07'}
14:17:20.746 [main] INFO  StringConverter - adding element: Country{location='Jordan', countryCode='jo', latitude=36.1500042, longitude=-95.9882368, confirmed=676175, dead=7987, recovered=617096, updated='2021-04-15T10:00:07'}
14:17:20.747 [main] INFO  StringConverter - adding element: Country{location='Angola', countryCode='ao', latitude=-11.202692, longitude=17.873887, confirmed=23841, dead=557, recovered=22144, updated='2021-04-15T10:00:07'}
14:17:20.747 [main] INFO  StringConverter - adding element: Country{location='Netherlands', countryCode='nl', latitude=52.132633, longitude=5.291265999999999, confirmed=1369411, dead=16848, recovered=0, updated='2021-04-15T10:15:12'}
14:17:20.747 [main] INFO  StringConverter - adding element: Country{location='Bulgaria', countryCode='bg', latitude=42.733883, longitude=25.48583, confirmed=380576, dead=14871, recovered=296998, updated='2021-04-15T10:00:07'}
14:17:20.748 [main] INFO  StringConverter - adding element: Country{location='India', countryCode='in', latitude=20.593684, longitude=78.96288, confirmed=20282833, dead=222408, recovered=16613292, updated='2021-05-04T12:00:08'}
14:17:20.748 [main] INFO  StringConverter - adding element: Country{location='South Africa', countryCode='za', latitude=-30.559482, longitude=22.937506, confirmed=1584961, dead=103, recovered=1486873, updated='2021-05-04T12:05:07'}
14:17:20.748 [main] INFO  StringConverter - adding element: Country{location='Italy', countryCode='it', latitude=41.87194, longitude=12.56738, confirmed=3809193, dead=115557, recovered=3178976, updated='2021-04-15T14:15:07'}
14:17:20.749 [main] INFO  StringConverter - adding element: Country{location='France', countryCode='fr', latitude=46.227638, longitude=2.213749, confirmed=5149834, dead=99777, recovered=315152, updated='2021-04-15T14:15:07'}
14:17:20.749 [main] INFO  StringConverter - adding element: Country{location='Belgium', countryCode='be', latitude=50.503887, longitude=4.469936, confirmed=935316, dead=23603, recovered=60320, updated='2021-04-15T10:15:12'}
14:17:20.750 [main] INFO  StringConverter - adding element: Country{location='Peru', countryCode='pe', latitude=-9.189967, longitude=-75.015152, confirmed=1667737, dead=55812, recovered=1592937, updated='2021-04-15T14:15:07'}
14:17:20.751 [main] INFO  StringConverter - adding element: Country{location='Ukraine', countryCode='ua', latitude=48.379433, longitude=31.1655799, confirmed=1903765, dead=38658, recovered=1453766, updated='2021-04-15T14:15:07'}
14:17:20.752 [main] INFO  StringConverter - adding element: Country{location='UK', countryCode='gb', latitude=55.378051, longitude=-3.435973, confirmed=4378305, dead=127161, recovered=4113338, updated='2021-04-15T14:15:07'}
14:17:20.753 [main] INFO  StringConverter - adding element: Country{location='Syria', countryCode='sy', latitude=34.80207499999999, longitude=38.996815, confirmed=20555, dead=1402, recovered=14335, updated='2021-04-15T10:00:07'}
14:17:20.754 [main] INFO  StringConverter - adding element: Country{location='Azerbaijan', countryCode='az', latitude=40.143105, longitude=47.576927, confirmed=291894, dead=4009, recovered=255833, updated='2021-04-15T10:00:07'}
14:17:20.754 [main] INFO  StringConverter - adding element: Country{location='Colombia', countryCode='co', latitude=4.570868, longitude=-74.297333, confirmed=2585801, dead=66819, recovered=2419265, updated='2021-04-15T14:15:07'}
14:17:20.755 [main] INFO  StringConverter - adding element: Country{location='Indonesia', countryCode='id', latitude=-0.789275, longitude=113.921327, confirmed=1589359, dead=43073, recovered=1438254, updated='2021-04-15T14:15:07'}
14:17:20.755 [main] INFO  StringConverter - adding element: Country{location='Chile', countryCode='cl', latitude=-35.675147, longitude=-71.542969, confirmed=1094267, dead=24548, recovered=1026934, updated='2021-04-15T10:15:12'}
14:17:20.756 [main] INFO  StringConverter - adding element: Country{location='Mexico', countryCode='mx', latitude=23.634501, longitude=-102.552784, confirmed=2291246, dead=210812, recovered=1817866, updated='2021-04-15T14:15:07'}
14:17:20.756 [main] INFO  StringConverter - adding element: Country{location='Turkey', countryCode='tr', latitude=38.963745, longitude=35.243322, confirmed=4025557, dead=34734, recovered=3480146, updated='2021-04-15T14:15:07'}
14:17:20.757 [main] INFO  StringConverter - adding element: Country{location='Spain', countryCode='es', latitude=40.46366700000001, longitude=-3.74922, confirmed=3387022, dead=76756, recovered=3118437, updated='2021-04-15T14:15:07'}
14:17:20.757 [main] INFO  StringConverter - adding element: Country{location='Gabon', countryCode='ga', latitude=-0.803689, longitude=11.609444, confirmed=21566, dead=132, recovered=18219, updated='2021-04-15T10:00:07'}
14:17:20.757 [main] INFO  StringConverter - adding element: Country{location='Poland', countryCode='pl', latitude=51.919438, longitude=19.145136, confirmed=2642242, dead=60612, recovered=2238638, updated='2021-04-15T14:15:07'}
14:17:20.758 [main] INFO  StringConverter - adding element: Country{location='UAE', countryCode='ae', latitude=23.424076, longitude=53.847818, confirmed=489495, dead=1541, recovered=473398, updated='2021-04-15T10:00:07'}
14:17:20.758 [main] INFO  StringConverter - adding element: Country{location='Czechia', countryCode='cz', latitude=49.81749199999999, longitude=15.472962, confirmed=1593847, dead=28229, recovered=1483559, updated='2021-04-15T14:15:07'}
14:17:20.759 [main] INFO  StringConverter - adding element: Country{location='Guinea', countryCode='gn', latitude=9.945587, longitude=-9.696645, confirmed=21299, dead=136, recovered=18815, updated='2021-04-15T10:00:07'}
14:17:20.759 [main] INFO  StringConverter - adding element: Country{location='Croatia', countryCode='hr', latitude=45.1, longitude=15.2000001, confirmed=300900, dead=6442, recovered=279151, updated='2021-04-15T10:00:07'}
14:17:20.762 [main] INFO  StringConverter - adding element: Country{location='Portugal', countryCode='pt', latitude=39.39987199999999, longitude=-8.224454, confirmed=828857, dead=16931, recovered=786469, updated='2021-04-15T10:00:07'}
14:17:20.763 [main] INFO  StringConverter - adding element: Country{location='Australia', countryCode='au', latitude=-25.274398, longitude=133.775136, confirmed=29457, dead=910, recovered=26381, updated='2021-04-15T10:00:07'}
14:17:20.764 [main] INFO  StringConverter - adding element: Country{location='Hungary', countryCode='hu', latitude=47.162494, longitude=19.5033041, confirmed=736982, dead=24521, recovered=440498, updated='2021-04-15T10:00:07'}
14:17:20.764 [main] INFO  StringConverter - adding element: Country{location='Panama', countryCode='pa', latitude=8.537981, longitude=-80.782127, confirmed=359516, dead=6177, recovered=349318, updated='2021-04-15T10:00:07'}
14:17:20.765 [main] INFO  StringConverter - adding element: Country{location='Ecuador', countryCode='ec', latitude=-1.831239, longitude=-78.18340599999999, confirmed=350539, dead=17400, recovered=298604, updated='2021-04-15T10:00:07'}
14:17:20.765 [main] INFO  StringConverter - adding element: Country{location='Georgia', countryCode='ge', latitude=32.1656221, longitude=-82.9000751, confirmed=292244, dead=3908, recovered=279389, updated='2021-04-15T10:00:07'}
14:17:20.765 [main] INFO  StringConverter - adding element: Country{location='Brazil', countryCode='br', latitude=-14.235004, longitude=-51.92528, confirmed=14791434, dead=408829, recovered=13336476, updated='2021-05-04T12:00:08'}
14:17:20.766 [main] INFO  StringConverter - adding element: Country{location='Morocco', countryCode='ma', latitude=31.791702, longitude=-7.092619999999999, confirmed=503664, dead=8920, recovered=489928, updated='2021-04-15T10:00:07'}
14:17:20.766 [main] INFO  StringConverter - adding element: Country{location='Slovakia', countryCode='sk', latitude=48.669026, longitude=19.699024, confirmed=373950, dead=10877, recovered=255300, updated='2021-04-15T10:00:07'}
14:17:20.768 [main] INFO  StringConverter - adding element: Country{location='Paraguay', countryCode='py', latitude=-23.442503, longitude=-58.443832, confirmed=242161, dead=5040, recovered=198473, updated='2021-04-15T10:00:07'}
14:17:20.770 [main] INFO  StringConverter - adding element: Country{location='Egypt', countryCode='eg', latitude=26.820553, longitude=30.802498, confirmed=212961, dead=12570, recovered=161031, updated='2021-04-15T10:00:07'}
14:17:20.771 [main] INFO  StringConverter - adding element: Country{location='Qatar', countryCode='qa', latitude=25.354826, longitude=51.183884, confirmed=192963, dead=348, recovered=171388, updated='2021-04-15T10:00:07'}
14:17:20.772 [main] INFO  StringConverter - adding element: Country{location='Bahrain', countryCode='bh', latitude=26.0667, longitude=50.5577, confirmed=159964, dead=569, recovered=148093, updated='2021-04-15T10:00:07'}
14:17:20.773 [main] INFO  StringConverter - adding element: Country{location='South Korea', countryCode='kr', latitude=35.907757, longitude=127.766922, confirmed=112117, dead=1788, recovered=102513, updated='2021-04-15T10:00:07'}
14:17:20.773 [main] INFO  StringConverter - adding element: Country{location='Kyrgyzstan', countryCode='kg', latitude=41.20438, longitude=74.766098, confirmed=91144, dead=1540, recovered=86491, updated='2021-04-15T10:00:07'}
14:17:20.774 [main] INFO  StringConverter - adding element: Country{location='Bolivia', countryCode='bo', latitude=-16.290154, longitude=-63.58865299999999, confirmed=285291, dead=12519, recovered=234596, updated='2021-04-15T10:00:07'}
14:17:20.774 [main] INFO  StringConverter - adding element: Country{location='Oman', countryCode='om', latitude=21.4735329, longitude=55.975413, confirmed=176668, dead=1821, recovered=156845, updated='2021-04-15T10:00:07'}
14:17:20.774 [main] INFO  StringConverter - adding element: Country{location='Puerto Rico', countryCode='pr', latitude=18.220833, longitude=-66.590149, confirmed=80590, dead=1703, recovered=0, updated='2021-01-17T18:15:05'}
14:17:20.775 [main] INFO  StringConverter - adding element: Country{location='Guatemala', countryCode='gt', latitude=15.783471, longitude=-90.23075899999999, confirmed=207127, dead=7089, recovered=187894, updated='2021-04-15T10:00:07'}
14:17:20.776 [main] INFO  StringConverter - adding element: Country{location='Myanmar', countryCode='mm', latitude=21.916221, longitude=95.955974, confirmed=142610, dead=3206, recovered=131879, updated='2021-04-15T10:00:07'}
14:17:20.776 [main] INFO  StringConverter - adding element: Country{location='Singapore', countryCode='sg', latitude=1.352083, longitude=103.819836, confirmed=60735, dead=30, recovered=60392, updated='2021-04-15T10:00:07'}
14:17:20.777 [main] INFO  StringConverter - adding element: Country{location='Palestine', countryCode='ps', latitude=31.952162, longitude=35.233154, confirmed=274690, dead=2923, recovered=239291, updated='2021-04-15T10:00:07'}
14:17:20.777 [main] INFO  StringConverter - adding element: Country{location='Bosnia and Herzegovina', countryCode='ba', latitude=43.915886, longitude=17.679076, confirmed=186372, dead=7642, recovered=143944, updated='2021-04-15T10:00:07'}
14:17:20.778 [main] INFO  StringConverter - adding element: Country{location='Kenya', countryCode='ke', latitude=-0.023559, longitude=37.906193, confirmed=148128, dead=2420, recovered=99580, updated='2021-04-15T10:00:07'}
14:17:20.778 [main] INFO  StringConverter - adding element: Country{location='Montenegro', countryCode='me', latitude=42.708678, longitude=19.37439, confirmed=94859, dead=1405, recovered=89615, updated='2021-04-15T10:00:07'}
14:17:20.778 [main] INFO  StringConverter - adding element: Country{location='Uzbekistan', countryCode='uz', latitude=41.377491, longitude=64.585262, confirmed=85730, dead=634, recovered=83462, updated='2021-04-15T10:00:07'}
14:17:20.778 [main] INFO  StringConverter - adding element: Country{location='Malaysia', countryCode='my', latitude=4.210484, longitude=101.975766, confirmed=367977, dead=1363, recovered=349039, updated='2021-04-15T10:00:07'}
14:17:20.779 [main] INFO  StringConverter - adding element: Country{location='Kazakhstan', countryCode='kz', latitude=48.019573, longitude=66.923684, confirmed=278695, dead=3306, recovered=239448, updated='2021-04-15T10:00:07'}
14:17:20.779 [main] INFO  StringConverter - adding element: Country{location='Albania', countryCode='al', latitude=41.153332, longitude=20.168331, confirmed=128959, dead=2331, recovered=99441, updated='2021-04-15T10:00:07'}
14:17:20.779 [main] INFO  StringConverter - adding element: Country{location='Afghanistan', countryCode='af', latitude=33.93911, longitude=67.709953, confirmed=57612, dead=2535, recovered=52083, updated='2021-04-15T10:00:07'}
14:17:20.780 [main] INFO  StringConverter - adding element: Country{location='Dominican Republic', countryCode='do', latitude=18.735693, longitude=-70.162651, confirmed=259260, dead=3402, recovered=217286, updated='2021-04-15T10:00:07'}
14:17:20.780 [main] INFO  StringConverter - adding element: Country{location='Lithuania', countryCode='lt', latitude=55.169438, longitude=23.881275, confirmed=230462, dead=3730, recovered=208890, updated='2021-04-15T10:00:07'}
14:17:20.780 [main] INFO  StringConverter - adding element: Country{location='Libya', countryCode='ly', latitude=26.3351, longitude=17.228331, confirmed=170045, dead=2834, recovered=155117, updated='2021-04-15T10:00:07'}
14:17:20.780 [main] INFO  StringConverter - adding element: Country{location='Honduras', countryCode='hn', latitude=15.199999, longitude=-86.241905, confirmed=198214, dead=4905, recovered=76130, updated='2021-04-15T10:00:07'}
14:17:20.781 [main] INFO  StringConverter - adding element: Country{location='Nigeria', countryCode='ng', latitude=9.081999, longitude=8.675277, confirmed=164000, dead=2061, recovered=154270, updated='2021-04-15T10:00:07'}
14:17:20.781 [main] INFO  StringConverter - adding element: Country{location='Algeria', countryCode='dz', latitude=28.033886, longitude=1.659626, confirmed=118975, dead=3141, recovered=82929, updated='2021-04-15T10:00:07'}
14:17:20.781 [main] INFO  StringConverter - adding element: Country{location='China', countryCode='cn', latitude=35.86166, longitude=104.195397, confirmed=90457, dead=4636, recovered=85524, updated='2021-04-15T10:00:07'}
14:17:20.781 [main] INFO  StringConverter - adding element: Country{location='Lebanon', countryCode='lb', latitude=33.854721, longitude=35.862285, confirmed=502299, dead=6778, recovered=413175, updated='2021-04-15T10:00:07'}
14:17:20.782 [main] INFO  StringConverter - adding element: Country{location='Kuwait', countryCode='kw', latitude=29.31166, longitude=47.481766, confirmed=251675, dead=1423, recovered=235053, updated='2021-04-15T10:00:07'}
14:17:20.782 [main] INFO  StringConverter - adding element: Country{location='Slovenia', countryCode='si', latitude=46.151241, longitude=14.995463, confirmed=229967, dead=4142, recovered=212815, updated='2021-04-15T10:00:07'}
14:17:20.783 [main] INFO  StringConverter - adding element: Country{location='Venezuela', countryCode='ve', latitude=6.42375, longitude=-66.58973, confirmed=178094, dead=1834, recovered=160620, updated='2021-04-15T10:00:07'}
14:17:20.783 [main] INFO  StringConverter - adding element: Country{location='North Macedonia', countryCode='mk', latitude=41.608635, longitude=21.745275, confirmed=144111, dead=4322, recovered=119683, updated='2021-04-15T10:00:07'}
14:17:20.784 [main] INFO  StringConverter - adding element: Country{location='Ghana', countryCode='gh', latitude=7.946527, longitude=-1.023194, confirmed=91477, dead=763, recovered=89301, updated='2021-04-15T10:00:07'}
14:17:20.785 [main] INFO  StringConverter - adding element: Country{location='El Salvador', countryCode='sv', latitude=13.794185, longitude=-88.89653, confirmed=66956, dead=2060, recovered=63345, updated='2021-04-15T10:00:07'}
14:17:20.785 [main] INFO  StringConverter - adding element: Country{location='Greece', countryCode='gr', latitude=39.074208, longitude=21.824312, confirmed=304184, dead=9135, recovered=261176, updated='2021-04-15T10:00:07'}
14:17:20.786 [main] INFO  StringConverter - adding element: Country{location='Tunisia', countryCode='tn', latitude=33.886917, longitude=9.537499, confirmed=276727, dead=9480, recovered=229754, updated='2021-04-15T10:00:07'}
14:17:20.786 [main] INFO  StringConverter - adding element: Country{location='Mali', countryCode='ml', latitude=17.570692, longitude=-3.996166, confirmed=12467, dead=419, recovered=7238, updated='2021-04-15T10:00:07'}
14:17:20.786 [main] INFO  StringConverter - adding element: Country{location='Trinidad and Tobago', countryCode='tt', latitude=10.691803, longitude=-61.222503, confirmed=8596, dead=148, recovered=7818, updated='2021-04-15T10:00:07'}
14:17:20.787 [main] INFO  StringConverter - adding element: Country{location='Timor-Leste', countryCode='tl', latitude=-8.874217, longitude=125.727539, confirmed=1103, dead=2, recovered=564, updated='2021-04-15T10:00:07'}
14:17:20.787 [main] INFO  StringConverter - adding element: Country{location='Cameroon', countryCode='cm', latitude=7.369721999999999, longitude=12.354722, confirmed=61731, dead=919, recovered=56926, updated='2021-04-15T10:00:07'}
14:17:20.787 [main] INFO  StringConverter - adding element: Country{location='Estonia', countryCode='ee', latitude=58.595272, longitude=25.0136071, confirmed=116200, dead=1064, recovered=99096, updated='2021-04-15T10:00:07'}
14:17:20.787 [main] INFO  StringConverter - adding element: Country{location='Eswatini', countryCode='sz', latitude=-26.522503, longitude=31.465866, confirmed=18407, dead=670, recovered=17682, updated='2021-04-15T10:00:07'}
14:17:20.788 [main] INFO  StringConverter - adding element: Country{location='Cyprus', countryCode='cy', latitude=35.126413, longitude=33.429859, confirmed=53254, dead=277, recovered=39061, updated='2021-04-15T10:00:07'}
14:17:20.788 [main] INFO  StringConverter - adding element: Country{location='Uganda', countryCode='ug', latitude=1.373333, longitude=32.290275, confirmed=41237, dead=338, recovered=40779, updated='2021-04-15T10:00:07'}
14:17:20.788 [main] INFO  StringConverter - adding element: Country{location='Senegal', countryCode='sn', latitude=14.497401, longitude=-14.452362, confirmed=39560, dead=1084, recovered=38290, updated='2021-04-15T10:00:07'}
14:17:20.788 [main] INFO  StringConverter - adding element: Country{location='Hong Kong', countryCode='hk', latitude=22.3193039, longitude=114.1693611, confirmed=11619, dead=209, recovered=11246, updated='2021-04-15T10:00:07'}
14:17:20.789 [main] INFO  StringConverter - adding element: Country{location='Guyana', countryCode='gy', latitude=4.860416, longitude=-58.93018, confirmed=11374, dead=260, recovered=9880, updated='2021-04-15T10:00:07'}
14:17:20.789 [main] INFO  StringConverter - adding element: Country{location='Latvia', countryCode='lv', latitude=56.879635, longitude=24.603189, confirmed=109731, dead=2030, recovered=100464, updated='2021-04-15T10:00:07'}
14:17:20.789 [main] INFO  StringConverter - adding element: Country{location='Zambia', countryCode='zm', latitude=-13.133897, longitude=27.849332, confirmed=90389, dead=1229, recovered=88241, updated='2021-04-15T10:00:07'}
14:17:20.789 [main] INFO  StringConverter - adding element: Country{location='Namibia', countryCode='na', latitude=38.911651, longitude=-77.0412109, confirmed=46051, dead=592, recovered=44162, updated='2021-04-15T10:00:07'}
14:17:20.790 [main] INFO  StringConverter - adding element: Country{location='Thailand', countryCode='th', latitude=15.870032, longitude=100.992541, confirmed=37453, dead=97, recovered=28383, updated='2021-04-15T10:00:07'}
14:17:20.790 [main] INFO  StringConverter - adding element: Country{location='Madagascar', countryCode='mg', latitude=-18.766947, longitude=46.869107, confirmed=29348, dead=520, recovered=24695, updated='2021-04-15T10:00:07'}
14:17:20.790 [main] INFO  StringConverter - adding element: Country{location='DRC', countryCode='cd', latitude=-4.038333, longitude=21.758664, confirmed=28714, dead=745, recovered=25841, updated='2021-04-15T10:00:07'}
14:17:20.790 [main] INFO  StringConverter - adding element: Country{location='Maldives', countryCode='mv', latitude=3.202778, longitude=73.22068, confirmed=25844, dead=67, recovered=23141, updated='2021-04-15T10:00:07'}
14:17:20.791 [main] INFO  StringConverter - adding element: Country{location='Mauritania', countryCode='mr', latitude=21.00789, longitude=-10.940835, confirmed=18066, dead=452, recovered=17428, updated='2021-04-15T10:00:07'}
14:17:20.791 [main] INFO  StringConverter - adding element: Country{location='Haiti', countryCode='ht', latitude=18.971187, longitude=-72.285215, confirmed=12857, dead=251, recovered=11614, updated='2021-04-15T10:00:07'}
14:17:20.791 [main] INFO  StringConverter - adding element: Country{location='Dominica', countryCode='dm', latitude=15.414999, longitude=-61.37097600000001, confirmed=165, dead=0, recovered=159, updated='2021-04-15T10:00:07'}
14:17:20.791 [main] INFO  StringConverter - adding element: Country{location='Malawi', countryCode='mw', latitude=-13.254308, longitude=34.301525, confirmed=33891, dead=1134, recovered=31675, updated='2021-04-15T10:00:07'}
14:17:20.792 [main] INFO  StringConverter - adding element: Country{location='Fiji', countryCode='fj', latitude=-17.713371, longitude=178.065032, confirmed=68, dead=2, recovered=64, updated='2021-04-15T10:00:07'}
14:17:20.792 [main] INFO  StringConverter - adding element: Country{location='Andorra', countryCode='ad', latitude=42.506285, longitude=1.521801, confirmed=12641, dead=121, recovered=11989, updated='2021-04-15T10:00:07'}
14:17:20.793 [main] INFO  StringConverter - adding element: Country{location='Congo', countryCode='cg', latitude=-4.038333, longitude=21.758664, confirmed=10084, dead=139, recovered=8208, updated='2021-04-15T10:00:07'}
14:17:20.794 [main] INFO  StringConverter - adding element: Country{location='Cuba', countryCode='cu', latitude=21.521757, longitude=-77.781167, confirmed=89404, dead=487, recovered=84114, updated='2021-04-15T10:00:07'}
14:17:20.794 [main] INFO  StringConverter - adding element: Country{location='Cabo Verde', countryCode='cv', latitude=16.5388, longitude=-23.0418, confirmed=19525, dead=188, recovered=17645, updated='2021-04-15T10:00:07'}
14:17:20.794 [main] INFO  StringConverter - adding element: Country{location='Botswana', countryCode='bw', latitude=-22.328474, longitude=24.684866, confirmed=43444, dead=663, recovered=38923, updated='2021-04-15T10:00:07'}
14:17:20.794 [main] INFO  StringConverter - adding element: Country{location='Finland', countryCode='fi', latitude=61.92410999999999, longitude=25.7481511, confirmed=83253, dead=881, recovered=46000, updated='2021-04-15T10:00:07'}
14:17:20.794 [main] INFO  StringConverter - adding element: Country{location='French Polynesia', countryCode='pf', latitude=-17.679742, longitude=-149.406843, confirmed=18680, dead=141, recovered=4842, updated='2021-04-15T10:00:07'}
14:17:20.795 [main] INFO  StringConverter - adding element: Country{location='Belize', countryCode='bz', latitude=17.189877, longitude=-88.49765, confirmed=12522, dead=318, recovered=12140, updated='2021-04-15T10:00:07'}
14:17:20.795 [main] INFO  StringConverter - adding element: Country{location='Bahamas', countryCode='bs', latitude=25.03428, longitude=-77.39627999999999, confirmed=9505, dead=190, recovered=8965, updated='2021-04-15T10:00:07'}
14:17:20.795 [main] INFO  StringConverter - adding element: Country{location='Falkland Islands', countryCode='fk', latitude=-51.796253, longitude=-59.523613, confirmed=62, dead=0, recovered=55, updated='2021-04-15T10:00:07'}
14:17:20.795 [main] INFO  StringConverter - adding element: Country{location='Uruguay', countryCode='uy', latitude=-32.522779, longitude=-55.765835, confirmed=152089, dead=1647, recovered=119388, updated='2021-04-15T10:00:07'}
14:17:20.795 [main] INFO  StringConverter - adding element: Country{location='Jamaica', countryCode='jm', latitude=18.109581, longitude=-77.297508, confirmed=43054, dead=692, recovered=19248, updated='2021-04-15T10:00:07'}
14:17:20.796 [main] INFO  StringConverter - adding element: Country{location='Malta', countryCode='mt', latitude=35.937496, longitude=14.375416, confirmed=29778, dead=403, recovered=28797, updated='2021-04-15T10:00:07'}
14:17:20.796 [main] INFO  StringConverter - adding element: Country{location='Djibouti', countryCode='dj', latitude=11.825138, longitude=42.590275, confirmed=10202, dead=106, recovered=8591, updated='2021-04-15T10:00:07'}
14:17:20.796 [main] INFO  StringConverter - adding element: Country{location='Guinea-Bissau', countryCode='gw', latitude=11.803749, longitude=-15.180413, confirmed=3694, dead=66, recovered=3093, updated='2021-04-15T10:00:07'}
14:17:20.797 [main] INFO  StringConverter - adding element: Country{location='U.S. Virgin Islands', countryCode='vi', latitude=18.335765, longitude=-64.896335, confirmed=2260, dead=24, recovered=2120, updated='2021-01-17T18:15:05'}
14:17:20.797 [main] INFO  StringConverter - adding element: Country{location='Liechtenstein', countryCode='li', latitude=47.166, longitude=9.555373, confirmed=2770, dead=56, recovered=2646, updated='2021-04-15T10:00:07'}
14:17:20.797 [main] INFO  StringConverter - adding element: Country{location='Sint Maarten', countryCode='sx', latitude=18.04248, longitude=-63.05483, confirmed=2196, dead=27, recovered=2133, updated='2021-04-15T10:00:07'}
14:17:20.797 [main] INFO  StringConverter - adding element: Country{location='Bermuda', countryCode='bm', latitude=32.3078, longitude=-64.7505, confirmed=1935, dead=16, recovered=1051, updated='2021-04-15T10:00:07'}
14:17:20.798 [main] INFO  StringConverter - adding element: Country{location='Benin', countryCode='bj', latitude=9.30769, longitude=2.315834, confirmed=7611, dead=95, recovered=6728, updated='2021-04-15T10:00:07'}
14:17:20.798 [main] INFO  StringConverter - adding element: Country{location='Iceland', countryCode='is', latitude=64.963051, longitude=-19.020835, confirmed=6275, dead=29, recovered=6163, updated='2021-04-15T10:00:07'}
14:17:20.798 [main] INFO  StringConverter - adding element: Country{location='Yemen', countryCode='ye', latitude=15.552727, longitude=48.516388, confirmed=5582, dead=1083, recovered=2128, updated='2021-04-15T10:00:07'}
14:17:20.799 [main] INFO  StringConverter - adding element: Country{location='Gibraltar', countryCode='gi', latitude=36.140751, longitude=-5.353585, confirmed=4290, dead=94, recovered=4181, updated='2021-04-15T10:00:07'}
14:17:20.799 [main] INFO  StringConverter - adding element: Country{location='New Zealand', countryCode='nz', latitude=-40.900557, longitude=174.885971, confirmed=2591, dead=26, recovered=2464, updated='2021-04-15T10:00:07'}
14:17:20.799 [main] INFO  StringConverter - adding element: Country{location='Bhutan', countryCode='bt', latitude=27.514162, longitude=90.433601, confirmed=929, dead=1, recovered=876, updated='2021-04-15T10:00:07'}
14:17:20.800 [main] INFO  StringConverter - adding element: Country{location='Faeroe Islands', countryCode='fo', latitude=61.89263500000001, longitude=-6.9118061, confirmed=662, dead=1, recovered=660, updated='2021-04-15T10:00:07'}
14:17:20.800 [main] INFO  StringConverter - adding element: Country{location='Belarus', countryCode='by', latitude=53.709807, longitude=27.953389, confirmed=338801, dead=2383, recovered=329135, updated='2021-04-15T10:00:07'}
14:17:20.800 [main] INFO  StringConverter - adding element: Country{location='Somaliland', countryCode='05', latitude=9.411743399999999, longitude=46.8252838, confirmed=1354, dead=47, recovered=1200, updated='2021-01-17T18:15:05'}
14:17:20.801 [main] INFO  StringConverter - adding element: Country{location='Togo', countryCode='tg', latitude=8.619543, longitude=0.824782, confirmed=12214, dead=117, recovered=9543, updated='2021-04-15T10:00:07'}
14:17:20.801 [main] INFO  StringConverter - adding element: Country{location='Lesotho', countryCode='ls', latitude=-29.609988, longitude=28.233608, confirmed=10709, dead=315, recovered=5028, updated='2021-04-15T10:00:07'}
14:17:20.802 [main] INFO  StringConverter - adding element: Country{location='San Marino', countryCode='sm', latitude=43.94236, longitude=12.457777, confirmed=5004, dead=86, recovered=4625, updated='2021-04-15T10:00:07'}
14:17:20.802 [main] INFO  StringConverter - adding element: Country{location='Rwanda', countryCode='rw', latitude=-1.940278, longitude=29.873888, confirmed=23672, dead=317, recovered=21594, updated='2021-04-15T10:00:07'}
14:17:20.803 [main] INFO  StringConverter - adding element: Country{location='Suriname', countryCode='sr', latitude=3.919305, longitude=-56.027783, confirmed=9417, dead=184, recovered=8725, updated='2021-04-15T10:00:07'}
14:17:20.803 [main] INFO  StringConverter - adding element: Country{location='Liberia', countryCode='lr', latitude=6.428055, longitude=-9.429499000000002, confirmed=2042, dead=85, recovered=1899, updated='2021-04-15T10:00:07'}
14:17:20.803 [main] INFO  StringConverter - adding element: Country{location='Somalia', countryCode='so', latitude=5.152149, longitude=46.199616, confirmed=12837, dead=656, recovered=5346, updated='2021-04-15T10:00:07'}
14:17:20.803 [main] INFO  StringConverter - adding element: Country{location='South Sudan', countryCode='ss', latitude=6.876991899999999, longitude=31.3069788, confirmed=10416, dead=114, recovered=10148, updated='2021-04-15T10:00:07'}
14:17:20.804 [main] INFO  StringConverter - adding element: Country{location='Papua New Guinea', countryCode='pg', latitude=-6.314992999999999, longitude=143.95555, confirmed=8984, dead=71, recovered=846, updated='2021-04-15T10:00:07'}
14:17:20.804 [main] INFO  StringConverter - adding element: Country{location='Equatorial Guinea', countryCode='gq', latitude=1.650801, longitude=10.267895, confirmed=7259, dead=106, recovered=6885, updated='2021-04-15T10:00:07'}
14:17:20.804 [main] INFO  StringConverter - adding element: Country{location='CAR', countryCode='cf', latitude=6.611110999999999, longitude=20.939444, confirmed=5682, dead=75, recovered=5112, updated='2021-04-15T10:00:07'}
14:17:20.804 [main] INFO  StringConverter - adding element: Country{location='Chad', countryCode='td', latitude=15.454166, longitude=18.732207, confirmed=4662, dead=167, recovered=4312, updated='2021-04-15T10:00:07'}
14:17:20.804 [main] INFO  StringConverter - adding element: Country{location='Vietnam', countryCode='vn', latitude=14.058324, longitude=108.277199, confirmed=2737, dead=35, recovered=2445, updated='2021-04-15T10:00:07'}
14:17:20.805 [main] INFO  StringConverter - adding element: Country{location='Monaco', countryCode='mc', latitude=43.73841760000001, longitude=7.424615799999999, confirmed=2384, dead=31, recovered=2266, updated='2021-04-15T10:00:07'}
14:17:20.805 [main] INFO  StringConverter - adding element: Country{location='Curaçao', countryCode='cw', latitude=12.16957, longitude=-68.99002, confirmed=11581, dead=78, recovered=7666, updated='2021-04-15T10:00:07'}
14:17:20.805 [main] INFO  StringConverter - adding element: Country{location='Taiwan', countryCode='tw', latitude=23.69781, longitude=120.960515, confirmed=1068, dead=11, recovered=1031, updated='2021-04-15T10:00:07'}
14:17:20.805 [main] INFO  StringConverter - adding element: Country{location='Jersey', countryCode='je', latitude=49.2137711, longitude=-2.1357662, confirmed=2908, dead=56, recovered=2561, updated='2021-01-17T18:15:05'}
14:17:20.806 [main] INFO  StringConverter - adding element: Country{location='Luxembourg', countryCode='lu', latitude=49.815273, longitude=6.129582999999999, confirmed=64334, dead=784, recovered=60203, updated='2021-04-15T10:00:07'}
14:17:20.806 [main] INFO  StringConverter - adding element: Country{location='Aruba', countryCode='aw', latitude=12.52111, longitude=-69.968338, confirmed=10159, dead=92, recovered=9573, updated='2021-04-15T10:00:07'}
14:17:20.806 [main] INFO  StringConverter - adding element: Country{location='Niger', countryCode='ne', latitude=17.607789, longitude=8.081666, confirmed=5081, dead=189, recovered=4760, updated='2021-04-15T10:00:07'}
14:17:20.806 [main] INFO  StringConverter - adding element: Country{location='Diamond Princess', countryCode='01', latitude=40.86429589999999, longitude=-73.9614914, confirmed=712, dead=13, recovered=699, updated='2021-04-15T10:00:07'}
14:17:20.807 [main] INFO  StringConverter - adding element: Country{location='Sierra Leone', countryCode='sl', latitude=8.460555, longitude=-11.779889, confirmed=4013, dead=79, recovered=2832, updated='2021-04-15T10:00:07'}
14:17:20.807 [main] INFO  StringConverter - adding element: Country{location='Burundi', countryCode='bi', latitude=-3.373056, longitude=29.918886, confirmed=3333, dead=6, recovered=773, updated='2021-04-15T10:00:07'}
14:17:20.808 [main] INFO  StringConverter - adding element: Country{location='Seychelles', countryCode='sc', latitude=-4.679574, longitude=55.491977, confirmed=4633, dead=25, recovered=4310, updated='2021-04-15T10:00:07'}
14:17:20.808 [main] INFO  StringConverter - adding element: Country{location='Saint Pierre Miquelon', countryCode='pm', latitude=46.8852, longitude=-56.3159, confirmed=24, dead=0, recovered=24, updated='2021-04-15T10:00:07'}
14:17:20.809 [main] INFO  StringConverter - adding element: Country{location='United States', countryCode='us', latitude=37.09024, longitude=-95.712891, confirmed=33230992, dead=591514, recovered=25908684, updated='2021-05-04T12:00:08'}
14:17:20.809 [main] INFO  StringConverter - adding element: Country{location='Laos', countryCode='la', latitude=19.85627, longitude=102.495496, confirmed=53, dead=0, recovered=49, updated='2021-04-15T10:00:07'}
14:17:20.809 [main] INFO  StringConverter - adding element: Country{location='Saint Kitts and Nevis', countryCode='kn', latitude=17.357822, longitude=-62.782998, confirmed=44, dead=0, recovered=44, updated='2021-04-15T10:00:07'}
14:17:20.809 [main] INFO  StringConverter - adding element: Country{location='Romania', countryCode='ro', latitude=45.943161, longitude=24.96676, confirmed=1016449, dead=25605, recovered=920653, updated='2021-04-15T10:15:12'}
14:17:20.810 [main] INFO  StringConverter - adding element: Country{location='French Guiana', countryCode='gf', latitude=3.933889, longitude=-53.125782, confirmed=17883, dead=95, recovered=9995, updated='2021-04-15T10:00:07'}
14:17:20.810 [main] INFO  StringConverter - adding element: Country{location='Barbados', countryCode='bb', latitude=13.193887, longitude=-59.543198, confirmed=3744, dead=44, recovered=3634, updated='2021-04-15T10:00:07'}
14:17:20.810 [main] INFO  StringConverter - adding element: Country{location='Sao Tome and Principe', countryCode='st', latitude=0.18636, longitude=6.613080999999999, confirmed=2269, dead=35, recovered=2196, updated='2021-04-15T10:00:07'}
14:17:20.810 [main] INFO  StringConverter - adding element: Country{location='Macao', countryCode='mo', latitude=22.198745, longitude=113.543873, confirmed=49, dead=0, recovered=48, updated='2021-04-15T10:00:07'}
14:17:20.811 [main] INFO  StringConverter - adding element: Country{location='Montserrat', countryCode='ms', latitude=16.742498, longitude=-62.187366, confirmed=20, dead=1, recovered=19, updated='2021-04-15T10:00:07'}
14:17:20.811 [main] INFO  StringConverter - adding element: Country{location='Saint Martin', countryCode='mf', latitude=18.0708298, longitude=-63.0500809, confirmed=1693, dead=12, recovered=1399, updated='2021-04-15T10:00:07'}
14:17:20.812 [main] INFO  StringConverter - adding element: Country{location='Sint Eustatius', countryCode='bq', latitude=17.4890306, longitude=-62.973555, confirmed=18, dead=0, recovered=18, updated='2021-01-17T18:15:05'}
14:17:20.812 [main] INFO  StringConverter - adding element: Country{location='Isle of Man', countryCode='im', latitude=54.236107, longitude=-4.548056, confirmed=1575, dead=29, recovered=1445, updated='2021-04-15T10:00:07'}
14:17:20.812 [main] INFO  StringConverter - adding element: Country{location='Tanzania', countryCode='tz', latitude=-6.369028, longitude=34.888822, confirmed=509, dead=21, recovered=183, updated='2021-04-15T10:00:07'}
14:17:20.812 [main] INFO  StringConverter - adding element: Country{location='Samoa', countryCode='ws', latitude=-13.759029, longitude=-172.104629, confirmed=3, dead=0, recovered=2, updated='2021-04-15T10:00:07'}
14:17:20.813 [main] INFO  StringConverter - adding element: Country{location='Coral Princess', countryCode='11', latitude=20.5331399, longitude=-86.9387546, confirmed=12, dead=3, recovered=0, updated='2021-01-17T18:15:05'}
14:17:20.813 [main] INFO  StringConverter - adding element: Country{location='Brunei ', countryCode='bn', latitude=4.535277, longitude=114.727669, confirmed=221, dead=3, recovered=206, updated='2021-04-15T10:00:07'}
14:17:20.813 [main] INFO  StringConverter - adding element: Country{location='Japan', countryCode='jp', latitude=36.204824, longitude=138.252924, confirmed=512169, dead=9469, recovered=471007, updated='2021-04-15T10:00:07'}
14:17:20.813 [main] INFO  StringConverter - adding element: Country{location='St. Barth', countryCode='bl', latitude=17.9, longitude=-62.833333, confirmed=907, dead=1, recovered=462, updated='2021-04-15T10:00:07'}
14:17:20.814 [main] INFO  StringConverter - adding element: Country{location='Moldova', countryCode='md', latitude=47.411631, longitude=28.369885, confirmed=243365, dead=5466, recovered=226325, updated='2021-04-15T10:00:07'}
14:17:20.814 [main] INFO  StringConverter - adding element: Country{location='British Virgin Islands', countryCode='vg', latitude=18.420695, longitude=-64.639968, confirmed=178, dead=1, recovered=159, updated='2021-04-15T10:00:07'}
14:17:20.814 [main] INFO  StringConverter - adding element: Country{location='Grenada', countryCode='gd', latitude=12.1165, longitude=-61.67899999999999, confirmed=155, dead=1, recovered=152, updated='2021-04-15T10:00:07'}
14:17:20.815 [main] INFO  StringConverter - adding element: Country{location='Anguilla', countryCode='ai', latitude=18.220554, longitude=-63.06861499999999, confirmed=25, dead=0, recovered=22, updated='2021-04-15T10:00:07'}
14:17:20.815 [main] INFO  StringConverter - adding element: Country{location='New Caledonia', countryCode='nc', latitude=-20.904305, longitude=165.618042, confirmed=121, dead=0, recovered=58, updated='2021-04-15T10:00:07'}
14:17:20.815 [main] INFO  StringConverter - adding element: Country{location='Marshall Islands', countryCode='mh', latitude=7.131474, longitude=171.184478, confirmed=4, dead=0, recovered=4, updated='2021-04-15T10:00:07'}
14:17:20.815 [main] INFO  StringConverter - adding element: Country{location='Canada', countryCode='ca', latitude=56.130366, longitude=-106.346771, confirmed=1087152, dead=23445, recovered=983506, updated='2021-04-15T10:15:12'}
14:17:20.816 [main] INFO  StringConverter - adding element: Country{location='Mayotte', countryCode='yt', latitude=-12.8275, longitude=45.166244, confirmed=19757, dead=168, recovered=2964, updated='2021-04-15T10:00:07'}
14:17:20.816 [main] INFO  StringConverter - adding element: Country{location='Greenland', countryCode='gl', latitude=71.706936, longitude=-42.604303, confirmed=31, dead=0, recovered=31, updated='2021-04-15T10:00:07'}
14:17:20.816 [main] INFO  StringConverter - adding element: Country{location='Vatican City', countryCode='va', latitude=41.902916, longitude=12.453389, confirmed=27, dead=0, recovered=15, updated='2021-04-15T10:00:07'}
14:17:20.816 [main] INFO  StringConverter - adding element: Country{location='Solomon Islands', countryCode='sb', latitude=-9.64571, longitude=160.156194, confirmed=19, dead=0, recovered=18, updated='2021-04-15T10:00:07'}
14:17:20.817 [main] INFO  StringConverter - adding element: Country{location='Réunion', countryCode='re', latitude=-21.115141, longitude=55.536384, confirmed=18425, dead=135, recovered=16794, updated='2021-04-15T10:00:07'}
14:17:20.817 [main] INFO  StringConverter - adding element: Country{location='Guadeloupe', countryCode='gp', latitude=16.265, longitude=-61.55099999999999, confirmed=12717, dead=176, recovered=2242, updated='2021-04-15T10:00:07'}
14:17:20.817 [main] INFO  StringConverter - adding element: Country{location='Gambia', countryCode='gm', latitude=13.443182, longitude=-15.310139, confirmed=5682, dead=170, recovered=5165, updated='2021-04-15T10:00:07'}
14:17:20.818 [main] INFO  StringConverter - adding element: Country{location='Guernsey', countryCode='gg', latitude=49.4481982, longitude=-2.58949, confirmed=309, dead=13, recovered=288, updated='2021-01-17T18:15:05'}
14:17:20.818 [main] INFO  StringConverter - adding element: Country{location='Saint Lucia', countryCode='lc', latitude=13.909444, longitude=-60.978893, confirmed=4355, dead=64, recovered=4208, updated='2021-04-15T10:00:07'}
14:17:20.818 [main] INFO  StringConverter - adding element: Country{location='St. Vincent Grenadines', countryCode='vc', latitude=12.984305, longitude=-61.287228, confirmed=1812, dead=10, recovered=1677, updated='2021-04-15T10:00:07'}
14:17:20.818 [main] INFO  StringConverter - adding element: Country{location='Vanuatu', countryCode='vu', latitude=-15.376706, longitude=166.959158, confirmed=3, dead=0, recovered=1, updated='2021-04-15T10:00:07'}
14:17:20.818 [main] INFO  StringConverter - adding element: Country{location='Martinique', countryCode='mq', latitude=14.641528, longitude=-61.024174, confirmed=9890, dead=64, recovered=98, updated='2021-04-15T10:00:07'}
14:17:20.819 [main] INFO  StringConverter - adding element: Country{location='Cayman Islands', countryCode='ky', latitude=19.3133, longitude=-81.2546, confirmed=523, dead=2, recovered=498, updated='2021-04-15T10:00:07'}
14:17:20.819 [main] INFO  StringConverter - adding element: Country{location='Mongolia', countryCode='mn', latitude=46.862496, longitude=103.846656, confirmed=18565, dead=31, recovered=10638, updated='2021-04-15T10:00:07'}
14:17:20.819 [main] INFO  StringConverter - adding element: Country{location='Sudan', countryCode='sd', latitude=12.862807, longitude=30.217636, confirmed=31790, dead=2208, recovered=25539, updated='2021-04-15T10:00:07'}
14:17:20.819 [main] INFO  StringConverter - adding element: Country{location='Tajikistan', countryCode='tj', latitude=38.861034, longitude=71.276093, confirmed=13308, dead=90, recovered=13218, updated='2021-04-15T10:00:07'}
14:17:20.819 [main] INFO  StringConverter - adding element: Country{location='Comoros', countryCode='km', latitude=-11.6455, longitude=43.3333, confirmed=3803, dead=146, recovered=3582, updated='2021-04-15T10:00:07'}
14:17:20.819 [main] INFO  StringConverter - adding element: Country{location='Turks and Caicos', countryCode='tc', latitude=21.694025, longitude=-71.797928, confirmed=2360, dead=17, recovered=2285, updated='2021-04-15T10:00:07'}
14:17:20.820 [main] INFO  StringConverter - adding element: Country{location='Mauritius', countryCode='mu', latitude=-20.348404, longitude=57.55215200000001, confirmed=1201, dead=15, recovered=841, updated='2021-04-15T10:00:07'}
14:17:20.820 [main] INFO  StringConverter - adding element: Country{location='Philippines', countryCode='ph', latitude=12.879721, longitude=121.774017, confirmed=904285, dead=15594, recovered=705164, updated='2021-04-15T10:15:12'}
14:17:20.820 [main] INFO  StringConverter - adding element: Country{location='Israel', countryCode='il', latitude=31.046051, longitude=34.851612, confirmed=836504, dead=6312, recovered=827184, updated='2021-04-15T10:00:07'}
14:17:20.820 [main] INFO  StringConverter - adding element: Country{location='Northern Cyprus', countryCode='00', latitude=35.2480359, longitude=33.6577243, confirmed=1850, dead=11, recovered=1602, updated='2021-01-17T18:15:05'}
14:17:20.820 [main] INFO  StringConverter - adding element: Country{location='Bangladesh', countryCode='bd', latitude=23.684994, longitude=90.356331, confirmed=703170, dead=9987, recovered=591299, updated='2021-04-15T10:00:07'}
14:17:20.821 [main] INFO  StringConverter - adding element: Country{location='Sweden', countryCode='se', latitude=60.12816100000001, longitude=18.643501, confirmed=885385, dead=13720, recovered=0, updated='2021-04-15T10:00:07'}
14:17:20.825 [main] INFO  StringConverter - adding element: Country{location='Serbia', countryCode='rs', latitude=44.016521, longitude=21.005859, confirmed=651899, dead=5846, recovered=571312, updated='2021-04-15T10:00:07'}
14:17:20.826 [main] INFO  StringConverter - adding element: Country{location='Denmark', countryCode='dk', latitude=56.26392, longitude=9.501785, confirmed=239532, dead=2447, recovered=228685, updated='2021-04-15T10:00:07'}
14:17:20.826 [main] INFO  StringConverter - adding element: Country{location='Switzerland', countryCode='ch', latitude=46.818188, longitude=8.227511999999999, confirmed=627968, dead=10488, recovered=563438, updated='2021-04-15T10:00:07'}
14:17:20.827 [main] INFO  StringConverter - adding element: Country{location='Ireland', countryCode='ie', latitude=53.1423672, longitude=-7.692053599999999, confirmed=242105, dead=4812, recovered=222851, updated='2021-04-15T10:00:07'}
14:17:20.827 [main] INFO  StringConverter - adding element: Country{location='Ethiopia', countryCode='et', latitude=9.145000000000001, longitude=40.489673, confirmed=234405, dead=3252, recovered=174591, updated='2021-04-15T10:00:07'}
14:17:20.827 [main] INFO  StringConverter - adding element: Country{location='Costa Rica', countryCode='cr', latitude=9.748916999999999, longitude=-83.753428, confirmed=225343, dead=3044, recovered=196060, updated='2021-04-15T10:00:07'}
14:17:20.827 [main] INFO  StringConverter - adding element: Country{location='Armenia', countryCode='am', latitude=40.069099, longitude=45.038189, confirmed=206142, dead=3817, recovered=185125, updated='2021-04-15T10:00:07'}
14:17:20.828 [main] INFO  StringConverter - adding element: Country{location='Sri Lanka', countryCode='lk', latitude=7.873053999999999, longitude=80.77179699999999, confirmed=95737, dead=604, recovered=92151, updated='2021-04-15T10:00:07'}
14:17:20.828 [main] INFO  StringConverter - adding element: Country{location='Mozambique', countryCode='mz', latitude=-18.665695, longitude=35.529562, confirmed=68927, dead=794, recovered=59972, updated='2021-04-15T10:00:07'}
14:17:20.828 [main] INFO  StringConverter - adding element: Country{location='Artsakh', countryCode='12', latitude=26.0434384, longitude=-80.2777081, confirmed=1130, dead=30, recovered=337, updated='2021-01-17T18:15:05'}
14:17:20.828 [main] INFO  StringConverter - adding element: Country{location='Ivory Coast', countryCode='ci', latitude=7.539988999999999, longitude=-5.547079999999999, confirmed=45388, dead=271, recovered=44833, updated='2021-04-15T10:00:07'}
14:17:20.828 [main] INFO  StringConverter - adding element: Country{location='Cambodia', countryCode='kh', latitude=12.565679, longitude=104.990963, confirmed=5218, dead=36, recovered=2319, updated='2021-04-15T10:00:07'}
14:17:20.828 [main] INFO  StringConverter - adding element: Country{location='Antigua and Barbuda', countryCode='ag', latitude=17.060816, longitude=-61.796428, confirmed=1209, dead=31, recovered=947, updated='2021-04-15T10:00:07'}
14:17:20.828 [main] INFO  StringConverter - adding element: Country{location='USS Theodore Roosevelt', countryCode='09', latitude=0.0, longitude=0.0, confirmed=1102, dead=1, recovered=751, updated='2021-01-17T18:15:05'}
14:17:20.828 [main] INFO  StringConverter - adding element: Country{location='Northern Mariana Islands ', countryCode='mp', latitude=15.0979, longitude=145.6739, confirmed=122, dead=2, recovered=32, updated='2021-01-17T18:15:05'}
14:17:20.828 [main] INFO  StringConverter - adding element: Country{location='Iraq', countryCode='iq', latitude=33.223191, longitude=43.679291, confirmed=949050, dead=14836, recovered=831519, updated='2021-04-15T10:15:12'}
14:17:20.829 [main] INFO  StringConverter - adding element: Country{location='Zimbabwe', countryCode='zw', latitude=-19.015438, longitude=29.154857, confirmed=37369, dead=1548, recovered=34946, updated='2021-04-15T10:00:07'}
14:17:20.829 [main] INFO  StringConverter - adding element: Country{location='Kosovo', countryCode='xk', latitude=42.6026359, longitude=20.902977, confirmed=55498, dead=1405, recovered=48990, updated='2021-01-17T18:15:05'}
14:17:20.830 [main] INFO  StringConverter - adding element: Country{location='Nicaragua', countryCode='ni', latitude=12.865416, longitude=-85.207229, confirmed=6778, dead=180, recovered=4225, updated='2021-04-15T10:00:07'}
14:17:20.830 [main] INFO  StringConverter - adding element: Country{location='Burkina Faso', countryCode='bf', latitude=12.238333, longitude=-1.561593, confirmed=13050, dead=154, recovered=12689, updated='2021-04-15T10:00:07'}
14:17:20.830 [main] INFO  StringConverter - adding element: Country{location='Eritrea', countryCode='er', latitude=15.179384, longitude=39.782334, confirmed=3479, dead=10, recovered=3273, updated='2021-04-15T10:00:07'}
14:17:20.831 [main] INFO  StringConverter - adding element: Country{location='MS Zaandam', countryCode='03', latitude=0.0, longitude=0.0, confirmed=9, dead=2, recovered=7, updated='2021-04-15T10:00:07'}
14:17:20.831 [main] INFO  StringConverter - adding element: Country{location='Abkhazia', countryCode='06', latitude=43.0015544, longitude=41.023407, confirmed=7504, dead=100, recovered=5545, updated='2021-01-17T18:15:05'}
14:17:20.831 [main] INFO  StringConverter - adding element: Country{location='Guam', countryCode='gu', latitude=13.444304, longitude=144.793731, confirmed=7257, dead=121, recovered=6707, updated='2021-01-17T18:15:05'}
14:17:20.832 [main] INFO  StringConverter - adding element: Country{location='Pakistan', countryCode='pk', latitude=30.375321, longitude=69.34511599999999, confirmed=739818, dead=15872, recovered=646652, updated='2021-04-15T10:00:07'}
14:17:20.833 [main] INFO  StringConverter - adding element: Country{location='Norway', countryCode='no', latitude=60.47202399999999, longitude=8.468945999999999, confirmed=105607, dead=706, recovered=88952, updated='2021-04-15T10:00:07'}
14:19:53.586 [main] INFO  StringConverter - starting to convert elements
14:19:53.595 [main] INFO  StringConverter - starting to convert elements
14:19:53.677 [main] INFO  StringConverter - adding element: Country{location='Iran', countryCode='ir', latitude=32.427908, longitude=53.688046, confirmed=2168872, dead=65680, recovered=1749041, updated='2021-04-15T14:15:07'}
14:19:53.696 [main] INFO  StringConverter - starting to convert elements
14:19:53.697 [main] INFO  StringConverter - adding element: Country{location='Iran', countryCode='ir', latitude=32.427908, longitude=53.688046, confirmed=2168872, dead=65680, recovered=1749041, updated='2021-04-15T14:15:07'}
14:19:53.703 [main] ERROR StringConverter - could not convert element at position 1
java.lang.NullPointerException: null
	at StringConverter.convert(StringConverter.java:47)
	at StringConverterTest.testConvertWithWrongInput(StringConverterTest.java:69)
	at java.base/jdk.internal.reflect.NativeMethodAccessorImpl.invoke0(Native Method)
	at java.base/jdk.internal.reflect.NativeMethodAccessorImpl.invoke(NativeMethodAccessorImpl.java:62)
	at java.base/jdk.internal.reflect.DelegatingMethodAccessorImpl.invoke(DelegatingMethodAccessorImpl.java:43)
	at java.base/java.lang.reflect.Method.invoke(Method.java:566)
	at org.junit.platform.commons.util.ReflectionUtils.invokeMethod(ReflectionUtils.java:436)
	at org.junit.jupiter.engine.execution.ExecutableInvoker.invoke(ExecutableInvoker.java:115)
	at org.junit.jupiter.engine.descriptor.TestMethodTestDescriptor.lambda$invokeTestMethod$6(TestMethodTestDescriptor.java:170)
	at org.junit.jupiter.engine.execution.ThrowableCollector.execute(ThrowableCollector.java:40)
	at org.junit.jupiter.engine.descriptor.TestMethodTestDescriptor.invokeTestMethod(TestMethodTestDescriptor.java:166)
	at org.junit.jupiter.engine.descriptor.TestMethodTestDescriptor.execute(TestMethodTestDescriptor.java:113)
	at org.junit.jupiter.engine.descriptor.TestMethodTestDescriptor.execute(TestMethodTestDescriptor.java:58)
	at org.junit.platform.engine.support.hierarchical.HierarchicalTestExecutor$NodeExecutor.lambda$executeRecursively$3(HierarchicalTestExecutor.java:112)
	at org.junit.platform.engine.support.hierarchical.SingleTestExecutor.executeSafely(SingleTestExecutor.java:66)
	at org.junit.platform.engine.support.hierarchical.HierarchicalTestExecutor$NodeExecutor.executeRecursively(HierarchicalTestExecutor.java:108)
	at org.junit.platform.engine.support.hierarchical.HierarchicalTestExecutor$NodeExecutor.execute(HierarchicalTestExecutor.java:79)
	at org.junit.platform.engine.support.hierarchical.HierarchicalTestExecutor$NodeExecutor.lambda$executeRecursively$2(HierarchicalTestExecutor.java:120)
	at java.base/java.util.stream.ForEachOps$ForEachOp$OfRef.accept(ForEachOps.java:183)
	at java.base/java.util.stream.ReferencePipeline$2$1.accept(ReferencePipeline.java:177)
	at java.base/java.util.Iterator.forEachRemaining(Iterator.java:133)
	at java.base/java.util.Spliterators$IteratorSpliterator.forEachRemaining(Spliterators.java:1801)
	at java.base/java.util.stream.AbstractPipeline.copyInto(AbstractPipeline.java:484)
	at java.base/java.util.stream.AbstractPipeline.wrapAndCopyInto(AbstractPipeline.java:474)
	at java.base/java.util.stream.ForEachOps$ForEachOp.evaluateSequential(ForEachOps.java:150)
	at java.base/java.util.stream.ForEachOps$ForEachOp$OfRef.evaluateSequential(ForEachOps.java:173)
	at java.base/java.util.stream.AbstractPipeline.evaluate(AbstractPipeline.java:234)
	at java.base/java.util.stream.ReferencePipeline.forEach(ReferencePipeline.java:497)
	at org.junit.platform.engine.support.hierarchical.HierarchicalTestExecutor$NodeExecutor.lambda$executeRecursively$3(HierarchicalTestExecutor.java:120)
	at org.junit.platform.engine.support.hierarchical.SingleTestExecutor.executeSafely(SingleTestExecutor.java:66)
	at org.junit.platform.engine.support.hierarchical.HierarchicalTestExecutor$NodeExecutor.executeRecursively(HierarchicalTestExecutor.java:108)
	at org.junit.platform.engine.support.hierarchical.HierarchicalTestExecutor$NodeExecutor.execute(HierarchicalTestExecutor.java:79)
	at org.junit.platform.engine.support.hierarchical.HierarchicalTestExecutor$NodeExecutor.lambda$executeRecursively$2(HierarchicalTestExecutor.java:120)
	at java.base/java.util.stream.ForEachOps$ForEachOp$OfRef.accept(ForEachOps.java:183)
	at java.base/java.util.stream.ReferencePipeline$2$1.accept(ReferencePipeline.java:177)
	at java.base/java.util.Iterator.forEachRemaining(Iterator.java:133)
	at java.base/java.util.Spliterators$IteratorSpliterator.forEachRemaining(Spliterators.java:1801)
	at java.base/java.util.stream.AbstractPipeline.copyInto(AbstractPipeline.java:484)
	at java.base/java.util.stream.AbstractPipeline.wrapAndCopyInto(AbstractPipeline.java:474)
	at java.base/java.util.stream.ForEachOps$ForEachOp.evaluateSequential(ForEachOps.java:150)
	at java.base/java.util.stream.ForEachOps$ForEachOp$OfRef.evaluateSequential(ForEachOps.java:173)
	at java.base/java.util.stream.AbstractPipeline.evaluate(AbstractPipeline.java:234)
	at java.base/java.util.stream.ReferencePipeline.forEach(ReferencePipeline.java:497)
	at org.junit.platform.engine.support.hierarchical.HierarchicalTestExecutor$NodeExecutor.lambda$executeRecursively$3(HierarchicalTestExecutor.java:120)
	at org.junit.platform.engine.support.hierarchical.SingleTestExecutor.executeSafely(SingleTestExecutor.java:66)
	at org.junit.platform.engine.support.hierarchical.HierarchicalTestExecutor$NodeExecutor.executeRecursively(HierarchicalTestExecutor.java:108)
	at org.junit.platform.engine.support.hierarchical.HierarchicalTestExecutor$NodeExecutor.execute(HierarchicalTestExecutor.java:79)
	at org.junit.platform.engine.support.hierarchical.HierarchicalTestExecutor.execute(HierarchicalTestExecutor.java:55)
	at org.junit.platform.engine.support.hierarchical.HierarchicalTestEngine.execute(HierarchicalTestEngine.java:43)
	at org.junit.platform.launcher.core.DefaultLauncher.execute(DefaultLauncher.java:170)
	at org.junit.platform.launcher.core.DefaultLauncher.execute(DefaultLauncher.java:154)
	at org.junit.platform.launcher.core.DefaultLauncher.execute(DefaultLauncher.java:90)
	at com.intellij.junit5.JUnit5IdeaTestRunner.startRunnerWithArgs(JUnit5IdeaTestRunner.java:71)
	at com.intellij.rt.junit.IdeaTestRunner$Repeater.startRunnerWithArgs(IdeaTestRunner.java:33)
	at com.intellij.rt.junit.JUnitStarter.prepareStreamsAndStart(JUnitStarter.java:221)
	at com.intellij.rt.junit.JUnitStarter.main(JUnitStarter.java:54)
14:19:53.704 [main] INFO  StringConverter - adding element: Country{location='Russia', countryCode='ru', latitude=61.52401, longitude=105.318756, confirmed=4675153, dead=104398, recovered=4301448, updated='2021-04-15T14:15:07'}
14:20:48.043 [main] INFO  StringConverter - starting to convert elements
14:20:48.051 [main] INFO  StringConverter - starting to convert elements
14:20:48.115 [main] INFO  StringConverter - adding element: Country{location='Iran', countryCode='ir', latitude=32.427908, longitude=53.688046, confirmed=2168872, dead=65680, recovered=1749041, updated='2021-04-15T14:15:07'}
14:20:48.131 [main] INFO  StringConverter - starting to convert elements
14:20:48.132 [main] INFO  StringConverter - adding element: Country{location='Iran', countryCode='ir', latitude=32.427908, longitude=53.688046, confirmed=2168872, dead=65680, recovered=1749041, updated='2021-04-15T14:15:07'}
14:20:48.140 [main] ERROR StringConverter - could not convert element at position 1
java.lang.NullPointerException: null
	at StringConverter.convert(StringConverter.java:47)
	at StringConverterTest.testConvertWithWrongInput(StringConverterTest.java:69)
	at java.base/jdk.internal.reflect.NativeMethodAccessorImpl.invoke0(Native Method)
	at java.base/jdk.internal.reflect.NativeMethodAccessorImpl.invoke(NativeMethodAccessorImpl.java:62)
	at java.base/jdk.internal.reflect.DelegatingMethodAccessorImpl.invoke(DelegatingMethodAccessorImpl.java:43)
	at java.base/java.lang.reflect.Method.invoke(Method.java:566)
	at org.junit.platform.commons.util.ReflectionUtils.invokeMethod(ReflectionUtils.java:436)
	at org.junit.jupiter.engine.execution.ExecutableInvoker.invoke(ExecutableInvoker.java:115)
	at org.junit.jupiter.engine.descriptor.TestMethodTestDescriptor.lambda$invokeTestMethod$6(TestMethodTestDescriptor.java:170)
	at org.junit.jupiter.engine.execution.ThrowableCollector.execute(ThrowableCollector.java:40)
	at org.junit.jupiter.engine.descriptor.TestMethodTestDescriptor.invokeTestMethod(TestMethodTestDescriptor.java:166)
	at org.junit.jupiter.engine.descriptor.TestMethodTestDescriptor.execute(TestMethodTestDescriptor.java:113)
	at org.junit.jupiter.engine.descriptor.TestMethodTestDescriptor.execute(TestMethodTestDescriptor.java:58)
	at org.junit.platform.engine.support.hierarchical.HierarchicalTestExecutor$NodeExecutor.lambda$executeRecursively$3(HierarchicalTestExecutor.java:112)
	at org.junit.platform.engine.support.hierarchical.SingleTestExecutor.executeSafely(SingleTestExecutor.java:66)
	at org.junit.platform.engine.support.hierarchical.HierarchicalTestExecutor$NodeExecutor.executeRecursively(HierarchicalTestExecutor.java:108)
	at org.junit.platform.engine.support.hierarchical.HierarchicalTestExecutor$NodeExecutor.execute(HierarchicalTestExecutor.java:79)
	at org.junit.platform.engine.support.hierarchical.HierarchicalTestExecutor$NodeExecutor.lambda$executeRecursively$2(HierarchicalTestExecutor.java:120)
	at java.base/java.util.stream.ForEachOps$ForEachOp$OfRef.accept(ForEachOps.java:183)
	at java.base/java.util.stream.ReferencePipeline$2$1.accept(ReferencePipeline.java:177)
	at java.base/java.util.Iterator.forEachRemaining(Iterator.java:133)
	at java.base/java.util.Spliterators$IteratorSpliterator.forEachRemaining(Spliterators.java:1801)
	at java.base/java.util.stream.AbstractPipeline.copyInto(AbstractPipeline.java:484)
	at java.base/java.util.stream.AbstractPipeline.wrapAndCopyInto(AbstractPipeline.java:474)
	at java.base/java.util.stream.ForEachOps$ForEachOp.evaluateSequential(ForEachOps.java:150)
	at java.base/java.util.stream.ForEachOps$ForEachOp$OfRef.evaluateSequential(ForEachOps.java:173)
	at java.base/java.util.stream.AbstractPipeline.evaluate(AbstractPipeline.java:234)
	at java.base/java.util.stream.ReferencePipeline.forEach(ReferencePipeline.java:497)
	at org.junit.platform.engine.support.hierarchical.HierarchicalTestExecutor$NodeExecutor.lambda$executeRecursively$3(HierarchicalTestExecutor.java:120)
	at org.junit.platform.engine.support.hierarchical.SingleTestExecutor.executeSafely(SingleTestExecutor.java:66)
	at org.junit.platform.engine.support.hierarchical.HierarchicalTestExecutor$NodeExecutor.executeRecursively(HierarchicalTestExecutor.java:108)
	at org.junit.platform.engine.support.hierarchical.HierarchicalTestExecutor$NodeExecutor.execute(HierarchicalTestExecutor.java:79)
	at org.junit.platform.engine.support.hierarchical.HierarchicalTestExecutor$NodeExecutor.lambda$executeRecursively$2(HierarchicalTestExecutor.java:120)
	at java.base/java.util.stream.ForEachOps$ForEachOp$OfRef.accept(ForEachOps.java:183)
	at java.base/java.util.stream.ReferencePipeline$2$1.accept(ReferencePipeline.java:177)
	at java.base/java.util.Iterator.forEachRemaining(Iterator.java:133)
	at java.base/java.util.Spliterators$IteratorSpliterator.forEachRemaining(Spliterators.java:1801)
	at java.base/java.util.stream.AbstractPipeline.copyInto(AbstractPipeline.java:484)
	at java.base/java.util.stream.AbstractPipeline.wrapAndCopyInto(AbstractPipeline.java:474)
	at java.base/java.util.stream.ForEachOps$ForEachOp.evaluateSequential(ForEachOps.java:150)
	at java.base/java.util.stream.ForEachOps$ForEachOp$OfRef.evaluateSequential(ForEachOps.java:173)
	at java.base/java.util.stream.AbstractPipeline.evaluate(AbstractPipeline.java:234)
	at java.base/java.util.stream.ReferencePipeline.forEach(ReferencePipeline.java:497)
	at org.junit.platform.engine.support.hierarchical.HierarchicalTestExecutor$NodeExecutor.lambda$executeRecursively$3(HierarchicalTestExecutor.java:120)
	at org.junit.platform.engine.support.hierarchical.SingleTestExecutor.executeSafely(SingleTestExecutor.java:66)
	at org.junit.platform.engine.support.hierarchical.HierarchicalTestExecutor$NodeExecutor.executeRecursively(HierarchicalTestExecutor.java:108)
	at org.junit.platform.engine.support.hierarchical.HierarchicalTestExecutor$NodeExecutor.execute(HierarchicalTestExecutor.java:79)
	at org.junit.platform.engine.support.hierarchical.HierarchicalTestExecutor.execute(HierarchicalTestExecutor.java:55)
	at org.junit.platform.engine.support.hierarchical.HierarchicalTestEngine.execute(HierarchicalTestEngine.java:43)
	at org.junit.platform.launcher.core.DefaultLauncher.execute(DefaultLauncher.java:170)
	at org.junit.platform.launcher.core.DefaultLauncher.execute(DefaultLauncher.java:154)
	at org.junit.platform.launcher.core.DefaultLauncher.execute(DefaultLauncher.java:90)
	at com.intellij.junit5.JUnit5IdeaTestRunner.startRunnerWithArgs(JUnit5IdeaTestRunner.java:71)
	at com.intellij.rt.junit.IdeaTestRunner$Repeater.startRunnerWithArgs(IdeaTestRunner.java:33)
	at com.intellij.rt.junit.JUnitStarter.prepareStreamsAndStart(JUnitStarter.java:221)
	at com.intellij.rt.junit.JUnitStarter.main(JUnitStarter.java:54)
14:20:48.141 [main] INFO  StringConverter - adding element: Country{location='Russia', countryCode='ru', latitude=61.52401, longitude=105.318756, confirmed=4675153, dead=104398, recovered=4301448, updated='2021-04-15T14:15:07'}
14:21:25.442 [main] INFO  StringConverter - starting to convert elements
14:21:25.452 [main] INFO  StringConverter - starting to convert elements
14:21:25.507 [main] INFO  StringConverter - adding element: Country{location='Iran', countryCode='ir', latitude=32.427908, longitude=53.688046, confirmed=2168872, dead=65680, recovered=1749041, updated='2021-04-15T14:15:07'}
14:21:25.512 [main] INFO  StringConverter - starting to convert elements
14:21:25.525 [main] INFO  StringConverter - adding element: Country{location='Iran', countryCode='ir', latitude=32.427908, longitude=53.688046, confirmed=2168872, dead=65680, recovered=1749041, updated='2021-04-15T14:15:07'}
14:21:25.531 [main] ERROR StringConverter - could not convert element at position 1
java.lang.NullPointerException: null
	at StringConverter.convert(StringConverter.java:47)
	at StringConverterTest.testConvertWithWrongInput(StringConverterTest.java:69)
	at java.base/jdk.internal.reflect.NativeMethodAccessorImpl.invoke0(Native Method)
	at java.base/jdk.internal.reflect.NativeMethodAccessorImpl.invoke(NativeMethodAccessorImpl.java:62)
	at java.base/jdk.internal.reflect.DelegatingMethodAccessorImpl.invoke(DelegatingMethodAccessorImpl.java:43)
	at java.base/java.lang.reflect.Method.invoke(Method.java:566)
	at org.junit.platform.commons.util.ReflectionUtils.invokeMethod(ReflectionUtils.java:436)
	at org.junit.jupiter.engine.execution.ExecutableInvoker.invoke(ExecutableInvoker.java:115)
	at org.junit.jupiter.engine.descriptor.TestMethodTestDescriptor.lambda$invokeTestMethod$6(TestMethodTestDescriptor.java:170)
	at org.junit.jupiter.engine.execution.ThrowableCollector.execute(ThrowableCollector.java:40)
	at org.junit.jupiter.engine.descriptor.TestMethodTestDescriptor.invokeTestMethod(TestMethodTestDescriptor.java:166)
	at org.junit.jupiter.engine.descriptor.TestMethodTestDescriptor.execute(TestMethodTestDescriptor.java:113)
	at org.junit.jupiter.engine.descriptor.TestMethodTestDescriptor.execute(TestMethodTestDescriptor.java:58)
	at org.junit.platform.engine.support.hierarchical.HierarchicalTestExecutor$NodeExecutor.lambda$executeRecursively$3(HierarchicalTestExecutor.java:112)
	at org.junit.platform.engine.support.hierarchical.SingleTestExecutor.executeSafely(SingleTestExecutor.java:66)
	at org.junit.platform.engine.support.hierarchical.HierarchicalTestExecutor$NodeExecutor.executeRecursively(HierarchicalTestExecutor.java:108)
	at org.junit.platform.engine.support.hierarchical.HierarchicalTestExecutor$NodeExecutor.execute(HierarchicalTestExecutor.java:79)
	at org.junit.platform.engine.support.hierarchical.HierarchicalTestExecutor$NodeExecutor.lambda$executeRecursively$2(HierarchicalTestExecutor.java:120)
	at java.base/java.util.stream.ForEachOps$ForEachOp$OfRef.accept(ForEachOps.java:183)
	at java.base/java.util.stream.ReferencePipeline$2$1.accept(ReferencePipeline.java:177)
	at java.base/java.util.Iterator.forEachRemaining(Iterator.java:133)
	at java.base/java.util.Spliterators$IteratorSpliterator.forEachRemaining(Spliterators.java:1801)
	at java.base/java.util.stream.AbstractPipeline.copyInto(AbstractPipeline.java:484)
	at java.base/java.util.stream.AbstractPipeline.wrapAndCopyInto(AbstractPipeline.java:474)
	at java.base/java.util.stream.ForEachOps$ForEachOp.evaluateSequential(ForEachOps.java:150)
	at java.base/java.util.stream.ForEachOps$ForEachOp$OfRef.evaluateSequential(ForEachOps.java:173)
	at java.base/java.util.stream.AbstractPipeline.evaluate(AbstractPipeline.java:234)
	at java.base/java.util.stream.ReferencePipeline.forEach(ReferencePipeline.java:497)
	at org.junit.platform.engine.support.hierarchical.HierarchicalTestExecutor$NodeExecutor.lambda$executeRecursively$3(HierarchicalTestExecutor.java:120)
	at org.junit.platform.engine.support.hierarchical.SingleTestExecutor.executeSafely(SingleTestExecutor.java:66)
	at org.junit.platform.engine.support.hierarchical.HierarchicalTestExecutor$NodeExecutor.executeRecursively(HierarchicalTestExecutor.java:108)
	at org.junit.platform.engine.support.hierarchical.HierarchicalTestExecutor$NodeExecutor.execute(HierarchicalTestExecutor.java:79)
	at org.junit.platform.engine.support.hierarchical.HierarchicalTestExecutor$NodeExecutor.lambda$executeRecursively$2(HierarchicalTestExecutor.java:120)
	at java.base/java.util.stream.ForEachOps$ForEachOp$OfRef.accept(ForEachOps.java:183)
	at java.base/java.util.stream.ReferencePipeline$2$1.accept(ReferencePipeline.java:177)
	at java.base/java.util.Iterator.forEachRemaining(Iterator.java:133)
	at java.base/java.util.Spliterators$IteratorSpliterator.forEachRemaining(Spliterators.java:1801)
	at java.base/java.util.stream.AbstractPipeline.copyInto(AbstractPipeline.java:484)
	at java.base/java.util.stream.AbstractPipeline.wrapAndCopyInto(AbstractPipeline.java:474)
	at java.base/java.util.stream.ForEachOps$ForEachOp.evaluateSequential(ForEachOps.java:150)
	at java.base/java.util.stream.ForEachOps$ForEachOp$OfRef.evaluateSequential(ForEachOps.java:173)
	at java.base/java.util.stream.AbstractPipeline.evaluate(AbstractPipeline.java:234)
	at java.base/java.util.stream.ReferencePipeline.forEach(ReferencePipeline.java:497)
	at org.junit.platform.engine.support.hierarchical.HierarchicalTestExecutor$NodeExecutor.lambda$executeRecursively$3(HierarchicalTestExecutor.java:120)
	at org.junit.platform.engine.support.hierarchical.SingleTestExecutor.executeSafely(SingleTestExecutor.java:66)
	at org.junit.platform.engine.support.hierarchical.HierarchicalTestExecutor$NodeExecutor.executeRecursively(HierarchicalTestExecutor.java:108)
	at org.junit.platform.engine.support.hierarchical.HierarchicalTestExecutor$NodeExecutor.execute(HierarchicalTestExecutor.java:79)
	at org.junit.platform.engine.support.hierarchical.HierarchicalTestExecutor.execute(HierarchicalTestExecutor.java:55)
	at org.junit.platform.engine.support.hierarchical.HierarchicalTestEngine.execute(HierarchicalTestEngine.java:43)
	at org.junit.platform.launcher.core.DefaultLauncher.execute(DefaultLauncher.java:170)
	at org.junit.platform.launcher.core.DefaultLauncher.execute(DefaultLauncher.java:154)
	at org.junit.platform.launcher.core.DefaultLauncher.execute(DefaultLauncher.java:90)
	at com.intellij.junit5.JUnit5IdeaTestRunner.startRunnerWithArgs(JUnit5IdeaTestRunner.java:71)
	at com.intellij.rt.junit.IdeaTestRunner$Repeater.startRunnerWithArgs(IdeaTestRunner.java:33)
	at com.intellij.rt.junit.JUnitStarter.prepareStreamsAndStart(JUnitStarter.java:221)
	at com.intellij.rt.junit.JUnitStarter.main(JUnitStarter.java:54)
14:21:25.532 [main] INFO  StringConverter - adding element: Country{location='Russia', countryCode='ru', latitude=61.52401, longitude=105.318756, confirmed=4675153, dead=104398, recovered=4301448, updated='2021-04-15T14:15:07'}
14:23:28.979 [main] INFO  StringConverter - starting to convert elements
14:23:28.991 [main] INFO  StringConverter - starting to convert elements
14:23:29.082 [main] INFO  StringConverter - adding element: Country{location='Iran', countryCode='ir', latitude=32.427908, longitude=53.688046, confirmed=2168872, dead=65680, recovered=1749041, updated='2021-04-15T14:15:07'}
14:23:29.085 [main] INFO  StringConverter - starting to convert elements
14:23:29.086 [main] INFO  StringConverter - adding element: Country{location='Iran', countryCode='ir', latitude=32.427908, longitude=53.688046, confirmed=2168872, dead=65680, recovered=1749041, updated='2021-04-15T14:15:07'}
14:23:29.093 [main] ERROR StringConverter - could not convert element at position 1
java.lang.NullPointerException: null
	at StringConverter.convert(StringConverter.java:47)
	at StringConverterTest.testConvertWithWrongInput(StringConverterTest.java:69)
	at java.base/jdk.internal.reflect.NativeMethodAccessorImpl.invoke0(Native Method)
	at java.base/jdk.internal.reflect.NativeMethodAccessorImpl.invoke(NativeMethodAccessorImpl.java:62)
	at java.base/jdk.internal.reflect.DelegatingMethodAccessorImpl.invoke(DelegatingMethodAccessorImpl.java:43)
	at java.base/java.lang.reflect.Method.invoke(Method.java:566)
	at org.junit.platform.commons.util.ReflectionUtils.invokeMethod(ReflectionUtils.java:436)
	at org.junit.jupiter.engine.execution.ExecutableInvoker.invoke(ExecutableInvoker.java:115)
	at org.junit.jupiter.engine.descriptor.TestMethodTestDescriptor.lambda$invokeTestMethod$6(TestMethodTestDescriptor.java:170)
	at org.junit.jupiter.engine.execution.ThrowableCollector.execute(ThrowableCollector.java:40)
	at org.junit.jupiter.engine.descriptor.TestMethodTestDescriptor.invokeTestMethod(TestMethodTestDescriptor.java:166)
	at org.junit.jupiter.engine.descriptor.TestMethodTestDescriptor.execute(TestMethodTestDescriptor.java:113)
	at org.junit.jupiter.engine.descriptor.TestMethodTestDescriptor.execute(TestMethodTestDescriptor.java:58)
	at org.junit.platform.engine.support.hierarchical.HierarchicalTestExecutor$NodeExecutor.lambda$executeRecursively$3(HierarchicalTestExecutor.java:112)
	at org.junit.platform.engine.support.hierarchical.SingleTestExecutor.executeSafely(SingleTestExecutor.java:66)
	at org.junit.platform.engine.support.hierarchical.HierarchicalTestExecutor$NodeExecutor.executeRecursively(HierarchicalTestExecutor.java:108)
	at org.junit.platform.engine.support.hierarchical.HierarchicalTestExecutor$NodeExecutor.execute(HierarchicalTestExecutor.java:79)
	at org.junit.platform.engine.support.hierarchical.HierarchicalTestExecutor$NodeExecutor.lambda$executeRecursively$2(HierarchicalTestExecutor.java:120)
	at java.base/java.util.stream.ForEachOps$ForEachOp$OfRef.accept(ForEachOps.java:183)
	at java.base/java.util.stream.ReferencePipeline$2$1.accept(ReferencePipeline.java:177)
	at java.base/java.util.Iterator.forEachRemaining(Iterator.java:133)
	at java.base/java.util.Spliterators$IteratorSpliterator.forEachRemaining(Spliterators.java:1801)
	at java.base/java.util.stream.AbstractPipeline.copyInto(AbstractPipeline.java:484)
	at java.base/java.util.stream.AbstractPipeline.wrapAndCopyInto(AbstractPipeline.java:474)
	at java.base/java.util.stream.ForEachOps$ForEachOp.evaluateSequential(ForEachOps.java:150)
	at java.base/java.util.stream.ForEachOps$ForEachOp$OfRef.evaluateSequential(ForEachOps.java:173)
	at java.base/java.util.stream.AbstractPipeline.evaluate(AbstractPipeline.java:234)
	at java.base/java.util.stream.ReferencePipeline.forEach(ReferencePipeline.java:497)
	at org.junit.platform.engine.support.hierarchical.HierarchicalTestExecutor$NodeExecutor.lambda$executeRecursively$3(HierarchicalTestExecutor.java:120)
	at org.junit.platform.engine.support.hierarchical.SingleTestExecutor.executeSafely(SingleTestExecutor.java:66)
	at org.junit.platform.engine.support.hierarchical.HierarchicalTestExecutor$NodeExecutor.executeRecursively(HierarchicalTestExecutor.java:108)
	at org.junit.platform.engine.support.hierarchical.HierarchicalTestExecutor$NodeExecutor.execute(HierarchicalTestExecutor.java:79)
	at org.junit.platform.engine.support.hierarchical.HierarchicalTestExecutor$NodeExecutor.lambda$executeRecursively$2(HierarchicalTestExecutor.java:120)
	at java.base/java.util.stream.ForEachOps$ForEachOp$OfRef.accept(ForEachOps.java:183)
	at java.base/java.util.stream.ReferencePipeline$2$1.accept(ReferencePipeline.java:177)
	at java.base/java.util.Iterator.forEachRemaining(Iterator.java:133)
	at java.base/java.util.Spliterators$IteratorSpliterator.forEachRemaining(Spliterators.java:1801)
	at java.base/java.util.stream.AbstractPipeline.copyInto(AbstractPipeline.java:484)
	at java.base/java.util.stream.AbstractPipeline.wrapAndCopyInto(AbstractPipeline.java:474)
	at java.base/java.util.stream.ForEachOps$ForEachOp.evaluateSequential(ForEachOps.java:150)
	at java.base/java.util.stream.ForEachOps$ForEachOp$OfRef.evaluateSequential(ForEachOps.java:173)
	at java.base/java.util.stream.AbstractPipeline.evaluate(AbstractPipeline.java:234)
	at java.base/java.util.stream.ReferencePipeline.forEach(ReferencePipeline.java:497)
	at org.junit.platform.engine.support.hierarchical.HierarchicalTestExecutor$NodeExecutor.lambda$executeRecursively$3(HierarchicalTestExecutor.java:120)
	at org.junit.platform.engine.support.hierarchical.SingleTestExecutor.executeSafely(SingleTestExecutor.java:66)
	at org.junit.platform.engine.support.hierarchical.HierarchicalTestExecutor$NodeExecutor.executeRecursively(HierarchicalTestExecutor.java:108)
	at org.junit.platform.engine.support.hierarchical.HierarchicalTestExecutor$NodeExecutor.execute(HierarchicalTestExecutor.java:79)
	at org.junit.platform.engine.support.hierarchical.HierarchicalTestExecutor.execute(HierarchicalTestExecutor.java:55)
	at org.junit.platform.engine.support.hierarchical.HierarchicalTestEngine.execute(HierarchicalTestEngine.java:43)
	at org.junit.platform.launcher.core.DefaultLauncher.execute(DefaultLauncher.java:170)
	at org.junit.platform.launcher.core.DefaultLauncher.execute(DefaultLauncher.java:154)
	at org.junit.platform.launcher.core.DefaultLauncher.execute(DefaultLauncher.java:90)
	at com.intellij.junit5.JUnit5IdeaTestRunner.startRunnerWithArgs(JUnit5IdeaTestRunner.java:71)
	at com.intellij.rt.junit.IdeaTestRunner$Repeater.startRunnerWithArgs(IdeaTestRunner.java:33)
	at com.intellij.rt.junit.JUnitStarter.prepareStreamsAndStart(JUnitStarter.java:221)
	at com.intellij.rt.junit.JUnitStarter.main(JUnitStarter.java:54)
14:23:29.094 [main] INFO  StringConverter - adding element: Country{location='Russia', countryCode='ru', latitude=61.52401, longitude=105.318756, confirmed=4675153, dead=104398, recovered=4301448, updated='2021-04-15T14:15:07'}
14:23:46.085 [main] INFO  StringConverter - starting to convert elements
14:23:46.093 [main] INFO  StringConverter - starting to convert elements
14:23:46.153 [main] INFO  StringConverter - adding element: Country{location='Iran', countryCode='ir', latitude=32.427908, longitude=53.688046, confirmed=2168872, dead=65680, recovered=1749041, updated='2021-04-15T14:15:07'}
14:23:46.171 [main] INFO  StringConverter - starting to convert elements
14:23:46.172 [main] INFO  StringConverter - adding element: Country{location='Iran', countryCode='ir', latitude=32.427908, longitude=53.688046, confirmed=2168872, dead=65680, recovered=1749041, updated='2021-04-15T14:15:07'}
14:23:46.179 [main] ERROR StringConverter - could not convert element at position 1
java.lang.NullPointerException: null
	at StringConverter.convert(StringConverter.java:47)
	at StringConverterTest.testConvertWithWrongInput(StringConverterTest.java:69)
	at java.base/jdk.internal.reflect.NativeMethodAccessorImpl.invoke0(Native Method)
	at java.base/jdk.internal.reflect.NativeMethodAccessorImpl.invoke(NativeMethodAccessorImpl.java:62)
	at java.base/jdk.internal.reflect.DelegatingMethodAccessorImpl.invoke(DelegatingMethodAccessorImpl.java:43)
	at java.base/java.lang.reflect.Method.invoke(Method.java:566)
	at org.junit.platform.commons.util.ReflectionUtils.invokeMethod(ReflectionUtils.java:436)
	at org.junit.jupiter.engine.execution.ExecutableInvoker.invoke(ExecutableInvoker.java:115)
	at org.junit.jupiter.engine.descriptor.TestMethodTestDescriptor.lambda$invokeTestMethod$6(TestMethodTestDescriptor.java:170)
	at org.junit.jupiter.engine.execution.ThrowableCollector.execute(ThrowableCollector.java:40)
	at org.junit.jupiter.engine.descriptor.TestMethodTestDescriptor.invokeTestMethod(TestMethodTestDescriptor.java:166)
	at org.junit.jupiter.engine.descriptor.TestMethodTestDescriptor.execute(TestMethodTestDescriptor.java:113)
	at org.junit.jupiter.engine.descriptor.TestMethodTestDescriptor.execute(TestMethodTestDescriptor.java:58)
	at org.junit.platform.engine.support.hierarchical.HierarchicalTestExecutor$NodeExecutor.lambda$executeRecursively$3(HierarchicalTestExecutor.java:112)
	at org.junit.platform.engine.support.hierarchical.SingleTestExecutor.executeSafely(SingleTestExecutor.java:66)
	at org.junit.platform.engine.support.hierarchical.HierarchicalTestExecutor$NodeExecutor.executeRecursively(HierarchicalTestExecutor.java:108)
	at org.junit.platform.engine.support.hierarchical.HierarchicalTestExecutor$NodeExecutor.execute(HierarchicalTestExecutor.java:79)
	at org.junit.platform.engine.support.hierarchical.HierarchicalTestExecutor$NodeExecutor.lambda$executeRecursively$2(HierarchicalTestExecutor.java:120)
	at java.base/java.util.stream.ForEachOps$ForEachOp$OfRef.accept(ForEachOps.java:183)
	at java.base/java.util.stream.ReferencePipeline$2$1.accept(ReferencePipeline.java:177)
	at java.base/java.util.Iterator.forEachRemaining(Iterator.java:133)
	at java.base/java.util.Spliterators$IteratorSpliterator.forEachRemaining(Spliterators.java:1801)
	at java.base/java.util.stream.AbstractPipeline.copyInto(AbstractPipeline.java:484)
	at java.base/java.util.stream.AbstractPipeline.wrapAndCopyInto(AbstractPipeline.java:474)
	at java.base/java.util.stream.ForEachOps$ForEachOp.evaluateSequential(ForEachOps.java:150)
	at java.base/java.util.stream.ForEachOps$ForEachOp$OfRef.evaluateSequential(ForEachOps.java:173)
	at java.base/java.util.stream.AbstractPipeline.evaluate(AbstractPipeline.java:234)
	at java.base/java.util.stream.ReferencePipeline.forEach(ReferencePipeline.java:497)
	at org.junit.platform.engine.support.hierarchical.HierarchicalTestExecutor$NodeExecutor.lambda$executeRecursively$3(HierarchicalTestExecutor.java:120)
	at org.junit.platform.engine.support.hierarchical.SingleTestExecutor.executeSafely(SingleTestExecutor.java:66)
	at org.junit.platform.engine.support.hierarchical.HierarchicalTestExecutor$NodeExecutor.executeRecursively(HierarchicalTestExecutor.java:108)
	at org.junit.platform.engine.support.hierarchical.HierarchicalTestExecutor$NodeExecutor.execute(HierarchicalTestExecutor.java:79)
	at org.junit.platform.engine.support.hierarchical.HierarchicalTestExecutor$NodeExecutor.lambda$executeRecursively$2(HierarchicalTestExecutor.java:120)
	at java.base/java.util.stream.ForEachOps$ForEachOp$OfRef.accept(ForEachOps.java:183)
	at java.base/java.util.stream.ReferencePipeline$2$1.accept(ReferencePipeline.java:177)
	at java.base/java.util.Iterator.forEachRemaining(Iterator.java:133)
	at java.base/java.util.Spliterators$IteratorSpliterator.forEachRemaining(Spliterators.java:1801)
	at java.base/java.util.stream.AbstractPipeline.copyInto(AbstractPipeline.java:484)
	at java.base/java.util.stream.AbstractPipeline.wrapAndCopyInto(AbstractPipeline.java:474)
	at java.base/java.util.stream.ForEachOps$ForEachOp.evaluateSequential(ForEachOps.java:150)
	at java.base/java.util.stream.ForEachOps$ForEachOp$OfRef.evaluateSequential(ForEachOps.java:173)
	at java.base/java.util.stream.AbstractPipeline.evaluate(AbstractPipeline.java:234)
	at java.base/java.util.stream.ReferencePipeline.forEach(ReferencePipeline.java:497)
	at org.junit.platform.engine.support.hierarchical.HierarchicalTestExecutor$NodeExecutor.lambda$executeRecursively$3(HierarchicalTestExecutor.java:120)
	at org.junit.platform.engine.support.hierarchical.SingleTestExecutor.executeSafely(SingleTestExecutor.java:66)
	at org.junit.platform.engine.support.hierarchical.HierarchicalTestExecutor$NodeExecutor.executeRecursively(HierarchicalTestExecutor.java:108)
	at org.junit.platform.engine.support.hierarchical.HierarchicalTestExecutor$NodeExecutor.execute(HierarchicalTestExecutor.java:79)
	at org.junit.platform.engine.support.hierarchical.HierarchicalTestExecutor.execute(HierarchicalTestExecutor.java:55)
	at org.junit.platform.engine.support.hierarchical.HierarchicalTestEngine.execute(HierarchicalTestEngine.java:43)
	at org.junit.platform.launcher.core.DefaultLauncher.execute(DefaultLauncher.java:170)
	at org.junit.platform.launcher.core.DefaultLauncher.execute(DefaultLauncher.java:154)
	at org.junit.platform.launcher.core.DefaultLauncher.execute(DefaultLauncher.java:90)
	at com.intellij.junit5.JUnit5IdeaTestRunner.startRunnerWithArgs(JUnit5IdeaTestRunner.java:71)
	at com.intellij.rt.junit.IdeaTestRunner$Repeater.startRunnerWithArgs(IdeaTestRunner.java:33)
	at com.intellij.rt.junit.JUnitStarter.prepareStreamsAndStart(JUnitStarter.java:221)
	at com.intellij.rt.junit.JUnitStarter.main(JUnitStarter.java:54)
14:23:46.181 [main] INFO  StringConverter - adding element: Country{location='Russia', countryCode='ru', latitude=61.52401, longitude=105.318756, confirmed=4675153, dead=104398, recovered=4301448, updated='2021-04-15T14:15:07'}
14:24:10.890 [main] INFO  StringConverter - starting to convert elements
14:24:10.899 [main] INFO  StringConverter - starting to convert elements
14:24:10.999 [main] INFO  StringConverter - adding element: Country{location='Iran', countryCode='ir', latitude=32.427908, longitude=53.688046, confirmed=2168872, dead=65680, recovered=1749041, updated='2021-04-15T14:15:07'}
14:24:11.020 [main] INFO  StringConverter - starting to convert elements
14:24:11.021 [main] INFO  StringConverter - adding element: Country{location='Iran', countryCode='ir', latitude=32.427908, longitude=53.688046, confirmed=2168872, dead=65680, recovered=1749041, updated='2021-04-15T14:15:07'}
14:24:11.028 [main] ERROR StringConverter - could not convert element at position 1
java.lang.NullPointerException: null
	at StringConverter.convert(StringConverter.java:47)
	at StringConverterTest.testConvertWithWrongInput(StringConverterTest.java:69)
	at java.base/jdk.internal.reflect.NativeMethodAccessorImpl.invoke0(Native Method)
	at java.base/jdk.internal.reflect.NativeMethodAccessorImpl.invoke(NativeMethodAccessorImpl.java:62)
	at java.base/jdk.internal.reflect.DelegatingMethodAccessorImpl.invoke(DelegatingMethodAccessorImpl.java:43)
	at java.base/java.lang.reflect.Method.invoke(Method.java:566)
	at org.junit.platform.commons.util.ReflectionUtils.invokeMethod(ReflectionUtils.java:436)
	at org.junit.jupiter.engine.execution.ExecutableInvoker.invoke(ExecutableInvoker.java:115)
	at org.junit.jupiter.engine.descriptor.TestMethodTestDescriptor.lambda$invokeTestMethod$6(TestMethodTestDescriptor.java:170)
	at org.junit.jupiter.engine.execution.ThrowableCollector.execute(ThrowableCollector.java:40)
	at org.junit.jupiter.engine.descriptor.TestMethodTestDescriptor.invokeTestMethod(TestMethodTestDescriptor.java:166)
	at org.junit.jupiter.engine.descriptor.TestMethodTestDescriptor.execute(TestMethodTestDescriptor.java:113)
	at org.junit.jupiter.engine.descriptor.TestMethodTestDescriptor.execute(TestMethodTestDescriptor.java:58)
	at org.junit.platform.engine.support.hierarchical.HierarchicalTestExecutor$NodeExecutor.lambda$executeRecursively$3(HierarchicalTestExecutor.java:112)
	at org.junit.platform.engine.support.hierarchical.SingleTestExecutor.executeSafely(SingleTestExecutor.java:66)
	at org.junit.platform.engine.support.hierarchical.HierarchicalTestExecutor$NodeExecutor.executeRecursively(HierarchicalTestExecutor.java:108)
	at org.junit.platform.engine.support.hierarchical.HierarchicalTestExecutor$NodeExecutor.execute(HierarchicalTestExecutor.java:79)
	at org.junit.platform.engine.support.hierarchical.HierarchicalTestExecutor$NodeExecutor.lambda$executeRecursively$2(HierarchicalTestExecutor.java:120)
	at java.base/java.util.stream.ForEachOps$ForEachOp$OfRef.accept(ForEachOps.java:183)
	at java.base/java.util.stream.ReferencePipeline$2$1.accept(ReferencePipeline.java:177)
	at java.base/java.util.Iterator.forEachRemaining(Iterator.java:133)
	at java.base/java.util.Spliterators$IteratorSpliterator.forEachRemaining(Spliterators.java:1801)
	at java.base/java.util.stream.AbstractPipeline.copyInto(AbstractPipeline.java:484)
	at java.base/java.util.stream.AbstractPipeline.wrapAndCopyInto(AbstractPipeline.java:474)
	at java.base/java.util.stream.ForEachOps$ForEachOp.evaluateSequential(ForEachOps.java:150)
	at java.base/java.util.stream.ForEachOps$ForEachOp$OfRef.evaluateSequential(ForEachOps.java:173)
	at java.base/java.util.stream.AbstractPipeline.evaluate(AbstractPipeline.java:234)
	at java.base/java.util.stream.ReferencePipeline.forEach(ReferencePipeline.java:497)
	at org.junit.platform.engine.support.hierarchical.HierarchicalTestExecutor$NodeExecutor.lambda$executeRecursively$3(HierarchicalTestExecutor.java:120)
	at org.junit.platform.engine.support.hierarchical.SingleTestExecutor.executeSafely(SingleTestExecutor.java:66)
	at org.junit.platform.engine.support.hierarchical.HierarchicalTestExecutor$NodeExecutor.executeRecursively(HierarchicalTestExecutor.java:108)
	at org.junit.platform.engine.support.hierarchical.HierarchicalTestExecutor$NodeExecutor.execute(HierarchicalTestExecutor.java:79)
	at org.junit.platform.engine.support.hierarchical.HierarchicalTestExecutor$NodeExecutor.lambda$executeRecursively$2(HierarchicalTestExecutor.java:120)
	at java.base/java.util.stream.ForEachOps$ForEachOp$OfRef.accept(ForEachOps.java:183)
	at java.base/java.util.stream.ReferencePipeline$2$1.accept(ReferencePipeline.java:177)
	at java.base/java.util.Iterator.forEachRemaining(Iterator.java:133)
	at java.base/java.util.Spliterators$IteratorSpliterator.forEachRemaining(Spliterators.java:1801)
	at java.base/java.util.stream.AbstractPipeline.copyInto(AbstractPipeline.java:484)
	at java.base/java.util.stream.AbstractPipeline.wrapAndCopyInto(AbstractPipeline.java:474)
	at java.base/java.util.stream.ForEachOps$ForEachOp.evaluateSequential(ForEachOps.java:150)
	at java.base/java.util.stream.ForEachOps$ForEachOp$OfRef.evaluateSequential(ForEachOps.java:173)
	at java.base/java.util.stream.AbstractPipeline.evaluate(AbstractPipeline.java:234)
	at java.base/java.util.stream.ReferencePipeline.forEach(ReferencePipeline.java:497)
	at org.junit.platform.engine.support.hierarchical.HierarchicalTestExecutor$NodeExecutor.lambda$executeRecursively$3(HierarchicalTestExecutor.java:120)
	at org.junit.platform.engine.support.hierarchical.SingleTestExecutor.executeSafely(SingleTestExecutor.java:66)
	at org.junit.platform.engine.support.hierarchical.HierarchicalTestExecutor$NodeExecutor.executeRecursively(HierarchicalTestExecutor.java:108)
	at org.junit.platform.engine.support.hierarchical.HierarchicalTestExecutor$NodeExecutor.execute(HierarchicalTestExecutor.java:79)
	at org.junit.platform.engine.support.hierarchical.HierarchicalTestExecutor.execute(HierarchicalTestExecutor.java:55)
	at org.junit.platform.engine.support.hierarchical.HierarchicalTestEngine.execute(HierarchicalTestEngine.java:43)
	at org.junit.platform.launcher.core.DefaultLauncher.execute(DefaultLauncher.java:170)
	at org.junit.platform.launcher.core.DefaultLauncher.execute(DefaultLauncher.java:154)
	at org.junit.platform.launcher.core.DefaultLauncher.execute(DefaultLauncher.java:90)
	at com.intellij.junit5.JUnit5IdeaTestRunner.startRunnerWithArgs(JUnit5IdeaTestRunner.java:71)
	at com.intellij.rt.junit.IdeaTestRunner$Repeater.startRunnerWithArgs(IdeaTestRunner.java:33)
	at com.intellij.rt.junit.JUnitStarter.prepareStreamsAndStart(JUnitStarter.java:221)
	at com.intellij.rt.junit.JUnitStarter.main(JUnitStarter.java:54)
14:24:11.029 [main] INFO  StringConverter - adding element: Country{location='Russia', countryCode='ru', latitude=61.52401, longitude=105.318756, confirmed=4675153, dead=104398, recovered=4301448, updated='2021-04-15T14:15:07'}
14:24:28.323 [main] INFO  StringConverter - starting to convert elements
14:24:28.334 [main] INFO  StringConverter - starting to convert elements
14:24:28.444 [main] INFO  StringConverter - adding element: Country{location='Iran', countryCode='ir', latitude=32.427908, longitude=53.688046, confirmed=2168872, dead=65680, recovered=1749041, updated='2021-04-15T14:15:07'}
14:24:28.449 [main] INFO  StringConverter - starting to convert elements
14:24:28.451 [main] INFO  StringConverter - adding element: Country{location='Iran', countryCode='ir', latitude=32.427908, longitude=53.688046, confirmed=2168872, dead=65680, recovered=1749041, updated='2021-04-15T14:15:07'}
14:24:28.458 [main] ERROR StringConverter - could not convert element at position 1
java.lang.NullPointerException: null
	at StringConverter.convert(StringConverter.java:47)
	at StringConverterTest.testConvertWithWrongInput(StringConverterTest.java:69)
	at java.base/jdk.internal.reflect.NativeMethodAccessorImpl.invoke0(Native Method)
	at java.base/jdk.internal.reflect.NativeMethodAccessorImpl.invoke(NativeMethodAccessorImpl.java:62)
	at java.base/jdk.internal.reflect.DelegatingMethodAccessorImpl.invoke(DelegatingMethodAccessorImpl.java:43)
	at java.base/java.lang.reflect.Method.invoke(Method.java:566)
	at org.junit.platform.commons.util.ReflectionUtils.invokeMethod(ReflectionUtils.java:436)
	at org.junit.jupiter.engine.execution.ExecutableInvoker.invoke(ExecutableInvoker.java:115)
	at org.junit.jupiter.engine.descriptor.TestMethodTestDescriptor.lambda$invokeTestMethod$6(TestMethodTestDescriptor.java:170)
	at org.junit.jupiter.engine.execution.ThrowableCollector.execute(ThrowableCollector.java:40)
	at org.junit.jupiter.engine.descriptor.TestMethodTestDescriptor.invokeTestMethod(TestMethodTestDescriptor.java:166)
	at org.junit.jupiter.engine.descriptor.TestMethodTestDescriptor.execute(TestMethodTestDescriptor.java:113)
	at org.junit.jupiter.engine.descriptor.TestMethodTestDescriptor.execute(TestMethodTestDescriptor.java:58)
	at org.junit.platform.engine.support.hierarchical.HierarchicalTestExecutor$NodeExecutor.lambda$executeRecursively$3(HierarchicalTestExecutor.java:112)
	at org.junit.platform.engine.support.hierarchical.SingleTestExecutor.executeSafely(SingleTestExecutor.java:66)
	at org.junit.platform.engine.support.hierarchical.HierarchicalTestExecutor$NodeExecutor.executeRecursively(HierarchicalTestExecutor.java:108)
	at org.junit.platform.engine.support.hierarchical.HierarchicalTestExecutor$NodeExecutor.execute(HierarchicalTestExecutor.java:79)
	at org.junit.platform.engine.support.hierarchical.HierarchicalTestExecutor$NodeExecutor.lambda$executeRecursively$2(HierarchicalTestExecutor.java:120)
	at java.base/java.util.stream.ForEachOps$ForEachOp$OfRef.accept(ForEachOps.java:183)
	at java.base/java.util.stream.ReferencePipeline$2$1.accept(ReferencePipeline.java:177)
	at java.base/java.util.Iterator.forEachRemaining(Iterator.java:133)
	at java.base/java.util.Spliterators$IteratorSpliterator.forEachRemaining(Spliterators.java:1801)
	at java.base/java.util.stream.AbstractPipeline.copyInto(AbstractPipeline.java:484)
	at java.base/java.util.stream.AbstractPipeline.wrapAndCopyInto(AbstractPipeline.java:474)
	at java.base/java.util.stream.ForEachOps$ForEachOp.evaluateSequential(ForEachOps.java:150)
	at java.base/java.util.stream.ForEachOps$ForEachOp$OfRef.evaluateSequential(ForEachOps.java:173)
	at java.base/java.util.stream.AbstractPipeline.evaluate(AbstractPipeline.java:234)
	at java.base/java.util.stream.ReferencePipeline.forEach(ReferencePipeline.java:497)
	at org.junit.platform.engine.support.hierarchical.HierarchicalTestExecutor$NodeExecutor.lambda$executeRecursively$3(HierarchicalTestExecutor.java:120)
	at org.junit.platform.engine.support.hierarchical.SingleTestExecutor.executeSafely(SingleTestExecutor.java:66)
	at org.junit.platform.engine.support.hierarchical.HierarchicalTestExecutor$NodeExecutor.executeRecursively(HierarchicalTestExecutor.java:108)
	at org.junit.platform.engine.support.hierarchical.HierarchicalTestExecutor$NodeExecutor.execute(HierarchicalTestExecutor.java:79)
	at org.junit.platform.engine.support.hierarchical.HierarchicalTestExecutor$NodeExecutor.lambda$executeRecursively$2(HierarchicalTestExecutor.java:120)
	at java.base/java.util.stream.ForEachOps$ForEachOp$OfRef.accept(ForEachOps.java:183)
	at java.base/java.util.stream.ReferencePipeline$2$1.accept(ReferencePipeline.java:177)
	at java.base/java.util.Iterator.forEachRemaining(Iterator.java:133)
	at java.base/java.util.Spliterators$IteratorSpliterator.forEachRemaining(Spliterators.java:1801)
	at java.base/java.util.stream.AbstractPipeline.copyInto(AbstractPipeline.java:484)
	at java.base/java.util.stream.AbstractPipeline.wrapAndCopyInto(AbstractPipeline.java:474)
	at java.base/java.util.stream.ForEachOps$ForEachOp.evaluateSequential(ForEachOps.java:150)
	at java.base/java.util.stream.ForEachOps$ForEachOp$OfRef.evaluateSequential(ForEachOps.java:173)
	at java.base/java.util.stream.AbstractPipeline.evaluate(AbstractPipeline.java:234)
	at java.base/java.util.stream.ReferencePipeline.forEach(ReferencePipeline.java:497)
	at org.junit.platform.engine.support.hierarchical.HierarchicalTestExecutor$NodeExecutor.lambda$executeRecursively$3(HierarchicalTestExecutor.java:120)
	at org.junit.platform.engine.support.hierarchical.SingleTestExecutor.executeSafely(SingleTestExecutor.java:66)
	at org.junit.platform.engine.support.hierarchical.HierarchicalTestExecutor$NodeExecutor.executeRecursively(HierarchicalTestExecutor.java:108)
	at org.junit.platform.engine.support.hierarchical.HierarchicalTestExecutor$NodeExecutor.execute(HierarchicalTestExecutor.java:79)
	at org.junit.platform.engine.support.hierarchical.HierarchicalTestExecutor.execute(HierarchicalTestExecutor.java:55)
	at org.junit.platform.engine.support.hierarchical.HierarchicalTestEngine.execute(HierarchicalTestEngine.java:43)
	at org.junit.platform.launcher.core.DefaultLauncher.execute(DefaultLauncher.java:170)
	at org.junit.platform.launcher.core.DefaultLauncher.execute(DefaultLauncher.java:154)
	at org.junit.platform.launcher.core.DefaultLauncher.execute(DefaultLauncher.java:90)
	at com.intellij.junit5.JUnit5IdeaTestRunner.startRunnerWithArgs(JUnit5IdeaTestRunner.java:71)
	at com.intellij.rt.junit.IdeaTestRunner$Repeater.startRunnerWithArgs(IdeaTestRunner.java:33)
	at com.intellij.rt.junit.JUnitStarter.prepareStreamsAndStart(JUnitStarter.java:221)
	at com.intellij.rt.junit.JUnitStarter.main(JUnitStarter.java:54)
14:24:28.460 [main] INFO  StringConverter - adding element: Country{location='Russia', countryCode='ru', latitude=61.52401, longitude=105.318756, confirmed=4675153, dead=104398, recovered=4301448, updated='2021-04-15T14:15:07'}
14:24:49.096 [main] INFO  StringConverter - starting to convert elements
14:24:49.106 [main] INFO  StringConverter - starting to convert elements
14:24:49.183 [main] INFO  StringConverter - adding element: Country{location='Iran', countryCode='ir', latitude=32.427908, longitude=53.688046, confirmed=2168872, dead=65680, recovered=1749041, updated='2021-04-15T14:15:07'}
14:24:49.198 [main] INFO  StringConverter - starting to convert elements
14:24:49.199 [main] INFO  StringConverter - adding element: Country{location='Iran', countryCode='ir', latitude=32.427908, longitude=53.688046, confirmed=2168872, dead=65680, recovered=1749041, updated='2021-04-15T14:15:07'}
14:24:49.205 [main] ERROR StringConverter - could not convert element at position 1
java.lang.NullPointerException: null
	at StringConverter.convert(StringConverter.java:47)
	at StringConverterTest.testConvertWithWrongInput(StringConverterTest.java:69)
	at java.base/jdk.internal.reflect.NativeMethodAccessorImpl.invoke0(Native Method)
	at java.base/jdk.internal.reflect.NativeMethodAccessorImpl.invoke(NativeMethodAccessorImpl.java:62)
	at java.base/jdk.internal.reflect.DelegatingMethodAccessorImpl.invoke(DelegatingMethodAccessorImpl.java:43)
	at java.base/java.lang.reflect.Method.invoke(Method.java:566)
	at org.junit.platform.commons.util.ReflectionUtils.invokeMethod(ReflectionUtils.java:436)
	at org.junit.jupiter.engine.execution.ExecutableInvoker.invoke(ExecutableInvoker.java:115)
	at org.junit.jupiter.engine.descriptor.TestMethodTestDescriptor.lambda$invokeTestMethod$6(TestMethodTestDescriptor.java:170)
	at org.junit.jupiter.engine.execution.ThrowableCollector.execute(ThrowableCollector.java:40)
	at org.junit.jupiter.engine.descriptor.TestMethodTestDescriptor.invokeTestMethod(TestMethodTestDescriptor.java:166)
	at org.junit.jupiter.engine.descriptor.TestMethodTestDescriptor.execute(TestMethodTestDescriptor.java:113)
	at org.junit.jupiter.engine.descriptor.TestMethodTestDescriptor.execute(TestMethodTestDescriptor.java:58)
	at org.junit.platform.engine.support.hierarchical.HierarchicalTestExecutor$NodeExecutor.lambda$executeRecursively$3(HierarchicalTestExecutor.java:112)
	at org.junit.platform.engine.support.hierarchical.SingleTestExecutor.executeSafely(SingleTestExecutor.java:66)
	at org.junit.platform.engine.support.hierarchical.HierarchicalTestExecutor$NodeExecutor.executeRecursively(HierarchicalTestExecutor.java:108)
	at org.junit.platform.engine.support.hierarchical.HierarchicalTestExecutor$NodeExecutor.execute(HierarchicalTestExecutor.java:79)
	at org.junit.platform.engine.support.hierarchical.HierarchicalTestExecutor$NodeExecutor.lambda$executeRecursively$2(HierarchicalTestExecutor.java:120)
	at java.base/java.util.stream.ForEachOps$ForEachOp$OfRef.accept(ForEachOps.java:183)
	at java.base/java.util.stream.ReferencePipeline$2$1.accept(ReferencePipeline.java:177)
	at java.base/java.util.Iterator.forEachRemaining(Iterator.java:133)
	at java.base/java.util.Spliterators$IteratorSpliterator.forEachRemaining(Spliterators.java:1801)
	at java.base/java.util.stream.AbstractPipeline.copyInto(AbstractPipeline.java:484)
	at java.base/java.util.stream.AbstractPipeline.wrapAndCopyInto(AbstractPipeline.java:474)
	at java.base/java.util.stream.ForEachOps$ForEachOp.evaluateSequential(ForEachOps.java:150)
	at java.base/java.util.stream.ForEachOps$ForEachOp$OfRef.evaluateSequential(ForEachOps.java:173)
	at java.base/java.util.stream.AbstractPipeline.evaluate(AbstractPipeline.java:234)
	at java.base/java.util.stream.ReferencePipeline.forEach(ReferencePipeline.java:497)
	at org.junit.platform.engine.support.hierarchical.HierarchicalTestExecutor$NodeExecutor.lambda$executeRecursively$3(HierarchicalTestExecutor.java:120)
	at org.junit.platform.engine.support.hierarchical.SingleTestExecutor.executeSafely(SingleTestExecutor.java:66)
	at org.junit.platform.engine.support.hierarchical.HierarchicalTestExecutor$NodeExecutor.executeRecursively(HierarchicalTestExecutor.java:108)
	at org.junit.platform.engine.support.hierarchical.HierarchicalTestExecutor$NodeExecutor.execute(HierarchicalTestExecutor.java:79)
	at org.junit.platform.engine.support.hierarchical.HierarchicalTestExecutor$NodeExecutor.lambda$executeRecursively$2(HierarchicalTestExecutor.java:120)
	at java.base/java.util.stream.ForEachOps$ForEachOp$OfRef.accept(ForEachOps.java:183)
	at java.base/java.util.stream.ReferencePipeline$2$1.accept(ReferencePipeline.java:177)
	at java.base/java.util.Iterator.forEachRemaining(Iterator.java:133)
	at java.base/java.util.Spliterators$IteratorSpliterator.forEachRemaining(Spliterators.java:1801)
	at java.base/java.util.stream.AbstractPipeline.copyInto(AbstractPipeline.java:484)
	at java.base/java.util.stream.AbstractPipeline.wrapAndCopyInto(AbstractPipeline.java:474)
	at java.base/java.util.stream.ForEachOps$ForEachOp.evaluateSequential(ForEachOps.java:150)
	at java.base/java.util.stream.ForEachOps$ForEachOp$OfRef.evaluateSequential(ForEachOps.java:173)
	at java.base/java.util.stream.AbstractPipeline.evaluate(AbstractPipeline.java:234)
	at java.base/java.util.stream.ReferencePipeline.forEach(ReferencePipeline.java:497)
	at org.junit.platform.engine.support.hierarchical.HierarchicalTestExecutor$NodeExecutor.lambda$executeRecursively$3(HierarchicalTestExecutor.java:120)
	at org.junit.platform.engine.support.hierarchical.SingleTestExecutor.executeSafely(SingleTestExecutor.java:66)
	at org.junit.platform.engine.support.hierarchical.HierarchicalTestExecutor$NodeExecutor.executeRecursively(HierarchicalTestExecutor.java:108)
	at org.junit.platform.engine.support.hierarchical.HierarchicalTestExecutor$NodeExecutor.execute(HierarchicalTestExecutor.java:79)
	at org.junit.platform.engine.support.hierarchical.HierarchicalTestExecutor.execute(HierarchicalTestExecutor.java:55)
	at org.junit.platform.engine.support.hierarchical.HierarchicalTestEngine.execute(HierarchicalTestEngine.java:43)
	at org.junit.platform.launcher.core.DefaultLauncher.execute(DefaultLauncher.java:170)
	at org.junit.platform.launcher.core.DefaultLauncher.execute(DefaultLauncher.java:154)
	at org.junit.platform.launcher.core.DefaultLauncher.execute(DefaultLauncher.java:90)
	at com.intellij.junit5.JUnit5IdeaTestRunner.startRunnerWithArgs(JUnit5IdeaTestRunner.java:71)
	at com.intellij.rt.junit.IdeaTestRunner$Repeater.startRunnerWithArgs(IdeaTestRunner.java:33)
	at com.intellij.rt.junit.JUnitStarter.prepareStreamsAndStart(JUnitStarter.java:221)
	at com.intellij.rt.junit.JUnitStarter.main(JUnitStarter.java:54)
14:24:49.206 [main] INFO  StringConverter - adding element: Country{location='Russia', countryCode='ru', latitude=61.52401, longitude=105.318756, confirmed=4675153, dead=104398, recovered=4301448, updated='2021-04-15T14:15:07'}
14:25:23.308 [main] INFO  StringConverter - starting to convert elements
14:25:23.317 [main] INFO  StringConverter - starting to convert elements
14:25:23.394 [main] INFO  StringConverter - adding element: Country{location='Iran', countryCode='ir', latitude=32.427908, longitude=53.688046, confirmed=2168872, dead=65680, recovered=1749041, updated='2021-04-15T14:15:07'}
14:25:23.410 [main] INFO  StringConverter - starting to convert elements
14:25:23.412 [main] INFO  StringConverter - adding element: Country{location='Iran', countryCode='ir', latitude=32.427908, longitude=53.688046, confirmed=2168872, dead=65680, recovered=1749041, updated='2021-04-15T14:15:07'}
14:25:23.419 [main] ERROR StringConverter - could not convert element at position 1
java.lang.NullPointerException: null
	at StringConverter.convert(StringConverter.java:47)
	at StringConverterTest.testConvertWithWrongInput(StringConverterTest.java:69)
	at java.base/jdk.internal.reflect.NativeMethodAccessorImpl.invoke0(Native Method)
	at java.base/jdk.internal.reflect.NativeMethodAccessorImpl.invoke(NativeMethodAccessorImpl.java:62)
	at java.base/jdk.internal.reflect.DelegatingMethodAccessorImpl.invoke(DelegatingMethodAccessorImpl.java:43)
	at java.base/java.lang.reflect.Method.invoke(Method.java:566)
	at org.junit.platform.commons.util.ReflectionUtils.invokeMethod(ReflectionUtils.java:436)
	at org.junit.jupiter.engine.execution.ExecutableInvoker.invoke(ExecutableInvoker.java:115)
	at org.junit.jupiter.engine.descriptor.TestMethodTestDescriptor.lambda$invokeTestMethod$6(TestMethodTestDescriptor.java:170)
	at org.junit.jupiter.engine.execution.ThrowableCollector.execute(ThrowableCollector.java:40)
	at org.junit.jupiter.engine.descriptor.TestMethodTestDescriptor.invokeTestMethod(TestMethodTestDescriptor.java:166)
	at org.junit.jupiter.engine.descriptor.TestMethodTestDescriptor.execute(TestMethodTestDescriptor.java:113)
	at org.junit.jupiter.engine.descriptor.TestMethodTestDescriptor.execute(TestMethodTestDescriptor.java:58)
	at org.junit.platform.engine.support.hierarchical.HierarchicalTestExecutor$NodeExecutor.lambda$executeRecursively$3(HierarchicalTestExecutor.java:112)
	at org.junit.platform.engine.support.hierarchical.SingleTestExecutor.executeSafely(SingleTestExecutor.java:66)
	at org.junit.platform.engine.support.hierarchical.HierarchicalTestExecutor$NodeExecutor.executeRecursively(HierarchicalTestExecutor.java:108)
	at org.junit.platform.engine.support.hierarchical.HierarchicalTestExecutor$NodeExecutor.execute(HierarchicalTestExecutor.java:79)
	at org.junit.platform.engine.support.hierarchical.HierarchicalTestExecutor$NodeExecutor.lambda$executeRecursively$2(HierarchicalTestExecutor.java:120)
	at java.base/java.util.stream.ForEachOps$ForEachOp$OfRef.accept(ForEachOps.java:183)
	at java.base/java.util.stream.ReferencePipeline$2$1.accept(ReferencePipeline.java:177)
	at java.base/java.util.Iterator.forEachRemaining(Iterator.java:133)
	at java.base/java.util.Spliterators$IteratorSpliterator.forEachRemaining(Spliterators.java:1801)
	at java.base/java.util.stream.AbstractPipeline.copyInto(AbstractPipeline.java:484)
	at java.base/java.util.stream.AbstractPipeline.wrapAndCopyInto(AbstractPipeline.java:474)
	at java.base/java.util.stream.ForEachOps$ForEachOp.evaluateSequential(ForEachOps.java:150)
	at java.base/java.util.stream.ForEachOps$ForEachOp$OfRef.evaluateSequential(ForEachOps.java:173)
	at java.base/java.util.stream.AbstractPipeline.evaluate(AbstractPipeline.java:234)
	at java.base/java.util.stream.ReferencePipeline.forEach(ReferencePipeline.java:497)
	at org.junit.platform.engine.support.hierarchical.HierarchicalTestExecutor$NodeExecutor.lambda$executeRecursively$3(HierarchicalTestExecutor.java:120)
	at org.junit.platform.engine.support.hierarchical.SingleTestExecutor.executeSafely(SingleTestExecutor.java:66)
	at org.junit.platform.engine.support.hierarchical.HierarchicalTestExecutor$NodeExecutor.executeRecursively(HierarchicalTestExecutor.java:108)
	at org.junit.platform.engine.support.hierarchical.HierarchicalTestExecutor$NodeExecutor.execute(HierarchicalTestExecutor.java:79)
	at org.junit.platform.engine.support.hierarchical.HierarchicalTestExecutor$NodeExecutor.lambda$executeRecursively$2(HierarchicalTestExecutor.java:120)
	at java.base/java.util.stream.ForEachOps$ForEachOp$OfRef.accept(ForEachOps.java:183)
	at java.base/java.util.stream.ReferencePipeline$2$1.accept(ReferencePipeline.java:177)
	at java.base/java.util.Iterator.forEachRemaining(Iterator.java:133)
	at java.base/java.util.Spliterators$IteratorSpliterator.forEachRemaining(Spliterators.java:1801)
	at java.base/java.util.stream.AbstractPipeline.copyInto(AbstractPipeline.java:484)
	at java.base/java.util.stream.AbstractPipeline.wrapAndCopyInto(AbstractPipeline.java:474)
	at java.base/java.util.stream.ForEachOps$ForEachOp.evaluateSequential(ForEachOps.java:150)
	at java.base/java.util.stream.ForEachOps$ForEachOp$OfRef.evaluateSequential(ForEachOps.java:173)
	at java.base/java.util.stream.AbstractPipeline.evaluate(AbstractPipeline.java:234)
	at java.base/java.util.stream.ReferencePipeline.forEach(ReferencePipeline.java:497)
	at org.junit.platform.engine.support.hierarchical.HierarchicalTestExecutor$NodeExecutor.lambda$executeRecursively$3(HierarchicalTestExecutor.java:120)
	at org.junit.platform.engine.support.hierarchical.SingleTestExecutor.executeSafely(SingleTestExecutor.java:66)
	at org.junit.platform.engine.support.hierarchical.HierarchicalTestExecutor$NodeExecutor.executeRecursively(HierarchicalTestExecutor.java:108)
	at org.junit.platform.engine.support.hierarchical.HierarchicalTestExecutor$NodeExecutor.execute(HierarchicalTestExecutor.java:79)
	at org.junit.platform.engine.support.hierarchical.HierarchicalTestExecutor.execute(HierarchicalTestExecutor.java:55)
	at org.junit.platform.engine.support.hierarchical.HierarchicalTestEngine.execute(HierarchicalTestEngine.java:43)
	at org.junit.platform.launcher.core.DefaultLauncher.execute(DefaultLauncher.java:170)
	at org.junit.platform.launcher.core.DefaultLauncher.execute(DefaultLauncher.java:154)
	at org.junit.platform.launcher.core.DefaultLauncher.execute(DefaultLauncher.java:90)
	at com.intellij.junit5.JUnit5IdeaTestRunner.startRunnerWithArgs(JUnit5IdeaTestRunner.java:71)
	at com.intellij.rt.junit.IdeaTestRunner$Repeater.startRunnerWithArgs(IdeaTestRunner.java:33)
	at com.intellij.rt.junit.JUnitStarter.prepareStreamsAndStart(JUnitStarter.java:221)
	at com.intellij.rt.junit.JUnitStarter.main(JUnitStarter.java:54)
14:25:23.422 [main] INFO  StringConverter - adding element: Country{location='Russia', countryCode='ru', latitude=61.52401, longitude=105.318756, confirmed=4675153, dead=104398, recovered=4301448, updated='2021-04-15T14:15:07'}
14:29:20.777 [main] INFO  StringConverter - starting to convert elements
14:29:20.785 [main] INFO  StringConverter - starting to convert elements
14:29:20.876 [main] INFO  StringConverter - adding element: Country{location='Iran', countryCode='ir', latitude=32.427908, longitude=53.688046, confirmed=2168872, dead=65680, recovered=1749041, updated='2021-04-15T14:15:07'}
14:29:20.879 [main] INFO  StringConverter - starting to convert elements
14:29:20.880 [main] INFO  StringConverter - adding element: Country{location='Iran', countryCode='ir', latitude=32.427908, longitude=53.688046, confirmed=2168872, dead=65680, recovered=1749041, updated='2021-04-15T14:15:07'}
14:29:20.887 [main] ERROR StringConverter - could not convert element at position 1
java.lang.NullPointerException: null
	at StringConverter.convert(StringConverter.java:47)
	at StringConverterTest.testConvertWithWrongInput(StringConverterTest.java:69)
	at java.base/jdk.internal.reflect.NativeMethodAccessorImpl.invoke0(Native Method)
	at java.base/jdk.internal.reflect.NativeMethodAccessorImpl.invoke(NativeMethodAccessorImpl.java:62)
	at java.base/jdk.internal.reflect.DelegatingMethodAccessorImpl.invoke(DelegatingMethodAccessorImpl.java:43)
	at java.base/java.lang.reflect.Method.invoke(Method.java:566)
	at org.junit.platform.commons.util.ReflectionUtils.invokeMethod(ReflectionUtils.java:436)
	at org.junit.jupiter.engine.execution.ExecutableInvoker.invoke(ExecutableInvoker.java:115)
	at org.junit.jupiter.engine.descriptor.TestMethodTestDescriptor.lambda$invokeTestMethod$6(TestMethodTestDescriptor.java:170)
	at org.junit.jupiter.engine.execution.ThrowableCollector.execute(ThrowableCollector.java:40)
	at org.junit.jupiter.engine.descriptor.TestMethodTestDescriptor.invokeTestMethod(TestMethodTestDescriptor.java:166)
	at org.junit.jupiter.engine.descriptor.TestMethodTestDescriptor.execute(TestMethodTestDescriptor.java:113)
	at org.junit.jupiter.engine.descriptor.TestMethodTestDescriptor.execute(TestMethodTestDescriptor.java:58)
	at org.junit.platform.engine.support.hierarchical.HierarchicalTestExecutor$NodeExecutor.lambda$executeRecursively$3(HierarchicalTestExecutor.java:112)
	at org.junit.platform.engine.support.hierarchical.SingleTestExecutor.executeSafely(SingleTestExecutor.java:66)
	at org.junit.platform.engine.support.hierarchical.HierarchicalTestExecutor$NodeExecutor.executeRecursively(HierarchicalTestExecutor.java:108)
	at org.junit.platform.engine.support.hierarchical.HierarchicalTestExecutor$NodeExecutor.execute(HierarchicalTestExecutor.java:79)
	at org.junit.platform.engine.support.hierarchical.HierarchicalTestExecutor$NodeExecutor.lambda$executeRecursively$2(HierarchicalTestExecutor.java:120)
	at java.base/java.util.stream.ForEachOps$ForEachOp$OfRef.accept(ForEachOps.java:183)
	at java.base/java.util.stream.ReferencePipeline$2$1.accept(ReferencePipeline.java:177)
	at java.base/java.util.Iterator.forEachRemaining(Iterator.java:133)
	at java.base/java.util.Spliterators$IteratorSpliterator.forEachRemaining(Spliterators.java:1801)
	at java.base/java.util.stream.AbstractPipeline.copyInto(AbstractPipeline.java:484)
	at java.base/java.util.stream.AbstractPipeline.wrapAndCopyInto(AbstractPipeline.java:474)
	at java.base/java.util.stream.ForEachOps$ForEachOp.evaluateSequential(ForEachOps.java:150)
	at java.base/java.util.stream.ForEachOps$ForEachOp$OfRef.evaluateSequential(ForEachOps.java:173)
	at java.base/java.util.stream.AbstractPipeline.evaluate(AbstractPipeline.java:234)
	at java.base/java.util.stream.ReferencePipeline.forEach(ReferencePipeline.java:497)
	at org.junit.platform.engine.support.hierarchical.HierarchicalTestExecutor$NodeExecutor.lambda$executeRecursively$3(HierarchicalTestExecutor.java:120)
	at org.junit.platform.engine.support.hierarchical.SingleTestExecutor.executeSafely(SingleTestExecutor.java:66)
	at org.junit.platform.engine.support.hierarchical.HierarchicalTestExecutor$NodeExecutor.executeRecursively(HierarchicalTestExecutor.java:108)
	at org.junit.platform.engine.support.hierarchical.HierarchicalTestExecutor$NodeExecutor.execute(HierarchicalTestExecutor.java:79)
	at org.junit.platform.engine.support.hierarchical.HierarchicalTestExecutor$NodeExecutor.lambda$executeRecursively$2(HierarchicalTestExecutor.java:120)
	at java.base/java.util.stream.ForEachOps$ForEachOp$OfRef.accept(ForEachOps.java:183)
	at java.base/java.util.stream.ReferencePipeline$2$1.accept(ReferencePipeline.java:177)
	at java.base/java.util.Iterator.forEachRemaining(Iterator.java:133)
	at java.base/java.util.Spliterators$IteratorSpliterator.forEachRemaining(Spliterators.java:1801)
	at java.base/java.util.stream.AbstractPipeline.copyInto(AbstractPipeline.java:484)
	at java.base/java.util.stream.AbstractPipeline.wrapAndCopyInto(AbstractPipeline.java:474)
	at java.base/java.util.stream.ForEachOps$ForEachOp.evaluateSequential(ForEachOps.java:150)
	at java.base/java.util.stream.ForEachOps$ForEachOp$OfRef.evaluateSequential(ForEachOps.java:173)
	at java.base/java.util.stream.AbstractPipeline.evaluate(AbstractPipeline.java:234)
	at java.base/java.util.stream.ReferencePipeline.forEach(ReferencePipeline.java:497)
	at org.junit.platform.engine.support.hierarchical.HierarchicalTestExecutor$NodeExecutor.lambda$executeRecursively$3(HierarchicalTestExecutor.java:120)
	at org.junit.platform.engine.support.hierarchical.SingleTestExecutor.executeSafely(SingleTestExecutor.java:66)
	at org.junit.platform.engine.support.hierarchical.HierarchicalTestExecutor$NodeExecutor.executeRecursively(HierarchicalTestExecutor.java:108)
	at org.junit.platform.engine.support.hierarchical.HierarchicalTestExecutor$NodeExecutor.execute(HierarchicalTestExecutor.java:79)
	at org.junit.platform.engine.support.hierarchical.HierarchicalTestExecutor.execute(HierarchicalTestExecutor.java:55)
	at org.junit.platform.engine.support.hierarchical.HierarchicalTestEngine.execute(HierarchicalTestEngine.java:43)
	at org.junit.platform.launcher.core.DefaultLauncher.execute(DefaultLauncher.java:170)
	at org.junit.platform.launcher.core.DefaultLauncher.execute(DefaultLauncher.java:154)
	at org.junit.platform.launcher.core.DefaultLauncher.execute(DefaultLauncher.java:90)
	at com.intellij.junit5.JUnit5IdeaTestRunner.startRunnerWithArgs(JUnit5IdeaTestRunner.java:71)
	at com.intellij.rt.junit.IdeaTestRunner$Repeater.startRunnerWithArgs(IdeaTestRunner.java:33)
	at com.intellij.rt.junit.JUnitStarter.prepareStreamsAndStart(JUnitStarter.java:221)
	at com.intellij.rt.junit.JUnitStarter.main(JUnitStarter.java:54)
14:29:20.888 [main] INFO  StringConverter - adding element: Country{location='Russia', countryCode='ru', latitude=61.52401, longitude=105.318756, confirmed=4675153, dead=104398, recovered=4301448, updated='2021-04-15T14:15:07'}
14:30:29.875 [main] INFO  StringConverter - starting to convert elements
14:30:29.881 [main] INFO  StringConverter - starting to convert elements
14:30:29.941 [main] INFO  StringConverter - adding element: Country{location='Iran', countryCode='ir', latitude=32.427908, longitude=53.688046, confirmed=2168872, dead=65680, recovered=1749041, updated='2021-04-15T14:15:07'}
14:30:29.959 [main] INFO  StringConverter - starting to convert elements
14:30:29.960 [main] INFO  StringConverter - adding element: Country{location='Iran', countryCode='ir', latitude=32.427908, longitude=53.688046, confirmed=2168872, dead=65680, recovered=1749041, updated='2021-04-15T14:15:07'}
14:30:29.966 [main] ERROR StringConverter - could not convert element at position 1
java.lang.NullPointerException: null
	at StringConverter.convert(StringConverter.java:47)
	at StringConverterTest.testConvertWithWrongInput(StringConverterTest.java:69)
	at java.base/jdk.internal.reflect.NativeMethodAccessorImpl.invoke0(Native Method)
	at java.base/jdk.internal.reflect.NativeMethodAccessorImpl.invoke(NativeMethodAccessorImpl.java:62)
	at java.base/jdk.internal.reflect.DelegatingMethodAccessorImpl.invoke(DelegatingMethodAccessorImpl.java:43)
	at java.base/java.lang.reflect.Method.invoke(Method.java:566)
	at org.junit.platform.commons.util.ReflectionUtils.invokeMethod(ReflectionUtils.java:436)
	at org.junit.jupiter.engine.execution.ExecutableInvoker.invoke(ExecutableInvoker.java:115)
	at org.junit.jupiter.engine.descriptor.TestMethodTestDescriptor.lambda$invokeTestMethod$6(TestMethodTestDescriptor.java:170)
	at org.junit.jupiter.engine.execution.ThrowableCollector.execute(ThrowableCollector.java:40)
	at org.junit.jupiter.engine.descriptor.TestMethodTestDescriptor.invokeTestMethod(TestMethodTestDescriptor.java:166)
	at org.junit.jupiter.engine.descriptor.TestMethodTestDescriptor.execute(TestMethodTestDescriptor.java:113)
	at org.junit.jupiter.engine.descriptor.TestMethodTestDescriptor.execute(TestMethodTestDescriptor.java:58)
	at org.junit.platform.engine.support.hierarchical.HierarchicalTestExecutor$NodeExecutor.lambda$executeRecursively$3(HierarchicalTestExecutor.java:112)
	at org.junit.platform.engine.support.hierarchical.SingleTestExecutor.executeSafely(SingleTestExecutor.java:66)
	at org.junit.platform.engine.support.hierarchical.HierarchicalTestExecutor$NodeExecutor.executeRecursively(HierarchicalTestExecutor.java:108)
	at org.junit.platform.engine.support.hierarchical.HierarchicalTestExecutor$NodeExecutor.execute(HierarchicalTestExecutor.java:79)
	at org.junit.platform.engine.support.hierarchical.HierarchicalTestExecutor$NodeExecutor.lambda$executeRecursively$2(HierarchicalTestExecutor.java:120)
	at java.base/java.util.stream.ForEachOps$ForEachOp$OfRef.accept(ForEachOps.java:183)
	at java.base/java.util.stream.ReferencePipeline$2$1.accept(ReferencePipeline.java:177)
	at java.base/java.util.Iterator.forEachRemaining(Iterator.java:133)
	at java.base/java.util.Spliterators$IteratorSpliterator.forEachRemaining(Spliterators.java:1801)
	at java.base/java.util.stream.AbstractPipeline.copyInto(AbstractPipeline.java:484)
	at java.base/java.util.stream.AbstractPipeline.wrapAndCopyInto(AbstractPipeline.java:474)
	at java.base/java.util.stream.ForEachOps$ForEachOp.evaluateSequential(ForEachOps.java:150)
	at java.base/java.util.stream.ForEachOps$ForEachOp$OfRef.evaluateSequential(ForEachOps.java:173)
	at java.base/java.util.stream.AbstractPipeline.evaluate(AbstractPipeline.java:234)
	at java.base/java.util.stream.ReferencePipeline.forEach(ReferencePipeline.java:497)
	at org.junit.platform.engine.support.hierarchical.HierarchicalTestExecutor$NodeExecutor.lambda$executeRecursively$3(HierarchicalTestExecutor.java:120)
	at org.junit.platform.engine.support.hierarchical.SingleTestExecutor.executeSafely(SingleTestExecutor.java:66)
	at org.junit.platform.engine.support.hierarchical.HierarchicalTestExecutor$NodeExecutor.executeRecursively(HierarchicalTestExecutor.java:108)
	at org.junit.platform.engine.support.hierarchical.HierarchicalTestExecutor$NodeExecutor.execute(HierarchicalTestExecutor.java:79)
	at org.junit.platform.engine.support.hierarchical.HierarchicalTestExecutor$NodeExecutor.lambda$executeRecursively$2(HierarchicalTestExecutor.java:120)
	at java.base/java.util.stream.ForEachOps$ForEachOp$OfRef.accept(ForEachOps.java:183)
	at java.base/java.util.stream.ReferencePipeline$2$1.accept(ReferencePipeline.java:177)
	at java.base/java.util.Iterator.forEachRemaining(Iterator.java:133)
	at java.base/java.util.Spliterators$IteratorSpliterator.forEachRemaining(Spliterators.java:1801)
	at java.base/java.util.stream.AbstractPipeline.copyInto(AbstractPipeline.java:484)
	at java.base/java.util.stream.AbstractPipeline.wrapAndCopyInto(AbstractPipeline.java:474)
	at java.base/java.util.stream.ForEachOps$ForEachOp.evaluateSequential(ForEachOps.java:150)
	at java.base/java.util.stream.ForEachOps$ForEachOp$OfRef.evaluateSequential(ForEachOps.java:173)
	at java.base/java.util.stream.AbstractPipeline.evaluate(AbstractPipeline.java:234)
	at java.base/java.util.stream.ReferencePipeline.forEach(ReferencePipeline.java:497)
	at org.junit.platform.engine.support.hierarchical.HierarchicalTestExecutor$NodeExecutor.lambda$executeRecursively$3(HierarchicalTestExecutor.java:120)
	at org.junit.platform.engine.support.hierarchical.SingleTestExecutor.executeSafely(SingleTestExecutor.java:66)
	at org.junit.platform.engine.support.hierarchical.HierarchicalTestExecutor$NodeExecutor.executeRecursively(HierarchicalTestExecutor.java:108)
	at org.junit.platform.engine.support.hierarchical.HierarchicalTestExecutor$NodeExecutor.execute(HierarchicalTestExecutor.java:79)
	at org.junit.platform.engine.support.hierarchical.HierarchicalTestExecutor.execute(HierarchicalTestExecutor.java:55)
	at org.junit.platform.engine.support.hierarchical.HierarchicalTestEngine.execute(HierarchicalTestEngine.java:43)
	at org.junit.platform.launcher.core.DefaultLauncher.execute(DefaultLauncher.java:170)
	at org.junit.platform.launcher.core.DefaultLauncher.execute(DefaultLauncher.java:154)
	at org.junit.platform.launcher.core.DefaultLauncher.execute(DefaultLauncher.java:90)
	at com.intellij.junit5.JUnit5IdeaTestRunner.startRunnerWithArgs(JUnit5IdeaTestRunner.java:71)
	at com.intellij.rt.junit.IdeaTestRunner$Repeater.startRunnerWithArgs(IdeaTestRunner.java:33)
	at com.intellij.rt.junit.JUnitStarter.prepareStreamsAndStart(JUnitStarter.java:221)
	at com.intellij.rt.junit.JUnitStarter.main(JUnitStarter.java:54)
14:30:29.967 [main] INFO  StringConverter - adding element: Country{location='Russia', countryCode='ru', latitude=61.52401, longitude=105.318756, confirmed=4675153, dead=104398, recovered=4301448, updated='2021-04-15T14:15:07'}
14:36:17.350 [main] INFO  StringConverter - starting to convert elements
14:36:17.364 [main] INFO  StringConverter - starting to convert elements
14:36:17.494 [main] INFO  StringConverter - adding element: Country{location='Iran', countryCode='ir', latitude=32.427908, longitude=53.688046, confirmed=2168872, dead=65680, recovered=1749041, updated='2021-04-15T14:15:07'}
14:36:17.504 [main] INFO  StringConverter - starting to convert elements
14:36:17.505 [main] INFO  StringConverter - adding element: Country{location='Iran', countryCode='ir', latitude=32.427908, longitude=53.688046, confirmed=2168872, dead=65680, recovered=1749041, updated='2021-04-15T14:15:07'}
14:36:17.516 [main] ERROR StringConverter - could not convert element at position 1
java.lang.NullPointerException: null
	at StringConverter.convert(StringConverter.java:47)
	at StringConverterTest.testConvertWithWrongInput(StringConverterTest.java:69)
	at java.base/jdk.internal.reflect.NativeMethodAccessorImpl.invoke0(Native Method)
	at java.base/jdk.internal.reflect.NativeMethodAccessorImpl.invoke(NativeMethodAccessorImpl.java:62)
	at java.base/jdk.internal.reflect.DelegatingMethodAccessorImpl.invoke(DelegatingMethodAccessorImpl.java:43)
	at java.base/java.lang.reflect.Method.invoke(Method.java:566)
	at org.junit.platform.commons.util.ReflectionUtils.invokeMethod(ReflectionUtils.java:436)
	at org.junit.jupiter.engine.execution.ExecutableInvoker.invoke(ExecutableInvoker.java:115)
	at org.junit.jupiter.engine.descriptor.TestMethodTestDescriptor.lambda$invokeTestMethod$6(TestMethodTestDescriptor.java:170)
	at org.junit.jupiter.engine.execution.ThrowableCollector.execute(ThrowableCollector.java:40)
	at org.junit.jupiter.engine.descriptor.TestMethodTestDescriptor.invokeTestMethod(TestMethodTestDescriptor.java:166)
	at org.junit.jupiter.engine.descriptor.TestMethodTestDescriptor.execute(TestMethodTestDescriptor.java:113)
	at org.junit.jupiter.engine.descriptor.TestMethodTestDescriptor.execute(TestMethodTestDescriptor.java:58)
	at org.junit.platform.engine.support.hierarchical.HierarchicalTestExecutor$NodeExecutor.lambda$executeRecursively$3(HierarchicalTestExecutor.java:112)
	at org.junit.platform.engine.support.hierarchical.SingleTestExecutor.executeSafely(SingleTestExecutor.java:66)
	at org.junit.platform.engine.support.hierarchical.HierarchicalTestExecutor$NodeExecutor.executeRecursively(HierarchicalTestExecutor.java:108)
	at org.junit.platform.engine.support.hierarchical.HierarchicalTestExecutor$NodeExecutor.execute(HierarchicalTestExecutor.java:79)
	at org.junit.platform.engine.support.hierarchical.HierarchicalTestExecutor$NodeExecutor.lambda$executeRecursively$2(HierarchicalTestExecutor.java:120)
	at java.base/java.util.stream.ForEachOps$ForEachOp$OfRef.accept(ForEachOps.java:183)
	at java.base/java.util.stream.ReferencePipeline$2$1.accept(ReferencePipeline.java:177)
	at java.base/java.util.Iterator.forEachRemaining(Iterator.java:133)
	at java.base/java.util.Spliterators$IteratorSpliterator.forEachRemaining(Spliterators.java:1801)
	at java.base/java.util.stream.AbstractPipeline.copyInto(AbstractPipeline.java:484)
	at java.base/java.util.stream.AbstractPipeline.wrapAndCopyInto(AbstractPipeline.java:474)
	at java.base/java.util.stream.ForEachOps$ForEachOp.evaluateSequential(ForEachOps.java:150)
	at java.base/java.util.stream.ForEachOps$ForEachOp$OfRef.evaluateSequential(ForEachOps.java:173)
	at java.base/java.util.stream.AbstractPipeline.evaluate(AbstractPipeline.java:234)
	at java.base/java.util.stream.ReferencePipeline.forEach(ReferencePipeline.java:497)
	at org.junit.platform.engine.support.hierarchical.HierarchicalTestExecutor$NodeExecutor.lambda$executeRecursively$3(HierarchicalTestExecutor.java:120)
	at org.junit.platform.engine.support.hierarchical.SingleTestExecutor.executeSafely(SingleTestExecutor.java:66)
	at org.junit.platform.engine.support.hierarchical.HierarchicalTestExecutor$NodeExecutor.executeRecursively(HierarchicalTestExecutor.java:108)
	at org.junit.platform.engine.support.hierarchical.HierarchicalTestExecutor$NodeExecutor.execute(HierarchicalTestExecutor.java:79)
	at org.junit.platform.engine.support.hierarchical.HierarchicalTestExecutor$NodeExecutor.lambda$executeRecursively$2(HierarchicalTestExecutor.java:120)
	at java.base/java.util.stream.ForEachOps$ForEachOp$OfRef.accept(ForEachOps.java:183)
	at java.base/java.util.stream.ReferencePipeline$2$1.accept(ReferencePipeline.java:177)
	at java.base/java.util.Iterator.forEachRemaining(Iterator.java:133)
	at java.base/java.util.Spliterators$IteratorSpliterator.forEachRemaining(Spliterators.java:1801)
	at java.base/java.util.stream.AbstractPipeline.copyInto(AbstractPipeline.java:484)
	at java.base/java.util.stream.AbstractPipeline.wrapAndCopyInto(AbstractPipeline.java:474)
	at java.base/java.util.stream.ForEachOps$ForEachOp.evaluateSequential(ForEachOps.java:150)
	at java.base/java.util.stream.ForEachOps$ForEachOp$OfRef.evaluateSequential(ForEachOps.java:173)
	at java.base/java.util.stream.AbstractPipeline.evaluate(AbstractPipeline.java:234)
	at java.base/java.util.stream.ReferencePipeline.forEach(ReferencePipeline.java:497)
	at org.junit.platform.engine.support.hierarchical.HierarchicalTestExecutor$NodeExecutor.lambda$executeRecursively$3(HierarchicalTestExecutor.java:120)
	at org.junit.platform.engine.support.hierarchical.SingleTestExecutor.executeSafely(SingleTestExecutor.java:66)
	at org.junit.platform.engine.support.hierarchical.HierarchicalTestExecutor$NodeExecutor.executeRecursively(HierarchicalTestExecutor.java:108)
	at org.junit.platform.engine.support.hierarchical.HierarchicalTestExecutor$NodeExecutor.execute(HierarchicalTestExecutor.java:79)
	at org.junit.platform.engine.support.hierarchical.HierarchicalTestExecutor.execute(HierarchicalTestExecutor.java:55)
	at org.junit.platform.engine.support.hierarchical.HierarchicalTestEngine.execute(HierarchicalTestEngine.java:43)
	at org.junit.platform.launcher.core.DefaultLauncher.execute(DefaultLauncher.java:170)
	at org.junit.platform.launcher.core.DefaultLauncher.execute(DefaultLauncher.java:154)
	at org.junit.platform.launcher.core.DefaultLauncher.execute(DefaultLauncher.java:90)
	at com.intellij.junit5.JUnit5IdeaTestRunner.startRunnerWithArgs(JUnit5IdeaTestRunner.java:71)
	at com.intellij.rt.junit.IdeaTestRunner$Repeater.startRunnerWithArgs(IdeaTestRunner.java:33)
	at com.intellij.rt.junit.JUnitStarter.prepareStreamsAndStart(JUnitStarter.java:221)
	at com.intellij.rt.junit.JUnitStarter.main(JUnitStarter.java:54)
14:36:17.519 [main] INFO  StringConverter - adding element: Country{location='Russia', countryCode='ru', latitude=61.52401, longitude=105.318756, confirmed=4675153, dead=104398, recovered=4301448, updated='2021-04-15T14:15:07'}
14:36:38.751 [main] INFO  StringConverter - starting to convert elements
14:36:38.762 [main] INFO  StringConverter - starting to convert elements
14:36:38.885 [main] INFO  StringConverter - adding element: Country{location='Iran', countryCode='ir', latitude=32.427908, longitude=53.688046, confirmed=2168872, dead=65680, recovered=1749041, updated='2021-04-15T14:15:07'}
14:36:38.890 [main] INFO  StringConverter - starting to convert elements
14:36:38.892 [main] INFO  StringConverter - adding element: Country{location='Iran', countryCode='ir', latitude=32.427908, longitude=53.688046, confirmed=2168872, dead=65680, recovered=1749041, updated='2021-04-15T14:15:07'}
14:36:38.900 [main] ERROR StringConverter - could not convert element at position 1
java.lang.NullPointerException: null
	at StringConverter.convert(StringConverter.java:47)
	at StringConverterTest.testConvertWithWrongInput(StringConverterTest.java:69)
	at java.base/jdk.internal.reflect.NativeMethodAccessorImpl.invoke0(Native Method)
	at java.base/jdk.internal.reflect.NativeMethodAccessorImpl.invoke(NativeMethodAccessorImpl.java:62)
	at java.base/jdk.internal.reflect.DelegatingMethodAccessorImpl.invoke(DelegatingMethodAccessorImpl.java:43)
	at java.base/java.lang.reflect.Method.invoke(Method.java:566)
	at org.junit.platform.commons.util.ReflectionUtils.invokeMethod(ReflectionUtils.java:436)
	at org.junit.jupiter.engine.execution.ExecutableInvoker.invoke(ExecutableInvoker.java:115)
	at org.junit.jupiter.engine.descriptor.TestMethodTestDescriptor.lambda$invokeTestMethod$6(TestMethodTestDescriptor.java:170)
	at org.junit.jupiter.engine.execution.ThrowableCollector.execute(ThrowableCollector.java:40)
	at org.junit.jupiter.engine.descriptor.TestMethodTestDescriptor.invokeTestMethod(TestMethodTestDescriptor.java:166)
	at org.junit.jupiter.engine.descriptor.TestMethodTestDescriptor.execute(TestMethodTestDescriptor.java:113)
	at org.junit.jupiter.engine.descriptor.TestMethodTestDescriptor.execute(TestMethodTestDescriptor.java:58)
	at org.junit.platform.engine.support.hierarchical.HierarchicalTestExecutor$NodeExecutor.lambda$executeRecursively$3(HierarchicalTestExecutor.java:112)
	at org.junit.platform.engine.support.hierarchical.SingleTestExecutor.executeSafely(SingleTestExecutor.java:66)
	at org.junit.platform.engine.support.hierarchical.HierarchicalTestExecutor$NodeExecutor.executeRecursively(HierarchicalTestExecutor.java:108)
	at org.junit.platform.engine.support.hierarchical.HierarchicalTestExecutor$NodeExecutor.execute(HierarchicalTestExecutor.java:79)
	at org.junit.platform.engine.support.hierarchical.HierarchicalTestExecutor$NodeExecutor.lambda$executeRecursively$2(HierarchicalTestExecutor.java:120)
	at java.base/java.util.stream.ForEachOps$ForEachOp$OfRef.accept(ForEachOps.java:183)
	at java.base/java.util.stream.ReferencePipeline$2$1.accept(ReferencePipeline.java:177)
	at java.base/java.util.Iterator.forEachRemaining(Iterator.java:133)
	at java.base/java.util.Spliterators$IteratorSpliterator.forEachRemaining(Spliterators.java:1801)
	at java.base/java.util.stream.AbstractPipeline.copyInto(AbstractPipeline.java:484)
	at java.base/java.util.stream.AbstractPipeline.wrapAndCopyInto(AbstractPipeline.java:474)
	at java.base/java.util.stream.ForEachOps$ForEachOp.evaluateSequential(ForEachOps.java:150)
	at java.base/java.util.stream.ForEachOps$ForEachOp$OfRef.evaluateSequential(ForEachOps.java:173)
	at java.base/java.util.stream.AbstractPipeline.evaluate(AbstractPipeline.java:234)
	at java.base/java.util.stream.ReferencePipeline.forEach(ReferencePipeline.java:497)
	at org.junit.platform.engine.support.hierarchical.HierarchicalTestExecutor$NodeExecutor.lambda$executeRecursively$3(HierarchicalTestExecutor.java:120)
	at org.junit.platform.engine.support.hierarchical.SingleTestExecutor.executeSafely(SingleTestExecutor.java:66)
	at org.junit.platform.engine.support.hierarchical.HierarchicalTestExecutor$NodeExecutor.executeRecursively(HierarchicalTestExecutor.java:108)
	at org.junit.platform.engine.support.hierarchical.HierarchicalTestExecutor$NodeExecutor.execute(HierarchicalTestExecutor.java:79)
	at org.junit.platform.engine.support.hierarchical.HierarchicalTestExecutor$NodeExecutor.lambda$executeRecursively$2(HierarchicalTestExecutor.java:120)
	at java.base/java.util.stream.ForEachOps$ForEachOp$OfRef.accept(ForEachOps.java:183)
	at java.base/java.util.stream.ReferencePipeline$2$1.accept(ReferencePipeline.java:177)
	at java.base/java.util.Iterator.forEachRemaining(Iterator.java:133)
	at java.base/java.util.Spliterators$IteratorSpliterator.forEachRemaining(Spliterators.java:1801)
	at java.base/java.util.stream.AbstractPipeline.copyInto(AbstractPipeline.java:484)
	at java.base/java.util.stream.AbstractPipeline.wrapAndCopyInto(AbstractPipeline.java:474)
	at java.base/java.util.stream.ForEachOps$ForEachOp.evaluateSequential(ForEachOps.java:150)
	at java.base/java.util.stream.ForEachOps$ForEachOp$OfRef.evaluateSequential(ForEachOps.java:173)
	at java.base/java.util.stream.AbstractPipeline.evaluate(AbstractPipeline.java:234)
	at java.base/java.util.stream.ReferencePipeline.forEach(ReferencePipeline.java:497)
	at org.junit.platform.engine.support.hierarchical.HierarchicalTestExecutor$NodeExecutor.lambda$executeRecursively$3(HierarchicalTestExecutor.java:120)
	at org.junit.platform.engine.support.hierarchical.SingleTestExecutor.executeSafely(SingleTestExecutor.java:66)
	at org.junit.platform.engine.support.hierarchical.HierarchicalTestExecutor$NodeExecutor.executeRecursively(HierarchicalTestExecutor.java:108)
	at org.junit.platform.engine.support.hierarchical.HierarchicalTestExecutor$NodeExecutor.execute(HierarchicalTestExecutor.java:79)
	at org.junit.platform.engine.support.hierarchical.HierarchicalTestExecutor.execute(HierarchicalTestExecutor.java:55)
	at org.junit.platform.engine.support.hierarchical.HierarchicalTestEngine.execute(HierarchicalTestEngine.java:43)
	at org.junit.platform.launcher.core.DefaultLauncher.execute(DefaultLauncher.java:170)
	at org.junit.platform.launcher.core.DefaultLauncher.execute(DefaultLauncher.java:154)
	at org.junit.platform.launcher.core.DefaultLauncher.execute(DefaultLauncher.java:90)
	at com.intellij.junit5.JUnit5IdeaTestRunner.startRunnerWithArgs(JUnit5IdeaTestRunner.java:71)
	at com.intellij.rt.junit.IdeaTestRunner$Repeater.startRunnerWithArgs(IdeaTestRunner.java:33)
	at com.intellij.rt.junit.JUnitStarter.prepareStreamsAndStart(JUnitStarter.java:221)
	at com.intellij.rt.junit.JUnitStarter.main(JUnitStarter.java:54)
14:36:38.902 [main] INFO  StringConverter - adding element: Country{location='Russia', countryCode='ru', latitude=61.52401, longitude=105.318756, confirmed=4675153, dead=104398, recovered=4301448, updated='2021-04-15T14:15:07'}
